[    0.000000] Linux version 4.19.132 (root@ubuntu) (gcc version 9.3.0 (Debian 9.3.0-14)) #2 SMP Mon Oct 19 16:29:27 CST 2020
[    0.000000] Command line: BOOT_IMAGE=/boot/vmlinuz-4.19.132 root=UUID=7948e99d-4e2e-40bf-b955-60fecd9db270 ro console=tty1,console=ttyS1,115200n8
[    0.000000] KERNEL supported cpus:
[    0.000000]   Intel GenuineIntel
[    0.000000]   AMD AuthenticAMD
[    0.000000]   Centaur CentaurHauls
[    0.000000] Disabled fast string operations
[    0.000000] x86/fpu: Supporting XSAVE feature 0x001: 'x87 floating point registers'
[    0.000000] x86/fpu: Supporting XSAVE feature 0x002: 'SSE registers'
[    0.000000] x86/fpu: Supporting XSAVE feature 0x004: 'AVX registers'
[    0.000000] x86/fpu: xstate_offset[2]:  576, xstate_sizes[2]:  256
[    0.000000] x86/fpu: Enabled xstate features 0x7, context size is 832 bytes, using 'standard' format.
[    0.000000] BIOS-provided physical RAM map:
[    0.000000] BIOS-e820: [mem 0x0000000000000000-0x000000000009e7ff] usable
[    0.000000] BIOS-e820: [mem 0x000000000009e800-0x000000000009ffff] reserved
[    0.000000] BIOS-e820: [mem 0x00000000000dc000-0x00000000000fffff] reserved
[    0.000000] BIOS-e820: [mem 0x0000000000100000-0x00000000bfecffff] usable
[    0.000000] BIOS-e820: [mem 0x00000000bfed0000-0x00000000bfefefff] ACPI data
[    0.000000] BIOS-e820: [mem 0x00000000bfeff000-0x00000000bfefffff] ACPI NVS
[    0.000000] BIOS-e820: [mem 0x00000000bff00000-0x00000000bfffffff] usable
[    0.000000] BIOS-e820: [mem 0x00000000f0000000-0x00000000f7ffffff] reserved
[    0.000000] BIOS-e820: [mem 0x00000000fec00000-0x00000000fec0ffff] reserved
[    0.000000] BIOS-e820: [mem 0x00000000fee00000-0x00000000fee00fff] reserved
[    0.000000] BIOS-e820: [mem 0x00000000fffe0000-0x00000000ffffffff] reserved
[    0.000000] BIOS-e820: [mem 0x0000000100000000-0x000000013fffffff] usable
[    0.000000] NX (Execute Disable) protection: active
[    0.000000] SMBIOS 2.7 present.
[    0.000000] DMI: VMware, Inc. VMware Virtual Platform/440BX Desktop Reference Platform, BIOS 6.00 07/02/2015
[    0.000000] Hypervisor detected: VMware
[    0.000000] vmware: TSC freq read from hypervisor : 3000.000 MHz
[    0.000000] vmware: Host bus clock speed read from hypervisor : 66000000 Hz
[    0.000000] vmware: using sched offset of 24435359329 ns
[    0.000001] tsc: Detected 3000.000 MHz processor
[    0.003559] e820: update [mem 0x00000000-0x00000fff] usable ==> reserved
[    0.003561] e820: remove [mem 0x000a0000-0x000fffff] usable
[    0.003564] last_pfn = 0x140000 max_arch_pfn = 0x400000000
[    0.003589] MTRR default type: uncachable
[    0.003590] MTRR fixed ranges enabled:
[    0.003590]   00000-9FFFF write-back
[    0.003591]   A0000-BFFFF uncachable
[    0.003591]   C0000-CFFFF write-protect
[    0.003592]   D0000-EFFFF uncachable
[    0.003592]   F0000-FFFFF write-protect
[    0.003592] MTRR variable ranges enabled:
[    0.003593]   0 base 000C0000000 mask 3FFC0000000 uncachable
[    0.003594]   1 base 00000000000 mask 3E000000000 write-back
[    0.003594]   2 disabled
[    0.003595]   3 disabled
[    0.003595]   4 disabled
[    0.003595]   5 disabled
[    0.003595]   6 disabled
[    0.003596]   7 disabled
[    0.003614] x86/PAT: Configuration [0-7]: WB  WC  UC- UC  WB  WP  UC- WT  
[    0.003625] total RAM covered: 130048M
[    0.003862] Found optimal setting for mtrr clean up
[    0.003863]  gran_size: 64K 	chunk_size: 64K 	num_reg: 7  	lose cover RAM: 0G
[    0.003912] e820: update [mem 0xc0000000-0xffffffff] usable ==> reserved
[    0.003918] last_pfn = 0xc0000 max_arch_pfn = 0x400000000
[    0.010651] found SMP MP-table at [mem 0x000f6a80-0x000f6a8f]
[    0.010713] Scanning 1 areas for low memory corruption
[    0.010752] Using GB pages for direct mapping
[    0.010920] RAMDISK: [mem 0x1cf28000-0x37feffff]
[    0.010941] ACPI: Early table checksum verification disabled
[    0.010980] ACPI: RSDP 0x00000000000F6A10 000024 (v02 PTLTD )
[    0.010984] ACPI: XSDT 0x00000000BFEDD60B 00005C (v01 INTEL  440BX    06040000 VMW  01324272)
[    0.010990] ACPI: FACP 0x00000000BFEFEE73 0000F4 (v04 INTEL  440BX    06040000 PTL  000F4240)
[    0.010996] ACPI: DSDT 0x00000000BFEDE9F5 02047E (v01 PTLTD  Custom   06040000 MSFT 03000001)
[    0.010999] ACPI: FACS 0x00000000BFEFFFC0 000040
[    0.011002] ACPI: FACS 0x00000000BFEFFFC0 000040
[    0.011004] ACPI: BOOT 0x00000000BFEDE9CD 000028 (v01 PTLTD  $SBFTBL$ 06040000  LTP 00000001)
[    0.011007] ACPI: APIC 0x00000000BFEDE28B 000742 (v01 PTLTD  ? APIC   06040000  LTP 00000000)
[    0.011010] ACPI: MCFG 0x00000000BFEDE24F 00003C (v01 PTLTD  $PCITBL$ 06040000  LTP 00000001)
[    0.011012] ACPI: SRAT 0x00000000BFEDD707 0008F8 (v02 VMWARE MEMPLUG  06040000 VMW  00000001)
[    0.011015] ACPI: HPET 0x00000000BFEDD6CF 000038 (v01 VMWARE VMW HPET 06040000 VMW  00000001)
[    0.011018] ACPI: WAET 0x00000000BFEDD6A7 000028 (v01 VMWARE VMW WAET 06040000 VMW  00000001)
[    0.011025] ACPI: Local APIC address 0xfee00000
[    0.011039] system APIC only can use physical flat
[    0.011039] Setting APIC routing to physical flat.
[    0.011078] SRAT: PXM 0 -> APIC 0x00 -> Node 0
[    0.011079] SRAT: PXM 0 -> APIC 0x01 -> Node 0
[    0.011080] SRAT: PXM 0 -> APIC 0x02 -> Node 0
[    0.011080] SRAT: PXM 0 -> APIC 0x03 -> Node 0
[    0.011081] SRAT: PXM 0 -> APIC 0x04 -> Node 0
[    0.011081] SRAT: PXM 0 -> APIC 0x05 -> Node 0
[    0.011082] SRAT: PXM 0 -> APIC 0x06 -> Node 0
[    0.011082] SRAT: PXM 0 -> APIC 0x07 -> Node 0
[    0.011083] SRAT: PXM 0 -> APIC 0x08 -> Node 0
[    0.011083] SRAT: PXM 0 -> APIC 0x09 -> Node 0
[    0.011084] SRAT: PXM 0 -> APIC 0x0a -> Node 0
[    0.011084] SRAT: PXM 0 -> APIC 0x0b -> Node 0
[    0.011085] SRAT: PXM 0 -> APIC 0x0c -> Node 0
[    0.011085] SRAT: PXM 0 -> APIC 0x0d -> Node 0
[    0.011086] SRAT: PXM 0 -> APIC 0x0e -> Node 0
[    0.011086] SRAT: PXM 0 -> APIC 0x0f -> Node 0
[    0.011087] SRAT: PXM 0 -> APIC 0x10 -> Node 0
[    0.011088] SRAT: PXM 0 -> APIC 0x11 -> Node 0
[    0.011088] SRAT: PXM 0 -> APIC 0x12 -> Node 0
[    0.011089] SRAT: PXM 0 -> APIC 0x13 -> Node 0
[    0.011089] SRAT: PXM 0 -> APIC 0x14 -> Node 0
[    0.011090] SRAT: PXM 0 -> APIC 0x15 -> Node 0
[    0.011090] SRAT: PXM 0 -> APIC 0x16 -> Node 0
[    0.011091] SRAT: PXM 0 -> APIC 0x17 -> Node 0
[    0.011091] SRAT: PXM 0 -> APIC 0x18 -> Node 0
[    0.011092] SRAT: PXM 0 -> APIC 0x19 -> Node 0
[    0.011092] SRAT: PXM 0 -> APIC 0x1a -> Node 0
[    0.011093] SRAT: PXM 0 -> APIC 0x1b -> Node 0
[    0.011093] SRAT: PXM 0 -> APIC 0x1c -> Node 0
[    0.011094] SRAT: PXM 0 -> APIC 0x1d -> Node 0
[    0.011094] SRAT: PXM 0 -> APIC 0x1e -> Node 0
[    0.011095] SRAT: PXM 0 -> APIC 0x1f -> Node 0
[    0.011095] SRAT: PXM 0 -> APIC 0x20 -> Node 0
[    0.011096] SRAT: PXM 0 -> APIC 0x21 -> Node 0
[    0.011096] SRAT: PXM 0 -> APIC 0x22 -> Node 0
[    0.011097] SRAT: PXM 0 -> APIC 0x23 -> Node 0
[    0.011097] SRAT: PXM 0 -> APIC 0x24 -> Node 0
[    0.011098] SRAT: PXM 0 -> APIC 0x25 -> Node 0
[    0.011098] SRAT: PXM 0 -> APIC 0x26 -> Node 0
[    0.011099] SRAT: PXM 0 -> APIC 0x27 -> Node 0
[    0.011100] SRAT: PXM 0 -> APIC 0x28 -> Node 0
[    0.011100] SRAT: PXM 0 -> APIC 0x29 -> Node 0
[    0.011101] SRAT: PXM 0 -> APIC 0x2a -> Node 0
[    0.011101] SRAT: PXM 0 -> APIC 0x2b -> Node 0
[    0.011102] SRAT: PXM 0 -> APIC 0x2c -> Node 0
[    0.011102] SRAT: PXM 0 -> APIC 0x2d -> Node 0
[    0.011103] SRAT: PXM 0 -> APIC 0x2e -> Node 0
[    0.011103] SRAT: PXM 0 -> APIC 0x2f -> Node 0
[    0.011104] SRAT: PXM 0 -> APIC 0x30 -> Node 0
[    0.011104] SRAT: PXM 0 -> APIC 0x31 -> Node 0
[    0.011105] SRAT: PXM 0 -> APIC 0x32 -> Node 0
[    0.011105] SRAT: PXM 0 -> APIC 0x33 -> Node 0
[    0.011106] SRAT: PXM 0 -> APIC 0x34 -> Node 0
[    0.011106] SRAT: PXM 0 -> APIC 0x35 -> Node 0
[    0.011107] SRAT: PXM 0 -> APIC 0x36 -> Node 0
[    0.011107] SRAT: PXM 0 -> APIC 0x37 -> Node 0
[    0.011108] SRAT: PXM 0 -> APIC 0x38 -> Node 0
[    0.011108] SRAT: PXM 0 -> APIC 0x39 -> Node 0
[    0.011109] SRAT: PXM 0 -> APIC 0x3a -> Node 0
[    0.011109] SRAT: PXM 0 -> APIC 0x3b -> Node 0
[    0.011110] SRAT: PXM 0 -> APIC 0x3c -> Node 0
[    0.011110] SRAT: PXM 0 -> APIC 0x3d -> Node 0
[    0.011111] SRAT: PXM 0 -> APIC 0x3e -> Node 0
[    0.011112] SRAT: PXM 0 -> APIC 0x3f -> Node 0
[    0.011112] SRAT: PXM 0 -> APIC 0x40 -> Node 0
[    0.011113] SRAT: PXM 0 -> APIC 0x41 -> Node 0
[    0.011113] SRAT: PXM 0 -> APIC 0x42 -> Node 0
[    0.011114] SRAT: PXM 0 -> APIC 0x43 -> Node 0
[    0.011114] SRAT: PXM 0 -> APIC 0x44 -> Node 0
[    0.011115] SRAT: PXM 0 -> APIC 0x45 -> Node 0
[    0.011115] SRAT: PXM 0 -> APIC 0x46 -> Node 0
[    0.011116] SRAT: PXM 0 -> APIC 0x47 -> Node 0
[    0.011116] SRAT: PXM 0 -> APIC 0x48 -> Node 0
[    0.011117] SRAT: PXM 0 -> APIC 0x49 -> Node 0
[    0.011117] SRAT: PXM 0 -> APIC 0x4a -> Node 0
[    0.011118] SRAT: PXM 0 -> APIC 0x4b -> Node 0
[    0.011118] SRAT: PXM 0 -> APIC 0x4c -> Node 0
[    0.011119] SRAT: PXM 0 -> APIC 0x4d -> Node 0
[    0.011119] SRAT: PXM 0 -> APIC 0x4e -> Node 0
[    0.011120] SRAT: PXM 0 -> APIC 0x4f -> Node 0
[    0.011120] SRAT: PXM 0 -> APIC 0x50 -> Node 0
[    0.011121] SRAT: PXM 0 -> APIC 0x51 -> Node 0
[    0.011121] SRAT: PXM 0 -> APIC 0x52 -> Node 0
[    0.011122] SRAT: PXM 0 -> APIC 0x53 -> Node 0
[    0.011122] SRAT: PXM 0 -> APIC 0x54 -> Node 0
[    0.011123] SRAT: PXM 0 -> APIC 0x55 -> Node 0
[    0.011124] SRAT: PXM 0 -> APIC 0x56 -> Node 0
[    0.011124] SRAT: PXM 0 -> APIC 0x57 -> Node 0
[    0.011125] SRAT: PXM 0 -> APIC 0x58 -> Node 0
[    0.011125] SRAT: PXM 0 -> APIC 0x59 -> Node 0
[    0.011126] SRAT: PXM 0 -> APIC 0x5a -> Node 0
[    0.011126] SRAT: PXM 0 -> APIC 0x5b -> Node 0
[    0.011127] SRAT: PXM 0 -> APIC 0x5c -> Node 0
[    0.011127] SRAT: PXM 0 -> APIC 0x5d -> Node 0
[    0.011128] SRAT: PXM 0 -> APIC 0x5e -> Node 0
[    0.011128] SRAT: PXM 0 -> APIC 0x5f -> Node 0
[    0.011129] SRAT: PXM 0 -> APIC 0x60 -> Node 0
[    0.011129] SRAT: PXM 0 -> APIC 0x61 -> Node 0
[    0.011130] SRAT: PXM 0 -> APIC 0x62 -> Node 0
[    0.011130] SRAT: PXM 0 -> APIC 0x63 -> Node 0
[    0.011131] SRAT: PXM 0 -> APIC 0x64 -> Node 0
[    0.011131] SRAT: PXM 0 -> APIC 0x65 -> Node 0
[    0.011132] SRAT: PXM 0 -> APIC 0x66 -> Node 0
[    0.011132] SRAT: PXM 0 -> APIC 0x67 -> Node 0
[    0.011133] SRAT: PXM 0 -> APIC 0x68 -> Node 0
[    0.011133] SRAT: PXM 0 -> APIC 0x69 -> Node 0
[    0.011134] SRAT: PXM 0 -> APIC 0x6a -> Node 0
[    0.011134] SRAT: PXM 0 -> APIC 0x6b -> Node 0
[    0.011135] SRAT: PXM 0 -> APIC 0x6c -> Node 0
[    0.011135] SRAT: PXM 0 -> APIC 0x6d -> Node 0
[    0.011136] SRAT: PXM 0 -> APIC 0x6e -> Node 0
[    0.011136] SRAT: PXM 0 -> APIC 0x6f -> Node 0
[    0.011137] SRAT: PXM 0 -> APIC 0x70 -> Node 0
[    0.011138] SRAT: PXM 0 -> APIC 0x71 -> Node 0
[    0.011138] SRAT: PXM 0 -> APIC 0x72 -> Node 0
[    0.011139] SRAT: PXM 0 -> APIC 0x73 -> Node 0
[    0.011139] SRAT: PXM 0 -> APIC 0x74 -> Node 0
[    0.011140] SRAT: PXM 0 -> APIC 0x75 -> Node 0
[    0.011140] SRAT: PXM 0 -> APIC 0x76 -> Node 0
[    0.011141] SRAT: PXM 0 -> APIC 0x77 -> Node 0
[    0.011141] SRAT: PXM 0 -> APIC 0x78 -> Node 0
[    0.011142] SRAT: PXM 0 -> APIC 0x79 -> Node 0
[    0.011142] SRAT: PXM 0 -> APIC 0x7a -> Node 0
[    0.011143] SRAT: PXM 0 -> APIC 0x7b -> Node 0
[    0.011143] SRAT: PXM 0 -> APIC 0x7c -> Node 0
[    0.011144] SRAT: PXM 0 -> APIC 0x7d -> Node 0
[    0.011144] SRAT: PXM 0 -> APIC 0x7e -> Node 0
[    0.011145] SRAT: PXM 0 -> APIC 0x7f -> Node 0
[    0.011148] ACPI: SRAT: Node 0 PXM 0 [mem 0x00000000-0x0009ffff]
[    0.011149] ACPI: SRAT: Node 0 PXM 0 [mem 0x00100000-0x0fffffff]
[    0.011149] ACPI: SRAT: Node 0 PXM 0 [mem 0x10000000-0xbfffffff]
[    0.011150] ACPI: SRAT: Node 0 PXM 0 [mem 0x100000000-0x13fffffff]
[    0.011151] ACPI: SRAT: Node 0 PXM 0 [mem 0x140000000-0x103fffffff] hotplug
[    0.011153] NUMA: Node 0 [mem 0x00000000-0x0009ffff] + [mem 0x00100000-0x0fffffff] -> [mem 0x00000000-0x0fffffff]
[    0.011154] NUMA: Node 0 [mem 0x00000000-0x0fffffff] + [mem 0x10000000-0xbfffffff] -> [mem 0x00000000-0xbfffffff]
[    0.011155] NUMA: Node 0 [mem 0x00000000-0xbfffffff] + [mem 0x100000000-0x13fffffff] -> [mem 0x00000000-0x13fffffff]
[    0.011161] NODE_DATA(0) allocated [mem 0x13ffd3000-0x13fffdfff]
[    0.012012] Zone ranges:
[    0.012014]   DMA      [mem 0x0000000000001000-0x0000000000ffffff]
[    0.012015]   DMA32    [mem 0x0000000001000000-0x00000000ffffffff]
[    0.012016]   Normal   [mem 0x0000000100000000-0x000000013fffffff]
[    0.012017]   Device   empty
[    0.012017] Movable zone start for each node
[    0.012020] Early memory node ranges
[    0.012020]   node   0: [mem 0x0000000000001000-0x000000000009dfff]
[    0.012021]   node   0: [mem 0x0000000000100000-0x00000000bfecffff]
[    0.012022]   node   0: [mem 0x00000000bff00000-0x00000000bfffffff]
[    0.012022]   node   0: [mem 0x0000000100000000-0x000000013fffffff]
[    0.012108] Zeroed struct page in unavailable ranges: 147 pages
[    0.012109] Initmem setup node 0 [mem 0x0000000000001000-0x000000013fffffff]
[    0.012111] On node 0 totalpages: 1048429
[    0.012111]   DMA zone: 64 pages used for memmap
[    0.012112]   DMA zone: 21 pages reserved
[    0.012112]   DMA zone: 3997 pages, LIFO batch:0
[    0.012980]   DMA32 zone: 12224 pages used for memmap
[    0.012981]   DMA32 zone: 782288 pages, LIFO batch:63
[    0.178883]   Normal zone: 4096 pages used for memmap
[    0.178886]   Normal zone: 262144 pages, LIFO batch:63
[    0.242619] ACPI: PM-Timer IO Port: 0x1008
[    0.242623] ACPI: Local APIC address 0xfee00000
[    0.242627] system APIC only can use physical flat
[    0.242636] ACPI: LAPIC_NMI (acpi_id[0x00] high edge lint[0x1])
[    0.242637] ACPI: LAPIC_NMI (acpi_id[0x01] high edge lint[0x1])
[    0.242638] ACPI: LAPIC_NMI (acpi_id[0x02] high edge lint[0x1])
[    0.242639] ACPI: LAPIC_NMI (acpi_id[0x03] high edge lint[0x1])
[    0.242639] ACPI: LAPIC_NMI (acpi_id[0x04] high edge lint[0x1])
[    0.242640] ACPI: LAPIC_NMI (acpi_id[0x05] high edge lint[0x1])
[    0.242640] ACPI: LAPIC_NMI (acpi_id[0x06] high edge lint[0x1])
[    0.242641] ACPI: LAPIC_NMI (acpi_id[0x07] high edge lint[0x1])
[    0.242641] ACPI: LAPIC_NMI (acpi_id[0x08] high edge lint[0x1])
[    0.242642] ACPI: LAPIC_NMI (acpi_id[0x09] high edge lint[0x1])
[    0.242642] ACPI: LAPIC_NMI (acpi_id[0x0a] high edge lint[0x1])
[    0.242643] ACPI: LAPIC_NMI (acpi_id[0x0b] high edge lint[0x1])
[    0.242643] ACPI: LAPIC_NMI (acpi_id[0x0c] high edge lint[0x1])
[    0.242644] ACPI: LAPIC_NMI (acpi_id[0x0d] high edge lint[0x1])
[    0.242644] ACPI: LAPIC_NMI (acpi_id[0x0e] high edge lint[0x1])
[    0.242645] ACPI: LAPIC_NMI (acpi_id[0x0f] high edge lint[0x1])
[    0.242646] ACPI: LAPIC_NMI (acpi_id[0x10] high edge lint[0x1])
[    0.242646] ACPI: LAPIC_NMI (acpi_id[0x11] high edge lint[0x1])
[    0.242647] ACPI: LAPIC_NMI (acpi_id[0x12] high edge lint[0x1])
[    0.242647] ACPI: LAPIC_NMI (acpi_id[0x13] high edge lint[0x1])
[    0.242648] ACPI: LAPIC_NMI (acpi_id[0x14] high edge lint[0x1])
[    0.242648] ACPI: LAPIC_NMI (acpi_id[0x15] high edge lint[0x1])
[    0.242649] ACPI: LAPIC_NMI (acpi_id[0x16] high edge lint[0x1])
[    0.242649] ACPI: LAPIC_NMI (acpi_id[0x17] high edge lint[0x1])
[    0.242650] ACPI: LAPIC_NMI (acpi_id[0x18] high edge lint[0x1])
[    0.242650] ACPI: LAPIC_NMI (acpi_id[0x19] high edge lint[0x1])
[    0.242651] ACPI: LAPIC_NMI (acpi_id[0x1a] high edge lint[0x1])
[    0.242652] ACPI: LAPIC_NMI (acpi_id[0x1b] high edge lint[0x1])
[    0.242652] ACPI: LAPIC_NMI (acpi_id[0x1c] high edge lint[0x1])
[    0.242653] ACPI: LAPIC_NMI (acpi_id[0x1d] high edge lint[0x1])
[    0.242653] ACPI: LAPIC_NMI (acpi_id[0x1e] high edge lint[0x1])
[    0.242654] ACPI: LAPIC_NMI (acpi_id[0x1f] high edge lint[0x1])
[    0.242654] ACPI: LAPIC_NMI (acpi_id[0x20] high edge lint[0x1])
[    0.242655] ACPI: LAPIC_NMI (acpi_id[0x21] high edge lint[0x1])
[    0.242655] ACPI: LAPIC_NMI (acpi_id[0x22] high edge lint[0x1])
[    0.242656] ACPI: LAPIC_NMI (acpi_id[0x23] high edge lint[0x1])
[    0.242656] ACPI: LAPIC_NMI (acpi_id[0x24] high edge lint[0x1])
[    0.242657] ACPI: LAPIC_NMI (acpi_id[0x25] high edge lint[0x1])
[    0.242657] ACPI: LAPIC_NMI (acpi_id[0x26] high edge lint[0x1])
[    0.242658] ACPI: LAPIC_NMI (acpi_id[0x27] high edge lint[0x1])
[    0.242659] ACPI: LAPIC_NMI (acpi_id[0x28] high edge lint[0x1])
[    0.242659] ACPI: LAPIC_NMI (acpi_id[0x29] high edge lint[0x1])
[    0.242660] ACPI: LAPIC_NMI (acpi_id[0x2a] high edge lint[0x1])
[    0.242660] ACPI: LAPIC_NMI (acpi_id[0x2b] high edge lint[0x1])
[    0.242661] ACPI: LAPIC_NMI (acpi_id[0x2c] high edge lint[0x1])
[    0.242661] ACPI: LAPIC_NMI (acpi_id[0x2d] high edge lint[0x1])
[    0.242662] ACPI: LAPIC_NMI (acpi_id[0x2e] high edge lint[0x1])
[    0.242662] ACPI: LAPIC_NMI (acpi_id[0x2f] high edge lint[0x1])
[    0.242663] ACPI: LAPIC_NMI (acpi_id[0x30] high edge lint[0x1])
[    0.242663] ACPI: LAPIC_NMI (acpi_id[0x31] high edge lint[0x1])
[    0.242664] ACPI: LAPIC_NMI (acpi_id[0x32] high edge lint[0x1])
[    0.242664] ACPI: LAPIC_NMI (acpi_id[0x33] high edge lint[0x1])
[    0.242665] ACPI: LAPIC_NMI (acpi_id[0x34] high edge lint[0x1])
[    0.242666] ACPI: LAPIC_NMI (acpi_id[0x35] high edge lint[0x1])
[    0.242666] ACPI: LAPIC_NMI (acpi_id[0x36] high edge lint[0x1])
[    0.242667] ACPI: LAPIC_NMI (acpi_id[0x37] high edge lint[0x1])
[    0.242667] ACPI: LAPIC_NMI (acpi_id[0x38] high edge lint[0x1])
[    0.242668] ACPI: LAPIC_NMI (acpi_id[0x39] high edge lint[0x1])
[    0.242668] ACPI: LAPIC_NMI (acpi_id[0x3a] high edge lint[0x1])
[    0.242669] ACPI: LAPIC_NMI (acpi_id[0x3b] high edge lint[0x1])
[    0.242669] ACPI: LAPIC_NMI (acpi_id[0x3c] high edge lint[0x1])
[    0.242670] ACPI: LAPIC_NMI (acpi_id[0x3d] high edge lint[0x1])
[    0.242670] ACPI: LAPIC_NMI (acpi_id[0x3e] high edge lint[0x1])
[    0.242671] ACPI: LAPIC_NMI (acpi_id[0x3f] high edge lint[0x1])
[    0.242671] ACPI: LAPIC_NMI (acpi_id[0x40] high edge lint[0x1])
[    0.242672] ACPI: LAPIC_NMI (acpi_id[0x41] high edge lint[0x1])
[    0.242673] ACPI: LAPIC_NMI (acpi_id[0x42] high edge lint[0x1])
[    0.242673] ACPI: LAPIC_NMI (acpi_id[0x43] high edge lint[0x1])
[    0.242674] ACPI: LAPIC_NMI (acpi_id[0x44] high edge lint[0x1])
[    0.242674] ACPI: LAPIC_NMI (acpi_id[0x45] high edge lint[0x1])
[    0.242675] ACPI: LAPIC_NMI (acpi_id[0x46] high edge lint[0x1])
[    0.242675] ACPI: LAPIC_NMI (acpi_id[0x47] high edge lint[0x1])
[    0.242676] ACPI: LAPIC_NMI (acpi_id[0x48] high edge lint[0x1])
[    0.242676] ACPI: LAPIC_NMI (acpi_id[0x49] high edge lint[0x1])
[    0.242677] ACPI: LAPIC_NMI (acpi_id[0x4a] high edge lint[0x1])
[    0.242677] ACPI: LAPIC_NMI (acpi_id[0x4b] high edge lint[0x1])
[    0.242678] ACPI: LAPIC_NMI (acpi_id[0x4c] high edge lint[0x1])
[    0.242678] ACPI: LAPIC_NMI (acpi_id[0x4d] high edge lint[0x1])
[    0.242679] ACPI: LAPIC_NMI (acpi_id[0x4e] high edge lint[0x1])
[    0.242680] ACPI: LAPIC_NMI (acpi_id[0x4f] high edge lint[0x1])
[    0.242680] ACPI: LAPIC_NMI (acpi_id[0x50] high edge lint[0x1])
[    0.242681] ACPI: LAPIC_NMI (acpi_id[0x51] high edge lint[0x1])
[    0.242681] ACPI: LAPIC_NMI (acpi_id[0x52] high edge lint[0x1])
[    0.242682] ACPI: LAPIC_NMI (acpi_id[0x53] high edge lint[0x1])
[    0.242682] ACPI: LAPIC_NMI (acpi_id[0x54] high edge lint[0x1])
[    0.242683] ACPI: LAPIC_NMI (acpi_id[0x55] high edge lint[0x1])
[    0.242683] ACPI: LAPIC_NMI (acpi_id[0x56] high edge lint[0x1])
[    0.242684] ACPI: LAPIC_NMI (acpi_id[0x57] high edge lint[0x1])
[    0.242684] ACPI: LAPIC_NMI (acpi_id[0x58] high edge lint[0x1])
[    0.242685] ACPI: LAPIC_NMI (acpi_id[0x59] high edge lint[0x1])
[    0.242685] ACPI: LAPIC_NMI (acpi_id[0x5a] high edge lint[0x1])
[    0.242686] ACPI: LAPIC_NMI (acpi_id[0x5b] high edge lint[0x1])
[    0.242686] ACPI: LAPIC_NMI (acpi_id[0x5c] high edge lint[0x1])
[    0.242687] ACPI: LAPIC_NMI (acpi_id[0x5d] high edge lint[0x1])
[    0.242688] ACPI: LAPIC_NMI (acpi_id[0x5e] high edge lint[0x1])
[    0.242688] ACPI: LAPIC_NMI (acpi_id[0x5f] high edge lint[0x1])
[    0.242689] ACPI: LAPIC_NMI (acpi_id[0x60] high edge lint[0x1])
[    0.242689] ACPI: LAPIC_NMI (acpi_id[0x61] high edge lint[0x1])
[    0.242690] ACPI: LAPIC_NMI (acpi_id[0x62] high edge lint[0x1])
[    0.242690] ACPI: LAPIC_NMI (acpi_id[0x63] high edge lint[0x1])
[    0.242691] ACPI: LAPIC_NMI (acpi_id[0x64] high edge lint[0x1])
[    0.242691] ACPI: LAPIC_NMI (acpi_id[0x65] high edge lint[0x1])
[    0.242692] ACPI: LAPIC_NMI (acpi_id[0x66] high edge lint[0x1])
[    0.242692] ACPI: LAPIC_NMI (acpi_id[0x67] high edge lint[0x1])
[    0.242693] ACPI: LAPIC_NMI (acpi_id[0x68] high edge lint[0x1])
[    0.242694] ACPI: LAPIC_NMI (acpi_id[0x69] high edge lint[0x1])
[    0.242694] ACPI: LAPIC_NMI (acpi_id[0x6a] high edge lint[0x1])
[    0.242695] ACPI: LAPIC_NMI (acpi_id[0x6b] high edge lint[0x1])
[    0.242695] ACPI: LAPIC_NMI (acpi_id[0x6c] high edge lint[0x1])
[    0.242696] ACPI: LAPIC_NMI (acpi_id[0x6d] high edge lint[0x1])
[    0.242696] ACPI: LAPIC_NMI (acpi_id[0x6e] high edge lint[0x1])
[    0.242697] ACPI: LAPIC_NMI (acpi_id[0x6f] high edge lint[0x1])
[    0.242697] ACPI: LAPIC_NMI (acpi_id[0x70] high edge lint[0x1])
[    0.242698] ACPI: LAPIC_NMI (acpi_id[0x71] high edge lint[0x1])
[    0.242698] ACPI: LAPIC_NMI (acpi_id[0x72] high edge lint[0x1])
[    0.242699] ACPI: LAPIC_NMI (acpi_id[0x73] high edge lint[0x1])
[    0.242699] ACPI: LAPIC_NMI (acpi_id[0x74] high edge lint[0x1])
[    0.242700] ACPI: LAPIC_NMI (acpi_id[0x75] high edge lint[0x1])
[    0.242701] ACPI: LAPIC_NMI (acpi_id[0x76] high edge lint[0x1])
[    0.242701] ACPI: LAPIC_NMI (acpi_id[0x77] high edge lint[0x1])
[    0.242702] ACPI: LAPIC_NMI (acpi_id[0x78] high edge lint[0x1])
[    0.242702] ACPI: LAPIC_NMI (acpi_id[0x79] high edge lint[0x1])
[    0.242703] ACPI: LAPIC_NMI (acpi_id[0x7a] high edge lint[0x1])
[    0.242703] ACPI: LAPIC_NMI (acpi_id[0x7b] high edge lint[0x1])
[    0.242704] ACPI: LAPIC_NMI (acpi_id[0x7c] high edge lint[0x1])
[    0.242704] ACPI: LAPIC_NMI (acpi_id[0x7d] high edge lint[0x1])
[    0.242705] ACPI: LAPIC_NMI (acpi_id[0x7e] high edge lint[0x1])
[    0.242705] ACPI: LAPIC_NMI (acpi_id[0x7f] high edge lint[0x1])
[    0.242743] IOAPIC[0]: apic_id 128, version 17, address 0xfec00000, GSI 0-23
[    0.242746] ACPI: INT_SRC_OVR (bus 0 bus_irq 0 global_irq 2 high edge)
[    0.242749] ACPI: IRQ0 used by override.
[    0.242749] ACPI: IRQ9 used by override.
[    0.242752] Using ACPI (MADT) for SMP configuration information
[    0.242753] ACPI: HPET id: 0x8086af01 base: 0xfed00000
[    0.242757] TSC deadline timer available
[    0.242768] smpboot: Allowing 128 CPUs, 124 hotplug CPUs
[    0.242779] PM: Registered nosave memory: [mem 0x00000000-0x00000fff]
[    0.242780] PM: Registered nosave memory: [mem 0x0009e000-0x0009efff]
[    0.242780] PM: Registered nosave memory: [mem 0x0009f000-0x0009ffff]
[    0.242781] PM: Registered nosave memory: [mem 0x000a0000-0x000dbfff]
[    0.242781] PM: Registered nosave memory: [mem 0x000dc000-0x000fffff]
[    0.242782] PM: Registered nosave memory: [mem 0xbfed0000-0xbfefefff]
[    0.242783] PM: Registered nosave memory: [mem 0xbfeff000-0xbfefffff]
[    0.242784] PM: Registered nosave memory: [mem 0xc0000000-0xefffffff]
[    0.242784] PM: Registered nosave memory: [mem 0xf0000000-0xf7ffffff]
[    0.242785] PM: Registered nosave memory: [mem 0xf8000000-0xfebfffff]
[    0.242785] PM: Registered nosave memory: [mem 0xfec00000-0xfec0ffff]
[    0.242786] PM: Registered nosave memory: [mem 0xfec10000-0xfedfffff]
[    0.242786] PM: Registered nosave memory: [mem 0xfee00000-0xfee00fff]
[    0.242787] PM: Registered nosave memory: [mem 0xfee01000-0xfffdffff]
[    0.242787] PM: Registered nosave memory: [mem 0xfffe0000-0xffffffff]
[    0.242789] [mem 0xc0000000-0xefffffff] available for PCI devices
[    0.242790] Booting paravirtualized kernel on VMware hypervisor
[    0.242792] clocksource: refined-jiffies: mask: 0xffffffff max_cycles: 0xffffffff, max_idle_ns: 7645519600211568 ns
[    0.242799] random: get_random_bytes called from start_kernel+0x95/0x544 with crng_init=0
[    0.242823] setup_percpu: NR_CPUS:8192 nr_cpumask_bits:128 nr_cpu_ids:128 nr_node_ids:1
[    0.347665] percpu: Embedded 46 pages/cpu s151552 r8192 d28672 u262144
[    0.347676] pcpu-alloc: s151552 r8192 d28672 u262144 alloc=1*2097152
[    0.347676] pcpu-alloc: [0] 000 001 002 003 004 005 006 007 
[    0.347678] pcpu-alloc: [0] 008 009 010 011 012 013 014 015 
[    0.347679] pcpu-alloc: [0] 016 017 018 019 020 021 022 023 
[    0.347680] pcpu-alloc: [0] 024 025 026 027 028 029 030 031 
[    0.347682] pcpu-alloc: [0] 032 033 034 035 036 037 038 039 
[    0.347683] pcpu-alloc: [0] 040 041 042 043 044 045 046 047 
[    0.347684] pcpu-alloc: [0] 048 049 050 051 052 053 054 055 
[    0.347685] pcpu-alloc: [0] 056 057 058 059 060 061 062 063 
[    0.347686] pcpu-alloc: [0] 064 065 066 067 068 069 070 071 
[    0.347687] pcpu-alloc: [0] 072 073 074 075 076 077 078 079 
[    0.347688] pcpu-alloc: [0] 080 081 082 083 084 085 086 087 
[    0.347690] pcpu-alloc: [0] 088 089 090 091 092 093 094 095 
[    0.347691] pcpu-alloc: [0] 096 097 098 099 100 101 102 103 
[    0.347692] pcpu-alloc: [0] 104 105 106 107 108 109 110 111 
[    0.347693] pcpu-alloc: [0] 112 113 114 115 116 117 118 119 
[    0.347694] pcpu-alloc: [0] 120 121 122 123 124 125 126 127 
[    0.347769] Built 1 zonelists, mobility grouping on.  Total pages: 1032024
[    0.347770] Policy zone: Normal
[    0.347772] Kernel command line: BOOT_IMAGE=/boot/vmlinuz-4.19.132 root=UUID=7948e99d-4e2e-40bf-b955-60fecd9db270 ro console=tty1,console=ttyS1,115200n8
[    0.347805] log_buf_len individual max cpu contribution: 4096 bytes
[    0.347806] log_buf_len total cpu_extra contributions: 520192 bytes
[    0.347807] log_buf_len min size: 262144 bytes
[    0.351205] log_buf_len: 1048576 bytes
[    0.351208] early log buf free: 235708(89%)
[    0.446370] Calgary: detecting Calgary via BIOS EBDA area
[    0.446373] Calgary: Unable to locate Rio Grande table in EBDA - bailing!
[    0.456096] Memory: 3561084K/4193716K available (14348K kernel code, 2699K rwdata, 4576K rodata, 2472K init, 4944K bss, 632632K reserved, 0K cma-reserved)
[    0.456809] SLUB: HWalign=64, Order=0-3, MinObjects=0, CPUs=128, Nodes=1
[    0.456847] Kernel/User page tables isolation: enabled
[    0.456934] ftrace: allocating 41118 entries in 161 pages
[    0.470884] rcu: Hierarchical RCU implementation.
[    0.470886] rcu: 	RCU restricting CPUs from NR_CPUS=8192 to nr_cpu_ids=128.
[    0.470888] 	Tasks RCU enabled.
[    0.470888] rcu: Adjusting geometry for rcu_fanout_leaf=16, nr_cpu_ids=128
[    0.473240] NR_IRQS: 524544, nr_irqs: 1448, preallocated irqs: 16
[    0.475045] Console: colour VGA+ 80x25
[    0.486442] console [tty1] enabled
[    0.486586] ACPI: Core revision 20180810
[    0.487949] clocksource: hpet: mask: 0xffffffff max_cycles: 0xffffffff, max_idle_ns: 133484882848 ns
[    0.488062] hpet clockevent registered
[    0.488071] APIC: Switch to symmetric I/O mode setup
[    0.489105] x2apic enabled
[    0.489579] Switched APIC routing to physical x2apic.
[    0.490796] ..TIMER: vector=0x30 apic1=0 pin1=2 apic2=-1 pin2=-1
[    0.490991] clocksource: tsc-early: mask: 0xffffffffffffffff max_cycles: 0x2b3e459bf4c, max_idle_ns: 440795289890 ns
[    0.491298] Calibrating delay loop (skipped) preset value.. 6000.00 BogoMIPS (lpj=12000000)
[    0.491533] pid_max: default: 131072 minimum: 1024
[    0.491886] Security Framework initialized
[    0.492009] Yama: becoming mindful.
[    0.499289] AppArmor: AppArmor initialized
[    0.513478] Dentry cache hash table entries: 524288 (order: 10, 4194304 bytes)
[    0.520465] Inode-cache hash table entries: 262144 (order: 9, 2097152 bytes)
[    0.520903] Mount-cache hash table entries: 8192 (order: 4, 65536 bytes)
[    0.521303] Mountpoint-cache hash table entries: 8192 (order: 4, 65536 bytes)
[    0.522301] Disabled fast string operations
[    0.522431] ENERGY_PERF_BIAS: Set to 'normal', was 'performance'
[    0.522599] ENERGY_PERF_BIAS: View and update with x86_energy_perf_policy(8)
[    0.522844] Last level iTLB entries: 4KB 128, 2MB 8, 4MB 8
[    0.523011] Last level dTLB entries: 4KB 64, 2MB 0, 4MB 0, 1GB 4
[    0.523178] Spectre V1 : Mitigation: usercopy/swapgs barriers and __user pointer sanitization
[    0.523287] Spectre V2 : Mitigation: Full generic retpoline
[    0.523442] Spectre V2 : Spectre v2 / SpectreRSB mitigation: Filling RSB on context switch
[    0.523672] Speculative Store Bypass: Vulnerable
[    0.523833] TAA: Vulnerable: Clear CPU buffers attempted, no microcode
[    0.524026] SRBDS: Unknown: Dependent on hypervisor status
[    0.524178] MDS: Vulnerable: Clear CPU buffers attempted, no microcode
[    0.524521] Freeing SMP alternatives memory: 36K
[    0.528392] smpboot: CPU0: Intel(R) Core(TM) i5-8500 CPU @ 3.00GHz (family: 0x6, model: 0x9e, stepping: 0xa)
[    0.529266] Performance Events: Skylake events, core PMU driver.
[    0.529459] core: CPUID marked event: 'cpu cycles' unavailable
[    0.529616] core: CPUID marked event: 'instructions' unavailable
[    0.529778] core: CPUID marked event: 'bus cycles' unavailable
[    0.529933] core: CPUID marked event: 'cache references' unavailable
[    0.530127] core: CPUID marked event: 'cache misses' unavailable
[    0.530288] core: CPUID marked event: 'branch instructions' unavailable
[    0.530464] core: CPUID marked event: 'branch misses' unavailable
[    0.530630] ... version:                1
[    0.530740] ... bit width:              48
[    0.530851] ... generic registers:      8
[    0.530960] ... value mask:             0000ffffffffffff
[    0.531119] ... max period:             000000007fffffff
[    0.531263] ... fixed-purpose events:   0
[    0.531285] ... event mask:             00000000000000ff
[    0.531285] rcu: Hierarchical SRCU implementation.
[    0.531363] NMI watchdog: Perf NMI watchdog permanently disabled
[    0.544342] smp: Bringing up secondary CPUs ...
[    0.545108] x86: Booting SMP configuration:
[    0.545229] .... node  #0, CPUs:          #1
[    0.021756] Disabled fast string operations
[    0.547814]    #2
[    0.021756] Disabled fast string operations
[    0.549208]    #3
[    0.021756] Disabled fast string operations
[    0.552189] smp: Brought up 1 node, 4 CPUs
[    0.552189] smpboot: Max logical packages: 32
[    0.552189] smpboot: Total of 4 processors activated (24000.00 BogoMIPS)
[    0.552721] devtmpfs: initialized
[    0.555336] x86/mm: Memory block size: 128MB
[    0.556162] PM: Registering ACPI NVS region [mem 0xbfeff000-0xbfefffff] (4096 bytes)
[    0.556162] clocksource: jiffies: mask: 0xffffffff max_cycles: 0xffffffff, max_idle_ns: 7645041785100000 ns
[    0.556162] futex hash table entries: 32768 (order: 9, 2097152 bytes)
[    0.564778] pinctrl core: initialized pinctrl subsystem
[    0.565015] RTC time:  1:28:35, date: 10/20/20
[    0.567822] NET: Registered protocol family 16
[    0.567974] audit: initializing netlink subsys (disabled)
[    0.568017] audit: type=2000 audit(1603157315.076:1): state=initialized audit_enabled=0 res=1
[    0.568017] cpuidle: using governor ladder
[    0.568017] cpuidle: using governor menu
[    0.568017] Simple Boot Flag at 0x36 set to 0x80
[    0.568017] ACPI: bus type PCI registered
[    0.568017] acpiphp: ACPI Hot Plug PCI Controller Driver version: 0.5
[    0.568017] PCI: MMCONFIG for domain 0000 [bus 00-7f] at [mem 0xf0000000-0xf7ffffff] (base 0xf0000000)
[    0.568017] PCI: MMCONFIG at [mem 0xf0000000-0xf7ffffff] reserved in E820
[    0.568017] PCI: Using configuration type 1 for base access
[    0.572011] HugeTLB registered 1.00 GiB page size, pre-allocated 0 pages
[    0.572011] HugeTLB registered 2.00 MiB page size, pre-allocated 0 pages
[    0.575794] ACPI: Added _OSI(Module Device)
[    0.575902] ACPI: Added _OSI(Processor Device)
[    0.576009] ACPI: Added _OSI(3.0 _SCP Extensions)
[    0.576067] ACPI: Added _OSI(Processor Aggregator Device)
[    0.576096] ACPI: Added _OSI(Linux-Dell-Video)
[    0.576129] ACPI: Added _OSI(Linux-Lenovo-NV-HDMI-Audio)
[    0.591622] ACPI: 1 ACPI AML tables successfully acquired and loaded
[    0.595285] ACPI: [Firmware Bug]: BIOS _OSI(Linux) query ignored
[    0.629817] ACPI: Interpreter enabled
[    0.629859] ACPI: (supports S0 S1 S4 S5)
[    0.629882] ACPI: Using IOAPIC for interrupt routing
[    0.629931] PCI: Using host bridge windows from ACPI; if necessary, use "pci=nocrs" and report a bug
[    0.629931] ACPI: Enabled 4 GPEs in block 00 to 0F
[    0.851981] ACPI: PCI Root Bridge [PCI0] (domain 0000 [bus 00-7f])
[    0.852035] acpi PNP0A03:00: _OSC: OS supports [ExtendedConfig ASPM ClockPM Segments MSI]
[    0.852257] acpi PNP0A03:00: _OSC: platform does not support [AER LTR]
[    0.852465] acpi PNP0A03:00: _OSC: OS now controls [PCIeHotplug PME PCIeCapability]
[    0.854009] PCI host bridge to bus 0000:00
[    0.854036] pci_bus 0000:00: root bus resource [mem 0x000a0000-0x000bffff window]
[    0.854075] pci_bus 0000:00: root bus resource [mem 0x000d0000-0x000d3fff window]
[    0.854121] pci_bus 0000:00: root bus resource [mem 0x000d4000-0x000d7fff window]
[    0.854160] pci_bus 0000:00: root bus resource [mem 0x000d8000-0x000dbfff window]
[    0.854199] pci_bus 0000:00: root bus resource [mem 0xc0000000-0xfebfffff window]
[    0.854237] pci_bus 0000:00: root bus resource [io  0x0000-0x0cf7 window]
[    0.854272] pci_bus 0000:00: root bus resource [io  0x0d00-0xfeff window]
[    0.854306] pci_bus 0000:00: root bus resource [bus 00-7f]
[    0.854373] pci 0000:00:00.0: [8086:7190] type 00 class 0x060000
[    0.855499] pci 0000:00:01.0: [8086:7191] type 01 class 0x060400
[    0.855909] pci 0000:00:07.0: [8086:7110] type 00 class 0x060100
[    0.856486] pci 0000:00:07.1: [8086:7111] type 00 class 0x01018a
[    0.857938] pci 0000:00:07.1: reg 0x20: [io  0x1060-0x106f]
[    0.858507] pci 0000:00:07.1: legacy IDE quirk: reg 0x10: [io  0x01f0-0x01f7]
[    0.858546] pci 0000:00:07.1: legacy IDE quirk: reg 0x14: [io  0x03f6]
[    0.858580] pci 0000:00:07.1: legacy IDE quirk: reg 0x18: [io  0x0170-0x0177]
[    0.858616] pci 0000:00:07.1: legacy IDE quirk: reg 0x1c: [io  0x0376]
[    0.858860] pci 0000:00:07.3: [8086:7113] type 00 class 0x068000
[    0.861745] pci 0000:00:07.3: quirk: [io  0x1000-0x103f] claimed by PIIX4 ACPI
[    0.861800] pci 0000:00:07.3: quirk: [io  0x1040-0x104f] claimed by PIIX4 SMB
[    0.862094] pci 0000:00:07.7: [15ad:0740] type 00 class 0x088000
[    0.862708] pci 0000:00:07.7: reg 0x10: [io  0x1080-0x10bf]
[    0.863237] pci 0000:00:07.7: reg 0x14: [mem 0xfebfe000-0xfebfffff 64bit]
[    0.865568] pci 0000:00:0f.0: [15ad:0405] type 00 class 0x030000
[    0.867289] pci 0000:00:0f.0: reg 0x10: [io  0x1070-0x107f]
[    0.868986] pci 0000:00:0f.0: reg 0x14: [mem 0xe8000000-0xefffffff pref]
[    0.870842] pci 0000:00:0f.0: reg 0x18: [mem 0xfe000000-0xfe7fffff]
[    0.877925] pci 0000:00:0f.0: reg 0x30: [mem 0x00000000-0x00007fff pref]
[    0.878384] pci 0000:00:10.0: [1000:0030] type 00 class 0x010000
[    0.879290] pci 0000:00:10.0: reg 0x10: [io  0x1400-0x14ff]
[    0.880162] pci 0000:00:10.0: reg 0x14: [mem 0xfeba0000-0xfebbffff 64bit]
[    0.881119] pci 0000:00:10.0: reg 0x1c: [mem 0xfebc0000-0xfebdffff 64bit]
[    0.882757] pci 0000:00:10.0: reg 0x30: [mem 0x00000000-0x00003fff pref]
[    0.883242] pci 0000:00:11.0: [15ad:0790] type 01 class 0x060401
[    0.883840] pci 0000:00:15.0: [15ad:07a0] type 01 class 0x060400
[    0.884375] pci 0000:00:15.0: PME# supported from D0 D3hot D3cold
[    0.884721] pci 0000:00:15.1: [15ad:07a0] type 01 class 0x060400
[    0.885252] pci 0000:00:15.1: PME# supported from D0 D3hot D3cold
[    0.885574] pci 0000:00:15.2: [15ad:07a0] type 01 class 0x060400
[    0.886101] pci 0000:00:15.2: PME# supported from D0 D3hot D3cold
[    0.886419] pci 0000:00:15.3: [15ad:07a0] type 01 class 0x060400
[    0.886948] pci 0000:00:15.3: PME# supported from D0 D3hot D3cold
[    0.887265] pci 0000:00:15.4: [15ad:07a0] type 01 class 0x060400
[    0.887833] pci 0000:00:15.4: PME# supported from D0 D3hot D3cold
[    0.888128] pci 0000:00:15.5: [15ad:07a0] type 01 class 0x060400
[    0.888666] pci 0000:00:15.5: PME# supported from D0 D3hot D3cold
[    0.889009] pci 0000:00:15.6: [15ad:07a0] type 01 class 0x060400
[    0.889539] pci 0000:00:15.6: PME# supported from D0 D3hot D3cold
[    0.889981] pci 0000:00:15.7: [15ad:07a0] type 01 class 0x060400
[    0.890510] pci 0000:00:15.7: PME# supported from D0 D3hot D3cold
[    0.890831] pci 0000:00:16.0: [15ad:07a0] type 01 class 0x060400
[    0.891362] pci 0000:00:16.0: PME# supported from D0 D3hot D3cold
[    0.891685] pci 0000:00:16.1: [15ad:07a0] type 01 class 0x060400
[    0.892219] pci 0000:00:16.1: PME# supported from D0 D3hot D3cold
[    0.892541] pci 0000:00:16.2: [15ad:07a0] type 01 class 0x060400
[    0.893067] pci 0000:00:16.2: PME# supported from D0 D3hot D3cold
[    0.893396] pci 0000:00:16.3: [15ad:07a0] type 01 class 0x060400
[    0.893923] pci 0000:00:16.3: PME# supported from D0 D3hot D3cold
[    0.894240] pci 0000:00:16.4: [15ad:07a0] type 01 class 0x060400
[    0.894767] pci 0000:00:16.4: PME# supported from D0 D3hot D3cold
[    0.895086] pci 0000:00:16.5: [15ad:07a0] type 01 class 0x060400
[    0.895611] pci 0000:00:16.5: PME# supported from D0 D3hot D3cold
[    0.895903] pci 0000:00:16.6: [15ad:07a0] type 01 class 0x060400
[    0.896433] pci 0000:00:16.6: PME# supported from D0 D3hot D3cold
[    0.896865] pci 0000:00:16.7: [15ad:07a0] type 01 class 0x060400
[    0.897397] pci 0000:00:16.7: PME# supported from D0 D3hot D3cold
[    0.897713] pci 0000:00:17.0: [15ad:07a0] type 01 class 0x060400
[    0.898252] pci 0000:00:17.0: PME# supported from D0 D3hot D3cold
[    0.898597] pci 0000:00:17.1: [15ad:07a0] type 01 class 0x060400
[    0.899136] pci 0000:00:17.1: PME# supported from D0 D3hot D3cold
[    0.899449] pci 0000:00:17.2: [15ad:07a0] type 01 class 0x060400
[    0.899981] pci 0000:00:17.2: PME# supported from D0 D3hot D3cold
[    0.900314] pci 0000:00:17.3: [15ad:07a0] type 01 class 0x060400
[    0.900846] pci 0000:00:17.3: PME# supported from D0 D3hot D3cold
[    0.901161] pci 0000:00:17.4: [15ad:07a0] type 01 class 0x060400
[    0.901692] pci 0000:00:17.4: PME# supported from D0 D3hot D3cold
[    0.902006] pci 0000:00:17.5: [15ad:07a0] type 01 class 0x060400
[    0.902533] pci 0000:00:17.5: PME# supported from D0 D3hot D3cold
[    0.902844] pci 0000:00:17.6: [15ad:07a0] type 01 class 0x060400
[    0.903378] pci 0000:00:17.6: PME# supported from D0 D3hot D3cold
[    0.903822] pci 0000:00:17.7: [15ad:07a0] type 01 class 0x060400
[    0.904372] pci 0000:00:17.7: PME# supported from D0 D3hot D3cold
[    0.904705] pci 0000:00:18.0: [15ad:07a0] type 01 class 0x060400
[    0.905236] pci 0000:00:18.0: PME# supported from D0 D3hot D3cold
[    0.905556] pci 0000:00:18.1: [15ad:07a0] type 01 class 0x060400
[    0.906090] pci 0000:00:18.1: PME# supported from D0 D3hot D3cold
[    0.906412] pci 0000:00:18.2: [15ad:07a0] type 01 class 0x060400
[    0.906942] pci 0000:00:18.2: PME# supported from D0 D3hot D3cold
[    0.907256] pci 0000:00:18.3: [15ad:07a0] type 01 class 0x060400
[    0.907256] pci 0000:00:18.3: PME# supported from D0 D3hot D3cold
[    0.907256] pci 0000:00:18.4: [15ad:07a0] type 01 class 0x060400
[    0.907256] pci 0000:00:18.4: PME# supported from D0 D3hot D3cold
[    0.907256] pci 0000:00:18.5: [15ad:07a0] type 01 class 0x060400
[    0.907256] pci 0000:00:18.5: PME# supported from D0 D3hot D3cold
[    0.907256] pci 0000:00:18.6: [15ad:07a0] type 01 class 0x060400
[    0.907256] pci 0000:00:18.6: PME# supported from D0 D3hot D3cold
[    0.907256] pci 0000:00:18.7: [15ad:07a0] type 01 class 0x060400
[    0.907285] pci 0000:00:18.7: PME# supported from D0 D3hot D3cold
[    0.907285] pci_bus 0000:01: extended config space not accessible
[    0.907285] pci 0000:00:01.0: PCI bridge to [bus 01]
[    0.907285] pci_bus 0000:02: extended config space not accessible
[    0.907285] acpiphp: Slot [32] registered
[    0.907285] acpiphp: Slot [33] registered
[    0.907285] acpiphp: Slot [34] registered
[    0.907285] acpiphp: Slot [35] registered
[    0.907285] acpiphp: Slot [36] registered
[    0.907285] acpiphp: Slot [37] registered
[    0.907285] acpiphp: Slot [38] registered
[    0.907285] acpiphp: Slot [39] registered
[    0.907285] acpiphp: Slot [40] registered
[    0.907285] acpiphp: Slot [41] registered
[    0.907285] acpiphp: Slot [42] registered
[    0.907285] acpiphp: Slot [43] registered
[    0.907285] acpiphp: Slot [44] registered
[    0.907285] acpiphp: Slot [45] registered
[    0.907285] acpiphp: Slot [46] registered
[    0.907285] acpiphp: Slot [47] registered
[    0.907285] acpiphp: Slot [48] registered
[    0.907285] acpiphp: Slot [49] registered
[    0.907285] acpiphp: Slot [50] registered
[    0.907285] acpiphp: Slot [51] registered
[    0.907285] acpiphp: Slot [52] registered
[    0.907285] acpiphp: Slot [53] registered
[    0.907285] acpiphp: Slot [54] registered
[    0.907285] acpiphp: Slot [55] registered
[    0.907285] acpiphp: Slot [56] registered
[    0.907285] acpiphp: Slot [57] registered
[    0.907285] acpiphp: Slot [58] registered
[    0.907285] acpiphp: Slot [59] registered
[    0.907285] acpiphp: Slot [60] registered
[    0.907285] acpiphp: Slot [61] registered
[    0.907285] acpiphp: Slot [62] registered
[    0.907285] acpiphp: Slot [63] registered
[    0.907285] pci 0000:02:00.0: [15ad:0774] type 00 class 0x0c0300
[    0.911717] pci 0000:02:00.0: reg 0x20: [io  0x2080-0x209f]
[    0.912582] pci 0000:02:01.0: [8086:100f] type 00 class 0x020000
[    0.913512] pci 0000:02:01.0: reg 0x10: [mem 0xfd5c0000-0xfd5dffff 64bit]
[    0.914406] pci 0000:02:01.0: reg 0x18: [mem 0xfdff0000-0xfdffffff 64bit]
[    0.915250] pci 0000:02:01.0: reg 0x20: [io  0x2000-0x203f]
[    0.917433] pci 0000:02:01.0: reg 0x30: [mem 0x00000000-0x0000ffff pref]
[    0.917892] pci 0000:02:02.0: [1274:1371] type 00 class 0x040100
[    0.918184] pci 0000:02:02.0: reg 0x10: [io  0x2040-0x207f]
[    0.920154] pci 0000:02:03.0: [15ad:0770] type 00 class 0x0c0320
[    0.920692] pci 0000:02:03.0: reg 0x10: [mem 0xfd5ef000-0xfd5effff]
[    0.923393] pci 0000:02:05.0: [15ad:07e0] type 00 class 0x010601
[    0.925704] pci 0000:02:05.0: reg 0x24: [mem 0xfd5ee000-0xfd5eefff]
[    0.926065] pci 0000:02:05.0: reg 0x30: [mem 0x00000000-0x0000ffff pref]
[    0.926351] pci 0000:02:05.0: PME# supported from D3hot
[    0.926773] pci 0000:00:11.0: PCI bridge to [bus 02] (subtractive decode)
[    0.926832] pci 0000:00:11.0:   bridge window [io  0x2000-0x3fff]
[    0.926848] pci 0000:00:11.0:   bridge window [mem 0xfd500000-0xfdffffff]
[    0.926878] pci 0000:00:11.0:   bridge window [mem 0xe7b00000-0xe7ffffff 64bit pref]
[    0.926880] pci 0000:00:11.0:   bridge window [mem 0x000a0000-0x000bffff window] (subtractive decode)
[    0.926881] pci 0000:00:11.0:   bridge window [mem 0x000d0000-0x000d3fff window] (subtractive decode)
[    0.926881] pci 0000:00:11.0:   bridge window [mem 0x000d4000-0x000d7fff window] (subtractive decode)
[    0.926882] pci 0000:00:11.0:   bridge window [mem 0x000d8000-0x000dbfff window] (subtractive decode)
[    0.926883] pci 0000:00:11.0:   bridge window [mem 0xc0000000-0xfebfffff window] (subtractive decode)
[    0.926883] pci 0000:00:11.0:   bridge window [io  0x0000-0x0cf7 window] (subtractive decode)
[    0.926884] pci 0000:00:11.0:   bridge window [io  0x0d00-0xfeff window] (subtractive decode)
[    0.927157] pci 0000:00:15.0: PCI bridge to [bus 03]
[    0.927201] pci 0000:00:15.0:   bridge window [io  0x4000-0x4fff]
[    0.927215] pci 0000:00:15.0:   bridge window [mem 0xfd400000-0xfd4fffff]
[    0.927243] pci 0000:00:15.0:   bridge window [mem 0xe7a00000-0xe7afffff 64bit pref]
[    0.927470] pci 0000:00:15.1: PCI bridge to [bus 04]
[    0.927513] pci 0000:00:15.1:   bridge window [io  0x8000-0x8fff]
[    0.927527] pci 0000:00:15.1:   bridge window [mem 0xfd000000-0xfd0fffff]
[    0.927554] pci 0000:00:15.1:   bridge window [mem 0xe7600000-0xe76fffff 64bit pref]
[    0.927971] pci 0000:00:15.2: PCI bridge to [bus 05]
[    0.928014] pci 0000:00:15.2:   bridge window [io  0xc000-0xcfff]
[    0.928028] pci 0000:00:15.2:   bridge window [mem 0xfcc00000-0xfccfffff]
[    0.928055] pci 0000:00:15.2:   bridge window [mem 0xe7200000-0xe72fffff 64bit pref]
[    0.928292] pci 0000:00:15.3: PCI bridge to [bus 06]
[    0.928348] pci 0000:00:15.3:   bridge window [mem 0xfc800000-0xfc8fffff]
[    0.928374] pci 0000:00:15.3:   bridge window [mem 0xe6e00000-0xe6efffff 64bit pref]
[    0.928642] pci 0000:00:15.4: PCI bridge to [bus 07]
[    0.928698] pci 0000:00:15.4:   bridge window [mem 0xfc400000-0xfc4fffff]
[    0.928725] pci 0000:00:15.4:   bridge window [mem 0xe6a00000-0xe6afffff 64bit pref]
[    0.928960] pci 0000:00:15.5: PCI bridge to [bus 08]
[    0.929016] pci 0000:00:15.5:   bridge window [mem 0xfc000000-0xfc0fffff]
[    0.929043] pci 0000:00:15.5:   bridge window [mem 0xe6600000-0xe66fffff 64bit pref]
[    0.929275] pci 0000:00:15.6: PCI bridge to [bus 09]
[    0.929330] pci 0000:00:15.6:   bridge window [mem 0xfbc00000-0xfbcfffff]
[    0.929357] pci 0000:00:15.6:   bridge window [mem 0xe6200000-0xe62fffff 64bit pref]
[    0.929633] pci 0000:00:15.7: PCI bridge to [bus 0a]
[    0.929689] pci 0000:00:15.7:   bridge window [mem 0xfb800000-0xfb8fffff]
[    0.929715] pci 0000:00:15.7:   bridge window [mem 0xe5e00000-0xe5efffff 64bit pref]
[    0.929982] pci 0000:00:16.0: PCI bridge to [bus 0b]
[    0.930025] pci 0000:00:16.0:   bridge window [io  0x5000-0x5fff]
[    0.930039] pci 0000:00:16.0:   bridge window [mem 0xfd300000-0xfd3fffff]
[    0.930066] pci 0000:00:16.0:   bridge window [mem 0xe7900000-0xe79fffff 64bit pref]
[    0.930295] pci 0000:00:16.1: PCI bridge to [bus 0c]
[    0.930338] pci 0000:00:16.1:   bridge window [io  0x9000-0x9fff]
[    0.930352] pci 0000:00:16.1:   bridge window [mem 0xfcf00000-0xfcffffff]
[    0.930379] pci 0000:00:16.1:   bridge window [mem 0xe7500000-0xe75fffff 64bit pref]
[    0.930652] pci 0000:00:16.2: PCI bridge to [bus 0d]
[    0.930695] pci 0000:00:16.2:   bridge window [io  0xd000-0xdfff]
[    0.930709] pci 0000:00:16.2:   bridge window [mem 0xfcb00000-0xfcbfffff]
[    0.930736] pci 0000:00:16.2:   bridge window [mem 0xe7100000-0xe71fffff 64bit pref]
[    0.930963] pci 0000:00:16.3: PCI bridge to [bus 0e]
[    0.931018] pci 0000:00:16.3:   bridge window [mem 0xfc700000-0xfc7fffff]
[    0.931045] pci 0000:00:16.3:   bridge window [mem 0xe6d00000-0xe6dfffff 64bit pref]
[    0.931297] pci 0000:00:16.4: PCI bridge to [bus 0f]
[    0.931353] pci 0000:00:16.4:   bridge window [mem 0xfc300000-0xfc3fffff]
[    0.931380] pci 0000:00:16.4:   bridge window [mem 0xe6900000-0xe69fffff 64bit pref]
[    0.931608] pci 0000:00:16.5: PCI bridge to [bus 10]
[    0.931663] pci 0000:00:16.5:   bridge window [mem 0xfbf00000-0xfbffffff]
[    0.931691] pci 0000:00:16.5:   bridge window [mem 0xe6500000-0xe65fffff 64bit pref]
[    0.931919] pci 0000:00:16.6: PCI bridge to [bus 11]
[    0.931974] pci 0000:00:16.6:   bridge window [mem 0xfbb00000-0xfbbfffff]
[    0.932001] pci 0000:00:16.6:   bridge window [mem 0xe6100000-0xe61fffff 64bit pref]
[    0.932289] pci 0000:00:16.7: PCI bridge to [bus 12]
[    0.932345] pci 0000:00:16.7:   bridge window [mem 0xfb700000-0xfb7fffff]
[    0.932372] pci 0000:00:16.7:   bridge window [mem 0xe5d00000-0xe5dfffff 64bit pref]
[    0.932652] pci 0000:00:17.0: PCI bridge to [bus 13]
[    0.932697] pci 0000:00:17.0:   bridge window [io  0x6000-0x6fff]
[    0.932712] pci 0000:00:17.0:   bridge window [mem 0xfd200000-0xfd2fffff]
[    0.932741] pci 0000:00:17.0:   bridge window [mem 0xe7800000-0xe78fffff 64bit pref]
[    0.933015] pci 0000:00:17.1: PCI bridge to [bus 14]
[    0.933058] pci 0000:00:17.1:   bridge window [io  0xa000-0xafff]
[    0.933073] pci 0000:00:17.1:   bridge window [mem 0xfce00000-0xfcefffff]
[    0.933102] pci 0000:00:17.1:   bridge window [mem 0xe7400000-0xe74fffff 64bit pref]
[    0.933527] pci 0000:00:17.2: PCI bridge to [bus 15]
[    0.933571] pci 0000:00:17.2:   bridge window [io  0xe000-0xefff]
[    0.933585] pci 0000:00:17.2:   bridge window [mem 0xfca00000-0xfcafffff]
[    0.933612] pci 0000:00:17.2:   bridge window [mem 0xe7000000-0xe70fffff 64bit pref]
[    0.933848] pci 0000:00:17.3: PCI bridge to [bus 16]
[    0.933903] pci 0000:00:17.3:   bridge window [mem 0xfc600000-0xfc6fffff]
[    0.933931] pci 0000:00:17.3:   bridge window [mem 0xe6c00000-0xe6cfffff 64bit pref]
[    0.934191] pci 0000:00:17.4: PCI bridge to [bus 17]
[    0.934247] pci 0000:00:17.4:   bridge window [mem 0xfc200000-0xfc2fffff]
[    0.934275] pci 0000:00:17.4:   bridge window [mem 0xe6800000-0xe68fffff 64bit pref]
[    0.934505] pci 0000:00:17.5: PCI bridge to [bus 18]
[    0.934561] pci 0000:00:17.5:   bridge window [mem 0xfbe00000-0xfbefffff]
[    0.934588] pci 0000:00:17.5:   bridge window [mem 0xe6400000-0xe64fffff 64bit pref]
[    0.934816] pci 0000:00:17.6: PCI bridge to [bus 19]
[    0.934872] pci 0000:00:17.6:   bridge window [mem 0xfba00000-0xfbafffff]
[    0.934899] pci 0000:00:17.6:   bridge window [mem 0xe6000000-0xe60fffff 64bit pref]
[    0.935158] pci 0000:00:17.7: PCI bridge to [bus 1a]
[    0.935213] pci 0000:00:17.7:   bridge window [mem 0xfb600000-0xfb6fffff]
[    0.935240] pci 0000:00:17.7:   bridge window [mem 0xe5c00000-0xe5cfffff 64bit pref]
[    0.935487] pci 0000:00:18.0: PCI bridge to [bus 1b]
[    0.935530] pci 0000:00:18.0:   bridge window [io  0x7000-0x7fff]
[    0.935544] pci 0000:00:18.0:   bridge window [mem 0xfd100000-0xfd1fffff]
[    0.935571] pci 0000:00:18.0:   bridge window [mem 0xe7700000-0xe77fffff 64bit pref]
[    0.935836] pci 0000:00:18.1: PCI bridge to [bus 1c]
[    0.935878] pci 0000:00:18.1:   bridge window [io  0xb000-0xbfff]
[    0.935892] pci 0000:00:18.1:   bridge window [mem 0xfcd00000-0xfcdfffff]
[    0.935919] pci 0000:00:18.1:   bridge window [mem 0xe7300000-0xe73fffff 64bit pref]
[    0.936148] pci 0000:00:18.2: PCI bridge to [bus 1d]
[    0.936203] pci 0000:00:18.2:   bridge window [mem 0xfc900000-0xfc9fffff]
[    0.936230] pci 0000:00:18.2:   bridge window [mem 0xe6f00000-0xe6ffffff 64bit pref]
[    0.936614] pci 0000:00:18.3: PCI bridge to [bus 1e]
[    0.936670] pci 0000:00:18.3:   bridge window [mem 0xfc500000-0xfc5fffff]
[    0.936697] pci 0000:00:18.3:   bridge window [mem 0xe6b00000-0xe6bfffff 64bit pref]
[    0.936958] pci 0000:00:18.4: PCI bridge to [bus 1f]
[    0.937015] pci 0000:00:18.4:   bridge window [mem 0xfc100000-0xfc1fffff]
[    0.937042] pci 0000:00:18.4:   bridge window [mem 0xe6700000-0xe67fffff 64bit pref]
[    0.937272] pci 0000:00:18.5: PCI bridge to [bus 20]
[    0.937328] pci 0000:00:18.5:   bridge window [mem 0xfbd00000-0xfbdfffff]
[    0.937358] pci 0000:00:18.5:   bridge window [mem 0xe6300000-0xe63fffff 64bit pref]
[    0.937643] pci 0000:00:18.6: PCI bridge to [bus 21]
[    0.937700] pci 0000:00:18.6:   bridge window [mem 0xfb900000-0xfb9fffff]
[    0.937727] pci 0000:00:18.6:   bridge window [mem 0xe5f00000-0xe5ffffff 64bit pref]
[    0.937962] pci 0000:00:18.7: PCI bridge to [bus 22]
[    0.938018] pci 0000:00:18.7:   bridge window [mem 0xfb500000-0xfb5fffff]
[    0.938044] pci 0000:00:18.7:   bridge window [mem 0xe5b00000-0xe5bfffff 64bit pref]
[    0.939932] ACPI: PCI Interrupt Link [LNKA] (IRQs 3 4 5 6 7 *9 10 11 14 15)
[    0.940040] ACPI: PCI Interrupt Link [LNKB] (IRQs 3 4 5 6 7 9 10 *11 14 15)
[    0.940143] ACPI: PCI Interrupt Link [LNKC] (IRQs 3 4 5 6 7 9 *10 11 14 15)
[    0.940245] ACPI: PCI Interrupt Link [LNKD] (IRQs 3 4 5 6 *7 9 10 11 14 15)
[    1.007304] pci 0000:00:0f.0: vgaarb: setting as boot VGA device
[    1.007350] pci 0000:00:0f.0: vgaarb: VGA device added: decodes=io+mem,owns=io+mem,locks=none
[    1.007402] pci 0000:00:0f.0: vgaarb: bridge control possible
[    1.007432] vgaarb: loaded
[    1.007878] SCSI subsystem initialized
[    1.007961] libata version 3.00 loaded.
[    1.007961] ACPI: bus type USB registered
[    1.007961] usbcore: registered new interface driver usbfs
[    1.007961] usbcore: registered new interface driver hub
[    1.007961] usbcore: registered new device driver usb
[    1.007961] pps_core: LinuxPPS API ver. 1 registered
[    1.007961] pps_core: Software ver. 5.3.6 - Copyright 2005-2007 Rodolfo Giometti <giometti@linux.it>
[    1.007961] PTP clock support registered
[    1.007961] EDAC MC: Ver: 3.0.0
[    1.011440] PCI: Using ACPI for IRQ routing
[    1.025168] PCI: pci_cache_line_size set to 64 bytes
[    1.025799] e820: reserve RAM buffer [mem 0x0009e800-0x0009ffff]
[    1.025801] e820: reserve RAM buffer [mem 0xbfed0000-0xbfffffff]
[    1.027287] NetLabel: Initializing
[    1.027287] NetLabel:  domain hash size = 128
[    1.027287] NetLabel:  protocols = UNLABELED CIPSOv4 CALIPSO
[    1.027287] NetLabel:  unlabeled traffic allowed by default
[    1.028835] hpet0: at MMIO 0xfed00000, IRQs 2, 8, 0, 0, 0, 0, 0, 0, 0, 0, 0, 0, 0, 0, 0, 0
[    1.028886] hpet0: 16 comparators, 64-bit 14.318180 MHz counter
[    1.031289] clocksource: Switched to clocksource tsc-early
[    1.070412] VFS: Disk quotas dquot_6.6.0
[    1.070499] VFS: Dquot-cache hash table entries: 512 (order 0, 4096 bytes)
[    1.070962] AppArmor: AppArmor Filesystem Enabled
[    1.071052] pnp: PnP ACPI init
[    1.071257] system 00:00: [io  0x1000-0x103f] has been reserved
[    1.071296] system 00:00: [io  0x1040-0x104f] has been reserved
[    1.071296] system 00:00: [io  0x0cf0-0x0cf1] has been reserved
[    1.071296] system 00:00: Plug and Play ACPI device, IDs PNP0c02 (active)
[    1.071296] pnp 00:01: Plug and Play ACPI device, IDs PNP0b00 (active)
[    1.071450] pnp 00:02: Plug and Play ACPI device, IDs PNP0303 (active)
[    1.071462] pnp 00:03: Plug and Play ACPI device, IDs VMW0003 PNP0f13 (active)
[    1.071642] system 00:04: [mem 0xfed00000-0xfed003ff] has been reserved
[    1.071681] system 00:04: Plug and Play ACPI device, IDs PNP0103 PNP0c01 (active)
[    1.073078] pnp 00:05: Plug and Play ACPI device, IDs PNP0501 (active)
[    1.073268] pnp 00:06: Plug and Play ACPI device, IDs PNP0501 (active)
[    1.073514] system 00:07: [io  0xfce0-0xfcff] has been reserved
[    1.073549] system 00:07: [mem 0xf0000000-0xf7ffffff] has been reserved
[    1.073583] system 00:07: [mem 0xfe800000-0xfe9fffff] has been reserved
[    1.073619] system 00:07: Plug and Play ACPI device, IDs PNP0c02 (active)
[    1.101464] pnp: PnP ACPI: found 8 devices
[    1.111509] clocksource: acpi_pm: mask: 0xffffff max_cycles: 0xffffff, max_idle_ns: 2085701024 ns
[    1.111846] pci 0000:00:15.3: bridge window [io  0x1000-0x0fff] to [bus 06] add_size 1000
[    1.111893] pci 0000:00:15.4: bridge window [io  0x1000-0x0fff] to [bus 07] add_size 1000
[    1.111934] pci 0000:00:15.5: bridge window [io  0x1000-0x0fff] to [bus 08] add_size 1000
[    1.111974] pci 0000:00:15.6: bridge window [io  0x1000-0x0fff] to [bus 09] add_size 1000
[    1.112015] pci 0000:00:15.7: bridge window [io  0x1000-0x0fff] to [bus 0a] add_size 1000
[    1.112173] pci 0000:00:16.3: bridge window [io  0x1000-0x0fff] to [bus 0e] add_size 1000
[    1.112213] pci 0000:00:16.4: bridge window [io  0x1000-0x0fff] to [bus 0f] add_size 1000
[    1.112254] pci 0000:00:16.5: bridge window [io  0x1000-0x0fff] to [bus 10] add_size 1000
[    1.112294] pci 0000:00:16.6: bridge window [io  0x1000-0x0fff] to [bus 11] add_size 1000
[    1.112334] pci 0000:00:16.7: bridge window [io  0x1000-0x0fff] to [bus 12] add_size 1000
[    1.112511] pci 0000:00:17.3: bridge window [io  0x1000-0x0fff] to [bus 16] add_size 1000
[    1.112577] pci 0000:00:17.4: bridge window [io  0x1000-0x0fff] to [bus 17] add_size 1000
[    1.112619] pci 0000:00:17.5: bridge window [io  0x1000-0x0fff] to [bus 18] add_size 1000
[    1.112660] pci 0000:00:17.6: bridge window [io  0x1000-0x0fff] to [bus 19] add_size 1000
[    1.112700] pci 0000:00:17.7: bridge window [io  0x1000-0x0fff] to [bus 1a] add_size 1000
[    1.112819] pci 0000:00:18.2: bridge window [io  0x1000-0x0fff] to [bus 1d] add_size 1000
[    1.112860] pci 0000:00:18.3: bridge window [io  0x1000-0x0fff] to [bus 1e] add_size 1000
[    1.112908] pci 0000:00:18.4: bridge window [io  0x1000-0x0fff] to [bus 1f] add_size 1000
[    1.112949] pci 0000:00:18.5: bridge window [io  0x1000-0x0fff] to [bus 20] add_size 1000
[    1.112991] pci 0000:00:18.6: bridge window [io  0x1000-0x0fff] to [bus 21] add_size 1000
[    1.113031] pci 0000:00:18.7: bridge window [io  0x1000-0x0fff] to [bus 22] add_size 1000
[    1.113064] pci 0000:00:0f.0: BAR 6: assigned [mem 0xc0000000-0xc0007fff pref]
[    1.113107] pci 0000:00:10.0: BAR 6: assigned [mem 0xc0008000-0xc000bfff pref]
[    1.113147] pci 0000:00:15.3: BAR 13: no space for [io  size 0x1000]
[    1.113180] pci 0000:00:15.3: BAR 13: failed to assign [io  size 0x1000]
[    1.113215] pci 0000:00:15.4: BAR 13: no space for [io  size 0x1000]
[    1.113247] pci 0000:00:15.4: BAR 13: failed to assign [io  size 0x1000]
[    1.113281] pci 0000:00:15.5: BAR 13: no space for [io  size 0x1000]
[    1.113314] pci 0000:00:15.5: BAR 13: failed to assign [io  size 0x1000]
[    1.113348] pci 0000:00:15.6: BAR 13: no space for [io  size 0x1000]
[    1.113381] pci 0000:00:15.6: BAR 13: failed to assign [io  size 0x1000]
[    1.113426] pci 0000:00:15.7: BAR 13: no space for [io  size 0x1000]
[    1.113459] pci 0000:00:15.7: BAR 13: failed to assign [io  size 0x1000]
[    1.113493] pci 0000:00:16.3: BAR 13: no space for [io  size 0x1000]
[    1.113525] pci 0000:00:16.3: BAR 13: failed to assign [io  size 0x1000]
[    1.113560] pci 0000:00:16.4: BAR 13: no space for [io  size 0x1000]
[    1.113592] pci 0000:00:16.4: BAR 13: failed to assign [io  size 0x1000]
[    1.113626] pci 0000:00:16.5: BAR 13: no space for [io  size 0x1000]
[    1.113658] pci 0000:00:16.5: BAR 13: failed to assign [io  size 0x1000]
[    1.113693] pci 0000:00:16.6: BAR 13: no space for [io  size 0x1000]
[    1.113725] pci 0000:00:16.6: BAR 13: failed to assign [io  size 0x1000]
[    1.113759] pci 0000:00:16.7: BAR 13: no space for [io  size 0x1000]
[    1.113792] pci 0000:00:16.7: BAR 13: failed to assign [io  size 0x1000]
[    1.113827] pci 0000:00:17.3: BAR 13: no space for [io  size 0x1000]
[    1.113859] pci 0000:00:17.3: BAR 13: failed to assign [io  size 0x1000]
[    1.113903] pci 0000:00:17.4: BAR 13: no space for [io  size 0x1000]
[    1.113935] pci 0000:00:17.4: BAR 13: failed to assign [io  size 0x1000]
[    1.113970] pci 0000:00:17.5: BAR 13: no space for [io  size 0x1000]
[    1.114002] pci 0000:00:17.5: BAR 13: failed to assign [io  size 0x1000]
[    1.114036] pci 0000:00:17.6: BAR 13: no space for [io  size 0x1000]
[    1.114068] pci 0000:00:17.6: BAR 13: failed to assign [io  size 0x1000]
[    1.114103] pci 0000:00:17.7: BAR 13: no space for [io  size 0x1000]
[    1.114135] pci 0000:00:17.7: BAR 13: failed to assign [io  size 0x1000]
[    1.114170] pci 0000:00:18.2: BAR 13: no space for [io  size 0x1000]
[    1.114202] pci 0000:00:18.2: BAR 13: failed to assign [io  size 0x1000]
[    1.114237] pci 0000:00:18.3: BAR 13: no space for [io  size 0x1000]
[    1.114269] pci 0000:00:18.3: BAR 13: failed to assign [io  size 0x1000]
[    1.114303] pci 0000:00:18.4: BAR 13: no space for [io  size 0x1000]
[    1.114335] pci 0000:00:18.4: BAR 13: failed to assign [io  size 0x1000]
[    1.114370] pci 0000:00:18.5: BAR 13: no space for [io  size 0x1000]
[    1.114412] pci 0000:00:18.5: BAR 13: failed to assign [io  size 0x1000]
[    1.114447] pci 0000:00:18.6: BAR 13: no space for [io  size 0x1000]
[    1.114479] pci 0000:00:18.6: BAR 13: failed to assign [io  size 0x1000]
[    1.114513] pci 0000:00:18.7: BAR 13: no space for [io  size 0x1000]
[    1.114546] pci 0000:00:18.7: BAR 13: failed to assign [io  size 0x1000]
[    1.114582] pci 0000:00:18.7: BAR 13: no space for [io  size 0x1000]
[    1.114614] pci 0000:00:18.7: BAR 13: failed to assign [io  size 0x1000]
[    1.114648] pci 0000:00:18.6: BAR 13: no space for [io  size 0x1000]
[    1.114681] pci 0000:00:18.6: BAR 13: failed to assign [io  size 0x1000]
[    1.114716] pci 0000:00:18.5: BAR 13: no space for [io  size 0x1000]
[    1.114749] pci 0000:00:18.5: BAR 13: failed to assign [io  size 0x1000]
[    1.114784] pci 0000:00:18.4: BAR 13: no space for [io  size 0x1000]
[    1.114816] pci 0000:00:18.4: BAR 13: failed to assign [io  size 0x1000]
[    1.114851] pci 0000:00:18.3: BAR 13: no space for [io  size 0x1000]
[    1.114884] pci 0000:00:18.3: BAR 13: failed to assign [io  size 0x1000]
[    1.114927] pci 0000:00:18.2: BAR 13: no space for [io  size 0x1000]
[    1.114959] pci 0000:00:18.2: BAR 13: failed to assign [io  size 0x1000]
[    1.114994] pci 0000:00:17.7: BAR 13: no space for [io  size 0x1000]
[    1.115026] pci 0000:00:17.7: BAR 13: failed to assign [io  size 0x1000]
[    1.115060] pci 0000:00:17.6: BAR 13: no space for [io  size 0x1000]
[    1.115108] pci 0000:00:17.6: BAR 13: failed to assign [io  size 0x1000]
[    1.115143] pci 0000:00:17.5: BAR 13: no space for [io  size 0x1000]
[    1.115175] pci 0000:00:17.5: BAR 13: failed to assign [io  size 0x1000]
[    1.115210] pci 0000:00:17.4: BAR 13: no space for [io  size 0x1000]
[    1.115242] pci 0000:00:17.4: BAR 13: failed to assign [io  size 0x1000]
[    1.115276] pci 0000:00:17.3: BAR 13: no space for [io  size 0x1000]
[    1.115309] pci 0000:00:17.3: BAR 13: failed to assign [io  size 0x1000]
[    1.115343] pci 0000:00:16.7: BAR 13: no space for [io  size 0x1000]
[    1.115375] pci 0000:00:16.7: BAR 13: failed to assign [io  size 0x1000]
[    1.115430] pci 0000:00:16.6: BAR 13: no space for [io  size 0x1000]
[    1.115463] pci 0000:00:16.6: BAR 13: failed to assign [io  size 0x1000]
[    1.115498] pci 0000:00:16.5: BAR 13: no space for [io  size 0x1000]
[    1.115530] pci 0000:00:16.5: BAR 13: failed to assign [io  size 0x1000]
[    1.115564] pci 0000:00:16.4: BAR 13: no space for [io  size 0x1000]
[    1.115597] pci 0000:00:16.4: BAR 13: failed to assign [io  size 0x1000]
[    1.115632] pci 0000:00:16.3: BAR 13: no space for [io  size 0x1000]
[    1.115665] pci 0000:00:16.3: BAR 13: failed to assign [io  size 0x1000]
[    1.115699] pci 0000:00:15.7: BAR 13: no space for [io  size 0x1000]
[    1.115731] pci 0000:00:15.7: BAR 13: failed to assign [io  size 0x1000]
[    1.115766] pci 0000:00:15.6: BAR 13: no space for [io  size 0x1000]
[    1.115798] pci 0000:00:15.6: BAR 13: failed to assign [io  size 0x1000]
[    1.115832] pci 0000:00:15.5: BAR 13: no space for [io  size 0x1000]
[    1.115864] pci 0000:00:15.5: BAR 13: failed to assign [io  size 0x1000]
[    1.115910] pci 0000:00:15.4: BAR 13: no space for [io  size 0x1000]
[    1.115942] pci 0000:00:15.4: BAR 13: failed to assign [io  size 0x1000]
[    1.115976] pci 0000:00:15.3: BAR 13: no space for [io  size 0x1000]
[    1.116009] pci 0000:00:15.3: BAR 13: failed to assign [io  size 0x1000]
[    1.116044] pci 0000:00:01.0: PCI bridge to [bus 01]
[    1.116146] pci 0000:02:01.0: BAR 6: assigned [mem 0xfd500000-0xfd50ffff pref]
[    1.116185] pci 0000:02:05.0: BAR 6: assigned [mem 0xfd510000-0xfd51ffff pref]
[    1.116223] pci 0000:00:11.0: PCI bridge to [bus 02]
[    1.116258] pci 0000:00:11.0:   bridge window [io  0x2000-0x3fff]
[    1.116330] pci 0000:00:11.0:   bridge window [mem 0xfd500000-0xfdffffff]
[    1.116378] pci 0000:00:11.0:   bridge window [mem 0xe7b00000-0xe7ffffff 64bit pref]
[    1.116455] pci 0000:00:15.0: PCI bridge to [bus 03]
[    1.116490] pci 0000:00:15.0:   bridge window [io  0x4000-0x4fff]
[    1.116676] pci 0000:00:15.0:   bridge window [mem 0xfd400000-0xfd4fffff]
[    1.116725] pci 0000:00:15.0:   bridge window [mem 0xe7a00000-0xe7afffff 64bit pref]
[    1.116832] pci 0000:00:15.1: PCI bridge to [bus 04]
[    1.116868] pci 0000:00:15.1:   bridge window [io  0x8000-0x8fff]
[    1.116929] pci 0000:00:15.1:   bridge window [mem 0xfd000000-0xfd0fffff]
[    1.116977] pci 0000:00:15.1:   bridge window [mem 0xe7600000-0xe76fffff 64bit pref]
[    1.117056] pci 0000:00:15.2: PCI bridge to [bus 05]
[    1.117092] pci 0000:00:15.2:   bridge window [io  0xc000-0xcfff]
[    1.117145] pci 0000:00:15.2:   bridge window [mem 0xfcc00000-0xfccfffff]
[    1.117193] pci 0000:00:15.2:   bridge window [mem 0xe7200000-0xe72fffff 64bit pref]
[    1.117270] pci 0000:00:15.3: PCI bridge to [bus 06]
[    1.117319] pci 0000:00:15.3:   bridge window [mem 0xfc800000-0xfc8fffff]
[    1.117367] pci 0000:00:15.3:   bridge window [mem 0xe6e00000-0xe6efffff 64bit pref]
[    1.117453] pci 0000:00:15.4: PCI bridge to [bus 07]
[    1.117502] pci 0000:00:15.4:   bridge window [mem 0xfc400000-0xfc4fffff]
[    1.117550] pci 0000:00:15.4:   bridge window [mem 0xe6a00000-0xe6afffff 64bit pref]
[    1.117628] pci 0000:00:15.5: PCI bridge to [bus 08]
[    1.117677] pci 0000:00:15.5:   bridge window [mem 0xfc000000-0xfc0fffff]
[    1.117725] pci 0000:00:15.5:   bridge window [mem 0xe6600000-0xe66fffff 64bit pref]
[    1.117801] pci 0000:00:15.6: PCI bridge to [bus 09]
[    1.117850] pci 0000:00:15.6:   bridge window [mem 0xfbc00000-0xfbcfffff]
[    1.117906] pci 0000:00:15.6:   bridge window [mem 0xe6200000-0xe62fffff 64bit pref]
[    1.117985] pci 0000:00:15.7: PCI bridge to [bus 0a]
[    1.118034] pci 0000:00:15.7:   bridge window [mem 0xfb800000-0xfb8fffff]
[    1.118082] pci 0000:00:15.7:   bridge window [mem 0xe5e00000-0xe5efffff 64bit pref]
[    1.118158] pci 0000:00:16.0: PCI bridge to [bus 0b]
[    1.118194] pci 0000:00:16.0:   bridge window [io  0x5000-0x5fff]
[    1.118246] pci 0000:00:16.0:   bridge window [mem 0xfd300000-0xfd3fffff]
[    1.118301] pci 0000:00:16.0:   bridge window [mem 0xe7900000-0xe79fffff 64bit pref]
[    1.118379] pci 0000:00:16.1: PCI bridge to [bus 0c]
[    1.118426] pci 0000:00:16.1:   bridge window [io  0x9000-0x9fff]
[    1.118481] pci 0000:00:16.1:   bridge window [mem 0xfcf00000-0xfcffffff]
[    1.118531] pci 0000:00:16.1:   bridge window [mem 0xe7500000-0xe75fffff 64bit pref]
[    1.118610] pci 0000:00:16.2: PCI bridge to [bus 0d]
[    1.118647] pci 0000:00:16.2:   bridge window [io  0xd000-0xdfff]
[    1.118701] pci 0000:00:16.2:   bridge window [mem 0xfcb00000-0xfcbfffff]
[    1.118750] pci 0000:00:16.2:   bridge window [mem 0xe7100000-0xe71fffff 64bit pref]
[    1.118828] pci 0000:00:16.3: PCI bridge to [bus 0e]
[    1.118877] pci 0000:00:16.3:   bridge window [mem 0xfc700000-0xfc7fffff]
[    1.118935] pci 0000:00:16.3:   bridge window [mem 0xe6d00000-0xe6dfffff 64bit pref]
[    1.119015] pci 0000:00:16.4: PCI bridge to [bus 0f]
[    1.119064] pci 0000:00:16.4:   bridge window [mem 0xfc300000-0xfc3fffff]
[    1.119112] pci 0000:00:16.4:   bridge window [mem 0xe6900000-0xe69fffff 64bit pref]
[    1.119190] pci 0000:00:16.5: PCI bridge to [bus 10]
[    1.119239] pci 0000:00:16.5:   bridge window [mem 0xfbf00000-0xfbffffff]
[    1.119287] pci 0000:00:16.5:   bridge window [mem 0xe6500000-0xe65fffff 64bit pref]
[    1.119371] pci 0000:00:16.6: PCI bridge to [bus 11]
[    1.119424] pci 0000:00:16.6:   bridge window [mem 0xfbb00000-0xfbbfffff]
[    1.119473] pci 0000:00:16.6:   bridge window [mem 0xe6100000-0xe61fffff 64bit pref]
[    1.119550] pci 0000:00:16.7: PCI bridge to [bus 12]
[    1.119598] pci 0000:00:16.7:   bridge window [mem 0xfb700000-0xfb7fffff]
[    1.119646] pci 0000:00:16.7:   bridge window [mem 0xe5d00000-0xe5dfffff 64bit pref]
[    1.119722] pci 0000:00:17.0: PCI bridge to [bus 13]
[    1.119758] pci 0000:00:17.0:   bridge window [io  0x6000-0x6fff]
[    1.119810] pci 0000:00:17.0:   bridge window [mem 0xfd200000-0xfd2fffff]
[    1.119858] pci 0000:00:17.0:   bridge window [mem 0xe7800000-0xe78fffff 64bit pref]
[    1.119943] pci 0000:00:17.1: PCI bridge to [bus 14]
[    1.119979] pci 0000:00:17.1:   bridge window [io  0xa000-0xafff]
[    1.120031] pci 0000:00:17.1:   bridge window [mem 0xfce00000-0xfcefffff]
[    1.120079] pci 0000:00:17.1:   bridge window [mem 0xe7400000-0xe74fffff 64bit pref]
[    1.120156] pci 0000:00:17.2: PCI bridge to [bus 15]
[    1.120193] pci 0000:00:17.2:   bridge window [io  0xe000-0xefff]
[    1.120245] pci 0000:00:17.2:   bridge window [mem 0xfca00000-0xfcafffff]
[    1.120294] pci 0000:00:17.2:   bridge window [mem 0xe7000000-0xe70fffff 64bit pref]
[    1.120371] pci 0000:00:17.3: PCI bridge to [bus 16]
[    1.120428] pci 0000:00:17.3:   bridge window [mem 0xfc600000-0xfc6fffff]
[    1.120477] pci 0000:00:17.3:   bridge window [mem 0xe6c00000-0xe6cfffff 64bit pref]
[    1.120554] pci 0000:00:17.4: PCI bridge to [bus 17]
[    1.120603] pci 0000:00:17.4:   bridge window [mem 0xfc200000-0xfc2fffff]
[    1.120651] pci 0000:00:17.4:   bridge window [mem 0xe6800000-0xe68fffff 64bit pref]
[    1.120728] pci 0000:00:17.5: PCI bridge to [bus 18]
[    1.120777] pci 0000:00:17.5:   bridge window [mem 0xfbe00000-0xfbefffff]
[    1.120825] pci 0000:00:17.5:   bridge window [mem 0xe6400000-0xe64fffff 64bit pref]
[    1.120902] pci 0000:00:17.6: PCI bridge to [bus 19]
[    1.120958] pci 0000:00:17.6:   bridge window [mem 0xfba00000-0xfbafffff]
[    1.121006] pci 0000:00:17.6:   bridge window [mem 0xe6000000-0xe60fffff 64bit pref]
[    1.121083] pci 0000:00:17.7: PCI bridge to [bus 1a]
[    1.121132] pci 0000:00:17.7:   bridge window [mem 0xfb600000-0xfb6fffff]
[    1.121180] pci 0000:00:17.7:   bridge window [mem 0xe5c00000-0xe5cfffff 64bit pref]
[    1.121257] pci 0000:00:18.0: PCI bridge to [bus 1b]
[    1.121294] pci 0000:00:18.0:   bridge window [io  0x7000-0x7fff]
[    1.121346] pci 0000:00:18.0:   bridge window [mem 0xfd100000-0xfd1fffff]
[    1.121394] pci 0000:00:18.0:   bridge window [mem 0xe7700000-0xe77fffff 64bit pref]
[    1.121483] pci 0000:00:18.1: PCI bridge to [bus 1c]
[    1.121519] pci 0000:00:18.1:   bridge window [io  0xb000-0xbfff]
[    1.121571] pci 0000:00:18.1:   bridge window [mem 0xfcd00000-0xfcdfffff]
[    1.121620] pci 0000:00:18.1:   bridge window [mem 0xe7300000-0xe73fffff 64bit pref]
[    1.121696] pci 0000:00:18.2: PCI bridge to [bus 1d]
[    1.121745] pci 0000:00:18.2:   bridge window [mem 0xfc900000-0xfc9fffff]
[    1.121793] pci 0000:00:18.2:   bridge window [mem 0xe6f00000-0xe6ffffff 64bit pref]
[    1.121870] pci 0000:00:18.3: PCI bridge to [bus 1e]
[    1.121925] pci 0000:00:18.3:   bridge window [mem 0xfc500000-0xfc5fffff]
[    1.121974] pci 0000:00:18.3:   bridge window [mem 0xe6b00000-0xe6bfffff 64bit pref]
[    1.122051] pci 0000:00:18.4: PCI bridge to [bus 1f]
[    1.122100] pci 0000:00:18.4:   bridge window [mem 0xfc100000-0xfc1fffff]
[    1.122148] pci 0000:00:18.4:   bridge window [mem 0xe6700000-0xe67fffff 64bit pref]
[    1.122226] pci 0000:00:18.5: PCI bridge to [bus 20]
[    1.122275] pci 0000:00:18.5:   bridge window [mem 0xfbd00000-0xfbdfffff]
[    1.122323] pci 0000:00:18.5:   bridge window [mem 0xe6300000-0xe63fffff 64bit pref]
[    1.122401] pci 0000:00:18.6: PCI bridge to [bus 21]
[    1.122459] pci 0000:00:18.6:   bridge window [mem 0xfb900000-0xfb9fffff]
[    1.122507] pci 0000:00:18.6:   bridge window [mem 0xe5f00000-0xe5ffffff 64bit pref]
[    1.122584] pci 0000:00:18.7: PCI bridge to [bus 22]
[    1.122632] pci 0000:00:18.7:   bridge window [mem 0xfb500000-0xfb5fffff]
[    1.122681] pci 0000:00:18.7:   bridge window [mem 0xe5b00000-0xe5bfffff 64bit pref]
[    1.122758] pci_bus 0000:00: resource 4 [mem 0x000a0000-0x000bffff window]
[    1.122759] pci_bus 0000:00: resource 5 [mem 0x000d0000-0x000d3fff window]
[    1.122759] pci_bus 0000:00: resource 6 [mem 0x000d4000-0x000d7fff window]
[    1.122760] pci_bus 0000:00: resource 7 [mem 0x000d8000-0x000dbfff window]
[    1.122760] pci_bus 0000:00: resource 8 [mem 0xc0000000-0xfebfffff window]
[    1.122761] pci_bus 0000:00: resource 9 [io  0x0000-0x0cf7 window]
[    1.122762] pci_bus 0000:00: resource 10 [io  0x0d00-0xfeff window]
[    1.122763] pci_bus 0000:02: resource 0 [io  0x2000-0x3fff]
[    1.122764] pci_bus 0000:02: resource 1 [mem 0xfd500000-0xfdffffff]
[    1.122764] pci_bus 0000:02: resource 2 [mem 0xe7b00000-0xe7ffffff 64bit pref]
[    1.122765] pci_bus 0000:02: resource 4 [mem 0x000a0000-0x000bffff window]
[    1.122765] pci_bus 0000:02: resource 5 [mem 0x000d0000-0x000d3fff window]
[    1.122766] pci_bus 0000:02: resource 6 [mem 0x000d4000-0x000d7fff window]
[    1.122766] pci_bus 0000:02: resource 7 [mem 0x000d8000-0x000dbfff window]
[    1.122767] pci_bus 0000:02: resource 8 [mem 0xc0000000-0xfebfffff window]
[    1.122768] pci_bus 0000:02: resource 9 [io  0x0000-0x0cf7 window]
[    1.122768] pci_bus 0000:02: resource 10 [io  0x0d00-0xfeff window]
[    1.122769] pci_bus 0000:03: resource 0 [io  0x4000-0x4fff]
[    1.122769] pci_bus 0000:03: resource 1 [mem 0xfd400000-0xfd4fffff]
[    1.122770] pci_bus 0000:03: resource 2 [mem 0xe7a00000-0xe7afffff 64bit pref]
[    1.122771] pci_bus 0000:04: resource 0 [io  0x8000-0x8fff]
[    1.122771] pci_bus 0000:04: resource 1 [mem 0xfd000000-0xfd0fffff]
[    1.122772] pci_bus 0000:04: resource 2 [mem 0xe7600000-0xe76fffff 64bit pref]
[    1.122773] pci_bus 0000:05: resource 0 [io  0xc000-0xcfff]
[    1.122773] pci_bus 0000:05: resource 1 [mem 0xfcc00000-0xfccfffff]
[    1.122774] pci_bus 0000:05: resource 2 [mem 0xe7200000-0xe72fffff 64bit pref]
[    1.122774] pci_bus 0000:06: resource 1 [mem 0xfc800000-0xfc8fffff]
[    1.122775] pci_bus 0000:06: resource 2 [mem 0xe6e00000-0xe6efffff 64bit pref]
[    1.122775] pci_bus 0000:07: resource 1 [mem 0xfc400000-0xfc4fffff]
[    1.122776] pci_bus 0000:07: resource 2 [mem 0xe6a00000-0xe6afffff 64bit pref]
[    1.122776] pci_bus 0000:08: resource 1 [mem 0xfc000000-0xfc0fffff]
[    1.122777] pci_bus 0000:08: resource 2 [mem 0xe6600000-0xe66fffff 64bit pref]
[    1.122778] pci_bus 0000:09: resource 1 [mem 0xfbc00000-0xfbcfffff]
[    1.122778] pci_bus 0000:09: resource 2 [mem 0xe6200000-0xe62fffff 64bit pref]
[    1.122779] pci_bus 0000:0a: resource 1 [mem 0xfb800000-0xfb8fffff]
[    1.122779] pci_bus 0000:0a: resource 2 [mem 0xe5e00000-0xe5efffff 64bit pref]
[    1.122780] pci_bus 0000:0b: resource 0 [io  0x5000-0x5fff]
[    1.122780] pci_bus 0000:0b: resource 1 [mem 0xfd300000-0xfd3fffff]
[    1.122781] pci_bus 0000:0b: resource 2 [mem 0xe7900000-0xe79fffff 64bit pref]
[    1.122781] pci_bus 0000:0c: resource 0 [io  0x9000-0x9fff]
[    1.122782] pci_bus 0000:0c: resource 1 [mem 0xfcf00000-0xfcffffff]
[    1.122782] pci_bus 0000:0c: resource 2 [mem 0xe7500000-0xe75fffff 64bit pref]
[    1.122783] pci_bus 0000:0d: resource 0 [io  0xd000-0xdfff]
[    1.122783] pci_bus 0000:0d: resource 1 [mem 0xfcb00000-0xfcbfffff]
[    1.122784] pci_bus 0000:0d: resource 2 [mem 0xe7100000-0xe71fffff 64bit pref]
[    1.122784] pci_bus 0000:0e: resource 1 [mem 0xfc700000-0xfc7fffff]
[    1.122785] pci_bus 0000:0e: resource 2 [mem 0xe6d00000-0xe6dfffff 64bit pref]
[    1.122786] pci_bus 0000:0f: resource 1 [mem 0xfc300000-0xfc3fffff]
[    1.122786] pci_bus 0000:0f: resource 2 [mem 0xe6900000-0xe69fffff 64bit pref]
[    1.122787] pci_bus 0000:10: resource 1 [mem 0xfbf00000-0xfbffffff]
[    1.122787] pci_bus 0000:10: resource 2 [mem 0xe6500000-0xe65fffff 64bit pref]
[    1.122788] pci_bus 0000:11: resource 1 [mem 0xfbb00000-0xfbbfffff]
[    1.122789] pci_bus 0000:11: resource 2 [mem 0xe6100000-0xe61fffff 64bit pref]
[    1.122789] pci_bus 0000:12: resource 1 [mem 0xfb700000-0xfb7fffff]
[    1.122790] pci_bus 0000:12: resource 2 [mem 0xe5d00000-0xe5dfffff 64bit pref]
[    1.122790] pci_bus 0000:13: resource 0 [io  0x6000-0x6fff]
[    1.122791] pci_bus 0000:13: resource 1 [mem 0xfd200000-0xfd2fffff]
[    1.122791] pci_bus 0000:13: resource 2 [mem 0xe7800000-0xe78fffff 64bit pref]
[    1.122792] pci_bus 0000:14: resource 0 [io  0xa000-0xafff]
[    1.122792] pci_bus 0000:14: resource 1 [mem 0xfce00000-0xfcefffff]
[    1.122793] pci_bus 0000:14: resource 2 [mem 0xe7400000-0xe74fffff 64bit pref]
[    1.122794] pci_bus 0000:15: resource 0 [io  0xe000-0xefff]
[    1.122794] pci_bus 0000:15: resource 1 [mem 0xfca00000-0xfcafffff]
[    1.122794] pci_bus 0000:15: resource 2 [mem 0xe7000000-0xe70fffff 64bit pref]
[    1.122795] pci_bus 0000:16: resource 1 [mem 0xfc600000-0xfc6fffff]
[    1.122796] pci_bus 0000:16: resource 2 [mem 0xe6c00000-0xe6cfffff 64bit pref]
[    1.122796] pci_bus 0000:17: resource 1 [mem 0xfc200000-0xfc2fffff]
[    1.122797] pci_bus 0000:17: resource 2 [mem 0xe6800000-0xe68fffff 64bit pref]
[    1.122797] pci_bus 0000:18: resource 1 [mem 0xfbe00000-0xfbefffff]
[    1.122798] pci_bus 0000:18: resource 2 [mem 0xe6400000-0xe64fffff 64bit pref]
[    1.122798] pci_bus 0000:19: resource 1 [mem 0xfba00000-0xfbafffff]
[    1.122799] pci_bus 0000:19: resource 2 [mem 0xe6000000-0xe60fffff 64bit pref]
[    1.122800] pci_bus 0000:1a: resource 1 [mem 0xfb600000-0xfb6fffff]
[    1.122800] pci_bus 0000:1a: resource 2 [mem 0xe5c00000-0xe5cfffff 64bit pref]
[    1.122801] pci_bus 0000:1b: resource 0 [io  0x7000-0x7fff]
[    1.122801] pci_bus 0000:1b: resource 1 [mem 0xfd100000-0xfd1fffff]
[    1.122802] pci_bus 0000:1b: resource 2 [mem 0xe7700000-0xe77fffff 64bit pref]
[    1.122802] pci_bus 0000:1c: resource 0 [io  0xb000-0xbfff]
[    1.122803] pci_bus 0000:1c: resource 1 [mem 0xfcd00000-0xfcdfffff]
[    1.122803] pci_bus 0000:1c: resource 2 [mem 0xe7300000-0xe73fffff 64bit pref]
[    1.122804] pci_bus 0000:1d: resource 1 [mem 0xfc900000-0xfc9fffff]
[    1.122804] pci_bus 0000:1d: resource 2 [mem 0xe6f00000-0xe6ffffff 64bit pref]
[    1.122805] pci_bus 0000:1e: resource 1 [mem 0xfc500000-0xfc5fffff]
[    1.122805] pci_bus 0000:1e: resource 2 [mem 0xe6b00000-0xe6bfffff 64bit pref]
[    1.122806] pci_bus 0000:1f: resource 1 [mem 0xfc100000-0xfc1fffff]
[    1.122806] pci_bus 0000:1f: resource 2 [mem 0xe6700000-0xe67fffff 64bit pref]
[    1.122807] pci_bus 0000:20: resource 1 [mem 0xfbd00000-0xfbdfffff]
[    1.122807] pci_bus 0000:20: resource 2 [mem 0xe6300000-0xe63fffff 64bit pref]
[    1.122808] pci_bus 0000:21: resource 1 [mem 0xfb900000-0xfb9fffff]
[    1.122809] pci_bus 0000:21: resource 2 [mem 0xe5f00000-0xe5ffffff 64bit pref]
[    1.122809] pci_bus 0000:22: resource 1 [mem 0xfb500000-0xfb5fffff]
[    1.122810] pci_bus 0000:22: resource 2 [mem 0xe5b00000-0xe5bfffff 64bit pref]
[    1.123050] NET: Registered protocol family 2
[    1.123661] tcp_listen_portaddr_hash hash table entries: 2048 (order: 3, 32768 bytes)
[    1.123817] TCP established hash table entries: 32768 (order: 6, 262144 bytes)
[    1.124778] TCP bind hash table entries: 32768 (order: 7, 524288 bytes)
[    1.126433] TCP: Hash tables configured (established 32768 bind 32768)
[    1.127949] UDP hash table entries: 2048 (order: 4, 65536 bytes)
[    1.128243] UDP-Lite hash table entries: 2048 (order: 4, 65536 bytes)
[    1.129682] NET: Registered protocol family 1
[    1.129716] pci 0000:00:00.0: Limiting direct PCI/PCI transfers
[    1.129856] pci 0000:00:0f.0: Video device with shadowed ROM at [mem 0x000c0000-0x000dffff]
[    1.131124] PCI: CLS mismatch (32 != 64), using 64 bytes
[    1.131752] Unpacking initramfs...
[   10.510365] Freeing initrd memory: 443168K
[   10.510612] PCI-DMA: Using software bounce buffering for IO (SWIOTLB)
[   10.510653] software IO TLB: mapped [mem 0xbbed0000-0xbfed0000] (64MB)
[   10.510875] Scanning for low memory corruption every 60 seconds
[   10.514160] Initialise system trusted keyrings
[   10.514195] Key type blacklist registered
[   10.514403] workingset: timestamp_bits=36 max_order=20 bucket_order=0
[   10.516942] zbud: loaded
[   10.518501] squashfs: version 4.0 (2009/01/31) Phillip Lougher
[   10.519090] fuse init (API version 7.27)
[   10.759970] Key type asymmetric registered
[   10.760010] Asymmetric key parser 'x509' registered
[   10.760049] Block layer SCSI generic (bsg) driver version 0.4 loaded (major 244)
[   10.760222] io scheduler noop registered
[   10.760248] io scheduler deadline registered
[   10.760307] io scheduler cfq registered (default)
[   10.760900] pcieport 0000:00:15.0: Signaling PME with IRQ 24
[   10.760981] pciehp 0000:00:15.0:pcie004: Slot #160 AttnBtn+ PwrCtrl+ MRL- AttnInd- PwrInd- HotPlug+ Surprise- Interlock- NoCompl+ LLActRep+
[   10.761708] pcieport 0000:00:15.1: Signaling PME with IRQ 25
[   10.761785] pciehp 0000:00:15.1:pcie004: Slot #161 AttnBtn+ PwrCtrl+ MRL- AttnInd- PwrInd- HotPlug+ Surprise- Interlock- NoCompl+ LLActRep+
[   10.762465] pcieport 0000:00:15.2: Signaling PME with IRQ 26
[   10.762543] pciehp 0000:00:15.2:pcie004: Slot #162 AttnBtn+ PwrCtrl+ MRL- AttnInd- PwrInd- HotPlug+ Surprise- Interlock- NoCompl+ LLActRep+
[   10.763226] pcieport 0000:00:15.3: Signaling PME with IRQ 27
[   10.763310] pciehp 0000:00:15.3:pcie004: Slot #163 AttnBtn+ PwrCtrl+ MRL- AttnInd- PwrInd- HotPlug+ Surprise- Interlock- NoCompl+ LLActRep+
[   10.764155] pcieport 0000:00:15.4: Signaling PME with IRQ 28
[   10.764242] pciehp 0000:00:15.4:pcie004: Slot #164 AttnBtn+ PwrCtrl+ MRL- AttnInd- PwrInd- HotPlug+ Surprise- Interlock- NoCompl+ LLActRep+
[   10.765010] pcieport 0000:00:15.5: Signaling PME with IRQ 29
[   10.765090] pciehp 0000:00:15.5:pcie004: Slot #165 AttnBtn+ PwrCtrl+ MRL- AttnInd- PwrInd- HotPlug+ Surprise- Interlock- NoCompl+ LLActRep+
[   10.765822] pcieport 0000:00:15.6: Signaling PME with IRQ 30
[   10.765904] pciehp 0000:00:15.6:pcie004: Slot #166 AttnBtn+ PwrCtrl+ MRL- AttnInd- PwrInd- HotPlug+ Surprise- Interlock- NoCompl+ LLActRep+
[   10.766679] pcieport 0000:00:15.7: Signaling PME with IRQ 31
[   10.766762] pciehp 0000:00:15.7:pcie004: Slot #167 AttnBtn+ PwrCtrl+ MRL- AttnInd- PwrInd- HotPlug+ Surprise- Interlock- NoCompl+ LLActRep+
[   10.767551] pcieport 0000:00:16.0: Signaling PME with IRQ 32
[   10.767631] pciehp 0000:00:16.0:pcie004: Slot #192 AttnBtn+ PwrCtrl+ MRL- AttnInd- PwrInd- HotPlug+ Surprise- Interlock- NoCompl+ LLActRep+
[   10.769501] pcieport 0000:00:16.1: Signaling PME with IRQ 33
[   10.769585] pciehp 0000:00:16.1:pcie004: Slot #193 AttnBtn+ PwrCtrl+ MRL- AttnInd- PwrInd- HotPlug+ Surprise- Interlock- NoCompl+ LLActRep+
[   10.770531] pcieport 0000:00:16.2: Signaling PME with IRQ 34
[   10.770613] pciehp 0000:00:16.2:pcie004: Slot #194 AttnBtn+ PwrCtrl+ MRL- AttnInd- PwrInd- HotPlug+ Surprise- Interlock- NoCompl+ LLActRep+
[   10.771502] pcieport 0000:00:16.3: Signaling PME with IRQ 35
[   10.771584] pciehp 0000:00:16.3:pcie004: Slot #195 AttnBtn+ PwrCtrl+ MRL- AttnInd- PwrInd- HotPlug+ Surprise- Interlock- NoCompl+ LLActRep+
[   10.772330] pcieport 0000:00:16.4: Signaling PME with IRQ 36
[   10.772414] pciehp 0000:00:16.4:pcie004: Slot #196 AttnBtn+ PwrCtrl+ MRL- AttnInd- PwrInd- HotPlug+ Surprise- Interlock- NoCompl+ LLActRep+
[   10.773185] pcieport 0000:00:16.5: Signaling PME with IRQ 37
[   10.773273] pciehp 0000:00:16.5:pcie004: Slot #197 AttnBtn+ PwrCtrl+ MRL- AttnInd- PwrInd- HotPlug+ Surprise- Interlock- NoCompl+ LLActRep+
[   10.774042] pcieport 0000:00:16.6: Signaling PME with IRQ 38
[   10.774122] pciehp 0000:00:16.6:pcie004: Slot #198 AttnBtn+ PwrCtrl+ MRL- AttnInd- PwrInd- HotPlug+ Surprise- Interlock- NoCompl+ LLActRep+
[   10.774899] pcieport 0000:00:16.7: Signaling PME with IRQ 39
[   10.775128] pciehp 0000:00:16.7:pcie004: Slot #199 AttnBtn+ PwrCtrl+ MRL- AttnInd- PwrInd- HotPlug+ Surprise- Interlock- NoCompl+ LLActRep+
[   10.775883] pcieport 0000:00:17.0: Signaling PME with IRQ 40
[   10.775964] pciehp 0000:00:17.0:pcie004: Slot #224 AttnBtn+ PwrCtrl+ MRL- AttnInd- PwrInd- HotPlug+ Surprise- Interlock- NoCompl+ LLActRep+
[   10.776734] pcieport 0000:00:17.1: Signaling PME with IRQ 41
[   10.776815] pciehp 0000:00:17.1:pcie004: Slot #225 AttnBtn+ PwrCtrl+ MRL- AttnInd- PwrInd- HotPlug+ Surprise- Interlock- NoCompl+ LLActRep+
[   10.777563] pcieport 0000:00:17.2: Signaling PME with IRQ 42
[   10.777644] pciehp 0000:00:17.2:pcie004: Slot #226 AttnBtn+ PwrCtrl+ MRL- AttnInd- PwrInd- HotPlug+ Surprise- Interlock- NoCompl+ LLActRep+
[   10.778422] pcieport 0000:00:17.3: Signaling PME with IRQ 43
[   10.778504] pciehp 0000:00:17.3:pcie004: Slot #227 AttnBtn+ PwrCtrl+ MRL- AttnInd- PwrInd- HotPlug+ Surprise- Interlock- NoCompl+ LLActRep+
[   10.779269] pcieport 0000:00:17.4: Signaling PME with IRQ 44
[   10.779358] pciehp 0000:00:17.4:pcie004: Slot #228 AttnBtn+ PwrCtrl+ MRL- AttnInd- PwrInd- HotPlug+ Surprise- Interlock- NoCompl+ LLActRep+
[   10.780145] pcieport 0000:00:17.5: Signaling PME with IRQ 45
[   10.780236] pciehp 0000:00:17.5:pcie004: Slot #229 AttnBtn+ PwrCtrl+ MRL- AttnInd- PwrInd- HotPlug+ Surprise- Interlock- NoCompl+ LLActRep+
[   10.781002] pcieport 0000:00:17.6: Signaling PME with IRQ 46
[   10.781085] pciehp 0000:00:17.6:pcie004: Slot #230 AttnBtn+ PwrCtrl+ MRL- AttnInd- PwrInd- HotPlug+ Surprise- Interlock- NoCompl+ LLActRep+
[   10.781917] pcieport 0000:00:17.7: Signaling PME with IRQ 47
[   10.782020] pciehp 0000:00:17.7:pcie004: Slot #231 AttnBtn+ PwrCtrl+ MRL- AttnInd- PwrInd- HotPlug+ Surprise- Interlock- NoCompl+ LLActRep+
[   10.782790] pcieport 0000:00:18.0: Signaling PME with IRQ 48
[   10.782871] pciehp 0000:00:18.0:pcie004: Slot #256 AttnBtn+ PwrCtrl+ MRL- AttnInd- PwrInd- HotPlug+ Surprise- Interlock- NoCompl+ LLActRep+
[   10.783648] pcieport 0000:00:18.1: Signaling PME with IRQ 49
[   10.783730] pciehp 0000:00:18.1:pcie004: Slot #257 AttnBtn+ PwrCtrl+ MRL- AttnInd- PwrInd- HotPlug+ Surprise- Interlock- NoCompl+ LLActRep+
[   10.784497] pcieport 0000:00:18.2: Signaling PME with IRQ 50
[   10.784579] pciehp 0000:00:18.2:pcie004: Slot #258 AttnBtn+ PwrCtrl+ MRL- AttnInd- PwrInd- HotPlug+ Surprise- Interlock- NoCompl+ LLActRep+
[   10.785344] pcieport 0000:00:18.3: Signaling PME with IRQ 51
[   10.785425] pciehp 0000:00:18.3:pcie004: Slot #259 AttnBtn+ PwrCtrl+ MRL- AttnInd- PwrInd- HotPlug+ Surprise- Interlock- NoCompl+ LLActRep+
[   10.786190] pcieport 0000:00:18.4: Signaling PME with IRQ 52
[   10.786276] pciehp 0000:00:18.4:pcie004: Slot #260 AttnBtn+ PwrCtrl+ MRL- AttnInd- PwrInd- HotPlug+ Surprise- Interlock- NoCompl+ LLActRep+
[   10.787043] pcieport 0000:00:18.5: Signaling PME with IRQ 53
[   10.787129] pciehp 0000:00:18.5:pcie004: Slot #261 AttnBtn+ PwrCtrl+ MRL- AttnInd- PwrInd- HotPlug+ Surprise- Interlock- NoCompl+ LLActRep+
[   10.787937] pcieport 0000:00:18.6: Signaling PME with IRQ 54
[   10.788018] pciehp 0000:00:18.6:pcie004: Slot #262 AttnBtn+ PwrCtrl+ MRL- AttnInd- PwrInd- HotPlug+ Surprise- Interlock- NoCompl+ LLActRep+
[   10.790012] pcieport 0000:00:18.7: Signaling PME with IRQ 55
[   10.790093] pciehp 0000:00:18.7:pcie004: Slot #263 AttnBtn+ PwrCtrl+ MRL- AttnInd- PwrInd- HotPlug+ Surprise- Interlock- NoCompl+ LLActRep+
[   10.790900] intel_idle: Please enable MWAIT in BIOS SETUP
[   10.791338] ACPI: AC Adapter [ACAD] (on-line)
[   10.791536] input: Power Button as /devices/LNXSYSTM:00/LNXPWRBN:00/input/input0
[   10.791599] ACPI: Power Button [PWRF]
[   10.792677] Serial: 8250/16550 driver, 32 ports, IRQ sharing enabled
[   10.825723] 00:05: ttyS0 at I/O 0x3f8 (irq = 4, base_baud = 115200) is a 16550A
[   10.851440] 00:06: ttyS1 at I/O 0x2f8 (irq = 3, base_baud = 115200) is a 16550A
[   10.854027] Linux agpgart interface v0.103
[   10.854177] agpgart-intel 0000:00:00.0: Intel 440BX Chipset
[   10.855071] agpgart-intel 0000:00:00.0: AGP aperture is 256M @ 0x0
[   10.870558] loop: module loaded
[   10.871299] ata_piix 0000:00:07.1: version 2.13
[   10.871933] scsi host0: ata_piix
[   10.872404] scsi host1: ata_piix
[   10.872450] ata1: PATA max UDMA/33 cmd 0x1f0 ctl 0x3f6 bmdma 0x1060 irq 14
[   10.872494] ata2: PATA max UDMA/33 cmd 0x170 ctl 0x376 bmdma 0x1068 irq 15
[   10.872598] libphy: Fixed MDIO Bus: probed
[   10.872623] tun: Universal TUN/TAP device driver, 1.6
[   10.872786] PPP generic driver version 2.4.2
[   10.872864] ehci_hcd: USB 2.0 'Enhanced' Host Controller (EHCI) Driver
[   10.872901] ehci-pci: EHCI PCI platform driver
[   10.873286] ehci-pci 0000:02:03.0: EHCI Host Controller
[   10.873319] ehci-pci 0000:02:03.0: new USB bus registered, assigned bus number 1
[   10.873499] ehci-pci 0000:02:03.0: cache line size of 64 is not supported
[   10.873520] ehci-pci 0000:02:03.0: irq 17, io mem 0xfd5ef000
[   10.887658] ehci-pci 0000:02:03.0: USB 2.0 started, EHCI 1.00
[   10.887743] usb usb1: New USB device found, idVendor=1d6b, idProduct=0002, bcdDevice= 4.19
[   10.887787] usb usb1: New USB device strings: Mfr=3, Product=2, SerialNumber=1
[   10.887825] usb usb1: Product: EHCI Host Controller
[   10.887852] usb usb1: Manufacturer: Linux 4.19.132 ehci_hcd
[   10.887882] usb usb1: SerialNumber: 0000:02:03.0
[   10.888085] hub 1-0:1.0: USB hub found
[   10.888114] hub 1-0:1.0: 6 ports detected
[   10.888276] ehci-platform: EHCI generic platform driver
[   10.888314] ohci_hcd: USB 1.1 'Open' Host Controller (OHCI) Driver
[   10.888349] ohci-pci: OHCI PCI platform driver
[   10.888383] ohci-platform: OHCI generic platform driver
[   10.888414] uhci_hcd: USB Universal Host Controller Interface driver
[   10.888797] uhci_hcd 0000:02:00.0: UHCI Host Controller
[   10.888831] uhci_hcd 0000:02:00.0: new USB bus registered, assigned bus number 2
[   10.888903] uhci_hcd 0000:02:00.0: detected 2 ports
[   10.889074] uhci_hcd 0000:02:00.0: irq 18, io base 0x00002080
[   10.889183] usb usb2: New USB device found, idVendor=1d6b, idProduct=0001, bcdDevice= 4.19
[   10.889227] usb usb2: New USB device strings: Mfr=3, Product=2, SerialNumber=1
[   10.889265] usb usb2: Product: UHCI Host Controller
[   10.889291] usb usb2: Manufacturer: Linux 4.19.132 uhci_hcd
[   10.889320] usb usb2: SerialNumber: 0000:02:00.0
[   10.889494] hub 2-0:1.0: USB hub found
[   10.889533] hub 2-0:1.0: 2 ports detected
[   10.889697] i8042: PNP: PS/2 Controller [PNP0303:KBC,PNP0f13:MOUS] at 0x60,0x64 irq 1,12
[   10.890592] serio: i8042 KBD port at 0x60,0x64 irq 1
[   10.890644] serio: i8042 AUX port at 0x60,0x64 irq 12
[   10.890901] mousedev: PS/2 mouse device common for all mice
[   10.895055] input: AT Translated Set 2 keyboard as /devices/platform/i8042/serio0/input/input1
[   10.911784] rtc_cmos 00:01: registered as rtc0
[   10.911859] rtc_cmos 00:01: alarms up to one month, y3k, 114 bytes nvram, hpet irqs
[   10.911910] i2c /dev entries driver
[   10.912001] device-mapper: uevent: version 1.0.3
[   10.912328] device-mapper: ioctl: 4.39.0-ioctl (2018-04-03) initialised: dm-devel@redhat.com
[   10.912379] intel_pstate: Intel P-state driver initializing
[   10.912488] intel_pstate: Disabling energy efficiency optimization
[   10.912657] cpufreq: cpufreq_online: Failed to initialize policy for cpu: 0 (-19)
[   10.912706] intel_pstate: Disabling energy efficiency optimization
[   10.912745] cpufreq: cpufreq_online: Failed to initialize policy for cpu: 1 (-19)
[   10.912840] intel_pstate: Disabling energy efficiency optimization
[   10.912952] cpufreq: cpufreq_online: Failed to initialize policy for cpu: 2 (-19)
[   10.913048] intel_pstate: Disabling energy efficiency optimization
[   10.913152] cpufreq: cpufreq_online: Failed to initialize policy for cpu: 3 (-19)
[   10.913488] ledtrig-cpu: registered to indicate activity on CPUs
[   10.913831] NET: Registered protocol family 10
[   10.916832] Segment Routing with IPv6
[   10.916877] NET: Registered protocol family 17
[   10.917049] Key type dns_resolver registered
[   10.917517] mce: Using 0 MCE banks
[   10.917550] RAS: Correctable Errors collector initialized.
[   10.917596] sched_clock: Marking stable (10899743260, 17756185)->(10948203195, -30703750)
[   10.919453] registered taskstats version 1
[   10.919489] Loading compiled-in X.509 certificates
[   10.920206] Loaded X.509 cert 'Build time autogenerated kernel key: 6fe08136bc4bab2c2ccb299e702c529ff55aeda5'
[   10.920279] zswap: loaded using pool lzo/zbud
[   10.923374] Key type big_key registered
[   10.923404] Key type trusted registered
[   10.926226] Key type encrypted registered
[   10.926269] AppArmor: AppArmor sha1 policy hashing enabled
[   10.926305] ima: No TPM chip found, activating TPM-bypass!
[   10.926337] ima: Allocated hash algorithm: sha1
[   10.926370] evm: Initialising EVM extended attributes:
[   10.926398] evm: security.selinux
[   10.926418] evm: security.SMACK64
[   10.926438] evm: security.SMACK64EXEC
[   10.926459] evm: security.SMACK64TRANSMUTE
[   10.926482] evm: security.SMACK64MMAP
[   10.926503] evm: security.apparmor
[   10.926524] evm: security.ima
[   10.926542] evm: security.capability
[   10.926564] evm: HMAC attrs: 0x1
[   10.928403]   Magic number: 8:556:458
[   10.928536] acpi PNP0C80:c0: hash matches
[   10.928754] rtc_cmos 00:01: setting system clock to 2020-10-20 01:28:45 UTC (1603157325)
[   11.056101] Freeing unused decrypted memory: 2040K
[   11.057120] Freeing unused kernel image memory: 2472K
[   11.064114] Write protecting the kernel read-only data: 22528k
[   11.064888] Freeing unused kernel image memory: 2008K
[   11.065249] Freeing unused kernel image memory: 1568K
[   11.071585] x86/mm: Checked W+X mappings: passed, no W+X pages found.
[   11.071641] x86/mm: Checking user space page tables
[   11.077577] x86/mm: Checked W+X mappings: passed, no W+X pages found.
[   11.077614] Run /init as init process
[   11.089986] random: systemd-udevd: uninitialized urandom read (16 bytes read)
[   11.090234] random: systemd-udevd: uninitialized urandom read (16 bytes read)
[   11.090335] random: systemd-udevd: uninitialized urandom read (16 bytes read)
[   11.227336] usb 2-1: new full-speed USB device number 2 using uhci_hcd
[   11.262080] Fusion MPT base driver 3.04.20
[   11.262123] Copyright (c) 1999-2008 LSI Corporation
[   11.262561] ahci 0000:02:05.0: version 3.0
[   11.264272] ahci 0000:02:05.0: AHCI 0001.0300 32 slots 30 ports 6 Gbps 0x3fffffff impl SATA mode
[   11.264322] ahci 0000:02:05.0: flags: 64bit ncq clo only 
[   11.293740] scsi host2: ahci
[   11.315676] scsi host3: ahci
[   11.315914] scsi host4: ahci
[   11.316171] scsi host5: ahci
[   11.316376] scsi host6: ahci
[   11.316629] scsi host7: ahci
[   11.316893] scsi host8: ahci
[   11.317037] scsi host9: ahci
[   11.318908] scsi host10: ahci
[   11.319418] scsi host11: ahci
[   11.319840] scsi host12: ahci
[   11.320197] scsi host13: ahci
[   11.320556] scsi host14: ahci
[   11.320739] scsi host15: ahci
[   11.320927] scsi host16: ahci
[   11.321067] scsi host17: ahci
[   11.321214] scsi host18: ahci
[   11.321397] scsi host19: ahci
[   11.321538] scsi host20: ahci
[   11.321706] scsi host21: ahci
[   11.321905] scsi host22: ahci
[   11.322042] scsi host23: ahci
[   11.322172] scsi host24: ahci
[   11.322293] scsi host25: ahci
[   11.322401] scsi host26: ahci
[   11.322522] scsi host27: ahci
[   11.322639] scsi host28: ahci
[   11.322759] scsi host29: ahci
[   11.322867] scsi host30: ahci
[   11.322982] scsi host31: ahci
[   11.323041] ata3: SATA max UDMA/133 abar m4096@0xfd5ee000 port 0xfd5ee100 irq 56
[   11.323081] ata4: SATA max UDMA/133 abar m4096@0xfd5ee000 port 0xfd5ee180 irq 56
[   11.323120] ata5: SATA max UDMA/133 abar m4096@0xfd5ee000 port 0xfd5ee200 irq 56
[   11.323158] ata6: SATA max UDMA/133 abar m4096@0xfd5ee000 port 0xfd5ee280 irq 56
[   11.323197] ata7: SATA max UDMA/133 abar m4096@0xfd5ee000 port 0xfd5ee300 irq 56
[   11.323236] ata8: SATA max UDMA/133 abar m4096@0xfd5ee000 port 0xfd5ee380 irq 56
[   11.323274] ata9: SATA max UDMA/133 abar m4096@0xfd5ee000 port 0xfd5ee400 irq 56
[   11.323312] ata10: SATA max UDMA/133 abar m4096@0xfd5ee000 port 0xfd5ee480 irq 56
[   11.323351] ata11: SATA max UDMA/133 abar m4096@0xfd5ee000 port 0xfd5ee500 irq 56
[   11.323390] ata12: SATA max UDMA/133 abar m4096@0xfd5ee000 port 0xfd5ee580 irq 56
[   11.323429] ata13: SATA max UDMA/133 abar m4096@0xfd5ee000 port 0xfd5ee600 irq 56
[   11.323467] ata14: SATA max UDMA/133 abar m4096@0xfd5ee000 port 0xfd5ee680 irq 56
[   11.323506] ata15: SATA max UDMA/133 abar m4096@0xfd5ee000 port 0xfd5ee700 irq 56
[   11.323578] ata16: SATA max UDMA/133 abar m4096@0xfd5ee000 port 0xfd5ee780 irq 56
[   11.323618] ata17: SATA max UDMA/133 abar m4096@0xfd5ee000 port 0xfd5ee800 irq 56
[   11.323658] ata18: SATA max UDMA/133 abar m4096@0xfd5ee000 port 0xfd5ee880 irq 56
[   11.323696] ata19: SATA max UDMA/133 abar m4096@0xfd5ee000 port 0xfd5ee900 irq 56
[   11.323735] ata20: SATA max UDMA/133 abar m4096@0xfd5ee000 port 0xfd5ee980 irq 56
[   11.323774] ata21: SATA max UDMA/133 abar m4096@0xfd5ee000 port 0xfd5eea00 irq 56
[   11.323813] ata22: SATA max UDMA/133 abar m4096@0xfd5ee000 port 0xfd5eea80 irq 56
[   11.323852] ata23: SATA max UDMA/133 abar m4096@0xfd5ee000 port 0xfd5eeb00 irq 56
[   11.323890] ata24: SATA max UDMA/133 abar m4096@0xfd5ee000 port 0xfd5eeb80 irq 56
[   11.323929] ata25: SATA max UDMA/133 abar m4096@0xfd5ee000 port 0xfd5eec00 irq 56
[   11.323967] ata26: SATA max UDMA/133 abar m4096@0xfd5ee000 port 0xfd5eec80 irq 56
[   11.324006] ata27: SATA max UDMA/133 abar m4096@0xfd5ee000 port 0xfd5eed00 irq 56
[   11.324052] ata28: SATA max UDMA/133 abar m4096@0xfd5ee000 port 0xfd5eed80 irq 56
[   11.324091] ata29: SATA max UDMA/133 abar m4096@0xfd5ee000 port 0xfd5eee00 irq 56
[   11.324130] ata30: SATA max UDMA/133 abar m4096@0xfd5ee000 port 0xfd5eee80 irq 56
[   11.324168] ata31: SATA max UDMA/133 abar m4096@0xfd5ee000 port 0xfd5eef00 irq 56
[   11.324207] ata32: SATA max UDMA/133 abar m4096@0xfd5ee000 port 0xfd5eef80 irq 56
[   11.332627] e1000: Intel(R) PRO/1000 Network Driver - version 7.3.21-k8-NAPI
[   11.332682] e1000: Copyright (c) 1999-2006 Intel Corporation.
[   11.335618] Fusion MPT SPI Host driver 3.04.20
[   11.336356] mptbase: ioc0: Initiating bringup
[   11.336840] input: VirtualPS/2 VMware VMMouse as /devices/platform/i8042/serio1/input/input4
[   11.337241] input: VirtualPS/2 VMware VMMouse as /devices/platform/i8042/serio1/input/input3
[   11.423444] usb 2-1: New USB device found, idVendor=0e0f, idProduct=0003, bcdDevice= 1.03
[   11.423494] usb 2-1: New USB device strings: Mfr=1, Product=2, SerialNumber=0
[   11.423531] usb 2-1: Product: VMware Virtual USB Mouse
[   11.423559] usb 2-1: Manufacturer: VMware
[   11.430417] [drm] DMA map mode: Using physical TTM page addresses.
[   11.430562] [drm] Capabilities:
[   11.430582] [drm]   Rect copy.
[   11.430601] [drm]   Cursor.
[   11.430619] [drm]   Cursor bypass.
[   11.430640] [drm]   Cursor bypass 2.
[   11.430661] [drm]   8bit emulation.
[   11.430681] [drm]   Alpha cursor.
[   11.430701] [drm]   3D.
[   11.430718] [drm]   Extended Fifo.
[   11.430738] [drm]   Multimon.
[   11.430757] [drm]   Pitchlock.
[   11.430776] [drm]   Irq mask.
[   11.430795] [drm]   Display Topology.
[   11.430824] [drm]   GMR.
[   11.430841] [drm]   Traces.
[   11.430858] [drm]   GMR2.
[   11.430876] [drm]   Screen Object 2.
[   11.430897] [drm]   Command Buffers.
[   11.430918] [drm]   Command Buffers 2.
[   11.430939] [drm]   Guest Backed Resources.
[   11.430963] [drm]   DX Features.
[   11.430983] [drm] Max GMR ids is 64
[   11.431004] [drm] Max number of GMR pages is 65536
[   11.431030] [drm] Max dedicated hypervisor surface memory is 0 kiB
[   11.431061] [drm] Maximum display memory size is 32768 kiB
[   11.431090] [drm] VRAM at 0xe8000000 size is 4096 kiB
[   11.431117] [drm] MMIO at 0xfe000000 size is 256 kiB
[   11.431145] [drm] global init.
[   11.431272] [TTM] Zone  kernel: Available graphics memory: 2006192 kiB
[   11.431310] [TTM] Initializing pool allocator
[   11.431370] [TTM] Initializing DMA pool allocator
[   11.431631] [drm] Supports vblank timestamp caching Rev 2 (21.10.2013).
[   11.431669] [drm] No driver support for vblank timestamp query.
[   11.431911] [drm] Screen Target Display device initialized
[   11.431974] [drm] width 640
[   11.431998] [drm] height 480
[   11.432205] [drm] bpp 32
[   11.435719] [drm] Fifo max 0x00040000 min 0x00001000 cap 0x0000077f
[   11.436379] [drm] Using command buffers with DMA pool.
[   11.436415] [drm] DX: yes.
[   11.436433] [drm] Atomic: yes.
[   11.436452] [drm] SM4_1: no.
[   11.439414] fbcon: svgadrmfb (fb0) is primary device
[   11.440686] Console: switching to colour frame buffer device 100x37
[   11.447651] ioc0: LSI53C1030 B0: Capabilities={Initiator}
