[    0.000000] Linux version 4.19.132 (root@ubuntu) (gcc version 9.3.0 (Debian 9.3.0-14)) #3 SMP Thu Oct 22 15:34:15 CST 2020
[    0.000000] Command line: BOOT_IMAGE=/boot/vmlinuz-4.19.132 root=UUID=7948e99d-4e2e-40bf-b955-60fecd9db270 ro console=tty1,console=ttyS1,115200n8
[    0.000000] KERNEL supported cpus:
[    0.000000]   Intel GenuineIntel
[    0.000000]   AMD AuthenticAMD
[    0.000000]   Centaur CentaurHauls
[    0.000000] Disabled fast string operations
[    0.000000] x86/fpu: Supporting XSAVE feature 0x001: 'x87 floating point registers'
[    0.000000] x86/fpu: Supporting XSAVE feature 0x002: 'SSE registers'
[    0.000000] x86/fpu: Supporting XSAVE feature 0x004: 'AVX registers'
[    0.000000] x86/fpu: xstate_offset[2]:  576, xstate_sizes[2]:  256
[    0.000000] x86/fpu: Enabled xstate features 0x7, context size is 832 bytes, using 'standard' format.
[    0.000000] BIOS-provided physical RAM map:
[    0.000000] BIOS-e820: [mem 0x0000000000000000-0x000000000009e7ff] usable
[    0.000000] BIOS-e820: [mem 0x000000000009e800-0x000000000009ffff] reserved
[    0.000000] BIOS-e820: [mem 0x00000000000dc000-0x00000000000fffff] reserved
[    0.000000] BIOS-e820: [mem 0x0000000000100000-0x00000000bfecffff] usable
[    0.000000] BIOS-e820: [mem 0x00000000bfed0000-0x00000000bfefefff] ACPI data
[    0.000000] BIOS-e820: [mem 0x00000000bfeff000-0x00000000bfefffff] ACPI NVS
[    0.000000] BIOS-e820: [mem 0x00000000bff00000-0x00000000bfffffff] usable
[    0.000000] BIOS-e820: [mem 0x00000000f0000000-0x00000000f7ffffff] reserved
[    0.000000] BIOS-e820: [mem 0x00000000fec00000-0x00000000fec0ffff] reserved
[    0.000000] BIOS-e820: [mem 0x00000000fee00000-0x00000000fee00fff] reserved
[    0.000000] BIOS-e820: [mem 0x00000000fffe0000-0x00000000ffffffff] reserved
[    0.000000] BIOS-e820: [mem 0x0000000100000000-0x000000013fffffff] usable
[    0.000000] NX (Execute Disable) protection: active
[    0.000000] SMBIOS 2.7 present.
[    0.000000] DMI: VMware, Inc. VMware Virtual Platform/440BX Desktop Reference Platform, BIOS 6.00 07/02/2015
[    0.000000] Hypervisor detected: VMware
[    0.000000] vmware: TSC freq read from hypervisor : 3000.000 MHz
[    0.000000] vmware: Host bus clock speed read from hypervisor : 66000000 Hz
[    0.000000] vmware: using sched offset of 194653189065 ns
[    0.000001] tsc: Detected 3000.000 MHz processor
[    0.003433] e820: update [mem 0x00000000-0x00000fff] usable ==> reserved
[    0.003434] e820: remove [mem 0x000a0000-0x000fffff] usable
[    0.003437] last_pfn = 0x140000 max_arch_pfn = 0x400000000
[    0.003460] MTRR default type: uncachable
[    0.003461] MTRR fixed ranges enabled:
[    0.003461]   00000-9FFFF write-back
[    0.003462]   A0000-BFFFF uncachable
[    0.003462]   C0000-CFFFF write-protect
[    0.003463]   D0000-EFFFF uncachable
[    0.003463]   F0000-FFFFF write-protect
[    0.003463] MTRR variable ranges enabled:
[    0.003464]   0 base 000C0000000 mask 3FFC0000000 uncachable
[    0.003465]   1 base 00000000000 mask 3E000000000 write-back
[    0.003465]   2 disabled
[    0.003466]   3 disabled
[    0.003466]   4 disabled
[    0.003466]   5 disabled
[    0.003466]   6 disabled
[    0.003467]   7 disabled
[    0.003482] x86/PAT: Configuration [0-7]: WB  WC  UC- UC  WB  WP  UC- WT  
[    0.003493] total RAM covered: 130048M
[    0.003731] Found optimal setting for mtrr clean up
[    0.003732]  gran_size: 64K 	chunk_size: 64K 	num_reg: 7  	lose cover RAM: 0G
[    0.003780] e820: update [mem 0xc0000000-0xffffffff] usable ==> reserved
[    0.003785] last_pfn = 0xc0000 max_arch_pfn = 0x400000000
[    0.010532] found SMP MP-table at [mem 0x000f6a80-0x000f6a8f]
[    0.010606] Scanning 1 areas for low memory corruption
[    0.010645] Using GB pages for direct mapping
[    0.010868] RAMDISK: [mem 0x0ba4c000-0x21d1dfff]
[    0.010890] ACPI: Early table checksum verification disabled
[    0.010934] ACPI: RSDP 0x00000000000F6A10 000024 (v02 PTLTD )
[    0.010938] ACPI: XSDT 0x00000000BFEDD60B 00005C (v01 INTEL  440BX    06040000 VMW  01324272)
[    0.010944] ACPI: FACP 0x00000000BFEFEE73 0000F4 (v04 INTEL  440BX    06040000 PTL  000F4240)
[    0.010950] ACPI: DSDT 0x00000000BFEDE9F5 02047E (v01 PTLTD  Custom   06040000 MSFT 03000001)
[    0.010953] ACPI: FACS 0x00000000BFEFFFC0 000040
[    0.010956] ACPI: FACS 0x00000000BFEFFFC0 000040
[    0.010958] ACPI: BOOT 0x00000000BFEDE9CD 000028 (v01 PTLTD  $SBFTBL$ 06040000  LTP 00000001)
[    0.010961] ACPI: APIC 0x00000000BFEDE28B 000742 (v01 PTLTD  ? APIC   06040000  LTP 00000000)
[    0.010964] ACPI: MCFG 0x00000000BFEDE24F 00003C (v01 PTLTD  $PCITBL$ 06040000  LTP 00000001)
[    0.010967] ACPI: SRAT 0x00000000BFEDD707 0008F8 (v02 VMWARE MEMPLUG  06040000 VMW  00000001)
[    0.010969] ACPI: HPET 0x00000000BFEDD6CF 000038 (v01 VMWARE VMW HPET 06040000 VMW  00000001)
[    0.010972] ACPI: WAET 0x00000000BFEDD6A7 000028 (v01 VMWARE VMW WAET 06040000 VMW  00000001)
[    0.010980] ACPI: Local APIC address 0xfee00000
[    0.010993] system APIC only can use physical flat
[    0.010994] Setting APIC routing to physical flat.
[    0.011033] SRAT: PXM 0 -> APIC 0x00 -> Node 0
[    0.011033] SRAT: PXM 0 -> APIC 0x01 -> Node 0
[    0.011034] SRAT: PXM 0 -> APIC 0x02 -> Node 0
[    0.011035] SRAT: PXM 0 -> APIC 0x03 -> Node 0
[    0.011035] SRAT: PXM 0 -> APIC 0x04 -> Node 0
[    0.011036] SRAT: PXM 0 -> APIC 0x05 -> Node 0
[    0.011036] SRAT: PXM 0 -> APIC 0x06 -> Node 0
[    0.011037] SRAT: PXM 0 -> APIC 0x07 -> Node 0
[    0.011037] SRAT: PXM 0 -> APIC 0x08 -> Node 0
[    0.011038] SRAT: PXM 0 -> APIC 0x09 -> Node 0
[    0.011038] SRAT: PXM 0 -> APIC 0x0a -> Node 0
[    0.011039] SRAT: PXM 0 -> APIC 0x0b -> Node 0
[    0.011039] SRAT: PXM 0 -> APIC 0x0c -> Node 0
[    0.011040] SRAT: PXM 0 -> APIC 0x0d -> Node 0
[    0.011040] SRAT: PXM 0 -> APIC 0x0e -> Node 0
[    0.011041] SRAT: PXM 0 -> APIC 0x0f -> Node 0
[    0.011041] SRAT: PXM 0 -> APIC 0x10 -> Node 0
[    0.011042] SRAT: PXM 0 -> APIC 0x11 -> Node 0
[    0.011042] SRAT: PXM 0 -> APIC 0x12 -> Node 0
[    0.011043] SRAT: PXM 0 -> APIC 0x13 -> Node 0
[    0.011043] SRAT: PXM 0 -> APIC 0x14 -> Node 0
[    0.011044] SRAT: PXM 0 -> APIC 0x15 -> Node 0
[    0.011044] SRAT: PXM 0 -> APIC 0x16 -> Node 0
[    0.011045] SRAT: PXM 0 -> APIC 0x17 -> Node 0
[    0.011045] SRAT: PXM 0 -> APIC 0x18 -> Node 0
[    0.011046] SRAT: PXM 0 -> APIC 0x19 -> Node 0
[    0.011046] SRAT: PXM 0 -> APIC 0x1a -> Node 0
[    0.011047] SRAT: PXM 0 -> APIC 0x1b -> Node 0
[    0.011047] SRAT: PXM 0 -> APIC 0x1c -> Node 0
[    0.011048] SRAT: PXM 0 -> APIC 0x1d -> Node 0
[    0.011048] SRAT: PXM 0 -> APIC 0x1e -> Node 0
[    0.011049] SRAT: PXM 0 -> APIC 0x1f -> Node 0
[    0.011050] SRAT: PXM 0 -> APIC 0x20 -> Node 0
[    0.011050] SRAT: PXM 0 -> APIC 0x21 -> Node 0
[    0.011051] SRAT: PXM 0 -> APIC 0x22 -> Node 0
[    0.011051] SRAT: PXM 0 -> APIC 0x23 -> Node 0
[    0.011052] SRAT: PXM 0 -> APIC 0x24 -> Node 0
[    0.011052] SRAT: PXM 0 -> APIC 0x25 -> Node 0
[    0.011053] SRAT: PXM 0 -> APIC 0x26 -> Node 0
[    0.011053] SRAT: PXM 0 -> APIC 0x27 -> Node 0
[    0.011054] SRAT: PXM 0 -> APIC 0x28 -> Node 0
[    0.011054] SRAT: PXM 0 -> APIC 0x29 -> Node 0
[    0.011055] SRAT: PXM 0 -> APIC 0x2a -> Node 0
[    0.011055] SRAT: PXM 0 -> APIC 0x2b -> Node 0
[    0.011056] SRAT: PXM 0 -> APIC 0x2c -> Node 0
[    0.011056] SRAT: PXM 0 -> APIC 0x2d -> Node 0
[    0.011057] SRAT: PXM 0 -> APIC 0x2e -> Node 0
[    0.011057] SRAT: PXM 0 -> APIC 0x2f -> Node 0
[    0.011058] SRAT: PXM 0 -> APIC 0x30 -> Node 0
[    0.011058] SRAT: PXM 0 -> APIC 0x31 -> Node 0
[    0.011059] SRAT: PXM 0 -> APIC 0x32 -> Node 0
[    0.011059] SRAT: PXM 0 -> APIC 0x33 -> Node 0
[    0.011060] SRAT: PXM 0 -> APIC 0x34 -> Node 0
[    0.011060] SRAT: PXM 0 -> APIC 0x35 -> Node 0
[    0.011061] SRAT: PXM 0 -> APIC 0x36 -> Node 0
[    0.011061] SRAT: PXM 0 -> APIC 0x37 -> Node 0
[    0.011062] SRAT: PXM 0 -> APIC 0x38 -> Node 0
[    0.011062] SRAT: PXM 0 -> APIC 0x39 -> Node 0
[    0.011063] SRAT: PXM 0 -> APIC 0x3a -> Node 0
[    0.011063] SRAT: PXM 0 -> APIC 0x3b -> Node 0
[    0.011064] SRAT: PXM 0 -> APIC 0x3c -> Node 0
[    0.011064] SRAT: PXM 0 -> APIC 0x3d -> Node 0
[    0.011065] SRAT: PXM 0 -> APIC 0x3e -> Node 0
[    0.011066] SRAT: PXM 0 -> APIC 0x3f -> Node 0
[    0.011066] SRAT: PXM 0 -> APIC 0x40 -> Node 0
[    0.011067] SRAT: PXM 0 -> APIC 0x41 -> Node 0
[    0.011067] SRAT: PXM 0 -> APIC 0x42 -> Node 0
[    0.011068] SRAT: PXM 0 -> APIC 0x43 -> Node 0
[    0.011068] SRAT: PXM 0 -> APIC 0x44 -> Node 0
[    0.011069] SRAT: PXM 0 -> APIC 0x45 -> Node 0
[    0.011069] SRAT: PXM 0 -> APIC 0x46 -> Node 0
[    0.011070] SRAT: PXM 0 -> APIC 0x47 -> Node 0
[    0.011070] SRAT: PXM 0 -> APIC 0x48 -> Node 0
[    0.011071] SRAT: PXM 0 -> APIC 0x49 -> Node 0
[    0.011071] SRAT: PXM 0 -> APIC 0x4a -> Node 0
[    0.011072] SRAT: PXM 0 -> APIC 0x4b -> Node 0
[    0.011072] SRAT: PXM 0 -> APIC 0x4c -> Node 0
[    0.011073] SRAT: PXM 0 -> APIC 0x4d -> Node 0
[    0.011073] SRAT: PXM 0 -> APIC 0x4e -> Node 0
[    0.011074] SRAT: PXM 0 -> APIC 0x4f -> Node 0
[    0.011074] SRAT: PXM 0 -> APIC 0x50 -> Node 0
[    0.011075] SRAT: PXM 0 -> APIC 0x51 -> Node 0
[    0.011075] SRAT: PXM 0 -> APIC 0x52 -> Node 0
[    0.011076] SRAT: PXM 0 -> APIC 0x53 -> Node 0
[    0.011076] SRAT: PXM 0 -> APIC 0x54 -> Node 0
[    0.011077] SRAT: PXM 0 -> APIC 0x55 -> Node 0
[    0.011077] SRAT: PXM 0 -> APIC 0x56 -> Node 0
[    0.011078] SRAT: PXM 0 -> APIC 0x57 -> Node 0
[    0.011078] SRAT: PXM 0 -> APIC 0x58 -> Node 0
[    0.011079] SRAT: PXM 0 -> APIC 0x59 -> Node 0
[    0.011079] SRAT: PXM 0 -> APIC 0x5a -> Node 0
[    0.011080] SRAT: PXM 0 -> APIC 0x5b -> Node 0
[    0.011080] SRAT: PXM 0 -> APIC 0x5c -> Node 0
[    0.011081] SRAT: PXM 0 -> APIC 0x5d -> Node 0
[    0.011082] SRAT: PXM 0 -> APIC 0x5e -> Node 0
[    0.011082] SRAT: PXM 0 -> APIC 0x5f -> Node 0
[    0.011083] SRAT: PXM 0 -> APIC 0x60 -> Node 0
[    0.011083] SRAT: PXM 0 -> APIC 0x61 -> Node 0
[    0.011084] SRAT: PXM 0 -> APIC 0x62 -> Node 0
[    0.011084] SRAT: PXM 0 -> APIC 0x63 -> Node 0
[    0.011085] SRAT: PXM 0 -> APIC 0x64 -> Node 0
[    0.011085] SRAT: PXM 0 -> APIC 0x65 -> Node 0
[    0.011086] SRAT: PXM 0 -> APIC 0x66 -> Node 0
[    0.011086] SRAT: PXM 0 -> APIC 0x67 -> Node 0
[    0.011087] SRAT: PXM 0 -> APIC 0x68 -> Node 0
[    0.011087] SRAT: PXM 0 -> APIC 0x69 -> Node 0
[    0.011088] SRAT: PXM 0 -> APIC 0x6a -> Node 0
[    0.011088] SRAT: PXM 0 -> APIC 0x6b -> Node 0
[    0.011089] SRAT: PXM 0 -> APIC 0x6c -> Node 0
[    0.011089] SRAT: PXM 0 -> APIC 0x6d -> Node 0
[    0.011090] SRAT: PXM 0 -> APIC 0x6e -> Node 0
[    0.011090] SRAT: PXM 0 -> APIC 0x6f -> Node 0
[    0.011091] SRAT: PXM 0 -> APIC 0x70 -> Node 0
[    0.011091] SRAT: PXM 0 -> APIC 0x71 -> Node 0
[    0.011092] SRAT: PXM 0 -> APIC 0x72 -> Node 0
[    0.011092] SRAT: PXM 0 -> APIC 0x73 -> Node 0
[    0.011093] SRAT: PXM 0 -> APIC 0x74 -> Node 0
[    0.011093] SRAT: PXM 0 -> APIC 0x75 -> Node 0
[    0.011094] SRAT: PXM 0 -> APIC 0x76 -> Node 0
[    0.011094] SRAT: PXM 0 -> APIC 0x77 -> Node 0
[    0.011095] SRAT: PXM 0 -> APIC 0x78 -> Node 0
[    0.011096] SRAT: PXM 0 -> APIC 0x79 -> Node 0
[    0.011096] SRAT: PXM 0 -> APIC 0x7a -> Node 0
[    0.011097] SRAT: PXM 0 -> APIC 0x7b -> Node 0
[    0.011097] SRAT: PXM 0 -> APIC 0x7c -> Node 0
[    0.011098] SRAT: PXM 0 -> APIC 0x7d -> Node 0
[    0.011098] SRAT: PXM 0 -> APIC 0x7e -> Node 0
[    0.011099] SRAT: PXM 0 -> APIC 0x7f -> Node 0
[    0.011101] ACPI: SRAT: Node 0 PXM 0 [mem 0x00000000-0x0009ffff]
[    0.011102] ACPI: SRAT: Node 0 PXM 0 [mem 0x00100000-0x0fffffff]
[    0.011103] ACPI: SRAT: Node 0 PXM 0 [mem 0x10000000-0xbfffffff]
[    0.011104] ACPI: SRAT: Node 0 PXM 0 [mem 0x100000000-0x13fffffff]
[    0.011105] ACPI: SRAT: Node 0 PXM 0 [mem 0x140000000-0x103fffffff] hotplug
[    0.011107] NUMA: Node 0 [mem 0x00000000-0x0009ffff] + [mem 0x00100000-0x0fffffff] -> [mem 0x00000000-0x0fffffff]
[    0.011108] NUMA: Node 0 [mem 0x00000000-0x0fffffff] + [mem 0x10000000-0xbfffffff] -> [mem 0x00000000-0xbfffffff]
[    0.011109] NUMA: Node 0 [mem 0x00000000-0xbfffffff] + [mem 0x100000000-0x13fffffff] -> [mem 0x00000000-0x13fffffff]
[    0.011114] NODE_DATA(0) allocated [mem 0x13ffd3000-0x13fffdfff]
[    0.011968] Zone ranges:
[    0.011970]   DMA      [mem 0x0000000000001000-0x0000000000ffffff]
[    0.011971]   DMA32    [mem 0x0000000001000000-0x00000000ffffffff]
[    0.011972]   Normal   [mem 0x0000000100000000-0x000000013fffffff]
[    0.011972]   Device   empty
[    0.011973] Movable zone start for each node
[    0.011975] Early memory node ranges
[    0.011976]   node   0: [mem 0x0000000000001000-0x000000000009dfff]
[    0.011977]   node   0: [mem 0x0000000000100000-0x00000000bfecffff]
[    0.011977]   node   0: [mem 0x00000000bff00000-0x00000000bfffffff]
[    0.011978]   node   0: [mem 0x0000000100000000-0x000000013fffffff]
[    0.012061] Zeroed struct page in unavailable ranges: 147 pages
[    0.012062] Initmem setup node 0 [mem 0x0000000000001000-0x000000013fffffff]
[    0.012063] On node 0 totalpages: 1048429
[    0.012064]   DMA zone: 64 pages used for memmap
[    0.012064]   DMA zone: 21 pages reserved
[    0.012065]   DMA zone: 3997 pages, LIFO batch:0
[    0.012966]   DMA32 zone: 12224 pages used for memmap
[    0.012967]   DMA32 zone: 782288 pages, LIFO batch:63
[    0.179261]   Normal zone: 4096 pages used for memmap
[    0.179263]   Normal zone: 262144 pages, LIFO batch:63
[    0.242350] ACPI: PM-Timer IO Port: 0x1008
[    0.242354] ACPI: Local APIC address 0xfee00000
[    0.242357] system APIC only can use physical flat
[    0.242367] ACPI: LAPIC_NMI (acpi_id[0x00] high edge lint[0x1])
[    0.242368] ACPI: LAPIC_NMI (acpi_id[0x01] high edge lint[0x1])
[    0.242369] ACPI: LAPIC_NMI (acpi_id[0x02] high edge lint[0x1])
[    0.242369] ACPI: LAPIC_NMI (acpi_id[0x03] high edge lint[0x1])
[    0.242370] ACPI: LAPIC_NMI (acpi_id[0x04] high edge lint[0x1])
[    0.242370] ACPI: LAPIC_NMI (acpi_id[0x05] high edge lint[0x1])
[    0.242371] ACPI: LAPIC_NMI (acpi_id[0x06] high edge lint[0x1])
[    0.242371] ACPI: LAPIC_NMI (acpi_id[0x07] high edge lint[0x1])
[    0.242372] ACPI: LAPIC_NMI (acpi_id[0x08] high edge lint[0x1])
[    0.242372] ACPI: LAPIC_NMI (acpi_id[0x09] high edge lint[0x1])
[    0.242373] ACPI: LAPIC_NMI (acpi_id[0x0a] high edge lint[0x1])
[    0.242373] ACPI: LAPIC_NMI (acpi_id[0x0b] high edge lint[0x1])
[    0.242374] ACPI: LAPIC_NMI (acpi_id[0x0c] high edge lint[0x1])
[    0.242375] ACPI: LAPIC_NMI (acpi_id[0x0d] high edge lint[0x1])
[    0.242375] ACPI: LAPIC_NMI (acpi_id[0x0e] high edge lint[0x1])
[    0.242376] ACPI: LAPIC_NMI (acpi_id[0x0f] high edge lint[0x1])
[    0.242376] ACPI: LAPIC_NMI (acpi_id[0x10] high edge lint[0x1])
[    0.242377] ACPI: LAPIC_NMI (acpi_id[0x11] high edge lint[0x1])
[    0.242377] ACPI: LAPIC_NMI (acpi_id[0x12] high edge lint[0x1])
[    0.242378] ACPI: LAPIC_NMI (acpi_id[0x13] high edge lint[0x1])
[    0.242378] ACPI: LAPIC_NMI (acpi_id[0x14] high edge lint[0x1])
[    0.242379] ACPI: LAPIC_NMI (acpi_id[0x15] high edge lint[0x1])
[    0.242379] ACPI: LAPIC_NMI (acpi_id[0x16] high edge lint[0x1])
[    0.242380] ACPI: LAPIC_NMI (acpi_id[0x17] high edge lint[0x1])
[    0.242380] ACPI: LAPIC_NMI (acpi_id[0x18] high edge lint[0x1])
[    0.242381] ACPI: LAPIC_NMI (acpi_id[0x19] high edge lint[0x1])
[    0.242381] ACPI: LAPIC_NMI (acpi_id[0x1a] high edge lint[0x1])
[    0.242382] ACPI: LAPIC_NMI (acpi_id[0x1b] high edge lint[0x1])
[    0.242383] ACPI: LAPIC_NMI (acpi_id[0x1c] high edge lint[0x1])
[    0.242383] ACPI: LAPIC_NMI (acpi_id[0x1d] high edge lint[0x1])
[    0.242384] ACPI: LAPIC_NMI (acpi_id[0x1e] high edge lint[0x1])
[    0.242384] ACPI: LAPIC_NMI (acpi_id[0x1f] high edge lint[0x1])
[    0.242385] ACPI: LAPIC_NMI (acpi_id[0x20] high edge lint[0x1])
[    0.242385] ACPI: LAPIC_NMI (acpi_id[0x21] high edge lint[0x1])
[    0.242386] ACPI: LAPIC_NMI (acpi_id[0x22] high edge lint[0x1])
[    0.242386] ACPI: LAPIC_NMI (acpi_id[0x23] high edge lint[0x1])
[    0.242387] ACPI: LAPIC_NMI (acpi_id[0x24] high edge lint[0x1])
[    0.242387] ACPI: LAPIC_NMI (acpi_id[0x25] high edge lint[0x1])
[    0.242388] ACPI: LAPIC_NMI (acpi_id[0x26] high edge lint[0x1])
[    0.242388] ACPI: LAPIC_NMI (acpi_id[0x27] high edge lint[0x1])
[    0.242389] ACPI: LAPIC_NMI (acpi_id[0x28] high edge lint[0x1])
[    0.242389] ACPI: LAPIC_NMI (acpi_id[0x29] high edge lint[0x1])
[    0.242390] ACPI: LAPIC_NMI (acpi_id[0x2a] high edge lint[0x1])
[    0.242391] ACPI: LAPIC_NMI (acpi_id[0x2b] high edge lint[0x1])
[    0.242391] ACPI: LAPIC_NMI (acpi_id[0x2c] high edge lint[0x1])
[    0.242392] ACPI: LAPIC_NMI (acpi_id[0x2d] high edge lint[0x1])
[    0.242392] ACPI: LAPIC_NMI (acpi_id[0x2e] high edge lint[0x1])
[    0.242393] ACPI: LAPIC_NMI (acpi_id[0x2f] high edge lint[0x1])
[    0.242393] ACPI: LAPIC_NMI (acpi_id[0x30] high edge lint[0x1])
[    0.242394] ACPI: LAPIC_NMI (acpi_id[0x31] high edge lint[0x1])
[    0.242394] ACPI: LAPIC_NMI (acpi_id[0x32] high edge lint[0x1])
[    0.242395] ACPI: LAPIC_NMI (acpi_id[0x33] high edge lint[0x1])
[    0.242395] ACPI: LAPIC_NMI (acpi_id[0x34] high edge lint[0x1])
[    0.242396] ACPI: LAPIC_NMI (acpi_id[0x35] high edge lint[0x1])
[    0.242396] ACPI: LAPIC_NMI (acpi_id[0x36] high edge lint[0x1])
[    0.242397] ACPI: LAPIC_NMI (acpi_id[0x37] high edge lint[0x1])
[    0.242398] ACPI: LAPIC_NMI (acpi_id[0x38] high edge lint[0x1])
[    0.242398] ACPI: LAPIC_NMI (acpi_id[0x39] high edge lint[0x1])
[    0.242399] ACPI: LAPIC_NMI (acpi_id[0x3a] high edge lint[0x1])
[    0.242399] ACPI: LAPIC_NMI (acpi_id[0x3b] high edge lint[0x1])
[    0.242400] ACPI: LAPIC_NMI (acpi_id[0x3c] high edge lint[0x1])
[    0.242400] ACPI: LAPIC_NMI (acpi_id[0x3d] high edge lint[0x1])
[    0.242401] ACPI: LAPIC_NMI (acpi_id[0x3e] high edge lint[0x1])
[    0.242401] ACPI: LAPIC_NMI (acpi_id[0x3f] high edge lint[0x1])
[    0.242402] ACPI: LAPIC_NMI (acpi_id[0x40] high edge lint[0x1])
[    0.242402] ACPI: LAPIC_NMI (acpi_id[0x41] high edge lint[0x1])
[    0.242403] ACPI: LAPIC_NMI (acpi_id[0x42] high edge lint[0x1])
[    0.242403] ACPI: LAPIC_NMI (acpi_id[0x43] high edge lint[0x1])
[    0.242404] ACPI: LAPIC_NMI (acpi_id[0x44] high edge lint[0x1])
[    0.242404] ACPI: LAPIC_NMI (acpi_id[0x45] high edge lint[0x1])
[    0.242405] ACPI: LAPIC_NMI (acpi_id[0x46] high edge lint[0x1])
[    0.242406] ACPI: LAPIC_NMI (acpi_id[0x47] high edge lint[0x1])
[    0.242406] ACPI: LAPIC_NMI (acpi_id[0x48] high edge lint[0x1])
[    0.242407] ACPI: LAPIC_NMI (acpi_id[0x49] high edge lint[0x1])
[    0.242407] ACPI: LAPIC_NMI (acpi_id[0x4a] high edge lint[0x1])
[    0.242408] ACPI: LAPIC_NMI (acpi_id[0x4b] high edge lint[0x1])
[    0.242408] ACPI: LAPIC_NMI (acpi_id[0x4c] high edge lint[0x1])
[    0.242409] ACPI: LAPIC_NMI (acpi_id[0x4d] high edge lint[0x1])
[    0.242409] ACPI: LAPIC_NMI (acpi_id[0x4e] high edge lint[0x1])
[    0.242410] ACPI: LAPIC_NMI (acpi_id[0x4f] high edge lint[0x1])
[    0.242410] ACPI: LAPIC_NMI (acpi_id[0x50] high edge lint[0x1])
[    0.242411] ACPI: LAPIC_NMI (acpi_id[0x51] high edge lint[0x1])
[    0.242411] ACPI: LAPIC_NMI (acpi_id[0x52] high edge lint[0x1])
[    0.242412] ACPI: LAPIC_NMI (acpi_id[0x53] high edge lint[0x1])
[    0.242412] ACPI: LAPIC_NMI (acpi_id[0x54] high edge lint[0x1])
[    0.242413] ACPI: LAPIC_NMI (acpi_id[0x55] high edge lint[0x1])
[    0.242413] ACPI: LAPIC_NMI (acpi_id[0x56] high edge lint[0x1])
[    0.242414] ACPI: LAPIC_NMI (acpi_id[0x57] high edge lint[0x1])
[    0.242415] ACPI: LAPIC_NMI (acpi_id[0x58] high edge lint[0x1])
[    0.242415] ACPI: LAPIC_NMI (acpi_id[0x59] high edge lint[0x1])
[    0.242416] ACPI: LAPIC_NMI (acpi_id[0x5a] high edge lint[0x1])
[    0.242416] ACPI: LAPIC_NMI (acpi_id[0x5b] high edge lint[0x1])
[    0.242417] ACPI: LAPIC_NMI (acpi_id[0x5c] high edge lint[0x1])
[    0.242417] ACPI: LAPIC_NMI (acpi_id[0x5d] high edge lint[0x1])
[    0.242418] ACPI: LAPIC_NMI (acpi_id[0x5e] high edge lint[0x1])
[    0.242418] ACPI: LAPIC_NMI (acpi_id[0x5f] high edge lint[0x1])
[    0.242419] ACPI: LAPIC_NMI (acpi_id[0x60] high edge lint[0x1])
[    0.242419] ACPI: LAPIC_NMI (acpi_id[0x61] high edge lint[0x1])
[    0.242420] ACPI: LAPIC_NMI (acpi_id[0x62] high edge lint[0x1])
[    0.242420] ACPI: LAPIC_NMI (acpi_id[0x63] high edge lint[0x1])
[    0.242421] ACPI: LAPIC_NMI (acpi_id[0x64] high edge lint[0x1])
[    0.242421] ACPI: LAPIC_NMI (acpi_id[0x65] high edge lint[0x1])
[    0.242422] ACPI: LAPIC_NMI (acpi_id[0x66] high edge lint[0x1])
[    0.242423] ACPI: LAPIC_NMI (acpi_id[0x67] high edge lint[0x1])
[    0.242423] ACPI: LAPIC_NMI (acpi_id[0x68] high edge lint[0x1])
[    0.242424] ACPI: LAPIC_NMI (acpi_id[0x69] high edge lint[0x1])
[    0.242424] ACPI: LAPIC_NMI (acpi_id[0x6a] high edge lint[0x1])
[    0.242425] ACPI: LAPIC_NMI (acpi_id[0x6b] high edge lint[0x1])
[    0.242425] ACPI: LAPIC_NMI (acpi_id[0x6c] high edge lint[0x1])
[    0.242426] ACPI: LAPIC_NMI (acpi_id[0x6d] high edge lint[0x1])
[    0.242426] ACPI: LAPIC_NMI (acpi_id[0x6e] high edge lint[0x1])
[    0.242427] ACPI: LAPIC_NMI (acpi_id[0x6f] high edge lint[0x1])
[    0.242427] ACPI: LAPIC_NMI (acpi_id[0x70] high edge lint[0x1])
[    0.242428] ACPI: LAPIC_NMI (acpi_id[0x71] high edge lint[0x1])
[    0.242428] ACPI: LAPIC_NMI (acpi_id[0x72] high edge lint[0x1])
[    0.242429] ACPI: LAPIC_NMI (acpi_id[0x73] high edge lint[0x1])
[    0.242429] ACPI: LAPIC_NMI (acpi_id[0x74] high edge lint[0x1])
[    0.242430] ACPI: LAPIC_NMI (acpi_id[0x75] high edge lint[0x1])
[    0.242431] ACPI: LAPIC_NMI (acpi_id[0x76] high edge lint[0x1])
[    0.242431] ACPI: LAPIC_NMI (acpi_id[0x77] high edge lint[0x1])
[    0.242432] ACPI: LAPIC_NMI (acpi_id[0x78] high edge lint[0x1])
[    0.242432] ACPI: LAPIC_NMI (acpi_id[0x79] high edge lint[0x1])
[    0.242433] ACPI: LAPIC_NMI (acpi_id[0x7a] high edge lint[0x1])
[    0.242433] ACPI: LAPIC_NMI (acpi_id[0x7b] high edge lint[0x1])
[    0.242434] ACPI: LAPIC_NMI (acpi_id[0x7c] high edge lint[0x1])
[    0.242434] ACPI: LAPIC_NMI (acpi_id[0x7d] high edge lint[0x1])
[    0.242435] ACPI: LAPIC_NMI (acpi_id[0x7e] high edge lint[0x1])
[    0.242435] ACPI: LAPIC_NMI (acpi_id[0x7f] high edge lint[0x1])
[    0.242473] IOAPIC[0]: apic_id 128, version 17, address 0xfec00000, GSI 0-23
[    0.242476] ACPI: INT_SRC_OVR (bus 0 bus_irq 0 global_irq 2 high edge)
[    0.242479] ACPI: IRQ0 used by override.
[    0.242479] ACPI: IRQ9 used by override.
[    0.242482] Using ACPI (MADT) for SMP configuration information
[    0.242483] ACPI: HPET id: 0x8086af01 base: 0xfed00000
[    0.242487] TSC deadline timer available
[    0.242498] smpboot: Allowing 128 CPUs, 124 hotplug CPUs
[    0.242509] PM: Registered nosave memory: [mem 0x00000000-0x00000fff]
[    0.242510] PM: Registered nosave memory: [mem 0x0009e000-0x0009efff]
[    0.242510] PM: Registered nosave memory: [mem 0x0009f000-0x0009ffff]
[    0.242511] PM: Registered nosave memory: [mem 0x000a0000-0x000dbfff]
[    0.242511] PM: Registered nosave memory: [mem 0x000dc000-0x000fffff]
[    0.242512] PM: Registered nosave memory: [mem 0xbfed0000-0xbfefefff]
[    0.242513] PM: Registered nosave memory: [mem 0xbfeff000-0xbfefffff]
[    0.242514] PM: Registered nosave memory: [mem 0xc0000000-0xefffffff]
[    0.242514] PM: Registered nosave memory: [mem 0xf0000000-0xf7ffffff]
[    0.242515] PM: Registered nosave memory: [mem 0xf8000000-0xfebfffff]
[    0.242515] PM: Registered nosave memory: [mem 0xfec00000-0xfec0ffff]
[    0.242516] PM: Registered nosave memory: [mem 0xfec10000-0xfedfffff]
[    0.242516] PM: Registered nosave memory: [mem 0xfee00000-0xfee00fff]
[    0.242517] PM: Registered nosave memory: [mem 0xfee01000-0xfffdffff]
[    0.242517] PM: Registered nosave memory: [mem 0xfffe0000-0xffffffff]
[    0.242519] [mem 0xc0000000-0xefffffff] available for PCI devices
[    0.242520] Booting paravirtualized kernel on VMware hypervisor
[    0.242522] clocksource: refined-jiffies: mask: 0xffffffff max_cycles: 0xffffffff, max_idle_ns: 7645519600211568 ns
[    0.242529] random: get_random_bytes called from start_kernel+0x95/0x544 with crng_init=0
[    0.242553] setup_percpu: NR_CPUS:8192 nr_cpumask_bits:128 nr_cpu_ids:128 nr_node_ids:1
[    0.345825] percpu: Embedded 46 pages/cpu s151552 r8192 d28672 u262144
[    0.345837] pcpu-alloc: s151552 r8192 d28672 u262144 alloc=1*2097152
[    0.345838] pcpu-alloc: [0] 000 001 002 003 004 005 006 007 
[    0.345839] pcpu-alloc: [0] 008 009 010 011 012 013 014 015 
[    0.345841] pcpu-alloc: [0] 016 017 018 019 020 021 022 023 
[    0.345842] pcpu-alloc: [0] 024 025 026 027 028 029 030 031 
[    0.345843] pcpu-alloc: [0] 032 033 034 035 036 037 038 039 
[    0.345844] pcpu-alloc: [0] 040 041 042 043 044 045 046 047 
[    0.345845] pcpu-alloc: [0] 048 049 050 051 052 053 054 055 
[    0.345846] pcpu-alloc: [0] 056 057 058 059 060 061 062 063 
[    0.345848] pcpu-alloc: [0] 064 065 066 067 068 069 070 071 
[    0.345849] pcpu-alloc: [0] 072 073 074 075 076 077 078 079 
[    0.345850] pcpu-alloc: [0] 080 081 082 083 084 085 086 087 
[    0.345851] pcpu-alloc: [0] 088 089 090 091 092 093 094 095 
[    0.345852] pcpu-alloc: [0] 096 097 098 099 100 101 102 103 
[    0.345854] pcpu-alloc: [0] 104 105 106 107 108 109 110 111 
[    0.345855] pcpu-alloc: [0] 112 113 114 115 116 117 118 119 
[    0.345856] pcpu-alloc: [0] 120 121 122 123 124 125 126 127 
[    0.345927] Built 1 zonelists, mobility grouping on.  Total pages: 1032024
[    0.345929] Policy zone: Normal
[    0.345931] Kernel command line: BOOT_IMAGE=/boot/vmlinuz-4.19.132 root=UUID=7948e99d-4e2e-40bf-b955-60fecd9db270 ro console=tty1,console=ttyS1,115200n8
[    0.345966] log_buf_len individual max cpu contribution: 4096 bytes
[    0.345967] log_buf_len total cpu_extra contributions: 520192 bytes
[    0.345968] log_buf_len min size: 262144 bytes
[    0.349419] log_buf_len: 1048576 bytes
[    0.349421] early log buf free: 235704(89%)
[    0.446720] Calgary: detecting Calgary via BIOS EBDA area
[    0.446722] Calgary: Unable to locate Rio Grande table in EBDA - bailing!
[    0.456661] Memory: 3640916K/4193716K available (14348K kernel code, 2695K rwdata, 4540K rodata, 2468K init, 4952K bss, 552800K reserved, 0K cma-reserved)
[    0.457378] SLUB: HWalign=64, Order=0-3, MinObjects=0, CPUs=128, Nodes=1
[    0.457416] Kernel/User page tables isolation: enabled
[    0.457503] ftrace: allocating 40846 entries in 160 pages
[    0.471028] rcu: Hierarchical RCU implementation.
[    0.471030] rcu: 	RCU restricting CPUs from NR_CPUS=8192 to nr_cpu_ids=128.
[    0.471031] 	Tasks RCU enabled.
[    0.471032] rcu: Adjusting geometry for rcu_fanout_leaf=16, nr_cpu_ids=128
[    0.473479] NR_IRQS: 524544, nr_irqs: 1448, preallocated irqs: 16
[    0.475258] Console: colour VGA+ 80x25
[    0.486752] console [tty1] enabled
[    0.486904] ACPI: Core revision 20180810
[    0.487511] clocksource: hpet: mask: 0xffffffff max_cycles: 0xffffffff, max_idle_ns: 133484882848 ns
[    0.487621] hpet clockevent registered
[    0.487630] APIC: Switch to symmetric I/O mode setup
[    0.488618] x2apic enabled
[    0.489123] Switched APIC routing to physical x2apic.
[    0.490326] ..TIMER: vector=0x30 apic1=0 pin1=2 apic2=-1 pin2=-1
[    0.490519] clocksource: tsc-early: mask: 0xffffffffffffffff max_cycles: 0x2b3e459bf4c, max_idle_ns: 440795289890 ns
[    0.490823] Calibrating delay loop (skipped) preset value.. 6000.00 BogoMIPS (lpj=12000000)
[    0.491050] pid_max: default: 131072 minimum: 1024
[    0.491379] Security Framework initialized
[    0.491494] Yama: becoming mindful.
[    0.498663] AppArmor: AppArmor initialized
[    0.512829] Dentry cache hash table entries: 524288 (order: 10, 4194304 bytes)
[    0.519938] Inode-cache hash table entries: 262144 (order: 9, 2097152 bytes)
[    0.520432] Mount-cache hash table entries: 8192 (order: 4, 65536 bytes)
[    0.520818] Mountpoint-cache hash table entries: 8192 (order: 4, 65536 bytes)
[    0.521817] Disabled fast string operations
[    0.521950] ENERGY_PERF_BIAS: Set to 'normal', was 'performance'
[    0.522129] ENERGY_PERF_BIAS: View and update with x86_energy_perf_policy(8)
[    0.522367] Last level iTLB entries: 4KB 128, 2MB 8, 4MB 8
[    0.522518] Last level dTLB entries: 4KB 64, 2MB 0, 4MB 0, 1GB 4
[    0.522679] Spectre V1 : Mitigation: usercopy/swapgs barriers and __user pointer sanitization
[    0.522813] Spectre V2 : Mitigation: Full generic retpoline
[    0.522964] Spectre V2 : Spectre v2 / SpectreRSB mitigation: Filling RSB on context switch
[    0.523185] Speculative Store Bypass: Vulnerable
[    0.523342] TAA: Vulnerable: Clear CPU buffers attempted, no microcode
[    0.523516] SRBDS: Unknown: Dependent on hypervisor status
[    0.523663] MDS: Vulnerable: Clear CPU buffers attempted, no microcode
[    0.524013] Freeing SMP alternatives memory: 36K
[    0.527644] smpboot: CPU0: Intel(R) Core(TM) i5-8500 CPU @ 3.00GHz (family: 0x6, model: 0x9e, stepping: 0xa)
[    0.528487] Performance Events: Skylake events, core PMU driver.
[    0.528677] core: CPUID marked event: 'cpu cycles' unavailable
[    0.528835] core: CPUID marked event: 'instructions' unavailable
[    0.528996] core: CPUID marked event: 'bus cycles' unavailable
[    0.529154] core: CPUID marked event: 'cache references' unavailable
[    0.529326] core: CPUID marked event: 'cache misses' unavailable
[    0.529487] core: CPUID marked event: 'branch instructions' unavailable
[    0.529671] core: CPUID marked event: 'branch misses' unavailable
[    0.529838] ... version:                1
[    0.529948] ... bit width:              48
[    0.530060] ... generic registers:      8
[    0.530170] ... value mask:             0000ffffffffffff
[    0.530314] ... max period:             000000007fffffff
[    0.530458] ... fixed-purpose events:   0
[    0.530575] ... event mask:             00000000000000ff
[    0.530810] rcu: Hierarchical SRCU implementation.
[    0.530896] NMI watchdog: Perf NMI watchdog permanently disabled
[    0.543879] smp: Bringing up secondary CPUs ...
[    0.544622] x86: Booting SMP configuration:
[    0.544763] .... node  #0, CPUs:          #1
[    0.021031] Disabled fast string operations
[    0.547650]    #2
[    0.021031] Disabled fast string operations
[    0.549133]    #3
[    0.021031] Disabled fast string operations
[    0.551591] smp: Brought up 1 node, 4 CPUs
[    0.551591] smpboot: Max logical packages: 32
[    0.551591] smpboot: Total of 4 processors activated (24000.00 BogoMIPS)
[    0.556193] devtmpfs: initialized
[    0.556193] x86/mm: Memory block size: 128MB
[    0.559350] PM: Registering ACPI NVS region [mem 0xbfeff000-0xbfefffff] (4096 bytes)
[    0.559360] clocksource: jiffies: mask: 0xffffffff max_cycles: 0xffffffff, max_idle_ns: 7645041785100000 ns
[    0.559360] futex hash table entries: 32768 (order: 9, 2097152 bytes)
[    0.567269] pinctrl core: initialized pinctrl subsystem
[    0.567504] RTC time:  9:50:57, date: 10/22/20
[    0.568814] NET: Registered protocol family 16
[    0.568988] audit: initializing netlink subsys (disabled)
[    0.569032] audit: type=2000 audit(1603360257.076:1): state=initialized audit_enabled=0 res=1
[    0.569032] cpuidle: using governor ladder
[    0.569032] cpuidle: using governor menu
[    0.569032] Simple Boot Flag at 0x36 set to 0x80
[    0.569032] ACPI: bus type PCI registered
[    0.569032] acpiphp: ACPI Hot Plug PCI Controller Driver version: 0.5
[    0.571196] PCI: MMCONFIG for domain 0000 [bus 00-7f] at [mem 0xf0000000-0xf7ffffff] (base 0xf0000000)
[    0.571246] PCI: MMCONFIG at [mem 0xf0000000-0xf7ffffff] reserved in E820
[    0.571307] PCI: Using configuration type 1 for base access
[    0.572217] HugeTLB registered 1.00 GiB page size, pre-allocated 0 pages
[    0.572217] HugeTLB registered 2.00 MiB page size, pre-allocated 0 pages
[    0.575907] ACPI: Added _OSI(Module Device)
[    0.576039] ACPI: Added _OSI(Processor Device)
[    0.576083] ACPI: Added _OSI(3.0 _SCP Extensions)
[    0.576109] ACPI: Added _OSI(Processor Aggregator Device)
[    0.576138] ACPI: Added _OSI(Linux-Dell-Video)
[    0.576163] ACPI: Added _OSI(Linux-Lenovo-NV-HDMI-Audio)
[    0.590810] ACPI: 1 ACPI AML tables successfully acquired and loaded
[    0.595447] ACPI: [Firmware Bug]: BIOS _OSI(Linux) query ignored
[    0.622972] ACPI: Interpreter enabled
[    0.623013] ACPI: (supports S0 S1 S4 S5)
[    0.623037] ACPI: Using IOAPIC for interrupt routing
[    0.623084] PCI: Using host bridge windows from ACPI; if necessary, use "pci=nocrs" and report a bug
[    0.624513] ACPI: Enabled 4 GPEs in block 00 to 0F
[    0.821414] ACPI: PCI Root Bridge [PCI0] (domain 0000 [bus 00-7f])
[    0.821458] acpi PNP0A03:00: _OSC: OS supports [ExtendedConfig ASPM ClockPM Segments MSI]
[    0.821681] acpi PNP0A03:00: _OSC: platform does not support [AER LTR]
[    0.821891] acpi PNP0A03:00: _OSC: OS now controls [PCIeHotplug PME PCIeCapability]
[    0.823418] PCI host bridge to bus 0000:00
[    0.823447] pci_bus 0000:00: root bus resource [mem 0x000a0000-0x000bffff window]
[    0.823488] pci_bus 0000:00: root bus resource [mem 0x000d0000-0x000d3fff window]
[    0.823529] pci_bus 0000:00: root bus resource [mem 0x000d4000-0x000d7fff window]
[    0.823570] pci_bus 0000:00: root bus resource [mem 0x000d8000-0x000dbfff window]
[    0.823608] pci_bus 0000:00: root bus resource [mem 0xc0000000-0xfebfffff window]
[    0.823655] pci_bus 0000:00: root bus resource [io  0x0000-0x0cf7 window]
[    0.823689] pci_bus 0000:00: root bus resource [io  0x0d00-0xfeff window]
[    0.823725] pci_bus 0000:00: root bus resource [bus 00-7f]
[    0.823799] pci 0000:00:00.0: [8086:7190] type 00 class 0x060000
[    0.824412] pci 0000:00:01.0: [8086:7191] type 01 class 0x060400
[    0.824845] pci 0000:00:07.0: [8086:7110] type 00 class 0x060100
[    0.825511] pci 0000:00:07.1: [8086:7111] type 00 class 0x01018a
[    0.826997] pci 0000:00:07.1: reg 0x20: [io  0x1060-0x106f]
[    0.827522] pci 0000:00:07.1: legacy IDE quirk: reg 0x10: [io  0x01f0-0x01f7]
[    0.827562] pci 0000:00:07.1: legacy IDE quirk: reg 0x14: [io  0x03f6]
[    0.827603] pci 0000:00:07.1: legacy IDE quirk: reg 0x18: [io  0x0170-0x0177]
[    0.827638] pci 0000:00:07.1: legacy IDE quirk: reg 0x1c: [io  0x0376]
[    0.827918] pci 0000:00:07.3: [8086:7113] type 00 class 0x068000
[    0.829501] pci 0000:00:07.3: quirk: [io  0x1000-0x103f] claimed by PIIX4 ACPI
[    0.829549] pci 0000:00:07.3: quirk: [io  0x1040-0x104f] claimed by PIIX4 SMB
[    0.829827] pci 0000:00:07.7: [15ad:0740] type 00 class 0x088000
[    0.830541] pci 0000:00:07.7: reg 0x10: [io  0x1080-0x10bf]
[    0.831094] pci 0000:00:07.7: reg 0x14: [mem 0xfebfe000-0xfebfffff 64bit]
[    0.834593] pci 0000:00:0f.0: [15ad:0405] type 00 class 0x030000
[    0.835537] pci 0000:00:0f.0: reg 0x10: [io  0x1070-0x107f]
[    0.837236] pci 0000:00:0f.0: reg 0x14: [mem 0xe8000000-0xefffffff pref]
[    0.838814] pci 0000:00:0f.0: reg 0x18: [mem 0xfe000000-0xfe7fffff]
[    0.845164] pci 0000:00:0f.0: reg 0x30: [mem 0x00000000-0x00007fff pref]
[    0.845622] pci 0000:00:10.0: [1000:0030] type 00 class 0x010000
[    0.846594] pci 0000:00:10.0: reg 0x10: [io  0x1400-0x14ff]
[    0.847290] pci 0000:00:10.0: reg 0x14: [mem 0xfeba0000-0xfebbffff 64bit]
[    0.848185] pci 0000:00:10.0: reg 0x1c: [mem 0xfebc0000-0xfebdffff 64bit]
[    0.850821] pci 0000:00:10.0: reg 0x30: [mem 0x00000000-0x00003fff pref]
[    0.851177] pci 0000:00:11.0: [15ad:0790] type 01 class 0x060401
[    0.851797] pci 0000:00:15.0: [15ad:07a0] type 01 class 0x060400
[    0.852323] pci 0000:00:15.0: PME# supported from D0 D3hot D3cold
[    0.852636] pci 0000:00:15.1: [15ad:07a0] type 01 class 0x060400
[    0.853160] pci 0000:00:15.1: PME# supported from D0 D3hot D3cold
[    0.853605] pci 0000:00:15.2: [15ad:07a0] type 01 class 0x060400
[    0.854133] pci 0000:00:15.2: PME# supported from D0 D3hot D3cold
[    0.854471] pci 0000:00:15.3: [15ad:07a0] type 01 class 0x060400
[    0.854988] pci 0000:00:15.3: PME# supported from D0 D3hot D3cold
[    0.855300] pci 0000:00:15.4: [15ad:07a0] type 01 class 0x060400
[    0.855827] pci 0000:00:15.4: PME# supported from D0 D3hot D3cold
[    0.856109] pci 0000:00:15.5: [15ad:07a0] type 01 class 0x060400
[    0.856628] pci 0000:00:15.5: PME# supported from D0 D3hot D3cold
[    0.856945] pci 0000:00:15.6: [15ad:07a0] type 01 class 0x060400
[    0.857465] pci 0000:00:15.6: PME# supported from D0 D3hot D3cold
[    0.857795] pci 0000:00:15.7: [15ad:07a0] type 01 class 0x060400
[    0.858315] pci 0000:00:15.7: PME# supported from D0 D3hot D3cold
[    0.858624] pci 0000:00:16.0: [15ad:07a0] type 01 class 0x060400
[    0.859160] pci 0000:00:16.0: PME# supported from D0 D3hot D3cold
[    0.859471] pci 0000:00:16.1: [15ad:07a0] type 01 class 0x060400
[    0.859997] pci 0000:00:16.1: PME# supported from D0 D3hot D3cold
[    0.860429] pci 0000:00:16.2: [15ad:07a0] type 01 class 0x060400
[    0.860956] pci 0000:00:16.2: PME# supported from D0 D3hot D3cold
[    0.861266] pci 0000:00:16.3: [15ad:07a0] type 01 class 0x060400
[    0.861786] pci 0000:00:16.3: PME# supported from D0 D3hot D3cold
[    0.862110] pci 0000:00:16.4: [15ad:07a0] type 01 class 0x060400
[    0.862632] pci 0000:00:16.4: PME# supported from D0 D3hot D3cold
[    0.862897] pci 0000:00:16.5: [15ad:07a0] type 01 class 0x060400
[    0.863417] pci 0000:00:16.5: PME# supported from D0 D3hot D3cold
[    0.863699] pci 0000:00:16.6: [15ad:07a0] type 01 class 0x060400
[    0.864219] pci 0000:00:16.6: PME# supported from D0 D3hot D3cold
[    0.864528] pci 0000:00:16.7: [15ad:07a0] type 01 class 0x060400
[    0.865049] pci 0000:00:16.7: PME# supported from D0 D3hot D3cold
[    0.865357] pci 0000:00:17.0: [15ad:07a0] type 01 class 0x060400
[    0.865884] pci 0000:00:17.0: PME# supported from D0 D3hot D3cold
[    0.866243] pci 0000:00:17.1: [15ad:07a0] type 01 class 0x060400
[    0.866780] pci 0000:00:17.1: PME# supported from D0 D3hot D3cold
[    0.867208] pci 0000:00:17.2: [15ad:07a0] type 01 class 0x060400
[    0.867736] pci 0000:00:17.2: PME# supported from D0 D3hot D3cold
[    0.868049] pci 0000:00:17.3: [15ad:07a0] type 01 class 0x060400
[    0.868570] pci 0000:00:17.3: PME# supported from D0 D3hot D3cold
[    0.868902] pci 0000:00:17.4: [15ad:07a0] type 01 class 0x060400
[    0.869426] pci 0000:00:17.4: PME# supported from D0 D3hot D3cold
[    0.869742] pci 0000:00:17.5: [15ad:07a0] type 01 class 0x060400
[    0.870264] pci 0000:00:17.5: PME# supported from D0 D3hot D3cold
[    0.870546] pci 0000:00:17.6: [15ad:07a0] type 01 class 0x060400
[    0.871064] pci 0000:00:17.6: PME# supported from D0 D3hot D3cold
[    0.871374] pci 0000:00:17.7: [15ad:07a0] type 01 class 0x060400
[    0.871900] pci 0000:00:17.7: PME# supported from D0 D3hot D3cold
[    0.872209] pci 0000:00:18.0: [15ad:07a0] type 01 class 0x060400
[    0.872736] pci 0000:00:18.0: PME# supported from D0 D3hot D3cold
[    0.873061] pci 0000:00:18.1: [15ad:07a0] type 01 class 0x060400
[    0.873581] pci 0000:00:18.1: PME# supported from D0 D3hot D3cold
[    0.874014] pci 0000:00:18.2: [15ad:07a0] type 01 class 0x060400
[    0.874534] pci 0000:00:18.2: PME# supported from D0 D3hot D3cold
[    0.874840] pci 0000:00:18.3: [15ad:07a0] type 01 class 0x060400
[    0.875360] pci 0000:00:18.3: PME# supported from D0 D3hot D3cold
[    0.875670] pci 0000:00:18.4: [15ad:07a0] type 01 class 0x060400
[    0.876237] pci 0000:00:18.4: PME# supported from D0 D3hot D3cold
[    0.876594] pci 0000:00:18.5: [15ad:07a0] type 01 class 0x060400
[    0.877122] pci 0000:00:18.5: PME# supported from D0 D3hot D3cold
[    0.877473] pci 0000:00:18.6: [15ad:07a0] type 01 class 0x060400
[    0.877994] pci 0000:00:18.6: PME# supported from D0 D3hot D3cold
[    0.878280] pci 0000:00:18.7: [15ad:07a0] type 01 class 0x060400
[    0.878805] pci 0000:00:18.7: PME# supported from D0 D3hot D3cold
[    0.879155] pci_bus 0000:01: extended config space not accessible
[    0.879439] pci 0000:00:01.0: PCI bridge to [bus 01]
[    0.879613] pci_bus 0000:02: extended config space not accessible
[    0.879935] acpiphp: Slot [32] registered
[    0.879992] acpiphp: Slot [33] registered
[    0.880177] acpiphp: Slot [34] registered
[    0.880232] acpiphp: Slot [35] registered
[    0.880314] acpiphp: Slot [36] registered
[    0.880368] acpiphp: Slot [37] registered
[    0.880420] acpiphp: Slot [38] registered
[    0.880471] acpiphp: Slot [39] registered
[    0.880523] acpiphp: Slot [40] registered
[    0.880575] acpiphp: Slot [41] registered
[    0.880626] acpiphp: Slot [42] registered
[    0.880678] acpiphp: Slot [43] registered
[    0.880735] acpiphp: Slot [44] registered
[    0.880787] acpiphp: Slot [45] registered
[    0.880838] acpiphp: Slot [46] registered
[    0.880890] acpiphp: Slot [47] registered
[    0.880968] acpiphp: Slot [48] registered
[    0.881020] acpiphp: Slot [49] registered
[    0.881072] acpiphp: Slot [50] registered
[    0.881123] acpiphp: Slot [51] registered
[    0.881174] acpiphp: Slot [52] registered
[    0.881226] acpiphp: Slot [53] registered
[    0.881277] acpiphp: Slot [54] registered
[    0.881328] acpiphp: Slot [55] registered
[    0.881379] acpiphp: Slot [56] registered
[    0.881430] acpiphp: Slot [57] registered
[    0.881482] acpiphp: Slot [58] registered
[    0.881677] acpiphp: Slot [59] registered
[    0.881763] acpiphp: Slot [60] registered
[    0.881816] acpiphp: Slot [61] registered
[    0.881868] acpiphp: Slot [62] registered
[    0.881920] acpiphp: Slot [63] registered
[    0.881995] pci 0000:02:00.0: [15ad:0774] type 00 class 0x0c0300
[    0.883196] pci 0000:02:00.0: reg 0x20: [io  0x2080-0x209f]
[    0.884059] pci 0000:02:01.0: [8086:100f] type 00 class 0x020000
[    0.885252] pci 0000:02:01.0: reg 0x10: [mem 0xfd5c0000-0xfd5dffff 64bit]
[    0.886299] pci 0000:02:01.0: reg 0x18: [mem 0xfdff0000-0xfdffffff 64bit]
[    0.886814] pci 0000:02:01.0: reg 0x20: [io  0x2000-0x203f]
[    0.888523] pci 0000:02:01.0: reg 0x30: [mem 0x00000000-0x0000ffff pref]
[    0.889068] pci 0000:02:02.0: [1274:1371] type 00 class 0x040100
[    0.889354] pci 0000:02:02.0: reg 0x10: [io  0x2040-0x207f]
[    0.891154] pci 0000:02:03.0: [15ad:0770] type 00 class 0x0c0320
[    0.891631] pci 0000:02:03.0: reg 0x10: [mem 0xfd5ef000-0xfd5effff]
[    0.894216] pci 0000:02:05.0: [15ad:07e0] type 00 class 0x010601
[    0.896395] pci 0000:02:05.0: reg 0x24: [mem 0xfd5ee000-0xfd5eefff]
[    0.897320] pci 0000:02:05.0: reg 0x30: [mem 0x00000000-0x0000ffff pref]
[    0.897598] pci 0000:02:05.0: PME# supported from D3hot
[    0.898037] pci 0000:00:11.0: PCI bridge to [bus 02] (subtractive decode)
[    0.898092] pci 0000:00:11.0:   bridge window [io  0x2000-0x3fff]
[    0.898106] pci 0000:00:11.0:   bridge window [mem 0xfd500000-0xfdffffff]
[    0.898132] pci 0000:00:11.0:   bridge window [mem 0xe7b00000-0xe7ffffff 64bit pref]
[    0.898133] pci 0000:00:11.0:   bridge window [mem 0x000a0000-0x000bffff window] (subtractive decode)
[    0.898134] pci 0000:00:11.0:   bridge window [mem 0x000d0000-0x000d3fff window] (subtractive decode)
[    0.898134] pci 0000:00:11.0:   bridge window [mem 0x000d4000-0x000d7fff window] (subtractive decode)
[    0.898135] pci 0000:00:11.0:   bridge window [mem 0x000d8000-0x000dbfff window] (subtractive decode)
[    0.898135] pci 0000:00:11.0:   bridge window [mem 0xc0000000-0xfebfffff window] (subtractive decode)
[    0.898136] pci 0000:00:11.0:   bridge window [io  0x0000-0x0cf7 window] (subtractive decode)
[    0.898136] pci 0000:00:11.0:   bridge window [io  0x0d00-0xfeff window] (subtractive decode)
[    0.898390] pci 0000:00:15.0: PCI bridge to [bus 03]
[    0.898440] pci 0000:00:15.0:   bridge window [io  0x4000-0x4fff]
[    0.898455] pci 0000:00:15.0:   bridge window [mem 0xfd400000-0xfd4fffff]
[    0.898482] pci 0000:00:15.0:   bridge window [mem 0xe7a00000-0xe7afffff 64bit pref]
[    0.898829] pci 0000:00:15.1: PCI bridge to [bus 04]
[    0.898873] pci 0000:00:15.1:   bridge window [io  0x8000-0x8fff]
[    0.898887] pci 0000:00:15.1:   bridge window [mem 0xfd000000-0xfd0fffff]
[    0.898914] pci 0000:00:15.1:   bridge window [mem 0xe7600000-0xe76fffff 64bit pref]
[    0.899175] pci 0000:00:15.2: PCI bridge to [bus 05]
[    0.899218] pci 0000:00:15.2:   bridge window [io  0xc000-0xcfff]
[    0.899232] pci 0000:00:15.2:   bridge window [mem 0xfcc00000-0xfccfffff]
[    0.899258] pci 0000:00:15.2:   bridge window [mem 0xe7200000-0xe72fffff 64bit pref]
[    0.899508] pci 0000:00:15.3: PCI bridge to [bus 06]
[    0.899564] pci 0000:00:15.3:   bridge window [mem 0xfc800000-0xfc8fffff]
[    0.899591] pci 0000:00:15.3:   bridge window [mem 0xe6e00000-0xe6efffff 64bit pref]
[    0.899859] pci 0000:00:15.4: PCI bridge to [bus 07]
[    0.899918] pci 0000:00:15.4:   bridge window [mem 0xfc400000-0xfc4fffff]
[    0.899947] pci 0000:00:15.4:   bridge window [mem 0xe6a00000-0xe6afffff 64bit pref]
[    0.900172] pci 0000:00:15.5: PCI bridge to [bus 08]
[    0.900227] pci 0000:00:15.5:   bridge window [mem 0xfc000000-0xfc0fffff]
[    0.900253] pci 0000:00:15.5:   bridge window [mem 0xe6600000-0xe66fffff 64bit pref]
[    0.900481] pci 0000:00:15.6: PCI bridge to [bus 09]
[    0.900537] pci 0000:00:15.6:   bridge window [mem 0xfbc00000-0xfbcfffff]
[    0.900563] pci 0000:00:15.6:   bridge window [mem 0xe6200000-0xe62fffff 64bit pref]
[    0.900815] pci 0000:00:15.7: PCI bridge to [bus 0a]
[    0.900870] pci 0000:00:15.7:   bridge window [mem 0xfb800000-0xfb8fffff]
[    0.900897] pci 0000:00:15.7:   bridge window [mem 0xe5e00000-0xe5efffff 64bit pref]
[    0.901121] pci 0000:00:16.0: PCI bridge to [bus 0b]
[    0.901164] pci 0000:00:16.0:   bridge window [io  0x5000-0x5fff]
[    0.901178] pci 0000:00:16.0:   bridge window [mem 0xfd300000-0xfd3fffff]
[    0.901204] pci 0000:00:16.0:   bridge window [mem 0xe7900000-0xe79fffff 64bit pref]
[    0.901484] pci 0000:00:16.1: PCI bridge to [bus 0c]
[    0.901527] pci 0000:00:16.1:   bridge window [io  0x9000-0x9fff]
[    0.901541] pci 0000:00:16.1:   bridge window [mem 0xfcf00000-0xfcffffff]
[    0.901567] pci 0000:00:16.1:   bridge window [mem 0xe7500000-0xe75fffff 64bit pref]
[    0.901793] pci 0000:00:16.2: PCI bridge to [bus 0d]
[    0.901836] pci 0000:00:16.2:   bridge window [io  0xd000-0xdfff]
[    0.901849] pci 0000:00:16.2:   bridge window [mem 0xfcb00000-0xfcbfffff]
[    0.901876] pci 0000:00:16.2:   bridge window [mem 0xe7100000-0xe71fffff 64bit pref]
[    0.902099] pci 0000:00:16.3: PCI bridge to [bus 0e]
[    0.902154] pci 0000:00:16.3:   bridge window [mem 0xfc700000-0xfc7fffff]
[    0.902180] pci 0000:00:16.3:   bridge window [mem 0xe6d00000-0xe6dfffff 64bit pref]
[    0.902440] pci 0000:00:16.4: PCI bridge to [bus 0f]
[    0.902496] pci 0000:00:16.4:   bridge window [mem 0xfc300000-0xfc3fffff]
[    0.902523] pci 0000:00:16.4:   bridge window [mem 0xe6900000-0xe69fffff 64bit pref]
[    0.902747] pci 0000:00:16.5: PCI bridge to [bus 10]
[    0.902802] pci 0000:00:16.5:   bridge window [mem 0xfbf00000-0xfbffffff]
[    0.902827] pci 0000:00:16.5:   bridge window [mem 0xe6500000-0xe65fffff 64bit pref]
[    0.903051] pci 0000:00:16.6: PCI bridge to [bus 11]
[    0.903106] pci 0000:00:16.6:   bridge window [mem 0xfbb00000-0xfbbfffff]
[    0.903132] pci 0000:00:16.6:   bridge window [mem 0xe6100000-0xe61fffff 64bit pref]
[    0.903385] pci 0000:00:16.7: PCI bridge to [bus 12]
[    0.903447] pci 0000:00:16.7:   bridge window [mem 0xfb700000-0xfb7fffff]
[    0.903473] pci 0000:00:16.7:   bridge window [mem 0xe5d00000-0xe5dfffff 64bit pref]
[    0.903698] pci 0000:00:17.0: PCI bridge to [bus 13]
[    0.903741] pci 0000:00:17.0:   bridge window [io  0x6000-0x6fff]
[    0.903755] pci 0000:00:17.0:   bridge window [mem 0xfd200000-0xfd2fffff]
[    0.903781] pci 0000:00:17.0:   bridge window [mem 0xe7800000-0xe78fffff 64bit pref]
[    0.904184] pci 0000:00:17.1: PCI bridge to [bus 14]
[    0.904227] pci 0000:00:17.1:   bridge window [io  0xa000-0xafff]
[    0.904241] pci 0000:00:17.1:   bridge window [mem 0xfce00000-0xfcefffff]
[    0.904267] pci 0000:00:17.1:   bridge window [mem 0xe7400000-0xe74fffff 64bit pref]
[    0.904499] pci 0000:00:17.2: PCI bridge to [bus 15]
[    0.904542] pci 0000:00:17.2:   bridge window [io  0xe000-0xefff]
[    0.904555] pci 0000:00:17.2:   bridge window [mem 0xfca00000-0xfcafffff]
[    0.904582] pci 0000:00:17.2:   bridge window [mem 0xe7000000-0xe70fffff 64bit pref]
[    0.904805] pci 0000:00:17.3: PCI bridge to [bus 16]
[    0.904861] pci 0000:00:17.3:   bridge window [mem 0xfc600000-0xfc6fffff]
[    0.904887] pci 0000:00:17.3:   bridge window [mem 0xe6c00000-0xe6cfffff 64bit pref]
[    0.905140] pci 0000:00:17.4: PCI bridge to [bus 17]
[    0.905197] pci 0000:00:17.4:   bridge window [mem 0xfc200000-0xfc2fffff]
[    0.905223] pci 0000:00:17.4:   bridge window [mem 0xe6800000-0xe68fffff 64bit pref]
[    0.905455] pci 0000:00:17.5: PCI bridge to [bus 18]
[    0.905510] pci 0000:00:17.5:   bridge window [mem 0xfbe00000-0xfbefffff]
[    0.905537] pci 0000:00:17.5:   bridge window [mem 0xe6400000-0xe64fffff 64bit pref]
[    0.905760] pci 0000:00:17.6: PCI bridge to [bus 19]
[    0.905816] pci 0000:00:17.6:   bridge window [mem 0xfba00000-0xfbafffff]
[    0.905842] pci 0000:00:17.6:   bridge window [mem 0xe6000000-0xe60fffff 64bit pref]
[    0.906093] pci 0000:00:17.7: PCI bridge to [bus 1a]
[    0.906148] pci 0000:00:17.7:   bridge window [mem 0xfb600000-0xfb6fffff]
[    0.906175] pci 0000:00:17.7:   bridge window [mem 0xe5c00000-0xe5cfffff 64bit pref]
[    0.906402] pci 0000:00:18.0: PCI bridge to [bus 1b]
[    0.906451] pci 0000:00:18.0:   bridge window [io  0x7000-0x7fff]
[    0.906465] pci 0000:00:18.0:   bridge window [mem 0xfd100000-0xfd1fffff]
[    0.906491] pci 0000:00:18.0:   bridge window [mem 0xe7700000-0xe77fffff 64bit pref]
[    0.906744] pci 0000:00:18.1: PCI bridge to [bus 1c]
[    0.906787] pci 0000:00:18.1:   bridge window [io  0xb000-0xbfff]
[    0.906800] pci 0000:00:18.1:   bridge window [mem 0xfcd00000-0xfcdfffff]
[    0.906826] pci 0000:00:18.1:   bridge window [mem 0xe7300000-0xe73fffff 64bit pref]
[    0.907100] pci 0000:00:18.2: PCI bridge to [bus 1d]
[    0.907157] pci 0000:00:18.2:   bridge window [mem 0xfc900000-0xfc9fffff]
[    0.907184] pci 0000:00:18.2:   bridge window [mem 0xe6f00000-0xe6ffffff 64bit pref]
[    0.907417] pci 0000:00:18.3: PCI bridge to [bus 1e]
[    0.907474] pci 0000:00:18.3:   bridge window [mem 0xfc500000-0xfc5fffff]
[    0.907501] pci 0000:00:18.3:   bridge window [mem 0xe6b00000-0xe6bfffff 64bit pref]
[    0.907765] pci 0000:00:18.4: PCI bridge to [bus 1f]
[    0.907821] pci 0000:00:18.4:   bridge window [mem 0xfc100000-0xfc1fffff]
[    0.907848] pci 0000:00:18.4:   bridge window [mem 0xe6700000-0xe67fffff 64bit pref]
[    0.908076] pci 0000:00:18.5: PCI bridge to [bus 20]
[    0.908131] pci 0000:00:18.5:   bridge window [mem 0xfbd00000-0xfbdfffff]
[    0.908157] pci 0000:00:18.5:   bridge window [mem 0xe6300000-0xe63fffff 64bit pref]
[    0.908411] pci 0000:00:18.6: PCI bridge to [bus 21]
[    0.908474] pci 0000:00:18.6:   bridge window [mem 0xfb900000-0xfb9fffff]
[    0.908500] pci 0000:00:18.6:   bridge window [mem 0xe5f00000-0xe5ffffff 64bit pref]
[    0.908740] pci 0000:00:18.7: PCI bridge to [bus 22]
[    0.908796] pci 0000:00:18.7:   bridge window [mem 0xfb500000-0xfb5fffff]
[    0.908822] pci 0000:00:18.7:   bridge window [mem 0xe5b00000-0xe5bfffff 64bit pref]
[    0.910713] ACPI: PCI Interrupt Link [LNKA] (IRQs 3 4 5 6 7 *9 10 11 14 15)
[    0.910823] ACPI: PCI Interrupt Link [LNKB] (IRQs 3 4 5 6 7 9 10 *11 14 15)
[    0.910929] ACPI: PCI Interrupt Link [LNKC] (IRQs 3 4 5 6 7 9 *10 11 14 15)
[    0.911034] ACPI: PCI Interrupt Link [LNKD] (IRQs 3 4 5 6 *7 9 10 11 14 15)
[    0.948437] SCSI subsystem initialized
[    0.948663] libata version 3.00 loaded.
[    0.948663] ACPI: bus type USB registered
[    0.948663] usbcore: registered new interface driver usbfs
[    0.948663] usbcore: registered new interface driver hub
[    0.948663] usbcore: registered new device driver usb
[    0.948663] pps_core: LinuxPPS API ver. 1 registered
[    0.948663] pps_core: Software ver. 5.3.6 - Copyright 2005-2007 Rodolfo Giometti <giometti@linux.it>
[    0.948663] PTP clock support registered
[    0.948663] EDAC MC: Ver: 3.0.0
[    0.950895] PCI: Using ACPI for IRQ routing
[    0.969567] PCI: pci_cache_line_size set to 64 bytes
[    0.970203] e820: reserve RAM buffer [mem 0x0009e800-0x0009ffff]
[    0.970205] e820: reserve RAM buffer [mem 0xbfed0000-0xbfffffff]
[    0.970464] NetLabel: Initializing
[    0.970493] NetLabel:  domain hash size = 128
[    0.970517] NetLabel:  protocols = UNLABELED CIPSOv4 CALIPSO
[    0.970554] NetLabel:  unlabeled traffic allowed by default
[    0.972429] hpet0: at MMIO 0xfed00000, IRQs 2, 8, 0, 0, 0, 0, 0, 0, 0, 0, 0, 0, 0, 0, 0, 0
[    0.972481] hpet0: 16 comparators, 64-bit 14.318180 MHz counter
[    0.974881] clocksource: Switched to clocksource tsc-early
[    1.012615] VFS: Disk quotas dquot_6.6.0
[    1.012686] VFS: Dquot-cache hash table entries: 512 (order 0, 4096 bytes)
[    1.013227] AppArmor: AppArmor Filesystem Enabled
[    1.013274] pnp: PnP ACPI init
[    1.013575] system 00:00: [io  0x1000-0x103f] has been reserved
[    1.013609] system 00:00: [io  0x1040-0x104f] has been reserved
[    1.013640] system 00:00: [io  0x0cf0-0x0cf1] has been reserved
[    1.013674] system 00:00: Plug and Play ACPI device, IDs PNP0c02 (active)
[    1.013693] pnp 00:01: Plug and Play ACPI device, IDs PNP0b00 (active)
[    1.013705] pnp 00:02: Plug and Play ACPI device, IDs PNP0303 (active)
[    1.013748] pnp 00:03: Plug and Play ACPI device, IDs VMW0003 PNP0f13 (active)
[    1.013969] system 00:04: [mem 0xfed00000-0xfed003ff] has been reserved
[    1.014015] system 00:04: Plug and Play ACPI device, IDs PNP0103 PNP0c01 (active)
[    1.015439] pnp 00:05: Plug and Play ACPI device, IDs PNP0501 (active)
[    1.015618] pnp 00:06: Plug and Play ACPI device, IDs PNP0501 (active)
[    1.015926] system 00:07: [io  0xfce0-0xfcff] has been reserved
[    1.015961] system 00:07: [mem 0xf0000000-0xf7ffffff] has been reserved
[    1.015995] system 00:07: [mem 0xfe800000-0xfe9fffff] has been reserved
[    1.016039] system 00:07: Plug and Play ACPI device, IDs PNP0c02 (active)
[    1.077502] pnp: PnP ACPI: found 8 devices
[    1.086704] clocksource: acpi_pm: mask: 0xffffff max_cycles: 0xffffff, max_idle_ns: 2085701024 ns
[    1.087001] pci 0000:00:15.3: bridge window [io  0x1000-0x0fff] to [bus 06] add_size 1000
[    1.087040] pci 0000:00:15.4: bridge window [io  0x1000-0x0fff] to [bus 07] add_size 1000
[    1.087080] pci 0000:00:15.5: bridge window [io  0x1000-0x0fff] to [bus 08] add_size 1000
[    1.087119] pci 0000:00:15.6: bridge window [io  0x1000-0x0fff] to [bus 09] add_size 1000
[    1.087158] pci 0000:00:15.7: bridge window [io  0x1000-0x0fff] to [bus 0a] add_size 1000
[    1.087314] pci 0000:00:16.3: bridge window [io  0x1000-0x0fff] to [bus 0e] add_size 1000
[    1.087353] pci 0000:00:16.4: bridge window [io  0x1000-0x0fff] to [bus 0f] add_size 1000
[    1.087392] pci 0000:00:16.5: bridge window [io  0x1000-0x0fff] to [bus 10] add_size 1000
[    1.087432] pci 0000:00:16.6: bridge window [io  0x1000-0x0fff] to [bus 11] add_size 1000
[    1.087471] pci 0000:00:16.7: bridge window [io  0x1000-0x0fff] to [bus 12] add_size 1000
[    1.087625] pci 0000:00:17.3: bridge window [io  0x1000-0x0fff] to [bus 16] add_size 1000
[    1.087664] pci 0000:00:17.4: bridge window [io  0x1000-0x0fff] to [bus 17] add_size 1000
[    1.087708] pci 0000:00:17.5: bridge window [io  0x1000-0x0fff] to [bus 18] add_size 1000
[    1.087748] pci 0000:00:17.6: bridge window [io  0x1000-0x0fff] to [bus 19] add_size 1000
[    1.087787] pci 0000:00:17.7: bridge window [io  0x1000-0x0fff] to [bus 1a] add_size 1000
[    1.087902] pci 0000:00:18.2: bridge window [io  0x1000-0x0fff] to [bus 1d] add_size 1000
[    1.087941] pci 0000:00:18.3: bridge window [io  0x1000-0x0fff] to [bus 1e] add_size 1000
[    1.087981] pci 0000:00:18.4: bridge window [io  0x1000-0x0fff] to [bus 1f] add_size 1000
[    1.088020] pci 0000:00:18.5: bridge window [io  0x1000-0x0fff] to [bus 20] add_size 1000
[    1.088059] pci 0000:00:18.6: bridge window [io  0x1000-0x0fff] to [bus 21] add_size 1000
[    1.088098] pci 0000:00:18.7: bridge window [io  0x1000-0x0fff] to [bus 22] add_size 1000
[    1.088126] pci 0000:00:0f.0: BAR 6: assigned [mem 0xc0000000-0xc0007fff pref]
[    1.088167] pci 0000:00:10.0: BAR 6: assigned [mem 0xc0008000-0xc000bfff pref]
[    1.088213] pci 0000:00:15.3: BAR 13: no space for [io  size 0x1000]
[    1.088246] pci 0000:00:15.3: BAR 13: failed to assign [io  size 0x1000]
[    1.088281] pci 0000:00:15.4: BAR 13: no space for [io  size 0x1000]
[    1.088313] pci 0000:00:15.4: BAR 13: failed to assign [io  size 0x1000]
[    1.088348] pci 0000:00:15.5: BAR 13: no space for [io  size 0x1000]
[    1.088380] pci 0000:00:15.5: BAR 13: failed to assign [io  size 0x1000]
[    1.088414] pci 0000:00:15.6: BAR 13: no space for [io  size 0x1000]
[    1.088447] pci 0000:00:15.6: BAR 13: failed to assign [io  size 0x1000]
[    1.088481] pci 0000:00:15.7: BAR 13: no space for [io  size 0x1000]
[    1.088513] pci 0000:00:15.7: BAR 13: failed to assign [io  size 0x1000]
[    1.088548] pci 0000:00:16.3: BAR 13: no space for [io  size 0x1000]
[    1.088580] pci 0000:00:16.3: BAR 13: failed to assign [io  size 0x1000]
[    1.088614] pci 0000:00:16.4: BAR 13: no space for [io  size 0x1000]
[    1.088647] pci 0000:00:16.4: BAR 13: failed to assign [io  size 0x1000]
[    1.088681] pci 0000:00:16.5: BAR 13: no space for [io  size 0x1000]
[    1.088720] pci 0000:00:16.5: BAR 13: failed to assign [io  size 0x1000]
[    1.088755] pci 0000:00:16.6: BAR 13: no space for [io  size 0x1000]
[    1.088787] pci 0000:00:16.6: BAR 13: failed to assign [io  size 0x1000]
[    1.088821] pci 0000:00:16.7: BAR 13: no space for [io  size 0x1000]
[    1.088854] pci 0000:00:16.7: BAR 13: failed to assign [io  size 0x1000]
[    1.088888] pci 0000:00:17.3: BAR 13: no space for [io  size 0x1000]
[    1.088920] pci 0000:00:17.3: BAR 13: failed to assign [io  size 0x1000]
[    1.088954] pci 0000:00:17.4: BAR 13: no space for [io  size 0x1000]
[    1.088987] pci 0000:00:17.4: BAR 13: failed to assign [io  size 0x1000]
[    1.089021] pci 0000:00:17.5: BAR 13: no space for [io  size 0x1000]
[    1.089054] pci 0000:00:17.5: BAR 13: failed to assign [io  size 0x1000]
[    1.089088] pci 0000:00:17.6: BAR 13: no space for [io  size 0x1000]
[    1.089121] pci 0000:00:17.6: BAR 13: failed to assign [io  size 0x1000]
[    1.089155] pci 0000:00:17.7: BAR 13: no space for [io  size 0x1000]
[    1.089187] pci 0000:00:17.7: BAR 13: failed to assign [io  size 0x1000]
[    1.089229] pci 0000:00:18.2: BAR 13: no space for [io  size 0x1000]
[    1.089261] pci 0000:00:18.2: BAR 13: failed to assign [io  size 0x1000]
[    1.089295] pci 0000:00:18.3: BAR 13: no space for [io  size 0x1000]
[    1.089328] pci 0000:00:18.3: BAR 13: failed to assign [io  size 0x1000]
[    1.089377] pci 0000:00:18.4: BAR 13: no space for [io  size 0x1000]
[    1.089410] pci 0000:00:18.4: BAR 13: failed to assign [io  size 0x1000]
[    1.089444] pci 0000:00:18.5: BAR 13: no space for [io  size 0x1000]
[    1.089477] pci 0000:00:18.5: BAR 13: failed to assign [io  size 0x1000]
[    1.089511] pci 0000:00:18.6: BAR 13: no space for [io  size 0x1000]
[    1.089543] pci 0000:00:18.6: BAR 13: failed to assign [io  size 0x1000]
[    1.089577] pci 0000:00:18.7: BAR 13: no space for [io  size 0x1000]
[    1.089610] pci 0000:00:18.7: BAR 13: failed to assign [io  size 0x1000]
[    1.089646] pci 0000:00:18.7: BAR 13: no space for [io  size 0x1000]
[    1.089678] pci 0000:00:18.7: BAR 13: failed to assign [io  size 0x1000]
[    1.089720] pci 0000:00:18.6: BAR 13: no space for [io  size 0x1000]
[    1.089752] pci 0000:00:18.6: BAR 13: failed to assign [io  size 0x1000]
[    1.089787] pci 0000:00:18.5: BAR 13: no space for [io  size 0x1000]
[    1.089819] pci 0000:00:18.5: BAR 13: failed to assign [io  size 0x1000]
[    1.089853] pci 0000:00:18.4: BAR 13: no space for [io  size 0x1000]
[    1.089885] pci 0000:00:18.4: BAR 13: failed to assign [io  size 0x1000]
[    1.089921] pci 0000:00:18.3: BAR 13: no space for [io  size 0x1000]
[    1.089953] pci 0000:00:18.3: BAR 13: failed to assign [io  size 0x1000]
[    1.089987] pci 0000:00:18.2: BAR 13: no space for [io  size 0x1000]
[    1.090020] pci 0000:00:18.2: BAR 13: failed to assign [io  size 0x1000]
[    1.090054] pci 0000:00:17.7: BAR 13: no space for [io  size 0x1000]
[    1.090086] pci 0000:00:17.7: BAR 13: failed to assign [io  size 0x1000]
[    1.090120] pci 0000:00:17.6: BAR 13: no space for [io  size 0x1000]
[    1.090153] pci 0000:00:17.6: BAR 13: failed to assign [io  size 0x1000]
[    1.090187] pci 0000:00:17.5: BAR 13: no space for [io  size 0x1000]
[    1.090226] pci 0000:00:17.5: BAR 13: failed to assign [io  size 0x1000]
[    1.090260] pci 0000:00:17.4: BAR 13: no space for [io  size 0x1000]
[    1.090293] pci 0000:00:17.4: BAR 13: failed to assign [io  size 0x1000]
[    1.090327] pci 0000:00:17.3: BAR 13: no space for [io  size 0x1000]
[    1.090359] pci 0000:00:17.3: BAR 13: failed to assign [io  size 0x1000]
[    1.090393] pci 0000:00:16.7: BAR 13: no space for [io  size 0x1000]
[    1.090426] pci 0000:00:16.7: BAR 13: failed to assign [io  size 0x1000]
[    1.090460] pci 0000:00:16.6: BAR 13: no space for [io  size 0x1000]
[    1.090493] pci 0000:00:16.6: BAR 13: failed to assign [io  size 0x1000]
[    1.090527] pci 0000:00:16.5: BAR 13: no space for [io  size 0x1000]
[    1.090559] pci 0000:00:16.5: BAR 13: failed to assign [io  size 0x1000]
[    1.090593] pci 0000:00:16.4: BAR 13: no space for [io  size 0x1000]
[    1.090626] pci 0000:00:16.4: BAR 13: failed to assign [io  size 0x1000]
[    1.090660] pci 0000:00:16.3: BAR 13: no space for [io  size 0x1000]
[    1.090693] pci 0000:00:16.3: BAR 13: failed to assign [io  size 0x1000]
[    1.090734] pci 0000:00:15.7: BAR 13: no space for [io  size 0x1000]
[    1.090766] pci 0000:00:15.7: BAR 13: failed to assign [io  size 0x1000]
[    1.090801] pci 0000:00:15.6: BAR 13: no space for [io  size 0x1000]
[    1.090814] pci 0000:00:15.6: BAR 13: failed to assign [io  size 0x1000]
[    1.090814] pci 0000:00:15.5: BAR 13: no space for [io  size 0x1000]
[    1.090814] pci 0000:00:15.5: BAR 13: failed to assign [io  size 0x1000]
[    1.090814] pci 0000:00:15.4: BAR 13: no space for [io  size 0x1000]
[    1.090814] pci 0000:00:15.4: BAR 13: failed to assign [io  size 0x1000]
[    1.090814] pci 0000:00:15.3: BAR 13: no space for [io  size 0x1000]
[    1.090814] pci 0000:00:15.3: BAR 13: failed to assign [io  size 0x1000]
[    1.090814] pci 0000:00:01.0: PCI bridge to [bus 01]
[    1.091168] pci 0000:02:01.0: BAR 6: assigned [mem 0xfd500000-0xfd50ffff pref]
[    1.091208] pci 0000:02:05.0: BAR 6: assigned [mem 0xfd510000-0xfd51ffff pref]
[    1.091253] pci 0000:00:11.0: PCI bridge to [bus 02]
[    1.091288] pci 0000:00:11.0:   bridge window [io  0x2000-0x3fff]
[    1.091350] pci 0000:00:11.0:   bridge window [mem 0xfd500000-0xfdffffff]
[    1.091398] pci 0000:00:11.0:   bridge window [mem 0xe7b00000-0xe7ffffff 64bit pref]
[    1.091464] pci 0000:00:15.0: PCI bridge to [bus 03]
[    1.091499] pci 0000:00:15.0:   bridge window [io  0x4000-0x4fff]
[    1.091550] pci 0000:00:15.0:   bridge window [mem 0xfd400000-0xfd4fffff]
[    1.091598] pci 0000:00:15.0:   bridge window [mem 0xe7a00000-0xe7afffff 64bit pref]
[    1.091704] pci 0000:00:15.1: PCI bridge to [bus 04]
[    1.091747] pci 0000:00:15.1:   bridge window [io  0x8000-0x8fff]
[    1.092000] pci 0000:00:15.1:   bridge window [mem 0xfd000000-0xfd0fffff]
[    1.092050] pci 0000:00:15.1:   bridge window [mem 0xe7600000-0xe76fffff 64bit pref]
[    1.092133] pci 0000:00:15.2: PCI bridge to [bus 05]
[    1.092170] pci 0000:00:15.2:   bridge window [io  0xc000-0xcfff]
[    1.092229] pci 0000:00:15.2:   bridge window [mem 0xfcc00000-0xfccfffff]
[    1.092278] pci 0000:00:15.2:   bridge window [mem 0xe7200000-0xe72fffff 64bit pref]
[    1.092355] pci 0000:00:15.3: PCI bridge to [bus 06]
[    1.092404] pci 0000:00:15.3:   bridge window [mem 0xfc800000-0xfc8fffff]
[    1.092451] pci 0000:00:15.3:   bridge window [mem 0xe6e00000-0xe6efffff 64bit pref]
[    1.092531] pci 0000:00:15.4: PCI bridge to [bus 07]
[    1.092580] pci 0000:00:15.4:   bridge window [mem 0xfc400000-0xfc4fffff]
[    1.092628] pci 0000:00:15.4:   bridge window [mem 0xe6a00000-0xe6afffff 64bit pref]
[    1.092711] pci 0000:00:15.5: PCI bridge to [bus 08]
[    1.092792] pci 0000:00:15.5:   bridge window [mem 0xfc000000-0xfc0fffff]
[    1.092840] pci 0000:00:15.5:   bridge window [mem 0xe6600000-0xe66fffff 64bit pref]
[    1.092917] pci 0000:00:15.6: PCI bridge to [bus 09]
[    1.092965] pci 0000:00:15.6:   bridge window [mem 0xfbc00000-0xfbcfffff]
[    1.093013] pci 0000:00:15.6:   bridge window [mem 0xe6200000-0xe62fffff 64bit pref]
[    1.093089] pci 0000:00:15.7: PCI bridge to [bus 0a]
[    1.093137] pci 0000:00:15.7:   bridge window [mem 0xfb800000-0xfb8fffff]
[    1.093185] pci 0000:00:15.7:   bridge window [mem 0xe5e00000-0xe5efffff 64bit pref]
[    1.093267] pci 0000:00:16.0: PCI bridge to [bus 0b]
[    1.093302] pci 0000:00:16.0:   bridge window [io  0x5000-0x5fff]
[    1.093354] pci 0000:00:16.0:   bridge window [mem 0xfd300000-0xfd3fffff]
[    1.093401] pci 0000:00:16.0:   bridge window [mem 0xe7900000-0xe79fffff 64bit pref]
[    1.093477] pci 0000:00:16.1: PCI bridge to [bus 0c]
[    1.093513] pci 0000:00:16.1:   bridge window [io  0x9000-0x9fff]
[    1.093564] pci 0000:00:16.1:   bridge window [mem 0xfcf00000-0xfcffffff]
[    1.093612] pci 0000:00:16.1:   bridge window [mem 0xe7500000-0xe75fffff 64bit pref]
[    1.093687] pci 0000:00:16.2: PCI bridge to [bus 0d]
[    1.093729] pci 0000:00:16.2:   bridge window [io  0xd000-0xdfff]
[    1.093780] pci 0000:00:16.2:   bridge window [mem 0xfcb00000-0xfcbfffff]
[    1.093828] pci 0000:00:16.2:   bridge window [mem 0xe7100000-0xe71fffff 64bit pref]
[    1.093904] pci 0000:00:16.3: PCI bridge to [bus 0e]
[    1.093952] pci 0000:00:16.3:   bridge window [mem 0xfc700000-0xfc7fffff]
[    1.093999] pci 0000:00:16.3:   bridge window [mem 0xe6d00000-0xe6dfffff 64bit pref]
[    1.094075] pci 0000:00:16.4: PCI bridge to [bus 0f]
[    1.094123] pci 0000:00:16.4:   bridge window [mem 0xfc300000-0xfc3fffff]
[    1.094171] pci 0000:00:16.4:   bridge window [mem 0xe6900000-0xe69fffff 64bit pref]
[    1.094252] pci 0000:00:16.5: PCI bridge to [bus 10]
[    1.094300] pci 0000:00:16.5:   bridge window [mem 0xfbf00000-0xfbffffff]
[    1.094348] pci 0000:00:16.5:   bridge window [mem 0xe6500000-0xe65fffff 64bit pref]
[    1.094424] pci 0000:00:16.6: PCI bridge to [bus 11]
[    1.094472] pci 0000:00:16.6:   bridge window [mem 0xfbb00000-0xfbbfffff]
[    1.094519] pci 0000:00:16.6:   bridge window [mem 0xe6100000-0xe61fffff 64bit pref]
[    1.094595] pci 0000:00:16.7: PCI bridge to [bus 12]
[    1.094643] pci 0000:00:16.7:   bridge window [mem 0xfb700000-0xfb7fffff]
[    1.094710] pci 0000:00:16.7:   bridge window [mem 0xe5d00000-0xe5dfffff 64bit pref]
[    1.094787] pci 0000:00:17.0: PCI bridge to [bus 13]
[    1.094828] pci 0000:00:17.0:   bridge window [io  0x6000-0x6fff]
[    1.094880] pci 0000:00:17.0:   bridge window [mem 0xfd200000-0xfd2fffff]
[    1.094928] pci 0000:00:17.0:   bridge window [mem 0xe7800000-0xe78fffff 64bit pref]
[    1.095005] pci 0000:00:17.1: PCI bridge to [bus 14]
[    1.095040] pci 0000:00:17.1:   bridge window [io  0xa000-0xafff]
[    1.095092] pci 0000:00:17.1:   bridge window [mem 0xfce00000-0xfcefffff]
[    1.095139] pci 0000:00:17.1:   bridge window [mem 0xe7400000-0xe74fffff 64bit pref]
[    1.095248] pci 0000:00:17.2: PCI bridge to [bus 15]
[    1.095288] pci 0000:00:17.2:   bridge window [io  0xe000-0xefff]
[    1.095342] pci 0000:00:17.2:   bridge window [mem 0xfca00000-0xfcafffff]
[    1.095390] pci 0000:00:17.2:   bridge window [mem 0xe7000000-0xe70fffff 64bit pref]
[    1.095472] pci 0000:00:17.3: PCI bridge to [bus 16]
[    1.095521] pci 0000:00:17.3:   bridge window [mem 0xfc600000-0xfc6fffff]
[    1.095570] pci 0000:00:17.3:   bridge window [mem 0xe6c00000-0xe6cfffff 64bit pref]
[    1.095647] pci 0000:00:17.4: PCI bridge to [bus 17]
[    1.095702] pci 0000:00:17.4:   bridge window [mem 0xfc200000-0xfc2fffff]
[    1.095750] pci 0000:00:17.4:   bridge window [mem 0xe6800000-0xe68fffff 64bit pref]
[    1.095827] pci 0000:00:17.5: PCI bridge to [bus 18]
[    1.095875] pci 0000:00:17.5:   bridge window [mem 0xfbe00000-0xfbefffff]
[    1.095923] pci 0000:00:17.5:   bridge window [mem 0xe6400000-0xe64fffff 64bit pref]
[    1.096000] pci 0000:00:17.6: PCI bridge to [bus 19]
[    1.096048] pci 0000:00:17.6:   bridge window [mem 0xfba00000-0xfbafffff]
[    1.096096] pci 0000:00:17.6:   bridge window [mem 0xe6000000-0xe60fffff 64bit pref]
[    1.096172] pci 0000:00:17.7: PCI bridge to [bus 1a]
[    1.096227] pci 0000:00:17.7:   bridge window [mem 0xfb600000-0xfb6fffff]
[    1.096275] pci 0000:00:17.7:   bridge window [mem 0xe5c00000-0xe5cfffff 64bit pref]
[    1.096351] pci 0000:00:18.0: PCI bridge to [bus 1b]
[    1.096387] pci 0000:00:18.0:   bridge window [io  0x7000-0x7fff]
[    1.096439] pci 0000:00:18.0:   bridge window [mem 0xfd100000-0xfd1fffff]
[    1.096487] pci 0000:00:18.0:   bridge window [mem 0xe7700000-0xe77fffff 64bit pref]
[    1.096563] pci 0000:00:18.1: PCI bridge to [bus 1c]
[    1.096599] pci 0000:00:18.1:   bridge window [io  0xb000-0xbfff]
[    1.096651] pci 0000:00:18.1:   bridge window [mem 0xfcd00000-0xfcdfffff]
[    1.096704] pci 0000:00:18.1:   bridge window [mem 0xe7300000-0xe73fffff 64bit pref]
[    1.096781] pci 0000:00:18.2: PCI bridge to [bus 1d]
[    1.096829] pci 0000:00:18.2:   bridge window [mem 0xfc900000-0xfc9fffff]
[    1.096877] pci 0000:00:18.2:   bridge window [mem 0xe6f00000-0xe6ffffff 64bit pref]
[    1.096954] pci 0000:00:18.3: PCI bridge to [bus 1e]
[    1.097002] pci 0000:00:18.3:   bridge window [mem 0xfc500000-0xfc5fffff]
[    1.097050] pci 0000:00:18.3:   bridge window [mem 0xe6b00000-0xe6bfffff 64bit pref]
[    1.097126] pci 0000:00:18.4: PCI bridge to [bus 1f]
[    1.097175] pci 0000:00:18.4:   bridge window [mem 0xfc100000-0xfc1fffff]
[    1.097229] pci 0000:00:18.4:   bridge window [mem 0xe6700000-0xe67fffff 64bit pref]
[    1.097305] pci 0000:00:18.5: PCI bridge to [bus 20]
[    1.097353] pci 0000:00:18.5:   bridge window [mem 0xfbd00000-0xfbdfffff]
[    1.097401] pci 0000:00:18.5:   bridge window [mem 0xe6300000-0xe63fffff 64bit pref]
[    1.097477] pci 0000:00:18.6: PCI bridge to [bus 21]
[    1.097526] pci 0000:00:18.6:   bridge window [mem 0xfb900000-0xfb9fffff]
[    1.097574] pci 0000:00:18.6:   bridge window [mem 0xe5f00000-0xe5ffffff 64bit pref]
[    1.097650] pci 0000:00:18.7: PCI bridge to [bus 22]
[    1.097704] pci 0000:00:18.7:   bridge window [mem 0xfb500000-0xfb5fffff]
[    1.097752] pci 0000:00:18.7:   bridge window [mem 0xe5b00000-0xe5bfffff 64bit pref]
[    1.097829] pci_bus 0000:00: resource 4 [mem 0x000a0000-0x000bffff window]
[    1.097830] pci_bus 0000:00: resource 5 [mem 0x000d0000-0x000d3fff window]
[    1.097831] pci_bus 0000:00: resource 6 [mem 0x000d4000-0x000d7fff window]
[    1.097831] pci_bus 0000:00: resource 7 [mem 0x000d8000-0x000dbfff window]
[    1.097832] pci_bus 0000:00: resource 8 [mem 0xc0000000-0xfebfffff window]
[    1.097832] pci_bus 0000:00: resource 9 [io  0x0000-0x0cf7 window]
[    1.097833] pci_bus 0000:00: resource 10 [io  0x0d00-0xfeff window]
[    1.097835] pci_bus 0000:02: resource 0 [io  0x2000-0x3fff]
[    1.097835] pci_bus 0000:02: resource 1 [mem 0xfd500000-0xfdffffff]
[    1.097836] pci_bus 0000:02: resource 2 [mem 0xe7b00000-0xe7ffffff 64bit pref]
[    1.097836] pci_bus 0000:02: resource 4 [mem 0x000a0000-0x000bffff window]
[    1.097837] pci_bus 0000:02: resource 5 [mem 0x000d0000-0x000d3fff window]
[    1.097837] pci_bus 0000:02: resource 6 [mem 0x000d4000-0x000d7fff window]
[    1.097838] pci_bus 0000:02: resource 7 [mem 0x000d8000-0x000dbfff window]
[    1.097838] pci_bus 0000:02: resource 8 [mem 0xc0000000-0xfebfffff window]
[    1.097839] pci_bus 0000:02: resource 9 [io  0x0000-0x0cf7 window]
[    1.097839] pci_bus 0000:02: resource 10 [io  0x0d00-0xfeff window]
[    1.097840] pci_bus 0000:03: resource 0 [io  0x4000-0x4fff]
[    1.097841] pci_bus 0000:03: resource 1 [mem 0xfd400000-0xfd4fffff]
[    1.097841] pci_bus 0000:03: resource 2 [mem 0xe7a00000-0xe7afffff 64bit pref]
[    1.097842] pci_bus 0000:04: resource 0 [io  0x8000-0x8fff]
[    1.097842] pci_bus 0000:04: resource 1 [mem 0xfd000000-0xfd0fffff]
[    1.097843] pci_bus 0000:04: resource 2 [mem 0xe7600000-0xe76fffff 64bit pref]
[    1.097844] pci_bus 0000:05: resource 0 [io  0xc000-0xcfff]
[    1.097844] pci_bus 0000:05: resource 1 [mem 0xfcc00000-0xfccfffff]
[    1.097845] pci_bus 0000:05: resource 2 [mem 0xe7200000-0xe72fffff 64bit pref]
[    1.097845] pci_bus 0000:06: resource 1 [mem 0xfc800000-0xfc8fffff]
[    1.097846] pci_bus 0000:06: resource 2 [mem 0xe6e00000-0xe6efffff 64bit pref]
[    1.097847] pci_bus 0000:07: resource 1 [mem 0xfc400000-0xfc4fffff]
[    1.097847] pci_bus 0000:07: resource 2 [mem 0xe6a00000-0xe6afffff 64bit pref]
[    1.097848] pci_bus 0000:08: resource 1 [mem 0xfc000000-0xfc0fffff]
[    1.097848] pci_bus 0000:08: resource 2 [mem 0xe6600000-0xe66fffff 64bit pref]
[    1.097849] pci_bus 0000:09: resource 1 [mem 0xfbc00000-0xfbcfffff]
[    1.097849] pci_bus 0000:09: resource 2 [mem 0xe6200000-0xe62fffff 64bit pref]
[    1.097850] pci_bus 0000:0a: resource 1 [mem 0xfb800000-0xfb8fffff]
[    1.097850] pci_bus 0000:0a: resource 2 [mem 0xe5e00000-0xe5efffff 64bit pref]
[    1.097851] pci_bus 0000:0b: resource 0 [io  0x5000-0x5fff]
[    1.097851] pci_bus 0000:0b: resource 1 [mem 0xfd300000-0xfd3fffff]
[    1.097852] pci_bus 0000:0b: resource 2 [mem 0xe7900000-0xe79fffff 64bit pref]
[    1.097853] pci_bus 0000:0c: resource 0 [io  0x9000-0x9fff]
[    1.097853] pci_bus 0000:0c: resource 1 [mem 0xfcf00000-0xfcffffff]
[    1.097854] pci_bus 0000:0c: resource 2 [mem 0xe7500000-0xe75fffff 64bit pref]
[    1.097854] pci_bus 0000:0d: resource 0 [io  0xd000-0xdfff]
[    1.097855] pci_bus 0000:0d: resource 1 [mem 0xfcb00000-0xfcbfffff]
[    1.097855] pci_bus 0000:0d: resource 2 [mem 0xe7100000-0xe71fffff 64bit pref]
[    1.097856] pci_bus 0000:0e: resource 1 [mem 0xfc700000-0xfc7fffff]
[    1.097856] pci_bus 0000:0e: resource 2 [mem 0xe6d00000-0xe6dfffff 64bit pref]
[    1.097857] pci_bus 0000:0f: resource 1 [mem 0xfc300000-0xfc3fffff]
[    1.097857] pci_bus 0000:0f: resource 2 [mem 0xe6900000-0xe69fffff 64bit pref]
[    1.097858] pci_bus 0000:10: resource 1 [mem 0xfbf00000-0xfbffffff]
[    1.097859] pci_bus 0000:10: resource 2 [mem 0xe6500000-0xe65fffff 64bit pref]
[    1.097859] pci_bus 0000:11: resource 1 [mem 0xfbb00000-0xfbbfffff]
[    1.097860] pci_bus 0000:11: resource 2 [mem 0xe6100000-0xe61fffff 64bit pref]
[    1.097860] pci_bus 0000:12: resource 1 [mem 0xfb700000-0xfb7fffff]
[    1.097861] pci_bus 0000:12: resource 2 [mem 0xe5d00000-0xe5dfffff 64bit pref]
[    1.097861] pci_bus 0000:13: resource 0 [io  0x6000-0x6fff]
[    1.097862] pci_bus 0000:13: resource 1 [mem 0xfd200000-0xfd2fffff]
[    1.097862] pci_bus 0000:13: resource 2 [mem 0xe7800000-0xe78fffff 64bit pref]
[    1.097863] pci_bus 0000:14: resource 0 [io  0xa000-0xafff]
[    1.097863] pci_bus 0000:14: resource 1 [mem 0xfce00000-0xfcefffff]
[    1.097864] pci_bus 0000:14: resource 2 [mem 0xe7400000-0xe74fffff 64bit pref]
[    1.097865] pci_bus 0000:15: resource 0 [io  0xe000-0xefff]
[    1.097865] pci_bus 0000:15: resource 1 [mem 0xfca00000-0xfcafffff]
[    1.097866] pci_bus 0000:15: resource 2 [mem 0xe7000000-0xe70fffff 64bit pref]
[    1.097866] pci_bus 0000:16: resource 1 [mem 0xfc600000-0xfc6fffff]
[    1.097867] pci_bus 0000:16: resource 2 [mem 0xe6c00000-0xe6cfffff 64bit pref]
[    1.097867] pci_bus 0000:17: resource 1 [mem 0xfc200000-0xfc2fffff]
[    1.097868] pci_bus 0000:17: resource 2 [mem 0xe6800000-0xe68fffff 64bit pref]
[    1.097868] pci_bus 0000:18: resource 1 [mem 0xfbe00000-0xfbefffff]
[    1.097869] pci_bus 0000:18: resource 2 [mem 0xe6400000-0xe64fffff 64bit pref]
[    1.097869] pci_bus 0000:19: resource 1 [mem 0xfba00000-0xfbafffff]
[    1.097870] pci_bus 0000:19: resource 2 [mem 0xe6000000-0xe60fffff 64bit pref]
[    1.097870] pci_bus 0000:1a: resource 1 [mem 0xfb600000-0xfb6fffff]
[    1.097871] pci_bus 0000:1a: resource 2 [mem 0xe5c00000-0xe5cfffff 64bit pref]
[    1.097872] pci_bus 0000:1b: resource 0 [io  0x7000-0x7fff]
[    1.097872] pci_bus 0000:1b: resource 1 [mem 0xfd100000-0xfd1fffff]
[    1.097873] pci_bus 0000:1b: resource 2 [mem 0xe7700000-0xe77fffff 64bit pref]
[    1.097873] pci_bus 0000:1c: resource 0 [io  0xb000-0xbfff]
[    1.097874] pci_bus 0000:1c: resource 1 [mem 0xfcd00000-0xfcdfffff]
[    1.097874] pci_bus 0000:1c: resource 2 [mem 0xe7300000-0xe73fffff 64bit pref]
[    1.097875] pci_bus 0000:1d: resource 1 [mem 0xfc900000-0xfc9fffff]
[    1.097875] pci_bus 0000:1d: resource 2 [mem 0xe6f00000-0xe6ffffff 64bit pref]
[    1.097876] pci_bus 0000:1e: resource 1 [mem 0xfc500000-0xfc5fffff]
[    1.097876] pci_bus 0000:1e: resource 2 [mem 0xe6b00000-0xe6bfffff 64bit pref]
[    1.097877] pci_bus 0000:1f: resource 1 [mem 0xfc100000-0xfc1fffff]
[    1.097877] pci_bus 0000:1f: resource 2 [mem 0xe6700000-0xe67fffff 64bit pref]
[    1.097878] pci_bus 0000:20: resource 1 [mem 0xfbd00000-0xfbdfffff]
[    1.097878] pci_bus 0000:20: resource 2 [mem 0xe6300000-0xe63fffff 64bit pref]
[    1.097879] pci_bus 0000:21: resource 1 [mem 0xfb900000-0xfb9fffff]
[    1.097880] pci_bus 0000:21: resource 2 [mem 0xe5f00000-0xe5ffffff 64bit pref]
[    1.097880] pci_bus 0000:22: resource 1 [mem 0xfb500000-0xfb5fffff]
[    1.097881] pci_bus 0000:22: resource 2 [mem 0xe5b00000-0xe5bfffff 64bit pref]
[    1.098093] NET: Registered protocol family 2
[    1.099103] tcp_listen_portaddr_hash hash table entries: 2048 (order: 3, 32768 bytes)
[    1.099348] TCP established hash table entries: 32768 (order: 6, 262144 bytes)
[    1.100417] TCP bind hash table entries: 32768 (order: 7, 524288 bytes)
[    1.102057] TCP: Hash tables configured (established 32768 bind 32768)
[    1.103332] UDP hash table entries: 2048 (order: 4, 65536 bytes)
[    1.103624] UDP-Lite hash table entries: 2048 (order: 4, 65536 bytes)
[    1.104813] NET: Registered protocol family 1
[    1.104846] pci 0000:00:00.0: Limiting direct PCI/PCI transfers
[    1.104990] pci 0000:00:0f.0: Video device with shadowed ROM at [mem 0x000c0000-0x000dffff]
[    1.106227] PCI: CLS mismatch (32 != 64), using 64 bytes
[    1.106966] Unpacking initramfs...
[    8.761883] Freeing initrd memory: 363336K
[    8.762060] PCI-DMA: Using software bounce buffering for IO (SWIOTLB)
[    8.762099] software IO TLB: mapped [mem 0xbbed0000-0xbfed0000] (64MB)
[    8.762317] Scanning for low memory corruption every 60 seconds
[    8.765610] Initialise system trusted keyrings
[    8.765654] Key type blacklist registered
[    8.765889] workingset: timestamp_bits=36 max_order=20 bucket_order=0
[    8.768433] zbud: loaded
[    8.770660] squashfs: version 4.0 (2009/01/31) Phillip Lougher
[    8.771623] fuse init (API version 7.27)
[    9.006163] Key type asymmetric registered
[    9.006197] Asymmetric key parser 'x509' registered
[    9.006235] Block layer SCSI generic (bsg) driver version 0.4 loaded (major 244)
[    9.006439] io scheduler noop registered
[    9.006464] io scheduler deadline registered
[    9.006558] io scheduler cfq registered (default)
[    9.007092] pcieport 0000:00:15.0: Signaling PME with IRQ 24
[    9.007172] pciehp 0000:00:15.0:pcie004: Slot #160 AttnBtn+ PwrCtrl+ MRL- AttnInd- PwrInd- HotPlug+ Surprise- Interlock- NoCompl+ LLActRep+
[    9.007910] pcieport 0000:00:15.1: Signaling PME with IRQ 25
[    9.007990] pciehp 0000:00:15.1:pcie004: Slot #161 AttnBtn+ PwrCtrl+ MRL- AttnInd- PwrInd- HotPlug+ Surprise- Interlock- NoCompl+ LLActRep+
[    9.008814] pcieport 0000:00:15.2: Signaling PME with IRQ 26
[    9.008896] pciehp 0000:00:15.2:pcie004: Slot #162 AttnBtn+ PwrCtrl+ MRL- AttnInd- PwrInd- HotPlug+ Surprise- Interlock- NoCompl+ LLActRep+
[    9.009573] pcieport 0000:00:15.3: Signaling PME with IRQ 27
[    9.009651] pciehp 0000:00:15.3:pcie004: Slot #163 AttnBtn+ PwrCtrl+ MRL- AttnInd- PwrInd- HotPlug+ Surprise- Interlock- NoCompl+ LLActRep+
[    9.010340] pcieport 0000:00:15.4: Signaling PME with IRQ 28
[    9.010418] pciehp 0000:00:15.4:pcie004: Slot #164 AttnBtn+ PwrCtrl+ MRL- AttnInd- PwrInd- HotPlug+ Surprise- Interlock- NoCompl+ LLActRep+
[    9.011095] pcieport 0000:00:15.5: Signaling PME with IRQ 29
[    9.011174] pciehp 0000:00:15.5:pcie004: Slot #165 AttnBtn+ PwrCtrl+ MRL- AttnInd- PwrInd- HotPlug+ Surprise- Interlock- NoCompl+ LLActRep+
[    9.011978] pcieport 0000:00:15.6: Signaling PME with IRQ 30
[    9.012061] pciehp 0000:00:15.6:pcie004: Slot #166 AttnBtn+ PwrCtrl+ MRL- AttnInd- PwrInd- HotPlug+ Surprise- Interlock- NoCompl+ LLActRep+
[    9.012774] pcieport 0000:00:15.7: Signaling PME with IRQ 31
[    9.012853] pciehp 0000:00:15.7:pcie004: Slot #167 AttnBtn+ PwrCtrl+ MRL- AttnInd- PwrInd- HotPlug+ Surprise- Interlock- NoCompl+ LLActRep+
[    9.013589] pcieport 0000:00:16.0: Signaling PME with IRQ 32
[    9.013668] pciehp 0000:00:16.0:pcie004: Slot #192 AttnBtn+ PwrCtrl+ MRL- AttnInd- PwrInd- HotPlug+ Surprise- Interlock- NoCompl+ LLActRep+
[    9.014336] pcieport 0000:00:16.1: Signaling PME with IRQ 33
[    9.014414] pciehp 0000:00:16.1:pcie004: Slot #193 AttnBtn+ PwrCtrl+ MRL- AttnInd- PwrInd- HotPlug+ Surprise- Interlock- NoCompl+ LLActRep+
[    9.015159] pcieport 0000:00:16.2: Signaling PME with IRQ 34
[    9.015240] pciehp 0000:00:16.2:pcie004: Slot #194 AttnBtn+ PwrCtrl+ MRL- AttnInd- PwrInd- HotPlug+ Surprise- Interlock- NoCompl+ LLActRep+
[    9.015963] pcieport 0000:00:16.3: Signaling PME with IRQ 35
[    9.016041] pciehp 0000:00:16.3:pcie004: Slot #195 AttnBtn+ PwrCtrl+ MRL- AttnInd- PwrInd- HotPlug+ Surprise- Interlock- NoCompl+ LLActRep+
[    9.016741] pcieport 0000:00:16.4: Signaling PME with IRQ 36
[    9.016824] pciehp 0000:00:16.4:pcie004: Slot #196 AttnBtn+ PwrCtrl+ MRL- AttnInd- PwrInd- HotPlug+ Surprise- Interlock- NoCompl+ LLActRep+
[    9.017672] pcieport 0000:00:16.5: Signaling PME with IRQ 37
[    9.017780] pciehp 0000:00:16.5:pcie004: Slot #197 AttnBtn+ PwrCtrl+ MRL- AttnInd- PwrInd- HotPlug+ Surprise- Interlock- NoCompl+ LLActRep+
[    9.018616] pcieport 0000:00:16.6: Signaling PME with IRQ 38
[    9.018696] pciehp 0000:00:16.6:pcie004: Slot #198 AttnBtn+ PwrCtrl+ MRL- AttnInd- PwrInd- HotPlug+ Surprise- Interlock- NoCompl+ LLActRep+
[    9.019409] pcieport 0000:00:16.7: Signaling PME with IRQ 39
[    9.019491] pciehp 0000:00:16.7:pcie004: Slot #199 AttnBtn+ PwrCtrl+ MRL- AttnInd- PwrInd- HotPlug+ Surprise- Interlock- NoCompl+ LLActRep+
[    9.020267] pcieport 0000:00:17.0: Signaling PME with IRQ 40
[    9.020378] pciehp 0000:00:17.0:pcie004: Slot #224 AttnBtn+ PwrCtrl+ MRL- AttnInd- PwrInd- HotPlug+ Surprise- Interlock- NoCompl+ LLActRep+
[    9.021054] pcieport 0000:00:17.1: Signaling PME with IRQ 41
[    9.021132] pciehp 0000:00:17.1:pcie004: Slot #225 AttnBtn+ PwrCtrl+ MRL- AttnInd- PwrInd- HotPlug+ Surprise- Interlock- NoCompl+ LLActRep+
[    9.021794] pcieport 0000:00:17.2: Signaling PME with IRQ 42
[    9.021872] pciehp 0000:00:17.2:pcie004: Slot #226 AttnBtn+ PwrCtrl+ MRL- AttnInd- PwrInd- HotPlug+ Surprise- Interlock- NoCompl+ LLActRep+
[    9.022546] pcieport 0000:00:17.3: Signaling PME with IRQ 43
[    9.022627] pciehp 0000:00:17.3:pcie004: Slot #227 AttnBtn+ PwrCtrl+ MRL- AttnInd- PwrInd- HotPlug+ Surprise- Interlock- NoCompl+ LLActRep+
[    9.023315] pcieport 0000:00:17.4: Signaling PME with IRQ 44
[    9.023394] pciehp 0000:00:17.4:pcie004: Slot #228 AttnBtn+ PwrCtrl+ MRL- AttnInd- PwrInd- HotPlug+ Surprise- Interlock- NoCompl+ LLActRep+
[    9.024067] pcieport 0000:00:17.5: Signaling PME with IRQ 45
[    9.024145] pciehp 0000:00:17.5:pcie004: Slot #229 AttnBtn+ PwrCtrl+ MRL- AttnInd- PwrInd- HotPlug+ Surprise- Interlock- NoCompl+ LLActRep+
[    9.024809] pcieport 0000:00:17.6: Signaling PME with IRQ 46
[    9.024886] pciehp 0000:00:17.6:pcie004: Slot #230 AttnBtn+ PwrCtrl+ MRL- AttnInd- PwrInd- HotPlug+ Surprise- Interlock- NoCompl+ LLActRep+
[    9.025551] pcieport 0000:00:17.7: Signaling PME with IRQ 47
[    9.025628] pciehp 0000:00:17.7:pcie004: Slot #231 AttnBtn+ PwrCtrl+ MRL- AttnInd- PwrInd- HotPlug+ Surprise- Interlock- NoCompl+ LLActRep+
[    9.026297] pcieport 0000:00:18.0: Signaling PME with IRQ 48
[    9.026382] pciehp 0000:00:18.0:pcie004: Slot #256 AttnBtn+ PwrCtrl+ MRL- AttnInd- PwrInd- HotPlug+ Surprise- Interlock- NoCompl+ LLActRep+
[    9.027068] pcieport 0000:00:18.1: Signaling PME with IRQ 49
[    9.027148] pciehp 0000:00:18.1:pcie004: Slot #257 AttnBtn+ PwrCtrl+ MRL- AttnInd- PwrInd- HotPlug+ Surprise- Interlock- NoCompl+ LLActRep+
[    9.027849] pcieport 0000:00:18.2: Signaling PME with IRQ 50
[    9.027928] pciehp 0000:00:18.2:pcie004: Slot #258 AttnBtn+ PwrCtrl+ MRL- AttnInd- PwrInd- HotPlug+ Surprise- Interlock- NoCompl+ LLActRep+
[    9.028750] pcieport 0000:00:18.3: Signaling PME with IRQ 51
[    9.028830] pciehp 0000:00:18.3:pcie004: Slot #259 AttnBtn+ PwrCtrl+ MRL- AttnInd- PwrInd- HotPlug+ Surprise- Interlock- NoCompl+ LLActRep+
[    9.029561] pcieport 0000:00:18.4: Signaling PME with IRQ 52
[    9.029670] pciehp 0000:00:18.4:pcie004: Slot #260 AttnBtn+ PwrCtrl+ MRL- AttnInd- PwrInd- HotPlug+ Surprise- Interlock- NoCompl+ LLActRep+
[    9.031052] pcieport 0000:00:18.5: Signaling PME with IRQ 53
[    9.031154] pciehp 0000:00:18.5:pcie004: Slot #261 AttnBtn+ PwrCtrl+ MRL- AttnInd- PwrInd- HotPlug+ Surprise- Interlock- NoCompl+ LLActRep+
[    9.031998] pcieport 0000:00:18.6: Signaling PME with IRQ 54
[    9.032087] pciehp 0000:00:18.6:pcie004: Slot #262 AttnBtn+ PwrCtrl+ MRL- AttnInd- PwrInd- HotPlug+ Surprise- Interlock- NoCompl+ LLActRep+
[    9.032799] pcieport 0000:00:18.7: Signaling PME with IRQ 55
[    9.032881] pciehp 0000:00:18.7:pcie004: Slot #263 AttnBtn+ PwrCtrl+ MRL- AttnInd- PwrInd- HotPlug+ Surprise- Interlock- NoCompl+ LLActRep+
[    9.033367] intel_idle: Please enable MWAIT in BIOS SETUP
[    9.033751] ACPI: AC Adapter [ACAD] (on-line)
[    9.033936] input: Power Button as /devices/LNXSYSTM:00/LNXPWRBN:00/input/input0
[    9.033998] ACPI: Power Button [PWRF]
[    9.034843] Serial: 8250/16550 driver, 32 ports, IRQ sharing enabled
[    9.059122] 00:05: ttyS0 at I/O 0x3f8 (irq = 4, base_baud = 115200) is a 16550A
[    9.084297] 00:06: ttyS1 at I/O 0x2f8 (irq = 3, base_baud = 115200) is a 16550A
[    9.105728] loop: module loaded
[    9.106362] ata_piix 0000:00:07.1: version 2.13
[    9.106844] scsi host0: ata_piix
[    9.107173] scsi host1: ata_piix
[    9.107220] ata1: PATA max UDMA/33 cmd 0x1f0 ctl 0x3f6 bmdma 0x1060 irq 14
[    9.107256] ata2: PATA max UDMA/33 cmd 0x170 ctl 0x376 bmdma 0x1068 irq 15
[    9.107356] libphy: Fixed MDIO Bus: probed
[    9.107382] tun: Universal TUN/TAP device driver, 1.6
[    9.107509] PPP generic driver version 2.4.2
[    9.107621] ehci_hcd: USB 2.0 'Enhanced' Host Controller (EHCI) Driver
[    9.107661] ehci-pci: EHCI PCI platform driver
[    9.108049] ehci-pci 0000:02:03.0: EHCI Host Controller
[    9.108083] ehci-pci 0000:02:03.0: new USB bus registered, assigned bus number 1
[    9.108272] ehci-pci 0000:02:03.0: cache line size of 64 is not supported
[    9.108311] ehci-pci 0000:02:03.0: irq 17, io mem 0xfd5ef000
[    9.123752] ehci-pci 0000:02:03.0: USB 2.0 started, EHCI 1.00
[    9.123843] usb usb1: New USB device found, idVendor=1d6b, idProduct=0002, bcdDevice= 4.19
[    9.123888] usb usb1: New USB device strings: Mfr=3, Product=2, SerialNumber=1
[    9.123926] usb usb1: Product: EHCI Host Controller
[    9.123953] usb usb1: Manufacturer: Linux 4.19.132 ehci_hcd
[    9.123982] usb usb1: SerialNumber: 0000:02:03.0
[    9.124893] hub 1-0:1.0: USB hub found
[    9.124923] hub 1-0:1.0: 6 ports detected
[    9.125101] ehci-platform: EHCI generic platform driver
[    9.125141] ohci_hcd: USB 1.1 'Open' Host Controller (OHCI) Driver
[    9.125291] ohci-pci: OHCI PCI platform driver
[    9.125332] ohci-platform: OHCI generic platform driver
[    9.125366] uhci_hcd: USB Universal Host Controller Interface driver
[    9.125754] uhci_hcd 0000:02:00.0: UHCI Host Controller
[    9.125787] uhci_hcd 0000:02:00.0: new USB bus registered, assigned bus number 2
[    9.125867] uhci_hcd 0000:02:00.0: detected 2 ports
[    9.126075] uhci_hcd 0000:02:00.0: irq 18, io base 0x00002080
[    9.126184] usb usb2: New USB device found, idVendor=1d6b, idProduct=0001, bcdDevice= 4.19
[    9.126228] usb usb2: New USB device strings: Mfr=3, Product=2, SerialNumber=1
[    9.126266] usb usb2: Product: UHCI Host Controller
[    9.126293] usb usb2: Manufacturer: Linux 4.19.132 uhci_hcd
[    9.126322] usb usb2: SerialNumber: 0000:02:00.0
[    9.126651] hub 2-0:1.0: USB hub found
[    9.126679] hub 2-0:1.0: 2 ports detected
[    9.126846] i8042: PNP: PS/2 Controller [PNP0303:KBC,PNP0f13:MOUS] at 0x60,0x64 irq 1,12
[    9.127976] serio: i8042 KBD port at 0x60,0x64 irq 1
[    9.128035] serio: i8042 AUX port at 0x60,0x64 irq 12
[    9.128743] mousedev: PS/2 mouse device common for all mice
[    9.149514] rtc_cmos 00:01: registered as rtc0
[    9.149559] rtc_cmos 00:01: alarms up to one month, y3k, 114 bytes nvram, hpet irqs
[    9.149608] i2c /dev entries driver
[    9.149719] device-mapper: uevent: version 1.0.3
[    9.149890] device-mapper: ioctl: 4.39.0-ioctl (2018-04-03) initialised: dm-devel@redhat.com
[    9.149938] intel_pstate: Intel P-state driver initializing
[    9.150041] intel_pstate: Disabling energy efficiency optimization
[    9.150070] input: AT Translated Set 2 keyboard as /devices/platform/i8042/serio0/input/input1
[    9.150149] cpufreq: cpufreq_online: Failed to initialize policy for cpu: 0 (-19)
[    9.150211] intel_pstate: Disabling energy efficiency optimization
[    9.150314] cpufreq: cpufreq_online: Failed to initialize policy for cpu: 1 (-19)
[    9.150371] intel_pstate: Disabling energy efficiency optimization
[    9.150465] cpufreq: cpufreq_online: Failed to initialize policy for cpu: 2 (-19)
[    9.150511] intel_pstate: Disabling energy efficiency optimization
[    9.150549] cpufreq: cpufreq_online: Failed to initialize policy for cpu: 3 (-19)
[    9.150817] ledtrig-cpu: registered to indicate activity on CPUs
[    9.151195] NET: Registered protocol family 10
[    9.153869] Segment Routing with IPv6
[    9.153907] NET: Registered protocol family 17
[    9.154036] Key type dns_resolver registered
[    9.154448] mce: Using 0 MCE banks
[    9.154480] RAS: Correctable Errors collector initialized.
[    9.154517] sched_clock: Marking stable (9137399164, 17031511)->(9174601027, -20170352)
[    9.155211] registered taskstats version 1
[    9.155242] Loading compiled-in X.509 certificates
[    9.155976] Loaded X.509 cert 'Build time autogenerated kernel key: 6fe08136bc4bab2c2ccb299e702c529ff55aeda5'
[    9.156048] zswap: loaded using pool lzo/zbud
[    9.160066] Key type big_key registered
[    9.160098] Key type trusted registered
[    9.161371] Key type encrypted registered
[    9.161400] AppArmor: AppArmor sha1 policy hashing enabled
[    9.161465] ima: No TPM chip found, activating TPM-bypass!
[    9.161499] ima: Allocated hash algorithm: sha1
[    9.161532] evm: Initialising EVM extended attributes:
[    9.161560] evm: security.selinux
[    9.161697] evm: security.SMACK64
[    9.161717] evm: security.SMACK64EXEC
[    9.161739] evm: security.SMACK64TRANSMUTE
[    9.161762] evm: security.SMACK64MMAP
[    9.161783] evm: security.apparmor
[    9.161803] evm: security.ima
[    9.161822] evm: security.capability
[    9.161843] evm: HMAC attrs: 0x1
[    9.163246]   Magic number: 8:419:829
[    9.163338] container PNP0A05:17: hash matches
[    9.163408] acpi PNP0A05:17: hash matches
[    9.163438] acpi PNP0C80:56: hash matches
[    9.163493] acpi device:b4: hash matches
[    9.163668] rtc_cmos 00:01: setting system clock to 2020-10-22 09:51:06 UTC (1603360266)
[    9.290577] Freeing unused decrypted memory: 2040K
[    9.291425] Freeing unused kernel image memory: 2468K
[    9.303094] Write protecting the kernel read-only data: 22528k
[    9.303552] Freeing unused kernel image memory: 2008K
[    9.303773] Freeing unused kernel image memory: 1604K
[    9.310034] x86/mm: Checked W+X mappings: passed, no W+X pages found.
[    9.310076] x86/mm: Checking user space page tables
[    9.316347] x86/mm: Checked W+X mappings: passed, no W+X pages found.
[    9.316400] Run /init as init process
[    9.324656] random: systemd-udevd: uninitialized urandom read (16 bytes read)
[    9.324747] random: systemd-udevd: uninitialized urandom read (16 bytes read)
[    9.324792] random: systemd-udevd: uninitialized urandom read (16 bytes read)
[    9.462885] usb 2-1: new full-speed USB device number 2 using uhci_hcd
[    9.483034] ahci 0000:02:05.0: version 3.0
[    9.483862] ahci 0000:02:05.0: AHCI 0001.0300 32 slots 30 ports 6 Gbps 0x3fffffff impl SATA mode
[    9.483921] ahci 0000:02:05.0: flags: 64bit ncq clo only 
[    9.484452] Fusion MPT base driver 3.04.20
[    9.484482] Copyright (c) 1999-2008 LSI Corporation
[    9.487277] e1000: Intel(R) PRO/1000 Network Driver - version 7.3.21-k8-NAPI
[    9.487330] e1000: Copyright (c) 1999-2006 Intel Corporation.
[    9.490365] scsi host2: ahci
[    9.492113] input: VirtualPS/2 VMware VMMouse as /devices/platform/i8042/serio1/input/input4
[    9.492326] input: VirtualPS/2 VMware VMMouse as /devices/platform/i8042/serio1/input/input3
[    9.492638] scsi host3: ahci
[    9.492891] Fusion MPT SPI Host driver 3.04.20
[    9.493524] mptbase: ioc0: Initiating bringup
[    9.498421] scsi host4: ahci
[    9.499007] scsi host5: ahci
[    9.502888] scsi host6: ahci
[    9.503047] scsi host7: ahci
[    9.510325] scsi host8: ahci
[    9.510518] scsi host9: ahci
[    9.510680] scsi host10: ahci
[    9.510959] scsi host11: ahci
[    9.511112] scsi host12: ahci
[    9.511278] scsi host13: ahci
[    9.511437] scsi host14: ahci
[    9.511719] scsi host15: ahci
[    9.511882] scsi host16: ahci
[    9.512052] scsi host17: ahci
[    9.512214] scsi host18: ahci
[    9.512375] scsi host19: ahci
[    9.512659] scsi host20: ahci
[    9.512827] scsi host21: ahci
[    9.513178] scsi host22: ahci
[    9.513433] scsi host23: ahci
[    9.513607] scsi host24: ahci
[    9.513820] scsi host25: ahci
[    9.513979] scsi host26: ahci
[    9.514142] scsi host27: ahci
[    9.514354] scsi host28: ahci
[    9.514532] scsi host29: ahci
[    9.514887] scsi host30: ahci
[    9.515529] scsi host31: ahci
[    9.515586] ata3: SATA max UDMA/133 abar m4096@0xfd5ee000 port 0xfd5ee100 irq 56
[    9.515639] ata4: SATA max UDMA/133 abar m4096@0xfd5ee000 port 0xfd5ee180 irq 56
[    9.515678] ata5: SATA max UDMA/133 abar m4096@0xfd5ee000 port 0xfd5ee200 irq 56
[    9.515718] ata6: SATA max UDMA/133 abar m4096@0xfd5ee000 port 0xfd5ee280 irq 56
[    9.515758] ata7: SATA max UDMA/133 abar m4096@0xfd5ee000 port 0xfd5ee300 irq 56
[    9.515798] ata8: SATA max UDMA/133 abar m4096@0xfd5ee000 port 0xfd5ee380 irq 56
[    9.515839] ata9: SATA max UDMA/133 abar m4096@0xfd5ee000 port 0xfd5ee400 irq 56
[    9.515879] ata10: SATA max UDMA/133 abar m4096@0xfd5ee000 port 0xfd5ee480 irq 56
[    9.515920] ata11: SATA max UDMA/133 abar m4096@0xfd5ee000 port 0xfd5ee500 irq 56
[    9.515960] ata12: SATA max UDMA/133 abar m4096@0xfd5ee000 port 0xfd5ee580 irq 56
[    9.516001] ata13: SATA max UDMA/133 abar m4096@0xfd5ee000 port 0xfd5ee600 irq 56
[    9.516041] ata14: SATA max UDMA/133 abar m4096@0xfd5ee000 port 0xfd5ee680 irq 56
[    9.516082] ata15: SATA max UDMA/133 abar m4096@0xfd5ee000 port 0xfd5ee700 irq 56
[    9.516122] ata16: SATA max UDMA/133 abar m4096@0xfd5ee000 port 0xfd5ee780 irq 56
[    9.516162] ata17: SATA max UDMA/133 abar m4096@0xfd5ee000 port 0xfd5ee800 irq 56
[    9.516201] ata18: SATA max UDMA/133 abar m4096@0xfd5ee000 port 0xfd5ee880 irq 56
[    9.516240] ata19: SATA max UDMA/133 abar m4096@0xfd5ee000 port 0xfd5ee900 irq 56
[    9.516280] ata20: SATA max UDMA/133 abar m4096@0xfd5ee000 port 0xfd5ee980 irq 56
[    9.516319] ata21: SATA max UDMA/133 abar m4096@0xfd5ee000 port 0xfd5eea00 irq 56
[    9.516358] ata22: SATA max UDMA/133 abar m4096@0xfd5ee000 port 0xfd5eea80 irq 56
[    9.516397] ata23: SATA max UDMA/133 abar m4096@0xfd5ee000 port 0xfd5eeb00 irq 56
[    9.516435] ata24: SATA max UDMA/133 abar m4096@0xfd5ee000 port 0xfd5eeb80 irq 56
[    9.516475] ata25: SATA max UDMA/133 abar m4096@0xfd5ee000 port 0xfd5eec00 irq 56
[    9.516514] ata26: SATA max UDMA/133 abar m4096@0xfd5ee000 port 0xfd5eec80 irq 56
[    9.516552] ata27: SATA max UDMA/133 abar m4096@0xfd5ee000 port 0xfd5eed00 irq 56
[    9.516591] ata28: SATA max UDMA/133 abar m4096@0xfd5ee000 port 0xfd5eed80 irq 56
[    9.516657] ata29: SATA max UDMA/133 abar m4096@0xfd5ee000 port 0xfd5eee00 irq 56
[    9.516699] ata30: SATA max UDMA/133 abar m4096@0xfd5ee000 port 0xfd5eee80 irq 56
[    9.516738] ata31: SATA max UDMA/133 abar m4096@0xfd5ee000 port 0xfd5eef00 irq 56
[    9.516777] ata32: SATA max UDMA/133 abar m4096@0xfd5ee000 port 0xfd5eef80 irq 56
[    9.603067] ioc0: LSI53C1030 B0: Capabilities={Initiator}
[    9.631125] usb 2-1: New USB device found, idVendor=0e0f, idProduct=0003, bcdDevice= 1.03
[    9.631175] usb 2-1: New USB device strings: Mfr=1, Product=2, SerialNumber=0
[    9.631211] usb 2-1: Product: VMware Virtual USB Mouse
[    9.631239] usb 2-1: Manufacturer: VMware
[    9.767307] usb 2-2: new full-speed USB device number 3 using uhci_hcd
[    9.767332] tsc: Refined TSC clocksource calibration: 3000.003 MHz
[    9.767432] clocksource: tsc: mask: 0xffffffffffffffff max_cycles: 0x2b3e47e4533, max_idle_ns: 440795202126 ns
[    9.771405] clocksource: Switched to clocksource tsc
[    9.830593] ata5: SATA link down (SStatus 0 SControl 300)
[    9.830660] ata3: SATA link down (SStatus 0 SControl 300)
[    9.830720] ata4: SATA link up 6.0 Gbps (SStatus 133 SControl 300)
[    9.830815] ata4.00: ATAPI: VMware Virtual SATA CDRW Drive, 00000001, max UDMA/33
[    9.830967] ata4.00: configured for UDMA/33
[    9.831092] ata6: SATA link down (SStatus 0 SControl 300)
[    9.831147] ata10: SATA link down (SStatus 0 SControl 300)
[    9.831265] ata8: SATA link down (SStatus 0 SControl 300)
[    9.831312] ata31: SATA link down (SStatus 0 SControl 300)
[    9.831425] scsi 3:0:0:0: CD-ROM            NECVMWar VMware SATA CD01 1.00 PQ: 0 ANSI: 5
[    9.835630] ata22: SATA link down (SStatus 0 SControl 300)
[    9.835683] ata27: SATA link down (SStatus 0 SControl 300)
[    9.835739] ata15: SATA link down (SStatus 0 SControl 300)
[    9.835780] ata19: SATA link down (SStatus 0 SControl 300)
[    9.835835] ata18: SATA link down (SStatus 0 SControl 300)
[    9.835889] ata12: SATA link down (SStatus 0 SControl 300)
[    9.835954] ata24: SATA link down (SStatus 0 SControl 300)
[    9.835990] ata14: SATA link down (SStatus 0 SControl 300)
[    9.836026] ata7: SATA link down (SStatus 0 SControl 300)
[    9.836061] ata13: SATA link down (SStatus 0 SControl 300)
[    9.836096] ata16: SATA link down (SStatus 0 SControl 300)
[    9.836132] ata25: SATA link down (SStatus 0 SControl 300)
[    9.836167] ata28: SATA link down (SStatus 0 SControl 300)
[    9.836203] ata17: SATA link down (SStatus 0 SControl 300)
[    9.836237] ata30: SATA link down (SStatus 0 SControl 300)
[    9.836273] ata23: SATA link down (SStatus 0 SControl 300)
[    9.836307] ata20: SATA link down (SStatus 0 SControl 300)
[    9.836342] ata21: SATA link down (SStatus 0 SControl 300)
[    9.836384] ata29: SATA link down (SStatus 0 SControl 300)
[    9.836419] ata32: SATA link down (SStatus 0 SControl 300)
[    9.836454] ata11: SATA link down (SStatus 0 SControl 300)
[    9.836495] ata26: SATA link down (SStatus 0 SControl 300)
