[    0.000000]  init/main.c start_kernel (550) Linux version 4.19.132 (root@ubuntu) (gcc version 9.3.0 (Debian 9.3.0-14)) #4 SMP Tue Nov 3 22:03:41 CST 2020
[    0.000000] Command line: BOOT_IMAGE=/boot/vmlinuz-4.19.132 root=UUID=7948e99d-4e2e-40bf-b955-60fecd9db270 ro console=tty1,console=ttyS1,115200n8
[    0.000000]  arch/x86/kernel/cpu/common.c early_cpu_init (1230) KERNEL supported cpus:
[    0.000000]  arch/x86/kernel/cpu/common.c early_cpu_init (1248)   Intel GenuineIntel
[    0.000000]  arch/x86/kernel/cpu/common.c early_cpu_init (1248)   AMD AuthenticAMD
[    0.000000]  arch/x86/kernel/cpu/common.c early_cpu_init (1248)   Centaur CentaurHauls
[    0.000000]  arch/x86/kernel/cpu/intel.c early_init_intel (272) Disabled fast string operations
[    0.000000]  arch/x86/kernel/fpu/xstate.c print_xstate_feature (298) x86/fpu: Supporting XSAVE feature 0x001: 'x87 floating point registers'
[    0.000000]  arch/x86/kernel/fpu/xstate.c print_xstate_feature (298) x86/fpu: Supporting XSAVE feature 0x002: 'SSE registers'
[    0.000000]  arch/x86/kernel/fpu/xstate.c print_xstate_feature (298) x86/fpu: Supporting XSAVE feature 0x004: 'AVX registers'
[    0.000000]  arch/x86/kernel/fpu/xstate.c print_xstate_offset_size (402) x86/fpu: xstate_offset[2]:  576, xstate_sizes[2]:  256
[    0.000000]  arch/x86/kernel/fpu/xstate.c fpu__init_system_xstate (784) x86/fpu: Enabled xstate features 0x7, context size is 832 bytes, using 'standard' format.
[    0.000000]  arch/x86/kernel/e820.c e820__memory_setup (1243) BIOS-provided physical RAM map:
[    0.000000]  arch/x86/kernel/e820.c e820__print_table (194) BIOS-e820: [mem 0x0000000000000000-0x000000000009e7ff] usable
[    0.000000]  arch/x86/kernel/e820.c e820__print_table (194) BIOS-e820: [mem 0x000000000009e800-0x000000000009ffff] reserved
[    0.000000]  arch/x86/kernel/e820.c e820__print_table (194) BIOS-e820: [mem 0x00000000000dc000-0x00000000000fffff] reserved
[    0.000000]  arch/x86/kernel/e820.c e820__print_table (194) BIOS-e820: [mem 0x0000000000100000-0x00000000bfecffff] usable
[    0.000000]  arch/x86/kernel/e820.c e820__print_table (194) BIOS-e820: [mem 0x00000000bfed0000-0x00000000bfefefff] ACPI data
[    0.000000]  arch/x86/kernel/e820.c e820__print_table (194) BIOS-e820: [mem 0x00000000bfeff000-0x00000000bfefffff] ACPI NVS
[    0.000000]  arch/x86/kernel/e820.c e820__print_table (194) BIOS-e820: [mem 0x00000000bff00000-0x00000000bfffffff] usable
[    0.000000]  arch/x86/kernel/e820.c e820__print_table (194) BIOS-e820: [mem 0x00000000f0000000-0x00000000f7ffffff] reserved
[    0.000000]  arch/x86/kernel/e820.c e820__print_table (194) BIOS-e820: [mem 0x00000000fec00000-0x00000000fec0ffff] reserved
[    0.000000]  arch/x86/kernel/e820.c e820__print_table (194) BIOS-e820: [mem 0x00000000fee00000-0x00000000fee00fff] reserved
[    0.000000]  arch/x86/kernel/e820.c e820__print_table (194) BIOS-e820: [mem 0x00000000fffe0000-0x00000000ffffffff] reserved
[    0.000000]  arch/x86/kernel/e820.c e820__print_table (194) BIOS-e820: [mem 0x0000000100000000-0x000000013fffffff] usable
[    0.000000] NX (Execute Disable) protection: active
[    0.000000]  drivers/firmware/dmi_scan.c dmi_present (572) SMBIOS 2.7 present.
[    0.000000]  drivers/firmware/dmi_scan.c dmi_present (582) DMI: VMware, Inc. VMware Virtual Platform/440BX Desktop Reference Platform, BIOS 6.00 07/02/2015
[    0.000000]  arch/x86/kernel/cpu/hypervisor.c detect_hypervisor_vendor (72) Hypervisor detected: VMware
[    0.000000]  arch/x86/kernel/cpu/vmware.c vmware_platform_setup (145) vmware: TSC freq read from hypervisor : 3000.003 MHz
[    0.000000]  arch/x86/kernel/cpu/vmware.c vmware_platform_setup (161) vmware: Host bus clock speed read from hypervisor : 66000000 Hz
[    0.000000]  arch/x86/kernel/cpu/vmware.c vmware_sched_clock_setup (101) vmware: using sched offset of 9500474668 ns
[    0.000001]  arch/x86/kernel/tsc.c determine_cpu_tsc_frequencies (1405) tsc: Detected 3000.003 MHz processor
[    0.003531] e820: update [mem 0x00000000-0x00000fff] usable ==> reserved
[    0.003533] e820: remove [mem 0x000a0000-0x000fffff] usable
[    0.003537]  arch/x86/kernel/e820.c e820_end_pfn (835) last_pfn = 0x140000 max_arch_pfn = 0x400000000
[    0.003565] MTRR default type: uncachable
[    0.003565] MTRR fixed ranges enabled:
[    0.003566]   00000-9FFFF write-back
[    0.003567]   A0000-BFFFF uncachable
[    0.003567]   C0000-CFFFF write-protect
[    0.003568]   D0000-EFFFF uncachable
[    0.003568]   F0000-FFFFF write-protect
[    0.003568] MTRR variable ranges enabled:
[    0.003569]   0 base 000C0000000 mask 3FFC0000000 uncachable
[    0.003570]   1 base 00000000000 mask 3E000000000 write-back
[    0.003570]   2 disabled
[    0.003570]   3 disabled
[    0.003571]   4 disabled
[    0.003571]   5 disabled
[    0.003571]   6 disabled
[    0.003572]   7 disabled
[    0.003590]  arch/x86/mm/pat.c __init_cache_modes (205) x86/PAT: Configuration [0-7]: WB  WC  UC- UC  WB  WP  UC- WT  
[    0.003601]  arch/x86/kernel/cpu/mtrr/cleanup.c mtrr_cleanup (735) total RAM covered: 130048M
[    0.003848]  arch/x86/kernel/cpu/mtrr/cleanup.c mtrr_cleanup (780) Found optimal setting for mtrr clean up
[    0.003849]  arch/x86/kernel/cpu/mtrr/cleanup.c mtrr_print_out_one_result (646)  gran_size: 64K 	chunk_size: 64K 	num_reg: 7  	lose cover RAM: 0G
[    0.003899] e820: update [mem 0xc0000000-0xffffffff] usable ==> reserved
[    0.003904]  arch/x86/kernel/e820.c e820_end_pfn (835) last_pfn = 0xc0000 max_arch_pfn = 0x400000000
[    0.010765]  arch/x86/kernel/mpparse.c smp_scan_config (600) found SMP MP-table at [mem 0x000f6a80-0x000f6a8f]
[    0.010843] Scanning 1 areas for low memory corruption
[    0.010876] Using GB pages for direct mapping
[    0.010979] RAMDISK: [mem 0x0b9c2000-0x21cd8fff]
[    0.010999]  drivers/acpi/tables.c acpi_table_init (751) ACPI: Early table checksum verification disabled
[    0.011046] ACPI: RSDP 0x00000000000F6A10 000024 (v02 PTLTD )
[    0.011050] ACPI: XSDT 0x00000000BFEDD60B 00005C (v01 INTEL  440BX    06040000 VMW  01324272)
[    0.011056] ACPI: FACP 0x00000000BFEFEE73 0000F4 (v04 INTEL  440BX    06040000 PTL  000F4240)
[    0.011061] ACPI: DSDT 0x00000000BFEDE9F5 02047E (v01 PTLTD  Custom   06040000 MSFT 03000001)
[    0.011065] ACPI: FACS 0x00000000BFEFFFC0 000040
[    0.011067] ACPI: FACS 0x00000000BFEFFFC0 000040
[    0.011070] ACPI: BOOT 0x00000000BFEDE9CD 000028 (v01 PTLTD  $SBFTBL$ 06040000  LTP 00000001)
[    0.011072] ACPI: APIC 0x00000000BFEDE28B 000742 (v01 PTLTD  ? APIC   06040000  LTP 00000000)
[    0.011075] ACPI: MCFG 0x00000000BFEDE24F 00003C (v01 PTLTD  $PCITBL$ 06040000  LTP 00000001)
[    0.011078] ACPI: SRAT 0x00000000BFEDD707 0008F8 (v02 VMWARE MEMPLUG  06040000 VMW  00000001)
[    0.011080] ACPI: HPET 0x00000000BFEDD6CF 000038 (v01 VMWARE VMW HPET 06040000 VMW  00000001)
[    0.011083] ACPI: WAET 0x00000000BFEDD6A7 000028 (v01 VMWARE VMW WAET 06040000 VMW  00000001)
[    0.011091] ACPI: Local APIC address 0xfee00000
[    0.011104] system APIC only can use physical flat
[    0.011104]  arch/x86/kernel/apic/probe_64.c default_acpi_madt_oem_check (64) Setting APIC routing to physical flat.
[    0.011143] SRAT: PXM 0 -> APIC 0x00 -> Node 0
[    0.011144] SRAT: PXM 0 -> APIC 0x01 -> Node 0
[    0.011144] SRAT: PXM 0 -> APIC 0x02 -> Node 0
[    0.011145] SRAT: PXM 0 -> APIC 0x03 -> Node 0
[    0.011145] SRAT: PXM 0 -> APIC 0x04 -> Node 0
[    0.011146] SRAT: PXM 0 -> APIC 0x05 -> Node 0
[    0.011146] SRAT: PXM 0 -> APIC 0x06 -> Node 0
[    0.011147] SRAT: PXM 0 -> APIC 0x07 -> Node 0
[    0.011147] SRAT: PXM 0 -> APIC 0x08 -> Node 0
[    0.011148] SRAT: PXM 0 -> APIC 0x09 -> Node 0
[    0.011148] SRAT: PXM 0 -> APIC 0x0a -> Node 0
[    0.011149] SRAT: PXM 0 -> APIC 0x0b -> Node 0
[    0.011149] SRAT: PXM 0 -> APIC 0x0c -> Node 0
[    0.011150] SRAT: PXM 0 -> APIC 0x0d -> Node 0
[    0.011150] SRAT: PXM 0 -> APIC 0x0e -> Node 0
[    0.011151] SRAT: PXM 0 -> APIC 0x0f -> Node 0
[    0.011152] SRAT: PXM 0 -> APIC 0x10 -> Node 0
[    0.011152] SRAT: PXM 0 -> APIC 0x11 -> Node 0
[    0.011153] SRAT: PXM 0 -> APIC 0x12 -> Node 0
[    0.011153] SRAT: PXM 0 -> APIC 0x13 -> Node 0
[    0.011154] SRAT: PXM 0 -> APIC 0x14 -> Node 0
[    0.011154] SRAT: PXM 0 -> APIC 0x15 -> Node 0
[    0.011155] SRAT: PXM 0 -> APIC 0x16 -> Node 0
[    0.011155] SRAT: PXM 0 -> APIC 0x17 -> Node 0
[    0.011156] SRAT: PXM 0 -> APIC 0x18 -> Node 0
[    0.011156] SRAT: PXM 0 -> APIC 0x19 -> Node 0
[    0.011157] SRAT: PXM 0 -> APIC 0x1a -> Node 0
[    0.011157] SRAT: PXM 0 -> APIC 0x1b -> Node 0
[    0.011158] SRAT: PXM 0 -> APIC 0x1c -> Node 0
[    0.011158] SRAT: PXM 0 -> APIC 0x1d -> Node 0
[    0.011159] SRAT: PXM 0 -> APIC 0x1e -> Node 0
[    0.011159] SRAT: PXM 0 -> APIC 0x1f -> Node 0
[    0.011160] SRAT: PXM 0 -> APIC 0x20 -> Node 0
[    0.011160] SRAT: PXM 0 -> APIC 0x21 -> Node 0
[    0.011161] SRAT: PXM 0 -> APIC 0x22 -> Node 0
[    0.011161] SRAT: PXM 0 -> APIC 0x23 -> Node 0
[    0.011162] SRAT: PXM 0 -> APIC 0x24 -> Node 0
[    0.011162] SRAT: PXM 0 -> APIC 0x25 -> Node 0
[    0.011163] SRAT: PXM 0 -> APIC 0x26 -> Node 0
[    0.011163] SRAT: PXM 0 -> APIC 0x27 -> Node 0
[    0.011164] SRAT: PXM 0 -> APIC 0x28 -> Node 0
[    0.011164] SRAT: PXM 0 -> APIC 0x29 -> Node 0
[    0.011165] SRAT: PXM 0 -> APIC 0x2a -> Node 0
[    0.011165] SRAT: PXM 0 -> APIC 0x2b -> Node 0
[    0.011166] SRAT: PXM 0 -> APIC 0x2c -> Node 0
[    0.011166] SRAT: PXM 0 -> APIC 0x2d -> Node 0
[    0.011167] SRAT: PXM 0 -> APIC 0x2e -> Node 0
[    0.011167] SRAT: PXM 0 -> APIC 0x2f -> Node 0
[    0.011168] SRAT: PXM 0 -> APIC 0x30 -> Node 0
[    0.011169] SRAT: PXM 0 -> APIC 0x31 -> Node 0
[    0.011169] SRAT: PXM 0 -> APIC 0x32 -> Node 0
[    0.011170] SRAT: PXM 0 -> APIC 0x33 -> Node 0
[    0.011170] SRAT: PXM 0 -> APIC 0x34 -> Node 0
[    0.011171] SRAT: PXM 0 -> APIC 0x35 -> Node 0
[    0.011171] SRAT: PXM 0 -> APIC 0x36 -> Node 0
[    0.011172] SRAT: PXM 0 -> APIC 0x37 -> Node 0
[    0.011172] SRAT: PXM 0 -> APIC 0x38 -> Node 0
[    0.011173] SRAT: PXM 0 -> APIC 0x39 -> Node 0
[    0.011173] SRAT: PXM 0 -> APIC 0x3a -> Node 0
[    0.011174] SRAT: PXM 0 -> APIC 0x3b -> Node 0
[    0.011174] SRAT: PXM 0 -> APIC 0x3c -> Node 0
[    0.011175] SRAT: PXM 0 -> APIC 0x3d -> Node 0
[    0.011175] SRAT: PXM 0 -> APIC 0x3e -> Node 0
[    0.011176] SRAT: PXM 0 -> APIC 0x3f -> Node 0
[    0.011176] SRAT: PXM 0 -> APIC 0x40 -> Node 0
[    0.011177] SRAT: PXM 0 -> APIC 0x41 -> Node 0
[    0.011177] SRAT: PXM 0 -> APIC 0x42 -> Node 0
[    0.011178] SRAT: PXM 0 -> APIC 0x43 -> Node 0
[    0.011178] SRAT: PXM 0 -> APIC 0x44 -> Node 0
[    0.011179] SRAT: PXM 0 -> APIC 0x45 -> Node 0
[    0.011179] SRAT: PXM 0 -> APIC 0x46 -> Node 0
[    0.011180] SRAT: PXM 0 -> APIC 0x47 -> Node 0
[    0.011180] SRAT: PXM 0 -> APIC 0x48 -> Node 0
[    0.011181] SRAT: PXM 0 -> APIC 0x49 -> Node 0
[    0.011181] SRAT: PXM 0 -> APIC 0x4a -> Node 0
[    0.011182] SRAT: PXM 0 -> APIC 0x4b -> Node 0
[    0.011182] SRAT: PXM 0 -> APIC 0x4c -> Node 0
[    0.011183] SRAT: PXM 0 -> APIC 0x4d -> Node 0
[    0.011183] SRAT: PXM 0 -> APIC 0x4e -> Node 0
[    0.011184] SRAT: PXM 0 -> APIC 0x4f -> Node 0
[    0.011184] SRAT: PXM 0 -> APIC 0x50 -> Node 0
[    0.011185] SRAT: PXM 0 -> APIC 0x51 -> Node 0
[    0.011185] SRAT: PXM 0 -> APIC 0x52 -> Node 0
[    0.011186] SRAT: PXM 0 -> APIC 0x53 -> Node 0
[    0.011186] SRAT: PXM 0 -> APIC 0x54 -> Node 0
[    0.011187] SRAT: PXM 0 -> APIC 0x55 -> Node 0
[    0.011187] SRAT: PXM 0 -> APIC 0x56 -> Node 0
[    0.011188] SRAT: PXM 0 -> APIC 0x57 -> Node 0
[    0.011189] SRAT: PXM 0 -> APIC 0x58 -> Node 0
[    0.011189] SRAT: PXM 0 -> APIC 0x59 -> Node 0
[    0.011190] SRAT: PXM 0 -> APIC 0x5a -> Node 0
[    0.011190] SRAT: PXM 0 -> APIC 0x5b -> Node 0
[    0.011191] SRAT: PXM 0 -> APIC 0x5c -> Node 0
[    0.011191] SRAT: PXM 0 -> APIC 0x5d -> Node 0
[    0.011192] SRAT: PXM 0 -> APIC 0x5e -> Node 0
[    0.011192] SRAT: PXM 0 -> APIC 0x5f -> Node 0
[    0.011193] SRAT: PXM 0 -> APIC 0x60 -> Node 0
[    0.011193] SRAT: PXM 0 -> APIC 0x61 -> Node 0
[    0.011194] SRAT: PXM 0 -> APIC 0x62 -> Node 0
[    0.011194] SRAT: PXM 0 -> APIC 0x63 -> Node 0
[    0.011195] SRAT: PXM 0 -> APIC 0x64 -> Node 0
[    0.011195] SRAT: PXM 0 -> APIC 0x65 -> Node 0
[    0.011196] SRAT: PXM 0 -> APIC 0x66 -> Node 0
[    0.011196] SRAT: PXM 0 -> APIC 0x67 -> Node 0
[    0.011197] SRAT: PXM 0 -> APIC 0x68 -> Node 0
[    0.011197] SRAT: PXM 0 -> APIC 0x69 -> Node 0
[    0.011198] SRAT: PXM 0 -> APIC 0x6a -> Node 0
[    0.011198] SRAT: PXM 0 -> APIC 0x6b -> Node 0
[    0.011199] SRAT: PXM 0 -> APIC 0x6c -> Node 0
[    0.011199] SRAT: PXM 0 -> APIC 0x6d -> Node 0
[    0.011200] SRAT: PXM 0 -> APIC 0x6e -> Node 0
[    0.011200] SRAT: PXM 0 -> APIC 0x6f -> Node 0
[    0.011201] SRAT: PXM 0 -> APIC 0x70 -> Node 0
[    0.011201] SRAT: PXM 0 -> APIC 0x71 -> Node 0
[    0.011202] SRAT: PXM 0 -> APIC 0x72 -> Node 0
[    0.011202] SRAT: PXM 0 -> APIC 0x73 -> Node 0
[    0.011203] SRAT: PXM 0 -> APIC 0x74 -> Node 0
[    0.011203] SRAT: PXM 0 -> APIC 0x75 -> Node 0
[    0.011204] SRAT: PXM 0 -> APIC 0x76 -> Node 0
[    0.011204] SRAT: PXM 0 -> APIC 0x77 -> Node 0
[    0.011205] SRAT: PXM 0 -> APIC 0x78 -> Node 0
[    0.011205] SRAT: PXM 0 -> APIC 0x79 -> Node 0
[    0.011206] SRAT: PXM 0 -> APIC 0x7a -> Node 0
[    0.011206] SRAT: PXM 0 -> APIC 0x7b -> Node 0
[    0.011207] SRAT: PXM 0 -> APIC 0x7c -> Node 0
[    0.011207] SRAT: PXM 0 -> APIC 0x7d -> Node 0
[    0.011208] SRAT: PXM 0 -> APIC 0x7e -> Node 0
[    0.011208] SRAT: PXM 0 -> APIC 0x7f -> Node 0
[    0.011212]  drivers/acpi/numa.c acpi_numa_memory_affinity_init (301) ACPI: SRAT: Node 0 PXM 0 [mem 0x00000000-0x0009ffff]
[    0.011213]  drivers/acpi/numa.c acpi_numa_memory_affinity_init (301) ACPI: SRAT: Node 0 PXM 0 [mem 0x00100000-0x0fffffff]
[    0.011214]  drivers/acpi/numa.c acpi_numa_memory_affinity_init (301) ACPI: SRAT: Node 0 PXM 0 [mem 0x10000000-0xbfffffff]
[    0.011214]  drivers/acpi/numa.c acpi_numa_memory_affinity_init (301) ACPI: SRAT: Node 0 PXM 0 [mem 0x100000000-0x13fffffff]
[    0.011215]  drivers/acpi/numa.c acpi_numa_memory_affinity_init (301) ACPI: SRAT: Node 0 PXM 0 [mem 0x140000000-0x103fffffff] hotplug
[    0.011218] NUMA: Node 0 [mem 0x00000000-0x0009ffff] + [mem 0x00100000-0x0fffffff] -> [mem 0x00000000-0x0fffffff]
[    0.011219] NUMA: Node 0 [mem 0x00000000-0x0fffffff] + [mem 0x10000000-0xbfffffff] -> [mem 0x00000000-0xbfffffff]
[    0.011219] NUMA: Node 0 [mem 0x00000000-0xbfffffff] + [mem 0x100000000-0x13fffffff] -> [mem 0x00000000-0x13fffffff]
[    0.011226] NODE_DATA(0) allocated [mem 0x13ffd3000-0x13fffdfff]
[    0.011400]  mm/page_alloc.c free_area_init_nodes (6917) Zone ranges:
[    0.011401]  mm/page_alloc.c free_area_init_nodes (6921)   DMA      [mem 0x0000000000001000-0x0000000000ffffff]
[    0.011403]  mm/page_alloc.c free_area_init_nodes (6921)   DMA32    [mem 0x0000000001000000-0x00000000ffffffff]
[    0.011404]  mm/page_alloc.c free_area_init_nodes (6921)   Normal   [mem 0x0000000100000000-0x000000013fffffff]
[    0.011405]  mm/page_alloc.c free_area_init_nodes (6921)   Device   empty
[    0.011406]  mm/page_alloc.c free_area_init_nodes (6934) Movable zone start for each node
[    0.011408]  mm/page_alloc.c free_area_init_nodes (6942) Early memory node ranges
[    0.011409]  mm/page_alloc.c free_area_init_nodes (6944)   node   0: [mem 0x0000000000001000-0x000000000009dfff]
[    0.011410]  mm/page_alloc.c free_area_init_nodes (6944)   node   0: [mem 0x0000000000100000-0x00000000bfecffff]
[    0.011410]  mm/page_alloc.c free_area_init_nodes (6944)   node   0: [mem 0x00000000bff00000-0x00000000bfffffff]
[    0.011411]  mm/page_alloc.c free_area_init_nodes (6944)   node   0: [mem 0x0000000100000000-0x000000013fffffff]
[    0.011419]  mm/page_alloc.c zero_resv_unavail (6523) Zeroed struct page in unavailable ranges: 147 pages
[    0.011420]  mm/page_alloc.c free_area_init_node (6439) Initmem setup node 0 [mem 0x0000000000001000-0x000000013fffffff]
[    0.011421] On node 0 totalpages: 1048429
[    0.011422]   DMA zone: 64 pages used for memmap
[    0.011422]   DMA zone: 21 pages reserved
[    0.011423]   DMA zone: 3997 pages, LIFO batch:0
[    0.011547]   DMA32 zone: 12224 pages used for memmap
[    0.011548]   DMA32 zone: 782288 pages, LIFO batch:63
[    0.034008]   Normal zone: 4096 pages used for memmap
[    0.034011]   Normal zone: 262144 pages, LIFO batch:63
[    0.050748] ACPI: PM-Timer IO Port: 0x1008
[    0.050752] ACPI: Local APIC address 0xfee00000
[    0.050756] system APIC only can use physical flat
[    0.050765]  drivers/acpi/tables.c acpi_table_print_madt_entry (126) ACPI: LAPIC_NMI (acpi_id[0x00] high edge lint[0x1])
[    0.050766]  drivers/acpi/tables.c acpi_table_print_madt_entry (126) ACPI: LAPIC_NMI (acpi_id[0x01] high edge lint[0x1])
[    0.050767]  drivers/acpi/tables.c acpi_table_print_madt_entry (126) ACPI: LAPIC_NMI (acpi_id[0x02] high edge lint[0x1])
[    0.050768]  drivers/acpi/tables.c acpi_table_print_madt_entry (126) ACPI: LAPIC_NMI (acpi_id[0x03] high edge lint[0x1])
[    0.050769]  drivers/acpi/tables.c acpi_table_print_madt_entry (126) ACPI: LAPIC_NMI (acpi_id[0x04] high edge lint[0x1])
[    0.050769]  drivers/acpi/tables.c acpi_table_print_madt_entry (126) ACPI: LAPIC_NMI (acpi_id[0x05] high edge lint[0x1])
[    0.050770]  drivers/acpi/tables.c acpi_table_print_madt_entry (126) ACPI: LAPIC_NMI (acpi_id[0x06] high edge lint[0x1])
[    0.050771]  drivers/acpi/tables.c acpi_table_print_madt_entry (126) ACPI: LAPIC_NMI (acpi_id[0x07] high edge lint[0x1])
[    0.050771]  drivers/acpi/tables.c acpi_table_print_madt_entry (126) ACPI: LAPIC_NMI (acpi_id[0x08] high edge lint[0x1])
[    0.050772]  drivers/acpi/tables.c acpi_table_print_madt_entry (126) ACPI: LAPIC_NMI (acpi_id[0x09] high edge lint[0x1])
[    0.050773]  drivers/acpi/tables.c acpi_table_print_madt_entry (126) ACPI: LAPIC_NMI (acpi_id[0x0a] high edge lint[0x1])
[    0.050773]  drivers/acpi/tables.c acpi_table_print_madt_entry (126) ACPI: LAPIC_NMI (acpi_id[0x0b] high edge lint[0x1])
[    0.050774]  drivers/acpi/tables.c acpi_table_print_madt_entry (126) ACPI: LAPIC_NMI (acpi_id[0x0c] high edge lint[0x1])
[    0.050775]  drivers/acpi/tables.c acpi_table_print_madt_entry (126) ACPI: LAPIC_NMI (acpi_id[0x0d] high edge lint[0x1])
[    0.050775]  drivers/acpi/tables.c acpi_table_print_madt_entry (126) ACPI: LAPIC_NMI (acpi_id[0x0e] high edge lint[0x1])
[    0.050776]  drivers/acpi/tables.c acpi_table_print_madt_entry (126) ACPI: LAPIC_NMI (acpi_id[0x0f] high edge lint[0x1])
[    0.050777]  drivers/acpi/tables.c acpi_table_print_madt_entry (126) ACPI: LAPIC_NMI (acpi_id[0x10] high edge lint[0x1])
[    0.050777]  drivers/acpi/tables.c acpi_table_print_madt_entry (126) ACPI: LAPIC_NMI (acpi_id[0x11] high edge lint[0x1])
[    0.050778]  drivers/acpi/tables.c acpi_table_print_madt_entry (126) ACPI: LAPIC_NMI (acpi_id[0x12] high edge lint[0x1])
[    0.050779]  drivers/acpi/tables.c acpi_table_print_madt_entry (126) ACPI: LAPIC_NMI (acpi_id[0x13] high edge lint[0x1])
[    0.050779]  drivers/acpi/tables.c acpi_table_print_madt_entry (126) ACPI: LAPIC_NMI (acpi_id[0x14] high edge lint[0x1])
[    0.050780]  drivers/acpi/tables.c acpi_table_print_madt_entry (126) ACPI: LAPIC_NMI (acpi_id[0x15] high edge lint[0x1])
[    0.050781]  drivers/acpi/tables.c acpi_table_print_madt_entry (126) ACPI: LAPIC_NMI (acpi_id[0x16] high edge lint[0x1])
[    0.050782]  drivers/acpi/tables.c acpi_table_print_madt_entry (126) ACPI: LAPIC_NMI (acpi_id[0x17] high edge lint[0x1])
[    0.050782]  drivers/acpi/tables.c acpi_table_print_madt_entry (126) ACPI: LAPIC_NMI (acpi_id[0x18] high edge lint[0x1])
[    0.050783]  drivers/acpi/tables.c acpi_table_print_madt_entry (126) ACPI: LAPIC_NMI (acpi_id[0x19] high edge lint[0x1])
[    0.050784]  drivers/acpi/tables.c acpi_table_print_madt_entry (126) ACPI: LAPIC_NMI (acpi_id[0x1a] high edge lint[0x1])
[    0.050784]  drivers/acpi/tables.c acpi_table_print_madt_entry (126) ACPI: LAPIC_NMI (acpi_id[0x1b] high edge lint[0x1])
[    0.050785]  drivers/acpi/tables.c acpi_table_print_madt_entry (126) ACPI: LAPIC_NMI (acpi_id[0x1c] high edge lint[0x1])
[    0.050786]  drivers/acpi/tables.c acpi_table_print_madt_entry (126) ACPI: LAPIC_NMI (acpi_id[0x1d] high edge lint[0x1])
[    0.050786]  drivers/acpi/tables.c acpi_table_print_madt_entry (126) ACPI: LAPIC_NMI (acpi_id[0x1e] high edge lint[0x1])
[    0.050787]  drivers/acpi/tables.c acpi_table_print_madt_entry (126) ACPI: LAPIC_NMI (acpi_id[0x1f] high edge lint[0x1])
[    0.050788]  drivers/acpi/tables.c acpi_table_print_madt_entry (126) ACPI: LAPIC_NMI (acpi_id[0x20] high edge lint[0x1])
[    0.050788]  drivers/acpi/tables.c acpi_table_print_madt_entry (126) ACPI: LAPIC_NMI (acpi_id[0x21] high edge lint[0x1])
[    0.050789]  drivers/acpi/tables.c acpi_table_print_madt_entry (126) ACPI: LAPIC_NMI (acpi_id[0x22] high edge lint[0x1])
[    0.050790]  drivers/acpi/tables.c acpi_table_print_madt_entry (126) ACPI: LAPIC_NMI (acpi_id[0x23] high edge lint[0x1])
[    0.050790]  drivers/acpi/tables.c acpi_table_print_madt_entry (126) ACPI: LAPIC_NMI (acpi_id[0x24] high edge lint[0x1])
[    0.050791]  drivers/acpi/tables.c acpi_table_print_madt_entry (126) ACPI: LAPIC_NMI (acpi_id[0x25] high edge lint[0x1])
[    0.050792]  drivers/acpi/tables.c acpi_table_print_madt_entry (126) ACPI: LAPIC_NMI (acpi_id[0x26] high edge lint[0x1])
[    0.050792]  drivers/acpi/tables.c acpi_table_print_madt_entry (126) ACPI: LAPIC_NMI (acpi_id[0x27] high edge lint[0x1])
[    0.050793]  drivers/acpi/tables.c acpi_table_print_madt_entry (126) ACPI: LAPIC_NMI (acpi_id[0x28] high edge lint[0x1])
[    0.050794]  drivers/acpi/tables.c acpi_table_print_madt_entry (126) ACPI: LAPIC_NMI (acpi_id[0x29] high edge lint[0x1])
[    0.050794]  drivers/acpi/tables.c acpi_table_print_madt_entry (126) ACPI: LAPIC_NMI (acpi_id[0x2a] high edge lint[0x1])
[    0.050795]  drivers/acpi/tables.c acpi_table_print_madt_entry (126) ACPI: LAPIC_NMI (acpi_id[0x2b] high edge lint[0x1])
[    0.050796]  drivers/acpi/tables.c acpi_table_print_madt_entry (126) ACPI: LAPIC_NMI (acpi_id[0x2c] high edge lint[0x1])
[    0.050796]  drivers/acpi/tables.c acpi_table_print_madt_entry (126) ACPI: LAPIC_NMI (acpi_id[0x2d] high edge lint[0x1])
[    0.050797]  drivers/acpi/tables.c acpi_table_print_madt_entry (126) ACPI: LAPIC_NMI (acpi_id[0x2e] high edge lint[0x1])
[    0.050798]  drivers/acpi/tables.c acpi_table_print_madt_entry (126) ACPI: LAPIC_NMI (acpi_id[0x2f] high edge lint[0x1])
[    0.050798]  drivers/acpi/tables.c acpi_table_print_madt_entry (126) ACPI: LAPIC_NMI (acpi_id[0x30] high edge lint[0x1])
[    0.050799]  drivers/acpi/tables.c acpi_table_print_madt_entry (126) ACPI: LAPIC_NMI (acpi_id[0x31] high edge lint[0x1])
[    0.050800]  drivers/acpi/tables.c acpi_table_print_madt_entry (126) ACPI: LAPIC_NMI (acpi_id[0x32] high edge lint[0x1])
[    0.050800]  drivers/acpi/tables.c acpi_table_print_madt_entry (126) ACPI: LAPIC_NMI (acpi_id[0x33] high edge lint[0x1])
[    0.050801]  drivers/acpi/tables.c acpi_table_print_madt_entry (126) ACPI: LAPIC_NMI (acpi_id[0x34] high edge lint[0x1])
[    0.050802]  drivers/acpi/tables.c acpi_table_print_madt_entry (126) ACPI: LAPIC_NMI (acpi_id[0x35] high edge lint[0x1])
[    0.050802]  drivers/acpi/tables.c acpi_table_print_madt_entry (126) ACPI: LAPIC_NMI (acpi_id[0x36] high edge lint[0x1])
[    0.050803]  drivers/acpi/tables.c acpi_table_print_madt_entry (126) ACPI: LAPIC_NMI (acpi_id[0x37] high edge lint[0x1])
[    0.050804]  drivers/acpi/tables.c acpi_table_print_madt_entry (126) ACPI: LAPIC_NMI (acpi_id[0x38] high edge lint[0x1])
[    0.050804]  drivers/acpi/tables.c acpi_table_print_madt_entry (126) ACPI: LAPIC_NMI (acpi_id[0x39] high edge lint[0x1])
[    0.050805]  drivers/acpi/tables.c acpi_table_print_madt_entry (126) ACPI: LAPIC_NMI (acpi_id[0x3a] high edge lint[0x1])
[    0.050806]  drivers/acpi/tables.c acpi_table_print_madt_entry (126) ACPI: LAPIC_NMI (acpi_id[0x3b] high edge lint[0x1])
[    0.050807]  drivers/acpi/tables.c acpi_table_print_madt_entry (126) ACPI: LAPIC_NMI (acpi_id[0x3c] high edge lint[0x1])
[    0.050807]  drivers/acpi/tables.c acpi_table_print_madt_entry (126) ACPI: LAPIC_NMI (acpi_id[0x3d] high edge lint[0x1])
[    0.050808]  drivers/acpi/tables.c acpi_table_print_madt_entry (126) ACPI: LAPIC_NMI (acpi_id[0x3e] high edge lint[0x1])
[    0.050809]  drivers/acpi/tables.c acpi_table_print_madt_entry (126) ACPI: LAPIC_NMI (acpi_id[0x3f] high edge lint[0x1])
[    0.050809]  drivers/acpi/tables.c acpi_table_print_madt_entry (126) ACPI: LAPIC_NMI (acpi_id[0x40] high edge lint[0x1])
[    0.050810]  drivers/acpi/tables.c acpi_table_print_madt_entry (126) ACPI: LAPIC_NMI (acpi_id[0x41] high edge lint[0x1])
[    0.050811]  drivers/acpi/tables.c acpi_table_print_madt_entry (126) ACPI: LAPIC_NMI (acpi_id[0x42] high edge lint[0x1])
[    0.050811]  drivers/acpi/tables.c acpi_table_print_madt_entry (126) ACPI: LAPIC_NMI (acpi_id[0x43] high edge lint[0x1])
[    0.050812]  drivers/acpi/tables.c acpi_table_print_madt_entry (126) ACPI: LAPIC_NMI (acpi_id[0x44] high edge lint[0x1])
[    0.050813]  drivers/acpi/tables.c acpi_table_print_madt_entry (126) ACPI: LAPIC_NMI (acpi_id[0x45] high edge lint[0x1])
[    0.050813]  drivers/acpi/tables.c acpi_table_print_madt_entry (126) ACPI: LAPIC_NMI (acpi_id[0x46] high edge lint[0x1])
[    0.050814]  drivers/acpi/tables.c acpi_table_print_madt_entry (126) ACPI: LAPIC_NMI (acpi_id[0x47] high edge lint[0x1])
[    0.050815]  drivers/acpi/tables.c acpi_table_print_madt_entry (126) ACPI: LAPIC_NMI (acpi_id[0x48] high edge lint[0x1])
[    0.050815]  drivers/acpi/tables.c acpi_table_print_madt_entry (126) ACPI: LAPIC_NMI (acpi_id[0x49] high edge lint[0x1])
[    0.050816]  drivers/acpi/tables.c acpi_table_print_madt_entry (126) ACPI: LAPIC_NMI (acpi_id[0x4a] high edge lint[0x1])
[    0.050817]  drivers/acpi/tables.c acpi_table_print_madt_entry (126) ACPI: LAPIC_NMI (acpi_id[0x4b] high edge lint[0x1])
[    0.050817]  drivers/acpi/tables.c acpi_table_print_madt_entry (126) ACPI: LAPIC_NMI (acpi_id[0x4c] high edge lint[0x1])
[    0.050818]  drivers/acpi/tables.c acpi_table_print_madt_entry (126) ACPI: LAPIC_NMI (acpi_id[0x4d] high edge lint[0x1])
[    0.050819]  drivers/acpi/tables.c acpi_table_print_madt_entry (126) ACPI: LAPIC_NMI (acpi_id[0x4e] high edge lint[0x1])
[    0.050819]  drivers/acpi/tables.c acpi_table_print_madt_entry (126) ACPI: LAPIC_NMI (acpi_id[0x4f] high edge lint[0x1])
[    0.050820]  drivers/acpi/tables.c acpi_table_print_madt_entry (126) ACPI: LAPIC_NMI (acpi_id[0x50] high edge lint[0x1])
[    0.050821]  drivers/acpi/tables.c acpi_table_print_madt_entry (126) ACPI: LAPIC_NMI (acpi_id[0x51] high edge lint[0x1])
[    0.050821]  drivers/acpi/tables.c acpi_table_print_madt_entry (126) ACPI: LAPIC_NMI (acpi_id[0x52] high edge lint[0x1])
[    0.050822]  drivers/acpi/tables.c acpi_table_print_madt_entry (126) ACPI: LAPIC_NMI (acpi_id[0x53] high edge lint[0x1])
[    0.050823]  drivers/acpi/tables.c acpi_table_print_madt_entry (126) ACPI: LAPIC_NMI (acpi_id[0x54] high edge lint[0x1])
[    0.050823]  drivers/acpi/tables.c acpi_table_print_madt_entry (126) ACPI: LAPIC_NMI (acpi_id[0x55] high edge lint[0x1])
[    0.050824]  drivers/acpi/tables.c acpi_table_print_madt_entry (126) ACPI: LAPIC_NMI (acpi_id[0x56] high edge lint[0x1])
[    0.050825]  drivers/acpi/tables.c acpi_table_print_madt_entry (126) ACPI: LAPIC_NMI (acpi_id[0x57] high edge lint[0x1])
[    0.050825]  drivers/acpi/tables.c acpi_table_print_madt_entry (126) ACPI: LAPIC_NMI (acpi_id[0x58] high edge lint[0x1])
[    0.050826]  drivers/acpi/tables.c acpi_table_print_madt_entry (126) ACPI: LAPIC_NMI (acpi_id[0x59] high edge lint[0x1])
[    0.050827]  drivers/acpi/tables.c acpi_table_print_madt_entry (126) ACPI: LAPIC_NMI (acpi_id[0x5a] high edge lint[0x1])
[    0.050827]  drivers/acpi/tables.c acpi_table_print_madt_entry (126) ACPI: LAPIC_NMI (acpi_id[0x5b] high edge lint[0x1])
[    0.050828]  drivers/acpi/tables.c acpi_table_print_madt_entry (126) ACPI: LAPIC_NMI (acpi_id[0x5c] high edge lint[0x1])
[    0.050829]  drivers/acpi/tables.c acpi_table_print_madt_entry (126) ACPI: LAPIC_NMI (acpi_id[0x5d] high edge lint[0x1])
[    0.050829]  drivers/acpi/tables.c acpi_table_print_madt_entry (126) ACPI: LAPIC_NMI (acpi_id[0x5e] high edge lint[0x1])
[    0.050830]  drivers/acpi/tables.c acpi_table_print_madt_entry (126) ACPI: LAPIC_NMI (acpi_id[0x5f] high edge lint[0x1])
[    0.050831]  drivers/acpi/tables.c acpi_table_print_madt_entry (126) ACPI: LAPIC_NMI (acpi_id[0x60] high edge lint[0x1])
[    0.050831]  drivers/acpi/tables.c acpi_table_print_madt_entry (126) ACPI: LAPIC_NMI (acpi_id[0x61] high edge lint[0x1])
[    0.050832]  drivers/acpi/tables.c acpi_table_print_madt_entry (126) ACPI: LAPIC_NMI (acpi_id[0x62] high edge lint[0x1])
[    0.050833]  drivers/acpi/tables.c acpi_table_print_madt_entry (126) ACPI: LAPIC_NMI (acpi_id[0x63] high edge lint[0x1])
[    0.050833]  drivers/acpi/tables.c acpi_table_print_madt_entry (126) ACPI: LAPIC_NMI (acpi_id[0x64] high edge lint[0x1])
[    0.050834]  drivers/acpi/tables.c acpi_table_print_madt_entry (126) ACPI: LAPIC_NMI (acpi_id[0x65] high edge lint[0x1])
[    0.050835]  drivers/acpi/tables.c acpi_table_print_madt_entry (126) ACPI: LAPIC_NMI (acpi_id[0x66] high edge lint[0x1])
[    0.050835]  drivers/acpi/tables.c acpi_table_print_madt_entry (126) ACPI: LAPIC_NMI (acpi_id[0x67] high edge lint[0x1])
[    0.050836]  drivers/acpi/tables.c acpi_table_print_madt_entry (126) ACPI: LAPIC_NMI (acpi_id[0x68] high edge lint[0x1])
[    0.050837]  drivers/acpi/tables.c acpi_table_print_madt_entry (126) ACPI: LAPIC_NMI (acpi_id[0x69] high edge lint[0x1])
[    0.050837]  drivers/acpi/tables.c acpi_table_print_madt_entry (126) ACPI: LAPIC_NMI (acpi_id[0x6a] high edge lint[0x1])
[    0.050838]  drivers/acpi/tables.c acpi_table_print_madt_entry (126) ACPI: LAPIC_NMI (acpi_id[0x6b] high edge lint[0x1])
[    0.050839]  drivers/acpi/tables.c acpi_table_print_madt_entry (126) ACPI: LAPIC_NMI (acpi_id[0x6c] high edge lint[0x1])
[    0.050839]  drivers/acpi/tables.c acpi_table_print_madt_entry (126) ACPI: LAPIC_NMI (acpi_id[0x6d] high edge lint[0x1])
[    0.050840]  drivers/acpi/tables.c acpi_table_print_madt_entry (126) ACPI: LAPIC_NMI (acpi_id[0x6e] high edge lint[0x1])
[    0.050841]  drivers/acpi/tables.c acpi_table_print_madt_entry (126) ACPI: LAPIC_NMI (acpi_id[0x6f] high edge lint[0x1])
[    0.050841]  drivers/acpi/tables.c acpi_table_print_madt_entry (126) ACPI: LAPIC_NMI (acpi_id[0x70] high edge lint[0x1])
[    0.050842]  drivers/acpi/tables.c acpi_table_print_madt_entry (126) ACPI: LAPIC_NMI (acpi_id[0x71] high edge lint[0x1])
[    0.050843]  drivers/acpi/tables.c acpi_table_print_madt_entry (126) ACPI: LAPIC_NMI (acpi_id[0x72] high edge lint[0x1])
[    0.050843]  drivers/acpi/tables.c acpi_table_print_madt_entry (126) ACPI: LAPIC_NMI (acpi_id[0x73] high edge lint[0x1])
[    0.050844]  drivers/acpi/tables.c acpi_table_print_madt_entry (126) ACPI: LAPIC_NMI (acpi_id[0x74] high edge lint[0x1])
[    0.050845]  drivers/acpi/tables.c acpi_table_print_madt_entry (126) ACPI: LAPIC_NMI (acpi_id[0x75] high edge lint[0x1])
[    0.050845]  drivers/acpi/tables.c acpi_table_print_madt_entry (126) ACPI: LAPIC_NMI (acpi_id[0x76] high edge lint[0x1])
[    0.050846]  drivers/acpi/tables.c acpi_table_print_madt_entry (126) ACPI: LAPIC_NMI (acpi_id[0x77] high edge lint[0x1])
[    0.050847]  drivers/acpi/tables.c acpi_table_print_madt_entry (126) ACPI: LAPIC_NMI (acpi_id[0x78] high edge lint[0x1])
[    0.050847]  drivers/acpi/tables.c acpi_table_print_madt_entry (126) ACPI: LAPIC_NMI (acpi_id[0x79] high edge lint[0x1])
[    0.050848]  drivers/acpi/tables.c acpi_table_print_madt_entry (126) ACPI: LAPIC_NMI (acpi_id[0x7a] high edge lint[0x1])
[    0.050849]  drivers/acpi/tables.c acpi_table_print_madt_entry (126) ACPI: LAPIC_NMI (acpi_id[0x7b] high edge lint[0x1])
[    0.050850]  drivers/acpi/tables.c acpi_table_print_madt_entry (126) ACPI: LAPIC_NMI (acpi_id[0x7c] high edge lint[0x1])
[    0.050850]  drivers/acpi/tables.c acpi_table_print_madt_entry (126) ACPI: LAPIC_NMI (acpi_id[0x7d] high edge lint[0x1])
[    0.050851]  drivers/acpi/tables.c acpi_table_print_madt_entry (126) ACPI: LAPIC_NMI (acpi_id[0x7e] high edge lint[0x1])
[    0.050852]  drivers/acpi/tables.c acpi_table_print_madt_entry (126) ACPI: LAPIC_NMI (acpi_id[0x7f] high edge lint[0x1])
[    0.050910]  arch/x86/kernel/apic/io_apic.c mp_register_ioapic (2867) IOAPIC[0]: apic_id 128, version 17, address 0xfec00000, GSI 0-23
[    0.050915]  drivers/acpi/tables.c acpi_table_print_madt_entry (99) ACPI: INT_SRC_OVR (bus 0 bus_irq 0 global_irq 2 high edge)
[    0.050918] ACPI: IRQ0 used by override.
[    0.050918] ACPI: IRQ9 used by override.
[    0.050921] Using ACPI (MADT) for SMP configuration information
[    0.050923] ACPI: HPET id: 0x8086af01 base: 0xfed00000
[    0.050928]  arch/x86/kernel/apic/apic.c init_apic_mappings (2027) TSC deadline timer available
[    0.050940]  arch/x86/kernel/smpboot.c prefill_possible_map (1456) smpboot: Allowing 128 CPUs, 124 hotplug CPUs
[    0.050951]  kernel/power/snapshot.c __register_nosave_region (979) PM: Registered nosave memory: [mem 0x00000000-0x00000fff]
[    0.050953]  kernel/power/snapshot.c __register_nosave_region (979) PM: Registered nosave memory: [mem 0x0009e000-0x0009efff]
[    0.050953]  kernel/power/snapshot.c __register_nosave_region (979) PM: Registered nosave memory: [mem 0x0009f000-0x0009ffff]
[    0.050954]  kernel/power/snapshot.c __register_nosave_region (979) PM: Registered nosave memory: [mem 0x000a0000-0x000dbfff]
[    0.050955]  kernel/power/snapshot.c __register_nosave_region (979) PM: Registered nosave memory: [mem 0x000dc000-0x000fffff]
[    0.050956]  kernel/power/snapshot.c __register_nosave_region (979) PM: Registered nosave memory: [mem 0xbfed0000-0xbfefefff]
[    0.050956]  kernel/power/snapshot.c __register_nosave_region (979) PM: Registered nosave memory: [mem 0xbfeff000-0xbfefffff]
[    0.050958]  kernel/power/snapshot.c __register_nosave_region (979) PM: Registered nosave memory: [mem 0xc0000000-0xefffffff]
[    0.050958]  kernel/power/snapshot.c __register_nosave_region (979) PM: Registered nosave memory: [mem 0xf0000000-0xf7ffffff]
[    0.050959]  kernel/power/snapshot.c __register_nosave_region (979) PM: Registered nosave memory: [mem 0xf8000000-0xfebfffff]
[    0.050960]  kernel/power/snapshot.c __register_nosave_region (979) PM: Registered nosave memory: [mem 0xfec00000-0xfec0ffff]
[    0.050960]  kernel/power/snapshot.c __register_nosave_region (979) PM: Registered nosave memory: [mem 0xfec10000-0xfedfffff]
[    0.050961]  kernel/power/snapshot.c __register_nosave_region (979) PM: Registered nosave memory: [mem 0xfee00000-0xfee00fff]
[    0.050961]  kernel/power/snapshot.c __register_nosave_region (979) PM: Registered nosave memory: [mem 0xfee01000-0xfffdffff]
[    0.050962]  kernel/power/snapshot.c __register_nosave_region (979) PM: Registered nosave memory: [mem 0xfffe0000-0xffffffff]
[    0.050964]  arch/x86/kernel/e820.c e820__setup_pci_gap (653) [mem 0xc0000000-0xefffffff] available for PCI devices
[    0.050965] Booting paravirtualized kernel on VMware hypervisor
[    0.050967]  kernel/time/clocksource.c __clocksource_update_freq_scale (927) clocksource: refined-jiffies: mask: 0xffffffff max_cycles: 0xffffffff, max_idle_ns: 7645519600211568 ns
[    0.050974]  drivers/char/random.c _warn_unseeded_randomness (1612) random: get_random_bytes called from start_kernel+0xa8/0x582 with crng_init=0
[    0.050980]  arch/x86/kernel/setup_percpu.c setup_per_cpu_areas (172) setup_percpu: NR_CPUS:8192 nr_cpumask_bits:128 nr_cpu_ids:128 nr_node_ids:1
[    0.060769]  mm/percpu.c pcpu_embed_first_chunk (2537) percpu: Embedded 46 pages/cpu s151552 r8192 d28672 u262144
[    0.060780] pcpu-alloc: s151552 r8192 d28672 u262144 alloc=1*2097152
[    0.060780] pcpu-alloc: [0] 000 001 002 003 004 005 006 007 
[    0.060782] pcpu-alloc: [0] 008 009 010 011 012 013 014 015 
[    0.060783] pcpu-alloc: [0] 016 017 018 019 020 021 022 023 
[    0.060785] pcpu-alloc: [0] 024 025 026 027 028 029 030 031 
[    0.060786] pcpu-alloc: [0] 032 033 034 035 036 037 038 039 
[    0.060787] pcpu-alloc: [0] 040 041 042 043 044 045 046 047 
[    0.060788] pcpu-alloc: [0] 048 049 050 051 052 053 054 055 
[    0.060789] pcpu-alloc: [0] 056 057 058 059 060 061 062 063 
[    0.060791] pcpu-alloc: [0] 064 065 066 067 068 069 070 071 
[    0.060792] pcpu-alloc: [0] 072 073 074 075 076 077 078 079 
[    0.060793] pcpu-alloc: [0] 080 081 082 083 084 085 086 087 
[    0.060794] pcpu-alloc: [0] 088 089 090 091 092 093 094 095 
[    0.060795] pcpu-alloc: [0] 096 097 098 099 100 101 102 103 
[    0.060796] pcpu-alloc: [0] 104 105 106 107 108 109 110 111 
[    0.060798] pcpu-alloc: [0] 112 113 114 115 116 117 118 119 
[    0.060799] pcpu-alloc: [0] 120 121 122 123 124 125 126 127 
[    0.060839]  mm/page_alloc.c build_all_zonelists (5463) Built 1 zonelists, mobility grouping on.  Total pages: 1032024
[    0.060840]  mm/page_alloc.c build_all_zonelists (5468) Policy zone: Normal
[    0.060842]  init/main.c start_kernel (569) Kernel command line: BOOT_IMAGE=/boot/vmlinuz-4.19.132 root=UUID=7948e99d-4e2e-40bf-b955-60fecd9db270 ro console=tty1,console=ttyS1,115200n8
[    0.060881]  kernel/printk/printk.c log_buf_add_cpu (1092) log_buf_len individual max cpu contribution: 4096 bytes
[    0.060882]  kernel/printk/printk.c log_buf_add_cpu (1094) log_buf_len total cpu_extra contributions: 520192 bytes
[    0.060882]  kernel/printk/printk.c log_buf_add_cpu (1096) log_buf_len min size: 262144 bytes
[    0.061297]  kernel/printk/printk.c setup_log_buf (1141) log_buf_len: 1048576 bytes
[    0.061298]  kernel/printk/printk.c setup_log_buf (1142) early log buf free: 223968(85%)
[    0.073846] Calgary: detecting Calgary via BIOS EBDA area
[    0.073849] Calgary: Unable to locate Rio Grande table in EBDA - bailing!
[    0.084061]  mm/page_alloc.c mem_init_print_info (7114) Memory: 3640640K/4193716K available (14348K kernel code, 2695K rwdata, 4692K rodata, 2492K init, 4928K bss, 553076K reserved, 0K cma-reserved)
[    0.084270]  mm/slub.c kmem_cache_init (4265) SLUB: HWalign=64, Order=0-3, MinObjects=0, CPUs=128, Nodes=1
[    0.084303]  arch/x86/mm/pti.c pti_init (605) Kernel/User page tables isolation: enabled
[    0.084344]  kernel/trace/ftrace.c ftrace_init (6185) ftrace: allocating 40854 entries in 160 pages
[    0.095365]  kernel/rcu/tree_plugin.h rcu_bootup_announce (915) rcu: Hierarchical RCU implementation.
[    0.095368]  kernel/rcu/tree_plugin.h rcu_bootup_announce_oddness (94) rcu: 	RCU restricting CPUs from NR_CPUS=8192 to nr_cpu_ids=128.
[    0.095369]  kernel/rcu/update.c rcu_tasks_bootup_oddness (866) 	Tasks RCU enabled.
[    0.095370]  kernel/rcu/tree.c rcu_init_geometry (4076) rcu: Adjusting geometry for rcu_fanout_leaf=16, nr_cpu_ids=128
[    0.097148] NR_IRQS: 524544, nr_irqs: 1448, preallocated irqs: 16
[    0.098791]  drivers/tty/vt/vt.c con_init (3385) Console: colour VGA+ 80x25
[    0.115239]  kernel/printk/printk.c register_console (2745) console [tty1] enabled
[    0.115319] ACPI: Core revision 20180810
[    0.115843]  kernel/time/clocksource.c __clocksource_update_freq_scale (927) clocksource: hpet: mask: 0xffffffff max_cycles: 0xffffffff, max_idle_ns: 133484882848 ns
[    0.115985] hpet clockevent registered
[    0.115995]  arch/x86/kernel/apic/apic.c apic_intr_mode_init (1401) APIC: Switch to symmetric I/O mode setup
[    0.117328] x2apic enabled
[    0.117791]  arch/x86/kernel/apic/probe_64.c default_setup_apic_routing (38) Switched APIC routing to physical x2apic.
[    0.119193] ..TIMER: vector=0x30 apic1=0 pin1=2 apic2=-1 pin2=-1
[    0.119386]  kernel/time/clocksource.c __clocksource_update_freq_scale (927) clocksource: tsc-early: mask: 0xffffffffffffffff max_cycles: 0x2b3e47e4533, max_idle_ns: 440795202126 ns
[    0.119835]  init/calibrate.c calibrate_delay (289) Calibrating delay loop (skipped) preset value.. 6000.00 BogoMIPS (lpj=12000012)
[    0.123826]  kernel/pid.c pid_idr_init (464) pid_max: default: 131072 minimum: 1024
[    0.124106]  security/security.c security_init (78) Security Framework initialized
[    0.124314]  security/yama/yama_lsm.c yama_add_hooks (484) Yama: becoming mindful.
[    0.124782] AppArmor: AppArmor initialized
[    0.125793]  mm/page_alloc.c alloc_large_system_hash (7692) Dentry cache hash table entries: 524288 (order: 10, 4194304 bytes)
[    0.126541]  mm/page_alloc.c alloc_large_system_hash (7692) Inode-cache hash table entries: 262144 (order: 9, 2097152 bytes)
[    0.126888]  mm/page_alloc.c alloc_large_system_hash (7692) Mount-cache hash table entries: 8192 (order: 4, 65536 bytes)
[    0.127199]  mm/page_alloc.c alloc_large_system_hash (7692) Mountpoint-cache hash table entries: 8192 (order: 4, 65536 bytes)
[    0.127891]  arch/x86/kernel/cpu/intel.c early_init_intel (272) Disabled fast string operations
[    0.128140] ENERGY_PERF_BIAS: Set to 'normal', was 'performance'
[    0.128303] ENERGY_PERF_BIAS: View and update with x86_energy_perf_policy(8)
[    0.128526]  arch/x86/kernel/cpu/common.c cpu_detect_tlb (655) Last level iTLB entries: 4KB 128, 2MB 8, 4MB 8
[    0.128796]  arch/x86/kernel/cpu/common.c cpu_detect_tlb (659) Last level dTLB entries: 4KB 64, 2MB 0, 4MB 0, 1GB 4
[    0.129086]  arch/x86/kernel/cpu/bugs.c spectre_v1_select_mitigation (568) Spectre V1 : Mitigation: usercopy/swapgs barriers and __user pointer sanitization
[    0.129461]  arch/x86/kernel/cpu/bugs.c spectre_v2_select_mitigation (920) Spectre V2 : Mitigation: Full generic retpoline
[    0.129758]  arch/x86/kernel/cpu/bugs.c spectre_v2_select_mitigation (931) Spectre V2 : Spectre v2 / SpectreRSB mitigation: Filling RSB on context switch
[    0.130133]  arch/x86/kernel/cpu/bugs.c ssb_select_mitigation (1191) Speculative Store Bypass: Vulnerable
[    0.130426]  arch/x86/kernel/cpu/bugs.c taa_select_mitigation (371) TAA: Vulnerable: Clear CPU buffers attempted, no microcode
[    0.130733]  arch/x86/kernel/cpu/bugs.c srbds_select_mitigation (470) SRBDS: Unknown: Dependent on hypervisor status
[    0.131023]  arch/x86/kernel/cpu/bugs.c mds_print_mitigation (264) MDS: Vulnerable: Clear CPU buffers attempted, no microcode
[    0.131497]  mm/page_alloc.c free_reserved_area (7061) Freeing SMP alternatives memory: 36K
[    0.135522]  arch/x86/kernel/smpboot.c native_smp_prepare_cpus (1312) smpboot: CPU0: Intel(R) Core(TM) i5-8500 CPU @ 3.00GHz (family: 0x6, model: 0x9e, stepping: 0xa)
[    0.135821]  arch/x86/events/core.c init_hw_perf_events (1748) Performance Events: Skylake events, core PMU driver.
[    0.135821]  arch/x86/events/intel/core.c intel_arch_events_quirk (3836) core: CPUID marked event: 'cpu cycles' unavailable
[    0.135821]  arch/x86/events/intel/core.c intel_arch_events_quirk (3836) core: CPUID marked event: 'instructions' unavailable
[    0.135821]  arch/x86/events/intel/core.c intel_arch_events_quirk (3836) core: CPUID marked event: 'bus cycles' unavailable
[    0.135821]  arch/x86/events/intel/core.c intel_arch_events_quirk (3836) core: CPUID marked event: 'cache references' unavailable
[    0.135821]  arch/x86/events/intel/core.c intel_arch_events_quirk (3836) core: CPUID marked event: 'cache misses' unavailable
[    0.135821]  arch/x86/events/intel/core.c intel_arch_events_quirk (3836) core: CPUID marked event: 'branch instructions' unavailable
[    0.135821]  arch/x86/events/intel/core.c intel_arch_events_quirk (3836) core: CPUID marked event: 'branch misses' unavailable
[    0.135821]  arch/x86/events/core.c init_hw_perf_events (1822) ... version:                1
[    0.135821]  arch/x86/events/core.c init_hw_perf_events (1823) ... bit width:              48
[    0.135821]  arch/x86/events/core.c init_hw_perf_events (1824) ... generic registers:      8
[    0.135821]  arch/x86/events/core.c init_hw_perf_events (1825) ... value mask:             0000ffffffffffff
[    0.135821]  arch/x86/events/core.c init_hw_perf_events (1826) ... max period:             000000007fffffff
[    0.135824]  arch/x86/events/core.c init_hw_perf_events (1827) ... fixed-purpose events:   0
[    0.136075]  arch/x86/events/core.c init_hw_perf_events (1828) ... event mask:             00000000000000ff
[    0.136466]  kernel/rcu/srcutree.c srcu_bootup_announce (1307) rcu: Hierarchical SRCU implementation.
[    0.137157]  kernel/watchdog_hld.c hardlockup_detector_perf_init (289) NMI watchdog: Perf NMI watchdog permanently disabled
[    0.138943]  kernel/smp.c smp_init (571) smp: Bringing up secondary CPUs ...
[    0.139250] x86: Booting SMP configuration:
[    0.139375] .... node  #0, CPUs:          #1
[    0.026383]  arch/x86/kernel/cpu/intel.c early_init_intel (272) Disabled fast string operations
[    0.140614]    #2
[    0.026383]  arch/x86/kernel/cpu/intel.c early_init_intel (272) Disabled fast string operations
[    0.141070]    #3
[    0.026383]  arch/x86/kernel/cpu/intel.c early_init_intel (272) Disabled fast string operations
[    0.141070]  kernel/smp.c smp_init (583) smp: Brought up 1 node, 4 CPUs
[    0.141070]  arch/x86/kernel/smpboot.c calculate_max_logical_packages (1358) smpboot: Max logical packages: 32
[    0.141070]  arch/x86/kernel/smpboot.c impress_friends (611) smpboot: Total of 4 processors activated (24000.02 BogoMIPS)
[    0.144181] devtmpfs: initialized
[    0.144181]  arch/x86/mm/init_64.c probe_memory_block_size (1361) x86/mm: Memory block size: 128MB
[    0.144206]  drivers/acpi/nvs.c suspend_nvs_register (98) PM: Registering ACPI NVS region [mem 0xbfeff000-0xbfefffff] (4096 bytes)
[    0.144206]  kernel/time/clocksource.c __clocksource_update_freq_scale (927) clocksource: jiffies: mask: 0xffffffff max_cycles: 0xffffffff, max_idle_ns: 7645041785100000 ns
[    0.144206]  mm/page_alloc.c alloc_large_system_hash (7692) futex hash table entries: 32768 (order: 9, 2097152 bytes)
[    0.144643]  drivers/pinctrl/core.c pinctrl_init (2260) pinctrl core: initialized pinctrl subsystem
[    0.144827]  drivers/base/power/trace.c read_magic_time (121) RTC time:  1:21:17, date: 11/04/20
[    0.148055]  net/socket.c sock_register (2648) NET: Registered protocol family 16
[    0.148154]  kernel/audit.c audit_init (1607) audit: initializing netlink subsys (disabled)
[    0.148210]  kernel/audit.c kauditd_printk_skb (546) audit: type=2000 audit(1604452877.028:1): state=initialized audit_enabled=0 res=1
[    0.148210] cpuidle: using governor ladder
[    0.148210] cpuidle: using governor menu
[    0.148210] Simple Boot Flag at 0x36 set to 0x80
[    0.148210] ACPI: bus type PCI registered
[    0.148210]  drivers/pci/hotplug/acpiphp_core.c acpiphp_init (323) acpiphp: ACPI Hot Plug PCI Controller Driver version: 0.5
[    0.148210]  arch/x86/pci/mmconfig-shared.c pci_mmconfig_add (108) PCI: MMCONFIG for domain 0000 [bus 00-7f] at [mem 0xf0000000-0xf7ffffff] (base 0xf0000000)
[    0.148236]  arch/x86/pci/mmconfig-shared.c is_mmconf_reserved (469) PCI: MMCONFIG at [mem 0xf0000000-0xf7ffffff] reserved in E820
[    0.148298] PCI: Using configuration type 1 for base access
[    0.148543]  mm/hugetlb.c report_hugepages (2231) HugeTLB registered 1.00 GiB page size, pre-allocated 0 pages
[    0.148543]  mm/hugetlb.c report_hugepages (2231) HugeTLB registered 2.00 MiB page size, pre-allocated 0 pages
[    0.148543]  drivers/acpi/osi.c acpi_osi_setup_late (246) ACPI: Added _OSI(Module Device)
[    0.148543]  drivers/acpi/osi.c acpi_osi_setup_late (246) ACPI: Added _OSI(Processor Device)
[    0.148543]  drivers/acpi/osi.c acpi_osi_setup_late (246) ACPI: Added _OSI(3.0 _SCP Extensions)
[    0.148543]  drivers/acpi/osi.c acpi_osi_setup_late (246) ACPI: Added _OSI(Processor Aggregator Device)
[    0.148543]  drivers/acpi/osi.c acpi_osi_setup_late (246) ACPI: Added _OSI(Linux-Dell-Video)
[    0.148543]  drivers/acpi/osi.c acpi_osi_setup_late (246) ACPI: Added _OSI(Linux-Lenovo-NV-HDMI-Audio)
[    0.164962] ACPI: 1 ACPI AML tables successfully acquired and loaded
[    0.167821] ACPI: [Firmware Bug]: BIOS _OSI(Linux) query ignored
[    0.198210] ACPI: Interpreter enabled
[    0.198260]  drivers/acpi/sleep.c acpi_sleep_init (1304) ACPI: (supports S0 S1 S4 S5)
[    0.198302] ACPI: Using IOAPIC for interrupt routing
[    0.198357] PCI: Using host bridge windows from ACPI; if necessary, use "pci=nocrs" and report a bug
[    0.199821] ACPI: Enabled 4 GPEs in block 00 to 0F
[    0.357565]  drivers/acpi/pci_root.c acpi_pci_root_add (588) ACPI: PCI Root Bridge [PCI0] (domain 0000 [bus 00-7f])
[    0.357629] acpi PNP0A03:00: _OSC: OS supports [ExtendedConfig ASPM ClockPM Segments MSI]
[    0.357843] acpi PNP0A03:00: _OSC: platform does not support [AER LTR]
[    0.358051] acpi PNP0A03:00: _OSC: OS now controls [PCIeHotplug PME PCIeCapability]
[    0.359580]  drivers/pci/probe.c pci_register_host_bridge (851) PCI host bridge to bus 0000:00
[    0.359627] pci_bus 0000:00: root bus resource [mem 0x000a0000-0x000bffff window]
[    0.359667] pci_bus 0000:00: root bus resource [mem 0x000d0000-0x000d3fff window]
[    0.359706] pci_bus 0000:00: root bus resource [mem 0x000d4000-0x000d7fff window]
[    0.359745] pci_bus 0000:00: root bus resource [mem 0x000d8000-0x000dbfff window]
[    0.359783] pci_bus 0000:00: root bus resource [mem 0xc0000000-0xfebfffff window]
[    0.359821] pci_bus 0000:00: root bus resource [io  0x0000-0x0cf7 window]
[    0.359821] pci_bus 0000:00: root bus resource [io  0x0d00-0xfeff window]
[    0.359821] pci_bus 0000:00: root bus resource [bus 00-7f]
[    0.359856] pci 0000:00:00.0: [8086:7190] type 00 class 0x060000
[    0.360439] pci 0000:00:01.0: [8086:7191] type 01 class 0x060400
[    0.360846] pci 0000:00:07.0: [8086:7110] type 00 class 0x060100
[    0.361418] pci 0000:00:07.1: [8086:7111] type 00 class 0x01018a
[    0.362849] pci 0000:00:07.1: reg 0x20: [io  0x1060-0x106f]
[    0.363391] pci 0000:00:07.1: legacy IDE quirk: reg 0x10: [io  0x01f0-0x01f7]
[    0.363430] pci 0000:00:07.1: legacy IDE quirk: reg 0x14: [io  0x03f6]
[    0.363463] pci 0000:00:07.1: legacy IDE quirk: reg 0x18: [io  0x0170-0x0177]
[    0.363499] pci 0000:00:07.1: legacy IDE quirk: reg 0x1c: [io  0x0376]
[    0.363715] pci 0000:00:07.3: [8086:7113] type 00 class 0x068000
[    0.366958] pci 0000:00:07.3: quirk: [io  0x1000-0x103f] claimed by PIIX4 ACPI
[    0.367008] pci 0000:00:07.3: quirk: [io  0x1040-0x104f] claimed by PIIX4 SMB
[    0.367317] pci 0000:00:07.7: [15ad:0740] type 00 class 0x088000
[    0.367826] pci 0000:00:07.7: reg 0x10: [io  0x1080-0x10bf]
[    0.368384] pci 0000:00:07.7: reg 0x14: [mem 0xfebfe000-0xfebfffff 64bit]
[    0.370846] pci 0000:00:0f.0: [15ad:0405] type 00 class 0x030000
[    0.372744] pci 0000:00:0f.0: reg 0x10: [io  0x1070-0x107f]
[    0.375161] pci 0000:00:0f.0: reg 0x14: [mem 0xe8000000-0xefffffff pref]
[    0.376534] pci 0000:00:0f.0: reg 0x18: [mem 0xfe000000-0xfe7fffff]
[    0.384581] pci 0000:00:0f.0: reg 0x30: [mem 0x00000000-0x00007fff pref]
[    0.384976] pci 0000:00:10.0: [1000:0030] type 00 class 0x010000
[    0.385872] pci 0000:00:10.0: reg 0x10: [io  0x1400-0x14ff]
[    0.386715] pci 0000:00:10.0: reg 0x14: [mem 0xfeba0000-0xfebbffff 64bit]
[    0.387563] pci 0000:00:10.0: reg 0x1c: [mem 0xfebc0000-0xfebdffff 64bit]
[    0.389342] pci 0000:00:10.0: reg 0x30: [mem 0x00000000-0x00003fff pref]
[    0.389662] pci 0000:00:11.0: [15ad:0790] type 01 class 0x060401
[    0.390235] pci 0000:00:15.0: [15ad:07a0] type 01 class 0x060400
[    0.390780] pci 0000:00:15.0: PME# supported from D0 D3hot D3cold
[    0.391073] pci 0000:00:15.1: [15ad:07a0] type 01 class 0x060400
[    0.391612] pci 0000:00:15.1: PME# supported from D0 D3hot D3cold
[    0.391886] pci 0000:00:15.2: [15ad:07a0] type 01 class 0x060400
[    0.392432] pci 0000:00:15.2: PME# supported from D0 D3hot D3cold
[    0.392724] pci 0000:00:15.3: [15ad:07a0] type 01 class 0x060400
[    0.393262] pci 0000:00:15.3: PME# supported from D0 D3hot D3cold
[    0.393546] pci 0000:00:15.4: [15ad:07a0] type 01 class 0x060400
[    0.394076] pci 0000:00:15.4: PME# supported from D0 D3hot D3cold
[    0.394378] pci 0000:00:15.5: [15ad:07a0] type 01 class 0x060400
[    0.394907] pci 0000:00:15.5: PME# supported from D0 D3hot D3cold
[    0.395194] pci 0000:00:15.6: [15ad:07a0] type 01 class 0x060400
[    0.395728] pci 0000:00:15.6: PME# supported from D0 D3hot D3cold
[    0.396013] pci 0000:00:15.7: [15ad:07a0] type 01 class 0x060400
[    0.396555] pci 0000:00:15.7: PME# supported from D0 D3hot D3cold
[    0.396842] pci 0000:00:16.0: [15ad:07a0] type 01 class 0x060400
[    0.397383] pci 0000:00:16.0: PME# supported from D0 D3hot D3cold
[    0.397672] pci 0000:00:16.1: [15ad:07a0] type 01 class 0x060400
[    0.398203] pci 0000:00:16.1: PME# supported from D0 D3hot D3cold
[    0.398586] pci 0000:00:16.2: [15ad:07a0] type 01 class 0x060400
[    0.399116] pci 0000:00:16.2: PME# supported from D0 D3hot D3cold
[    0.399415] pci 0000:00:16.3: [15ad:07a0] type 01 class 0x060400
[    0.399935] pci 0000:00:16.3: PME# supported from D0 D3hot D3cold
[    0.400222] pci 0000:00:16.4: [15ad:07a0] type 01 class 0x060400
[    0.400748] pci 0000:00:16.4: PME# supported from D0 D3hot D3cold
[    0.401029] pci 0000:00:16.5: [15ad:07a0] type 01 class 0x060400
[    0.401547] pci 0000:00:16.5: PME# supported from D0 D3hot D3cold
[    0.401831] pci 0000:00:16.6: [15ad:07a0] type 01 class 0x060400
[    0.402350] pci 0000:00:16.6: PME# supported from D0 D3hot D3cold
[    0.402634] pci 0000:00:16.7: [15ad:07a0] type 01 class 0x060400
[    0.403151] pci 0000:00:16.7: PME# supported from D0 D3hot D3cold
[    0.403442] pci 0000:00:17.0: [15ad:07a0] type 01 class 0x060400
[    0.403958] pci 0000:00:17.0: PME# supported from D0 D3hot D3cold
[    0.404243] pci 0000:00:17.1: [15ad:07a0] type 01 class 0x060400
[    0.404762] pci 0000:00:17.1: PME# supported from D0 D3hot D3cold
[    0.405059] pci 0000:00:17.2: [15ad:07a0] type 01 class 0x060400
[    0.405645] pci 0000:00:17.2: PME# supported from D0 D3hot D3cold
[    0.405946] pci 0000:00:17.3: [15ad:07a0] type 01 class 0x060400
[    0.406527] pci 0000:00:17.3: PME# supported from D0 D3hot D3cold
[    0.406835] pci 0000:00:17.4: [15ad:07a0] type 01 class 0x060400
[    0.407387] pci 0000:00:17.4: PME# supported from D0 D3hot D3cold
[    0.407680] pci 0000:00:17.5: [15ad:07a0] type 01 class 0x060400
[    0.408220] pci 0000:00:17.5: PME# supported from D0 D3hot D3cold
[    0.408522] pci 0000:00:17.6: [15ad:07a0] type 01 class 0x060400
[    0.409067] pci 0000:00:17.6: PME# supported from D0 D3hot D3cold
[    0.409397] pci 0000:00:17.7: [15ad:07a0] type 01 class 0x060400
[    0.409939] pci 0000:00:17.7: PME# supported from D0 D3hot D3cold
[    0.410238] pci 0000:00:18.0: [15ad:07a0] type 01 class 0x060400
[    0.410778] pci 0000:00:18.0: PME# supported from D0 D3hot D3cold
[    0.411072] pci 0000:00:18.1: [15ad:07a0] type 01 class 0x060400
[    0.411629] pci 0000:00:18.1: PME# supported from D0 D3hot D3cold
[    0.411887] pci 0000:00:18.2: [15ad:07a0] type 01 class 0x060400
[    0.412439] pci 0000:00:18.2: PME# supported from D0 D3hot D3cold
[    0.412734] pci 0000:00:18.3: [15ad:07a0] type 01 class 0x060400
[    0.413284] pci 0000:00:18.3: PME# supported from D0 D3hot D3cold
[    0.413578] pci 0000:00:18.4: [15ad:07a0] type 01 class 0x060400
[    0.414117] pci 0000:00:18.4: PME# supported from D0 D3hot D3cold
[    0.414414] pci 0000:00:18.5: [15ad:07a0] type 01 class 0x060400
[    0.414952] pci 0000:00:18.5: PME# supported from D0 D3hot D3cold
[    0.415250] pci 0000:00:18.6: [15ad:07a0] type 01 class 0x060400
[    0.415790] pci 0000:00:18.6: PME# supported from D0 D3hot D3cold
[    0.416082] pci 0000:00:18.7: [15ad:07a0] type 01 class 0x060400
[    0.416626] pci 0000:00:18.7: PME# supported from D0 D3hot D3cold
[    0.416952] pci_bus 0000:01: extended config space not accessible
[    0.417233] pci 0000:00:01.0: PCI bridge to [bus 01]
[    0.417412] pci_bus 0000:02: extended config space not accessible
[    0.417607]  drivers/pci/hotplug/acpiphp_core.c acpiphp_register_hotplug_slot (297) acpiphp: Slot [32] registered
[    0.417691]  drivers/pci/hotplug/acpiphp_core.c acpiphp_register_hotplug_slot (297) acpiphp: Slot [33] registered
[    0.417771]  drivers/pci/hotplug/acpiphp_core.c acpiphp_register_hotplug_slot (297) acpiphp: Slot [34] registered
[    0.417851]  drivers/pci/hotplug/acpiphp_core.c acpiphp_register_hotplug_slot (297) acpiphp: Slot [35] registered
[    0.417930]  drivers/pci/hotplug/acpiphp_core.c acpiphp_register_hotplug_slot (297) acpiphp: Slot [36] registered
[    0.418010]  drivers/pci/hotplug/acpiphp_core.c acpiphp_register_hotplug_slot (297) acpiphp: Slot [37] registered
[    0.418092]  drivers/pci/hotplug/acpiphp_core.c acpiphp_register_hotplug_slot (297) acpiphp: Slot [38] registered
[    0.418172]  drivers/pci/hotplug/acpiphp_core.c acpiphp_register_hotplug_slot (297) acpiphp: Slot [39] registered
[    0.418265]  drivers/pci/hotplug/acpiphp_core.c acpiphp_register_hotplug_slot (297) acpiphp: Slot [40] registered
[    0.418345]  drivers/pci/hotplug/acpiphp_core.c acpiphp_register_hotplug_slot (297) acpiphp: Slot [41] registered
[    0.418424]  drivers/pci/hotplug/acpiphp_core.c acpiphp_register_hotplug_slot (297) acpiphp: Slot [42] registered
[    0.418503]  drivers/pci/hotplug/acpiphp_core.c acpiphp_register_hotplug_slot (297) acpiphp: Slot [43] registered
[    0.418582]  drivers/pci/hotplug/acpiphp_core.c acpiphp_register_hotplug_slot (297) acpiphp: Slot [44] registered
[    0.418661]  drivers/pci/hotplug/acpiphp_core.c acpiphp_register_hotplug_slot (297) acpiphp: Slot [45] registered
[    0.418740]  drivers/pci/hotplug/acpiphp_core.c acpiphp_register_hotplug_slot (297) acpiphp: Slot [46] registered
[    0.418820]  drivers/pci/hotplug/acpiphp_core.c acpiphp_register_hotplug_slot (297) acpiphp: Slot [47] registered
[    0.418898]  drivers/pci/hotplug/acpiphp_core.c acpiphp_register_hotplug_slot (297) acpiphp: Slot [48] registered
[    0.418984]  drivers/pci/hotplug/acpiphp_core.c acpiphp_register_hotplug_slot (297) acpiphp: Slot [49] registered
[    0.419067]  drivers/pci/hotplug/acpiphp_core.c acpiphp_register_hotplug_slot (297) acpiphp: Slot [50] registered
[    0.419147]  drivers/pci/hotplug/acpiphp_core.c acpiphp_register_hotplug_slot (297) acpiphp: Slot [51] registered
[    0.419234]  drivers/pci/hotplug/acpiphp_core.c acpiphp_register_hotplug_slot (297) acpiphp: Slot [52] registered
[    0.419315]  drivers/pci/hotplug/acpiphp_core.c acpiphp_register_hotplug_slot (297) acpiphp: Slot [53] registered
[    0.419395]  drivers/pci/hotplug/acpiphp_core.c acpiphp_register_hotplug_slot (297) acpiphp: Slot [54] registered
[    0.419475]  drivers/pci/hotplug/acpiphp_core.c acpiphp_register_hotplug_slot (297) acpiphp: Slot [55] registered
[    0.419554]  drivers/pci/hotplug/acpiphp_core.c acpiphp_register_hotplug_slot (297) acpiphp: Slot [56] registered
[    0.419633]  drivers/pci/hotplug/acpiphp_core.c acpiphp_register_hotplug_slot (297) acpiphp: Slot [57] registered
[    0.419712]  drivers/pci/hotplug/acpiphp_core.c acpiphp_register_hotplug_slot (297) acpiphp: Slot [58] registered
[    0.419791]  drivers/pci/hotplug/acpiphp_core.c acpiphp_register_hotplug_slot (297) acpiphp: Slot [59] registered
[    0.419845]  drivers/pci/hotplug/acpiphp_core.c acpiphp_register_hotplug_slot (297) acpiphp: Slot [60] registered
[    0.419925]  drivers/pci/hotplug/acpiphp_core.c acpiphp_register_hotplug_slot (297) acpiphp: Slot [61] registered
[    0.420007]  drivers/pci/hotplug/acpiphp_core.c acpiphp_register_hotplug_slot (297) acpiphp: Slot [62] registered
[    0.420086]  drivers/pci/hotplug/acpiphp_core.c acpiphp_register_hotplug_slot (297) acpiphp: Slot [63] registered
[    0.420194] pci 0000:02:00.0: [15ad:0774] type 00 class 0x0c0300
[    0.422184] pci 0000:02:00.0: reg 0x20: [io  0x2080-0x209f]
[    0.423697] pci 0000:02:01.0: [8086:100f] type 00 class 0x020000
[    0.424353] pci 0000:02:01.0: reg 0x10: [mem 0xfd5c0000-0xfd5dffff 64bit]
[    0.425240] pci 0000:02:01.0: reg 0x18: [mem 0xfdff0000-0xfdffffff 64bit]
[    0.426059] pci 0000:02:01.0: reg 0x20: [io  0x2000-0x203f]
[    0.427686] pci 0000:02:01.0: reg 0x30: [mem 0x00000000-0x0000ffff pref]
[    0.428122] pci 0000:02:02.0: [1274:1371] type 00 class 0x040100
[    0.428412] pci 0000:02:02.0: reg 0x10: [io  0x2040-0x207f]
[    0.430208] pci 0000:02:03.0: [15ad:0770] type 00 class 0x0c0320
[    0.430714] pci 0000:02:03.0: reg 0x10: [mem 0xfd5ef000-0xfd5effff]
[    0.433742] pci 0000:02:05.0: [15ad:07e0] type 00 class 0x010601
[    0.436368] pci 0000:02:05.0: reg 0x24: [mem 0xfd5ee000-0xfd5eefff]
[    0.437023] pci 0000:02:05.0: reg 0x30: [mem 0x00000000-0x0000ffff pref]
[    0.437295] pci 0000:02:05.0: PME# supported from D3hot
[    0.437662] pci 0000:00:11.0: PCI bridge to [bus 02] (subtractive decode)
[    0.437717] pci 0000:00:11.0:   bridge window [io  0x2000-0x3fff]
[    0.437731] pci 0000:00:11.0:   bridge window [mem 0xfd500000-0xfdffffff]
[    0.437759] pci 0000:00:11.0:   bridge window [mem 0xe7b00000-0xe7ffffff 64bit pref]
[    0.437760] pci 0000:00:11.0:   bridge window [mem 0x000a0000-0x000bffff window] (subtractive decode)
[    0.437761] pci 0000:00:11.0:   bridge window [mem 0x000d0000-0x000d3fff window] (subtractive decode)
[    0.437761] pci 0000:00:11.0:   bridge window [mem 0x000d4000-0x000d7fff window] (subtractive decode)
[    0.437761] pci 0000:00:11.0:   bridge window [mem 0x000d8000-0x000dbfff window] (subtractive decode)
[    0.437762] pci 0000:00:11.0:   bridge window [mem 0xc0000000-0xfebfffff window] (subtractive decode)
[    0.437763] pci 0000:00:11.0:   bridge window [io  0x0000-0x0cf7 window] (subtractive decode)
[    0.437763] pci 0000:00:11.0:   bridge window [io  0x0d00-0xfeff window] (subtractive decode)
[    0.438027] pci 0000:00:15.0: PCI bridge to [bus 03]
[    0.438071] pci 0000:00:15.0:   bridge window [io  0x4000-0x4fff]
[    0.438085] pci 0000:00:15.0:   bridge window [mem 0xfd400000-0xfd4fffff]
[    0.438161] pci 0000:00:15.0:   bridge window [mem 0xe7a00000-0xe7afffff 64bit pref]
[    0.438401] pci 0000:00:15.1: PCI bridge to [bus 04]
[    0.438444] pci 0000:00:15.1:   bridge window [io  0x8000-0x8fff]
[    0.438458] pci 0000:00:15.1:   bridge window [mem 0xfd000000-0xfd0fffff]
[    0.438485] pci 0000:00:15.1:   bridge window [mem 0xe7600000-0xe76fffff 64bit pref]
[    0.438716] pci 0000:00:15.2: PCI bridge to [bus 05]
[    0.438759] pci 0000:00:15.2:   bridge window [io  0xc000-0xcfff]
[    0.438773] pci 0000:00:15.2:   bridge window [mem 0xfcc00000-0xfccfffff]
[    0.438799] pci 0000:00:15.2:   bridge window [mem 0xe7200000-0xe72fffff 64bit pref]
[    0.439030] pci 0000:00:15.3: PCI bridge to [bus 06]
[    0.439086] pci 0000:00:15.3:   bridge window [mem 0xfc800000-0xfc8fffff]
[    0.439112] pci 0000:00:15.3:   bridge window [mem 0xe6e00000-0xe6efffff 64bit pref]
[    0.439342] pci 0000:00:15.4: PCI bridge to [bus 07]
[    0.439398] pci 0000:00:15.4:   bridge window [mem 0xfc400000-0xfc4fffff]
[    0.439424] pci 0000:00:15.4:   bridge window [mem 0xe6a00000-0xe6afffff 64bit pref]
[    0.439656] pci 0000:00:15.5: PCI bridge to [bus 08]
[    0.439712] pci 0000:00:15.5:   bridge window [mem 0xfc000000-0xfc0fffff]
[    0.439738] pci 0000:00:15.5:   bridge window [mem 0xe6600000-0xe66fffff 64bit pref]
[    0.439960] pci 0000:00:15.6: PCI bridge to [bus 09]
[    0.440016] pci 0000:00:15.6:   bridge window [mem 0xfbc00000-0xfbcfffff]
[    0.440043] pci 0000:00:15.6:   bridge window [mem 0xe6200000-0xe62fffff 64bit pref]
[    0.440270] pci 0000:00:15.7: PCI bridge to [bus 0a]
[    0.440326] pci 0000:00:15.7:   bridge window [mem 0xfb800000-0xfb8fffff]
[    0.440353] pci 0000:00:15.7:   bridge window [mem 0xe5e00000-0xe5efffff 64bit pref]
[    0.440577] pci 0000:00:16.0: PCI bridge to [bus 0b]
[    0.440620] pci 0000:00:16.0:   bridge window [io  0x5000-0x5fff]
[    0.440633] pci 0000:00:16.0:   bridge window [mem 0xfd300000-0xfd3fffff]
[    0.440660] pci 0000:00:16.0:   bridge window [mem 0xe7900000-0xe79fffff 64bit pref]
[    0.440882] pci 0000:00:16.1: PCI bridge to [bus 0c]
[    0.440925] pci 0000:00:16.1:   bridge window [io  0x9000-0x9fff]
[    0.440939] pci 0000:00:16.1:   bridge window [mem 0xfcf00000-0xfcffffff]
[    0.440965] pci 0000:00:16.1:   bridge window [mem 0xe7500000-0xe75fffff 64bit pref]
[    0.441192] pci 0000:00:16.2: PCI bridge to [bus 0d]
[    0.441235] pci 0000:00:16.2:   bridge window [io  0xd000-0xdfff]
[    0.441249] pci 0000:00:16.2:   bridge window [mem 0xfcb00000-0xfcbfffff]
[    0.441276] pci 0000:00:16.2:   bridge window [mem 0xe7100000-0xe71fffff 64bit pref]
[    0.441505] pci 0000:00:16.3: PCI bridge to [bus 0e]
[    0.441561] pci 0000:00:16.3:   bridge window [mem 0xfc700000-0xfc7fffff]
[    0.441587] pci 0000:00:16.3:   bridge window [mem 0xe6d00000-0xe6dfffff 64bit pref]
[    0.441814] pci 0000:00:16.4: PCI bridge to [bus 0f]
[    0.441870] pci 0000:00:16.4:   bridge window [mem 0xfc300000-0xfc3fffff]
[    0.441896] pci 0000:00:16.4:   bridge window [mem 0xe6900000-0xe69fffff 64bit pref]
[    0.442123] pci 0000:00:16.5: PCI bridge to [bus 10]
[    0.442178] pci 0000:00:16.5:   bridge window [mem 0xfbf00000-0xfbffffff]
[    0.442233] pci 0000:00:16.5:   bridge window [mem 0xe6500000-0xe65fffff 64bit pref]
[    0.442463] pci 0000:00:16.6: PCI bridge to [bus 11]
[    0.442519] pci 0000:00:16.6:   bridge window [mem 0xfbb00000-0xfbbfffff]
[    0.442545] pci 0000:00:16.6:   bridge window [mem 0xe6100000-0xe61fffff 64bit pref]
[    0.442772] pci 0000:00:16.7: PCI bridge to [bus 12]
[    0.442828] pci 0000:00:16.7:   bridge window [mem 0xfb700000-0xfb7fffff]
[    0.442854] pci 0000:00:16.7:   bridge window [mem 0xe5d00000-0xe5dfffff 64bit pref]
[    0.443080] pci 0000:00:17.0: PCI bridge to [bus 13]
[    0.443124] pci 0000:00:17.0:   bridge window [io  0x6000-0x6fff]
[    0.443137] pci 0000:00:17.0:   bridge window [mem 0xfd200000-0xfd2fffff]
[    0.443164] pci 0000:00:17.0:   bridge window [mem 0xe7800000-0xe78fffff 64bit pref]
[    0.443387] pci 0000:00:17.1: PCI bridge to [bus 14]
[    0.443430] pci 0000:00:17.1:   bridge window [io  0xa000-0xafff]
[    0.443444] pci 0000:00:17.1:   bridge window [mem 0xfce00000-0xfcefffff]
[    0.443471] pci 0000:00:17.1:   bridge window [mem 0xe7400000-0xe74fffff 64bit pref]
[    0.443697] pci 0000:00:17.2: PCI bridge to [bus 15]
[    0.443740] pci 0000:00:17.2:   bridge window [io  0xe000-0xefff]
[    0.443754] pci 0000:00:17.2:   bridge window [mem 0xfca00000-0xfcafffff]
[    0.443780] pci 0000:00:17.2:   bridge window [mem 0xe7000000-0xe70fffff 64bit pref]
[    0.444006] pci 0000:00:17.3: PCI bridge to [bus 16]
[    0.444062] pci 0000:00:17.3:   bridge window [mem 0xfc600000-0xfc6fffff]
[    0.444089] pci 0000:00:17.3:   bridge window [mem 0xe6c00000-0xe6cfffff 64bit pref]
[    0.444316] pci 0000:00:17.4: PCI bridge to [bus 17]
[    0.444373] pci 0000:00:17.4:   bridge window [mem 0xfc200000-0xfc2fffff]
[    0.444399] pci 0000:00:17.4:   bridge window [mem 0xe6800000-0xe68fffff 64bit pref]
[    0.444622] pci 0000:00:17.5: PCI bridge to [bus 18]
[    0.444678] pci 0000:00:17.5:   bridge window [mem 0xfbe00000-0xfbefffff]
[    0.444705] pci 0000:00:17.5:   bridge window [mem 0xe6400000-0xe64fffff 64bit pref]
[    0.444928] pci 0000:00:17.6: PCI bridge to [bus 19]
[    0.444983] pci 0000:00:17.6:   bridge window [mem 0xfba00000-0xfbafffff]
[    0.445010] pci 0000:00:17.6:   bridge window [mem 0xe6000000-0xe60fffff 64bit pref]
[    0.445237] pci 0000:00:17.7: PCI bridge to [bus 1a]
[    0.445293] pci 0000:00:17.7:   bridge window [mem 0xfb600000-0xfb6fffff]
[    0.445319] pci 0000:00:17.7:   bridge window [mem 0xe5c00000-0xe5cfffff 64bit pref]
[    0.445543] pci 0000:00:18.0: PCI bridge to [bus 1b]
[    0.445586] pci 0000:00:18.0:   bridge window [io  0x7000-0x7fff]
[    0.445600] pci 0000:00:18.0:   bridge window [mem 0xfd100000-0xfd1fffff]
[    0.445626] pci 0000:00:18.0:   bridge window [mem 0xe7700000-0xe77fffff 64bit pref]
[    0.445854] pci 0000:00:18.1: PCI bridge to [bus 1c]
[    0.445896] pci 0000:00:18.1:   bridge window [io  0xb000-0xbfff]
[    0.445910] pci 0000:00:18.1:   bridge window [mem 0xfcd00000-0xfcdfffff]
[    0.445937] pci 0000:00:18.1:   bridge window [mem 0xe7300000-0xe73fffff 64bit pref]
[    0.446166] pci 0000:00:18.2: PCI bridge to [bus 1d]
[    0.446222] pci 0000:00:18.2:   bridge window [mem 0xfc900000-0xfc9fffff]
[    0.446248] pci 0000:00:18.2:   bridge window [mem 0xe6f00000-0xe6ffffff 64bit pref]
[    0.446484] pci 0000:00:18.3: PCI bridge to [bus 1e]
[    0.446539] pci 0000:00:18.3:   bridge window [mem 0xfc500000-0xfc5fffff]
[    0.446566] pci 0000:00:18.3:   bridge window [mem 0xe6b00000-0xe6bfffff 64bit pref]
[    0.446794] pci 0000:00:18.4: PCI bridge to [bus 1f]
[    0.446856] pci 0000:00:18.4:   bridge window [mem 0xfc100000-0xfc1fffff]
[    0.446882] pci 0000:00:18.4:   bridge window [mem 0xe6700000-0xe67fffff 64bit pref]
[    0.447106] pci 0000:00:18.5: PCI bridge to [bus 20]
[    0.447163] pci 0000:00:18.5:   bridge window [mem 0xfbd00000-0xfbdfffff]
[    0.447190] pci 0000:00:18.5:   bridge window [mem 0xe6300000-0xe63fffff 64bit pref]
[    0.447424] pci 0000:00:18.6: PCI bridge to [bus 21]
[    0.447480] pci 0000:00:18.6:   bridge window [mem 0xfb900000-0xfb9fffff]
[    0.447507] pci 0000:00:18.6:   bridge window [mem 0xe5f00000-0xe5ffffff 64bit pref]
[    0.447735] pci 0000:00:18.7: PCI bridge to [bus 22]
[    0.447791] pci 0000:00:18.7:   bridge window [mem 0xfb500000-0xfb5fffff]
[    0.447817] pci 0000:00:18.7:   bridge window [mem 0xe5b00000-0xe5bfffff 64bit pref]
[    0.449581] ACPI: PCI Interrupt Link [LNKA] (IRQs 3 4 5 6 7 *9 10 11 14 15)
[    0.449690] ACPI: PCI Interrupt Link [LNKB] (IRQs 3 4 5 6 7 9 10 *11 14 15)
[    0.449794] ACPI: PCI Interrupt Link [LNKC] (IRQs 3 4 5 6 7 9 *10 11 14 15)
[    0.449897] ACPI: PCI Interrupt Link [LNKD] (IRQs 3 4 5 6 *7 9 10 11 14 15)
[    0.484544] SCSI subsystem initialized
[    0.484659] libata version 3.00 loaded.
[    0.484659] ACPI: bus type USB registered
[    0.484659]  drivers/usb/core/driver.c usb_register_driver (971) usbcore: registered new interface driver usbfs
[    0.484659]  drivers/usb/core/driver.c usb_register_driver (971) usbcore: registered new interface driver hub
[    0.484659]  drivers/usb/core/driver.c usb_register_device_driver (902) usbcore: registered new device driver usb
[    0.484659]  drivers/pps/pps.c pps_init (486) pps_core: LinuxPPS API ver. 1 registered
[    0.484659]  drivers/pps/pps.c pps_init (487) pps_core: Software ver. 5.3.6 - Copyright 2005-2007 Rodolfo Giometti <giometti@linux.it>
[    0.484659]  drivers/ptp/ptp_clock.c ptp_init (410) PTP clock support registered
[    0.484659] EDAC MC: Ver: 3.0.0
[    0.484868] PCI: Using ACPI for IRQ routing
[    0.506076] PCI: pci_cache_line_size set to 64 bytes
[    0.506722] e820: reserve RAM buffer [mem 0x0009e800-0x0009ffff]
[    0.506723] e820: reserve RAM buffer [mem 0xbfed0000-0xbfffffff]
[    0.506844] NetLabel: Initializing
[    0.506873] NetLabel:  domain hash size = 128
[    0.506897] NetLabel:  protocols = UNLABELED CIPSOv4 CALIPSO
[    0.506934] NetLabel:  unlabeled traffic allowed by default
[    0.506982] hpet0: at MMIO 0xfed00000, IRQs 2, 8, 0, 0, 0, 0, 0, 0, 0, 0, 0, 0, 0, 0, 0, 0
[    0.506982] hpet0: 16 comparators, 64-bit 14.318180 MHz counter
[    0.507824]  kernel/time/clocksource.c __clocksource_select (796) clocksource: Switched to clocksource tsc-early
[    0.517408] VFS: Disk quotas dquot_6.6.0
[    0.517465]  fs/quota/dquot.c dquot_init (2996) VFS: Dquot-cache hash table entries: 512 (order 0, 4096 bytes)
[    0.517657] AppArmor: AppArmor Filesystem Enabled
[    0.517726] pnp: PnP ACPI init
[    0.517950] system 00:00: [io  0x1000-0x103f] has been reserved
[    0.517984] system 00:00: [io  0x1040-0x104f] has been reserved
[    0.518016] system 00:00: [io  0x0cf0-0x0cf1] has been reserved
[    0.518066] system 00:00: Plug and Play ACPI device, IDs PNP0c02 (active)
[    0.518089] pnp 00:01: Plug and Play ACPI device, IDs PNP0b00 (active)
[    0.518102] pnp 00:02: Plug and Play ACPI device, IDs PNP0303 (active)
[    0.518114] pnp 00:03: Plug and Play ACPI device, IDs VMW0003 PNP0f13 (active)
[    0.518338] system 00:04: [mem 0xfed00000-0xfed003ff] has been reserved
[    0.518376] system 00:04: Plug and Play ACPI device, IDs PNP0103 PNP0c01 (active)
[    0.519770] pnp 00:05: Plug and Play ACPI device, IDs PNP0501 (active)
[    0.519951] pnp 00:06: Plug and Play ACPI device, IDs PNP0501 (active)
[    0.520227] system 00:07: [io  0xfce0-0xfcff] has been reserved
[    0.520262] system 00:07: [mem 0xf0000000-0xf7ffffff] has been reserved
[    0.520296] system 00:07: [mem 0xfe800000-0xfe9fffff] has been reserved
[    0.520331] system 00:07: Plug and Play ACPI device, IDs PNP0c02 (active)
[    0.579850] pnp: PnP ACPI: found 8 devices
[    0.587331]  kernel/time/clocksource.c __clocksource_update_freq_scale (927) clocksource: acpi_pm: mask: 0xffffff max_cycles: 0xffffff, max_idle_ns: 2085701024 ns
[    0.587658] pci 0000:00:15.3: bridge window [io  0x1000-0x0fff] to [bus 06] add_size 1000
[    0.587700] pci 0000:00:15.4: bridge window [io  0x1000-0x0fff] to [bus 07] add_size 1000
[    0.587741] pci 0000:00:15.5: bridge window [io  0x1000-0x0fff] to [bus 08] add_size 1000
[    0.587783] pci 0000:00:15.6: bridge window [io  0x1000-0x0fff] to [bus 09] add_size 1000
[    0.587829] pci 0000:00:15.7: bridge window [io  0x1000-0x0fff] to [bus 0a] add_size 1000
[    0.587992] pci 0000:00:16.3: bridge window [io  0x1000-0x0fff] to [bus 0e] add_size 1000
[    0.588033] pci 0000:00:16.4: bridge window [io  0x1000-0x0fff] to [bus 0f] add_size 1000
[    0.588075] pci 0000:00:16.5: bridge window [io  0x1000-0x0fff] to [bus 10] add_size 1000
[    0.588117] pci 0000:00:16.6: bridge window [io  0x1000-0x0fff] to [bus 11] add_size 1000
[    0.588158] pci 0000:00:16.7: bridge window [io  0x1000-0x0fff] to [bus 12] add_size 1000
[    0.588332] pci 0000:00:17.3: bridge window [io  0x1000-0x0fff] to [bus 16] add_size 1000
[    0.588373] pci 0000:00:17.4: bridge window [io  0x1000-0x0fff] to [bus 17] add_size 1000
[    0.588415] pci 0000:00:17.5: bridge window [io  0x1000-0x0fff] to [bus 18] add_size 1000
[    0.588456] pci 0000:00:17.6: bridge window [io  0x1000-0x0fff] to [bus 19] add_size 1000
[    0.588497] pci 0000:00:17.7: bridge window [io  0x1000-0x0fff] to [bus 1a] add_size 1000
[    0.588619] pci 0000:00:18.2: bridge window [io  0x1000-0x0fff] to [bus 1d] add_size 1000
[    0.588660] pci 0000:00:18.3: bridge window [io  0x1000-0x0fff] to [bus 1e] add_size 1000
[    0.588702] pci 0000:00:18.4: bridge window [io  0x1000-0x0fff] to [bus 1f] add_size 1000
[    0.588743] pci 0000:00:18.5: bridge window [io  0x1000-0x0fff] to [bus 20] add_size 1000
[    0.588784] pci 0000:00:18.6: bridge window [io  0x1000-0x0fff] to [bus 21] add_size 1000
[    0.588826] pci 0000:00:18.7: bridge window [io  0x1000-0x0fff] to [bus 22] add_size 1000
[    0.588839] pci 0000:00:0f.0: BAR 6: assigned [mem 0xc0000000-0xc0007fff pref]
[    0.588880] pci 0000:00:10.0: BAR 6: assigned [mem 0xc0008000-0xc000bfff pref]
[    0.588919] pci 0000:00:15.3: BAR 13: no space for [io  size 0x1000]
[    0.588952] pci 0000:00:15.3: BAR 13: failed to assign [io  size 0x1000]
[    0.588986] pci 0000:00:15.4: BAR 13: no space for [io  size 0x1000]
[    0.589019] pci 0000:00:15.4: BAR 13: failed to assign [io  size 0x1000]
[    0.589053] pci 0000:00:15.5: BAR 13: no space for [io  size 0x1000]
[    0.589085] pci 0000:00:15.5: BAR 13: failed to assign [io  size 0x1000]
[    0.589120] pci 0000:00:15.6: BAR 13: no space for [io  size 0x1000]
[    0.589152] pci 0000:00:15.6: BAR 13: failed to assign [io  size 0x1000]
[    0.589186] pci 0000:00:15.7: BAR 13: no space for [io  size 0x1000]
[    0.589219] pci 0000:00:15.7: BAR 13: failed to assign [io  size 0x1000]
[    0.589267] pci 0000:00:16.3: BAR 13: no space for [io  size 0x1000]
[    0.589307] pci 0000:00:16.3: BAR 13: failed to assign [io  size 0x1000]
[    0.589344] pci 0000:00:16.4: BAR 13: no space for [io  size 0x1000]
[    0.589378] pci 0000:00:16.4: BAR 13: failed to assign [io  size 0x1000]
[    0.589414] pci 0000:00:16.5: BAR 13: no space for [io  size 0x1000]
[    0.589448] pci 0000:00:16.5: BAR 13: failed to assign [io  size 0x1000]
[    0.589483] pci 0000:00:16.6: BAR 13: no space for [io  size 0x1000]
[    0.589517] pci 0000:00:16.6: BAR 13: failed to assign [io  size 0x1000]
[    0.589553] pci 0000:00:16.7: BAR 13: no space for [io  size 0x1000]
[    0.589587] pci 0000:00:16.7: BAR 13: failed to assign [io  size 0x1000]
[    0.589622] pci 0000:00:17.3: BAR 13: no space for [io  size 0x1000]
[    0.589656] pci 0000:00:17.3: BAR 13: failed to assign [io  size 0x1000]
[    0.589692] pci 0000:00:17.4: BAR 13: no space for [io  size 0x1000]
[    0.589726] pci 0000:00:17.4: BAR 13: failed to assign [io  size 0x1000]
[    0.589761] pci 0000:00:17.5: BAR 13: no space for [io  size 0x1000]
[    0.589794] pci 0000:00:17.5: BAR 13: failed to assign [io  size 0x1000]
[    0.589828] pci 0000:00:17.6: BAR 13: no space for [io  size 0x1000]
[    0.589860] pci 0000:00:17.6: BAR 13: failed to assign [io  size 0x1000]
[    0.589899] pci 0000:00:17.7: BAR 13: no space for [io  size 0x1000]
[    0.589931] pci 0000:00:17.7: BAR 13: failed to assign [io  size 0x1000]
[    0.589965] pci 0000:00:18.2: BAR 13: no space for [io  size 0x1000]
[    0.589998] pci 0000:00:18.2: BAR 13: failed to assign [io  size 0x1000]
[    0.590032] pci 0000:00:18.3: BAR 13: no space for [io  size 0x1000]
[    0.590065] pci 0000:00:18.3: BAR 13: failed to assign [io  size 0x1000]
[    0.590099] pci 0000:00:18.4: BAR 13: no space for [io  size 0x1000]
[    0.590132] pci 0000:00:18.4: BAR 13: failed to assign [io  size 0x1000]
[    0.590166] pci 0000:00:18.5: BAR 13: no space for [io  size 0x1000]
[    0.590198] pci 0000:00:18.5: BAR 13: failed to assign [io  size 0x1000]
[    0.590244] pci 0000:00:18.6: BAR 13: no space for [io  size 0x1000]
[    0.590277] pci 0000:00:18.6: BAR 13: failed to assign [io  size 0x1000]
[    0.590312] pci 0000:00:18.7: BAR 13: no space for [io  size 0x1000]
[    0.590344] pci 0000:00:18.7: BAR 13: failed to assign [io  size 0x1000]
[    0.590380] pci 0000:00:18.7: BAR 13: no space for [io  size 0x1000]
[    0.590413] pci 0000:00:18.7: BAR 13: failed to assign [io  size 0x1000]
[    0.590447] pci 0000:00:18.6: BAR 13: no space for [io  size 0x1000]
[    0.590479] pci 0000:00:18.6: BAR 13: failed to assign [io  size 0x1000]
[    0.590513] pci 0000:00:18.5: BAR 13: no space for [io  size 0x1000]
[    0.590546] pci 0000:00:18.5: BAR 13: failed to assign [io  size 0x1000]
[    0.590580] pci 0000:00:18.4: BAR 13: no space for [io  size 0x1000]
[    0.590612] pci 0000:00:18.4: BAR 13: failed to assign [io  size 0x1000]
[    0.590647] pci 0000:00:18.3: BAR 13: no space for [io  size 0x1000]
[    0.590679] pci 0000:00:18.3: BAR 13: failed to assign [io  size 0x1000]
[    0.590713] pci 0000:00:18.2: BAR 13: no space for [io  size 0x1000]
[    0.590746] pci 0000:00:18.2: BAR 13: failed to assign [io  size 0x1000]
[    0.590780] pci 0000:00:17.7: BAR 13: no space for [io  size 0x1000]
[    0.590812] pci 0000:00:17.7: BAR 13: failed to assign [io  size 0x1000]
[    0.590847] pci 0000:00:17.6: BAR 13: no space for [io  size 0x1000]
[    0.590879] pci 0000:00:17.6: BAR 13: failed to assign [io  size 0x1000]
[    0.590913] pci 0000:00:17.5: BAR 13: no space for [io  size 0x1000]
[    0.590946] pci 0000:00:17.5: BAR 13: failed to assign [io  size 0x1000]
[    0.590980] pci 0000:00:17.4: BAR 13: no space for [io  size 0x1000]
[    0.591012] pci 0000:00:17.4: BAR 13: failed to assign [io  size 0x1000]
[    0.591047] pci 0000:00:17.3: BAR 13: no space for [io  size 0x1000]
[    0.591079] pci 0000:00:17.3: BAR 13: failed to assign [io  size 0x1000]
[    0.591114] pci 0000:00:16.7: BAR 13: no space for [io  size 0x1000]
[    0.591146] pci 0000:00:16.7: BAR 13: failed to assign [io  size 0x1000]
[    0.591181] pci 0000:00:16.6: BAR 13: no space for [io  size 0x1000]
[    0.591213] pci 0000:00:16.6: BAR 13: failed to assign [io  size 0x1000]
[    0.591261] pci 0000:00:16.5: BAR 13: no space for [io  size 0x1000]
[    0.591293] pci 0000:00:16.5: BAR 13: failed to assign [io  size 0x1000]
[    0.591328] pci 0000:00:16.4: BAR 13: no space for [io  size 0x1000]
[    0.591360] pci 0000:00:16.4: BAR 13: failed to assign [io  size 0x1000]
[    0.591395] pci 0000:00:16.3: BAR 13: no space for [io  size 0x1000]
[    0.591428] pci 0000:00:16.3: BAR 13: failed to assign [io  size 0x1000]
[    0.591462] pci 0000:00:15.7: BAR 13: no space for [io  size 0x1000]
[    0.591495] pci 0000:00:15.7: BAR 13: failed to assign [io  size 0x1000]
[    0.591529] pci 0000:00:15.6: BAR 13: no space for [io  size 0x1000]
[    0.591562] pci 0000:00:15.6: BAR 13: failed to assign [io  size 0x1000]
[    0.591597] pci 0000:00:15.5: BAR 13: no space for [io  size 0x1000]
[    0.591629] pci 0000:00:15.5: BAR 13: failed to assign [io  size 0x1000]
[    0.591664] pci 0000:00:15.4: BAR 13: no space for [io  size 0x1000]
[    0.591696] pci 0000:00:15.4: BAR 13: failed to assign [io  size 0x1000]
[    0.591731] pci 0000:00:15.3: BAR 13: no space for [io  size 0x1000]
[    0.591764] pci 0000:00:15.3: BAR 13: failed to assign [io  size 0x1000]
[    0.591799] pci 0000:00:01.0: PCI bridge to [bus 01]
[    0.591903] pci 0000:02:01.0: BAR 6: assigned [mem 0xfd500000-0xfd50ffff pref]
[    0.591942] pci 0000:02:05.0: BAR 6: assigned [mem 0xfd510000-0xfd51ffff pref]
[    0.591981] pci 0000:00:11.0: PCI bridge to [bus 02]
[    0.592017] pci 0000:00:11.0:   bridge window [io  0x2000-0x3fff]
[    0.592081] pci 0000:00:11.0:   bridge window [mem 0xfd500000-0xfdffffff]
[    0.592130] pci 0000:00:11.0:   bridge window [mem 0xe7b00000-0xe7ffffff 64bit pref]
[    0.592198] pci 0000:00:15.0: PCI bridge to [bus 03]
[    0.592234] pci 0000:00:15.0:   bridge window [io  0x4000-0x4fff]
[    0.592297] pci 0000:00:15.0:   bridge window [mem 0xfd400000-0xfd4fffff]
[    0.592347] pci 0000:00:15.0:   bridge window [mem 0xe7a00000-0xe7afffff 64bit pref]
[    0.592457] pci 0000:00:15.1: PCI bridge to [bus 04]
[    0.592494] pci 0000:00:15.1:   bridge window [io  0x8000-0x8fff]
[    0.592547] pci 0000:00:15.1:   bridge window [mem 0xfd000000-0xfd0fffff]
[    0.592596] pci 0000:00:15.1:   bridge window [mem 0xe7600000-0xe76fffff 64bit pref]
[    0.592675] pci 0000:00:15.2: PCI bridge to [bus 05]
[    0.592712] pci 0000:00:15.2:   bridge window [io  0xc000-0xcfff]
[    0.592765] pci 0000:00:15.2:   bridge window [mem 0xfcc00000-0xfccfffff]
[    0.592814] pci 0000:00:15.2:   bridge window [mem 0xe7200000-0xe72fffff 64bit pref]
[    0.592892] pci 0000:00:15.3: PCI bridge to [bus 06]
[    0.592942] pci 0000:00:15.3:   bridge window [mem 0xfc800000-0xfc8fffff]
[    0.592991] pci 0000:00:15.3:   bridge window [mem 0xe6e00000-0xe6efffff 64bit pref]
[    0.593069] pci 0000:00:15.4: PCI bridge to [bus 07]
[    0.593119] pci 0000:00:15.4:   bridge window [mem 0xfc400000-0xfc4fffff]
[    0.593168] pci 0000:00:15.4:   bridge window [mem 0xe6a00000-0xe6afffff 64bit pref]
[    0.593250] pci 0000:00:15.5: PCI bridge to [bus 08]
[    0.593300] pci 0000:00:15.5:   bridge window [mem 0xfc000000-0xfc0fffff]
[    0.593349] pci 0000:00:15.5:   bridge window [mem 0xe6600000-0xe66fffff 64bit pref]
[    0.593426] pci 0000:00:15.6: PCI bridge to [bus 09]
[    0.593475] pci 0000:00:15.6:   bridge window [mem 0xfbc00000-0xfbcfffff]
[    0.593524] pci 0000:00:15.6:   bridge window [mem 0xe6200000-0xe62fffff 64bit pref]
[    0.593600] pci 0000:00:15.7: PCI bridge to [bus 0a]
[    0.593649] pci 0000:00:15.7:   bridge window [mem 0xfb800000-0xfb8fffff]
[    0.593698] pci 0000:00:15.7:   bridge window [mem 0xe5e00000-0xe5efffff 64bit pref]
[    0.593775] pci 0000:00:16.0: PCI bridge to [bus 0b]
[    0.593811] pci 0000:00:16.0:   bridge window [io  0x5000-0x5fff]
[    0.593864] pci 0000:00:16.0:   bridge window [mem 0xfd300000-0xfd3fffff]
[    0.593912] pci 0000:00:16.0:   bridge window [mem 0xe7900000-0xe79fffff 64bit pref]
[    0.593992] pci 0000:00:16.1: PCI bridge to [bus 0c]
[    0.594028] pci 0000:00:16.1:   bridge window [io  0x9000-0x9fff]
[    0.594081] pci 0000:00:16.1:   bridge window [mem 0xfcf00000-0xfcffffff]
[    0.594130] pci 0000:00:16.1:   bridge window [mem 0xe7500000-0xe75fffff 64bit pref]
[    0.594208] pci 0000:00:16.2: PCI bridge to [bus 0d]
[    0.594442] pci 0000:00:16.2:   bridge window [io  0xd000-0xdfff]
[    0.594496] pci 0000:00:16.2:   bridge window [mem 0xfcb00000-0xfcbfffff]
[    0.594545] pci 0000:00:16.2:   bridge window [mem 0xe7100000-0xe71fffff 64bit pref]
[    0.594624] pci 0000:00:16.3: PCI bridge to [bus 0e]
[    0.594674] pci 0000:00:16.3:   bridge window [mem 0xfc700000-0xfc7fffff]
[    0.594722] pci 0000:00:16.3:   bridge window [mem 0xe6d00000-0xe6dfffff 64bit pref]
[    0.594799] pci 0000:00:16.4: PCI bridge to [bus 0f]
[    0.594848] pci 0000:00:16.4:   bridge window [mem 0xfc300000-0xfc3fffff]
[    0.594897] pci 0000:00:16.4:   bridge window [mem 0xe6900000-0xe69fffff 64bit pref]
[    0.594973] pci 0000:00:16.5: PCI bridge to [bus 10]
[    0.595022] pci 0000:00:16.5:   bridge window [mem 0xfbf00000-0xfbffffff]
[    0.595071] pci 0000:00:16.5:   bridge window [mem 0xe6500000-0xe65fffff 64bit pref]
[    0.595147] pci 0000:00:16.6: PCI bridge to [bus 11]
[    0.595197] pci 0000:00:16.6:   bridge window [mem 0xfbb00000-0xfbbfffff]
[    0.595256] pci 0000:00:16.6:   bridge window [mem 0xe6100000-0xe61fffff 64bit pref]
[    0.595334] pci 0000:00:16.7: PCI bridge to [bus 12]
[    0.595384] pci 0000:00:16.7:   bridge window [mem 0xfb700000-0xfb7fffff]
[    0.595432] pci 0000:00:16.7:   bridge window [mem 0xe5d00000-0xe5dfffff 64bit pref]
[    0.595509] pci 0000:00:17.0: PCI bridge to [bus 13]
[    0.595557] pci 0000:00:17.0:   bridge window [io  0x6000-0x6fff]
[    0.595610] pci 0000:00:17.0:   bridge window [mem 0xfd200000-0xfd2fffff]
[    0.595659] pci 0000:00:17.0:   bridge window [mem 0xe7800000-0xe78fffff 64bit pref]
[    0.595736] pci 0000:00:17.1: PCI bridge to [bus 14]
[    0.595772] pci 0000:00:17.1:   bridge window [io  0xa000-0xafff]
[    0.595830] pci 0000:00:17.1:   bridge window [mem 0xfce00000-0xfcefffff]
[    0.595879] pci 0000:00:17.1:   bridge window [mem 0xe7400000-0xe74fffff 64bit pref]
[    0.595957] pci 0000:00:17.2: PCI bridge to [bus 15]
[    0.595993] pci 0000:00:17.2:   bridge window [io  0xe000-0xefff]
[    0.596046] pci 0000:00:17.2:   bridge window [mem 0xfca00000-0xfcafffff]
[    0.596094] pci 0000:00:17.2:   bridge window [mem 0xe7000000-0xe70fffff 64bit pref]
[    0.596170] pci 0000:00:17.3: PCI bridge to [bus 16]
[    0.596220] pci 0000:00:17.3:   bridge window [mem 0xfc600000-0xfc6fffff]
[    0.596281] pci 0000:00:17.3:   bridge window [mem 0xe6c00000-0xe6cfffff 64bit pref]
[    0.596380] pci 0000:00:17.4: PCI bridge to [bus 17]
[    0.596434] pci 0000:00:17.4:   bridge window [mem 0xfc200000-0xfc2fffff]
[    0.596483] pci 0000:00:17.4:   bridge window [mem 0xe6800000-0xe68fffff 64bit pref]
[    0.596563] pci 0000:00:17.5: PCI bridge to [bus 18]
[    0.596613] pci 0000:00:17.5:   bridge window [mem 0xfbe00000-0xfbefffff]
[    0.596662] pci 0000:00:17.5:   bridge window [mem 0xe6400000-0xe64fffff 64bit pref]
[    0.596739] pci 0000:00:17.6: PCI bridge to [bus 19]
[    0.596789] pci 0000:00:17.6:   bridge window [mem 0xfba00000-0xfbafffff]
[    0.596837] pci 0000:00:17.6:   bridge window [mem 0xe6000000-0xe60fffff 64bit pref]
[    0.596914] pci 0000:00:17.7: PCI bridge to [bus 1a]
[    0.596963] pci 0000:00:17.7:   bridge window [mem 0xfb600000-0xfb6fffff]
[    0.597012] pci 0000:00:17.7:   bridge window [mem 0xe5c00000-0xe5cfffff 64bit pref]
[    0.597089] pci 0000:00:18.0: PCI bridge to [bus 1b]
[    0.597125] pci 0000:00:18.0:   bridge window [io  0x7000-0x7fff]
[    0.597178] pci 0000:00:18.0:   bridge window [mem 0xfd100000-0xfd1fffff]
[    0.597227] pci 0000:00:18.0:   bridge window [mem 0xe7700000-0xe77fffff 64bit pref]
[    0.597311] pci 0000:00:18.1: PCI bridge to [bus 1c]
[    0.597347] pci 0000:00:18.1:   bridge window [io  0xb000-0xbfff]
[    0.597400] pci 0000:00:18.1:   bridge window [mem 0xfcd00000-0xfcdfffff]
[    0.597448] pci 0000:00:18.1:   bridge window [mem 0xe7300000-0xe73fffff 64bit pref]
[    0.597526] pci 0000:00:18.2: PCI bridge to [bus 1d]
[    0.597575] pci 0000:00:18.2:   bridge window [mem 0xfc900000-0xfc9fffff]
[    0.597624] pci 0000:00:18.2:   bridge window [mem 0xe6f00000-0xe6ffffff 64bit pref]
[    0.597700] pci 0000:00:18.3: PCI bridge to [bus 1e]
[    0.597749] pci 0000:00:18.3:   bridge window [mem 0xfc500000-0xfc5fffff]
[    0.597798] pci 0000:00:18.3:   bridge window [mem 0xe6b00000-0xe6bfffff 64bit pref]
[    0.597874] pci 0000:00:18.4: PCI bridge to [bus 1f]
[    0.597924] pci 0000:00:18.4:   bridge window [mem 0xfc100000-0xfc1fffff]
[    0.597973] pci 0000:00:18.4:   bridge window [mem 0xe6700000-0xe67fffff 64bit pref]
[    0.598049] pci 0000:00:18.5: PCI bridge to [bus 20]
[    0.598098] pci 0000:00:18.5:   bridge window [mem 0xfbd00000-0xfbdfffff]
[    0.598147] pci 0000:00:18.5:   bridge window [mem 0xe6300000-0xe63fffff 64bit pref]
[    0.598224] pci 0000:00:18.6: PCI bridge to [bus 21]
[    0.598288] pci 0000:00:18.6:   bridge window [mem 0xfb900000-0xfb9fffff]
[    0.598337] pci 0000:00:18.6:   bridge window [mem 0xe5f00000-0xe5ffffff 64bit pref]
[    0.598415] pci 0000:00:18.7: PCI bridge to [bus 22]
[    0.598464] pci 0000:00:18.7:   bridge window [mem 0xfb500000-0xfb5fffff]
[    0.598513] pci 0000:00:18.7:   bridge window [mem 0xe5b00000-0xe5bfffff 64bit pref]
[    0.598591] pci_bus 0000:00: resource 4 [mem 0x000a0000-0x000bffff window]
[    0.598591] pci_bus 0000:00: resource 5 [mem 0x000d0000-0x000d3fff window]
[    0.598592] pci_bus 0000:00: resource 6 [mem 0x000d4000-0x000d7fff window]
[    0.598593] pci_bus 0000:00: resource 7 [mem 0x000d8000-0x000dbfff window]
[    0.598593] pci_bus 0000:00: resource 8 [mem 0xc0000000-0xfebfffff window]
[    0.598594] pci_bus 0000:00: resource 9 [io  0x0000-0x0cf7 window]
[    0.598594] pci_bus 0000:00: resource 10 [io  0x0d00-0xfeff window]
[    0.598596] pci_bus 0000:02: resource 0 [io  0x2000-0x3fff]
[    0.598596] pci_bus 0000:02: resource 1 [mem 0xfd500000-0xfdffffff]
[    0.598597] pci_bus 0000:02: resource 2 [mem 0xe7b00000-0xe7ffffff 64bit pref]
[    0.598597] pci_bus 0000:02: resource 4 [mem 0x000a0000-0x000bffff window]
[    0.598598] pci_bus 0000:02: resource 5 [mem 0x000d0000-0x000d3fff window]
[    0.598598] pci_bus 0000:02: resource 6 [mem 0x000d4000-0x000d7fff window]
[    0.598599] pci_bus 0000:02: resource 7 [mem 0x000d8000-0x000dbfff window]
[    0.598599] pci_bus 0000:02: resource 8 [mem 0xc0000000-0xfebfffff window]
[    0.598600] pci_bus 0000:02: resource 9 [io  0x0000-0x0cf7 window]
[    0.598600] pci_bus 0000:02: resource 10 [io  0x0d00-0xfeff window]
[    0.598601] pci_bus 0000:03: resource 0 [io  0x4000-0x4fff]
[    0.598602] pci_bus 0000:03: resource 1 [mem 0xfd400000-0xfd4fffff]
[    0.598602] pci_bus 0000:03: resource 2 [mem 0xe7a00000-0xe7afffff 64bit pref]
[    0.598603] pci_bus 0000:04: resource 0 [io  0x8000-0x8fff]
[    0.598603] pci_bus 0000:04: resource 1 [mem 0xfd000000-0xfd0fffff]
[    0.598604] pci_bus 0000:04: resource 2 [mem 0xe7600000-0xe76fffff 64bit pref]
[    0.598605] pci_bus 0000:05: resource 0 [io  0xc000-0xcfff]
[    0.598605] pci_bus 0000:05: resource 1 [mem 0xfcc00000-0xfccfffff]
[    0.598606] pci_bus 0000:05: resource 2 [mem 0xe7200000-0xe72fffff 64bit pref]
[    0.598606] pci_bus 0000:06: resource 1 [mem 0xfc800000-0xfc8fffff]
[    0.598607] pci_bus 0000:06: resource 2 [mem 0xe6e00000-0xe6efffff 64bit pref]
[    0.598608] pci_bus 0000:07: resource 1 [mem 0xfc400000-0xfc4fffff]
[    0.598608] pci_bus 0000:07: resource 2 [mem 0xe6a00000-0xe6afffff 64bit pref]
[    0.598609] pci_bus 0000:08: resource 1 [mem 0xfc000000-0xfc0fffff]
[    0.598609] pci_bus 0000:08: resource 2 [mem 0xe6600000-0xe66fffff 64bit pref]
[    0.598610] pci_bus 0000:09: resource 1 [mem 0xfbc00000-0xfbcfffff]
[    0.598610] pci_bus 0000:09: resource 2 [mem 0xe6200000-0xe62fffff 64bit pref]
[    0.598611] pci_bus 0000:0a: resource 1 [mem 0xfb800000-0xfb8fffff]
[    0.598612] pci_bus 0000:0a: resource 2 [mem 0xe5e00000-0xe5efffff 64bit pref]
[    0.598612] pci_bus 0000:0b: resource 0 [io  0x5000-0x5fff]
[    0.598613] pci_bus 0000:0b: resource 1 [mem 0xfd300000-0xfd3fffff]
[    0.598613] pci_bus 0000:0b: resource 2 [mem 0xe7900000-0xe79fffff 64bit pref]
[    0.598614] pci_bus 0000:0c: resource 0 [io  0x9000-0x9fff]
[    0.598614] pci_bus 0000:0c: resource 1 [mem 0xfcf00000-0xfcffffff]
[    0.598615] pci_bus 0000:0c: resource 2 [mem 0xe7500000-0xe75fffff 64bit pref]
[    0.598615] pci_bus 0000:0d: resource 0 [io  0xd000-0xdfff]
[    0.598616] pci_bus 0000:0d: resource 1 [mem 0xfcb00000-0xfcbfffff]
[    0.598616] pci_bus 0000:0d: resource 2 [mem 0xe7100000-0xe71fffff 64bit pref]
[    0.598617] pci_bus 0000:0e: resource 1 [mem 0xfc700000-0xfc7fffff]
[    0.598618] pci_bus 0000:0e: resource 2 [mem 0xe6d00000-0xe6dfffff 64bit pref]
[    0.598618] pci_bus 0000:0f: resource 1 [mem 0xfc300000-0xfc3fffff]
[    0.598619] pci_bus 0000:0f: resource 2 [mem 0xe6900000-0xe69fffff 64bit pref]
[    0.598619] pci_bus 0000:10: resource 1 [mem 0xfbf00000-0xfbffffff]
[    0.598620] pci_bus 0000:10: resource 2 [mem 0xe6500000-0xe65fffff 64bit pref]
[    0.598620] pci_bus 0000:11: resource 1 [mem 0xfbb00000-0xfbbfffff]
[    0.598621] pci_bus 0000:11: resource 2 [mem 0xe6100000-0xe61fffff 64bit pref]
[    0.598622] pci_bus 0000:12: resource 1 [mem 0xfb700000-0xfb7fffff]
[    0.598622] pci_bus 0000:12: resource 2 [mem 0xe5d00000-0xe5dfffff 64bit pref]
[    0.598623] pci_bus 0000:13: resource 0 [io  0x6000-0x6fff]
[    0.598623] pci_bus 0000:13: resource 1 [mem 0xfd200000-0xfd2fffff]
[    0.598624] pci_bus 0000:13: resource 2 [mem 0xe7800000-0xe78fffff 64bit pref]
[    0.598624] pci_bus 0000:14: resource 0 [io  0xa000-0xafff]
[    0.598625] pci_bus 0000:14: resource 1 [mem 0xfce00000-0xfcefffff]
[    0.598625] pci_bus 0000:14: resource 2 [mem 0xe7400000-0xe74fffff 64bit pref]
[    0.598626] pci_bus 0000:15: resource 0 [io  0xe000-0xefff]
[    0.598626] pci_bus 0000:15: resource 1 [mem 0xfca00000-0xfcafffff]
[    0.598627] pci_bus 0000:15: resource 2 [mem 0xe7000000-0xe70fffff 64bit pref]
[    0.598627] pci_bus 0000:16: resource 1 [mem 0xfc600000-0xfc6fffff]
[    0.598628] pci_bus 0000:16: resource 2 [mem 0xe6c00000-0xe6cfffff 64bit pref]
[    0.598628] pci_bus 0000:17: resource 1 [mem 0xfc200000-0xfc2fffff]
[    0.598629] pci_bus 0000:17: resource 2 [mem 0xe6800000-0xe68fffff 64bit pref]
[    0.598630] pci_bus 0000:18: resource 1 [mem 0xfbe00000-0xfbefffff]
[    0.598630] pci_bus 0000:18: resource 2 [mem 0xe6400000-0xe64fffff 64bit pref]
[    0.598631] pci_bus 0000:19: resource 1 [mem 0xfba00000-0xfbafffff]
[    0.598631] pci_bus 0000:19: resource 2 [mem 0xe6000000-0xe60fffff 64bit pref]
[    0.598632] pci_bus 0000:1a: resource 1 [mem 0xfb600000-0xfb6fffff]
[    0.598632] pci_bus 0000:1a: resource 2 [mem 0xe5c00000-0xe5cfffff 64bit pref]
[    0.598633] pci_bus 0000:1b: resource 0 [io  0x7000-0x7fff]
[    0.598633] pci_bus 0000:1b: resource 1 [mem 0xfd100000-0xfd1fffff]
[    0.598634] pci_bus 0000:1b: resource 2 [mem 0xe7700000-0xe77fffff 64bit pref]
[    0.598635] pci_bus 0000:1c: resource 0 [io  0xb000-0xbfff]
[    0.598635] pci_bus 0000:1c: resource 1 [mem 0xfcd00000-0xfcdfffff]
[    0.598635] pci_bus 0000:1c: resource 2 [mem 0xe7300000-0xe73fffff 64bit pref]
[    0.598636] pci_bus 0000:1d: resource 1 [mem 0xfc900000-0xfc9fffff]
[    0.598637] pci_bus 0000:1d: resource 2 [mem 0xe6f00000-0xe6ffffff 64bit pref]
[    0.598637] pci_bus 0000:1e: resource 1 [mem 0xfc500000-0xfc5fffff]
[    0.598638] pci_bus 0000:1e: resource 2 [mem 0xe6b00000-0xe6bfffff 64bit pref]
[    0.598638] pci_bus 0000:1f: resource 1 [mem 0xfc100000-0xfc1fffff]
[    0.598639] pci_bus 0000:1f: resource 2 [mem 0xe6700000-0xe67fffff 64bit pref]
[    0.598639] pci_bus 0000:20: resource 1 [mem 0xfbd00000-0xfbdfffff]
[    0.598640] pci_bus 0000:20: resource 2 [mem 0xe6300000-0xe63fffff 64bit pref]
[    0.598640] pci_bus 0000:21: resource 1 [mem 0xfb900000-0xfb9fffff]
[    0.598641] pci_bus 0000:21: resource 2 [mem 0xe5f00000-0xe5ffffff 64bit pref]
[    0.598641] pci_bus 0000:22: resource 1 [mem 0xfb500000-0xfb5fffff]
[    0.598642] pci_bus 0000:22: resource 2 [mem 0xe5b00000-0xe5bfffff 64bit pref]
[    0.598861]  net/socket.c sock_register (2648) NET: Registered protocol family 2
[    0.599445]  mm/page_alloc.c alloc_large_system_hash (7692) tcp_listen_portaddr_hash hash table entries: 2048 (order: 3, 32768 bytes)
[    0.599525]  mm/page_alloc.c alloc_large_system_hash (7692) TCP established hash table entries: 32768 (order: 6, 262144 bytes)
[    0.599697]  mm/page_alloc.c alloc_large_system_hash (7692) TCP bind hash table entries: 32768 (order: 7, 524288 bytes)
[    0.599857]  net/ipv4/tcp.c tcp_init (3934) TCP: Hash tables configured (established 32768 bind 32768)
[    0.600065]  mm/page_alloc.c alloc_large_system_hash (7692) UDP hash table entries: 2048 (order: 4, 65536 bytes)
[    0.600137]  mm/page_alloc.c alloc_large_system_hash (7692) UDP-Lite hash table entries: 2048 (order: 4, 65536 bytes)
[    0.600365]  net/socket.c sock_register (2648) NET: Registered protocol family 1
[    0.600411] pci 0000:00:00.0: Limiting direct PCI/PCI transfers
[    0.600527] pci 0000:00:0f.0: Video device with shadowed ROM at [mem 0x000c0000-0x000dffff]
[    0.601552] PCI: CLS mismatch (32 != 64), using 64 bytes
[    0.602140] Unpacking initramfs...
[    4.419340]  mm/page_alloc.c free_reserved_area (7061) Freeing initrd memory: 363612K
[    4.420117] PCI-DMA: Using software bounce buffering for IO (SWIOTLB)
[    4.420158]  kernel/dma/swiotlb.c swiotlb_print_info (173) software IO TLB: mapped [mem 0xbbed0000-0xbfed0000] (64MB)
[    4.420449] Scanning for low memory corruption every 60 seconds
[    4.422364]  certs/system_keyring.c system_trusted_keyring_init (98) Initialise system trusted keyrings
[    4.422434]  security/keys/key.c register_key_type (1132) Key type blacklist registered
[    4.422560]  mm/workingset.c workingset_init (522) workingset: timestamp_bits=36 max_order=20 bucket_order=0
[    4.423266]  mm/zbud.c init_zbud (613) zbud: loaded
[    4.423787]  fs/squashfs/super.c init_squashfs_fs (454) squashfs: version 4.0 (2009/01/31) Phillip Lougher
[    4.424061] fuse init (API version 7.27)
[    4.659988]  security/keys/key.c register_key_type (1132) Key type asymmetric registered
[    4.660141]  crypto/asymmetric_keys/asymmetric_type.c register_asymmetric_key_parser (576) Asymmetric key parser 'x509' registered
[    4.660299] Block layer SCSI generic (bsg) driver version 0.4 loaded (major 244)
[    4.660480] io scheduler noop registered
[    4.660505] io scheduler deadline registered
[    4.660562] io scheduler cfq registered (default)
[    4.661172] pcieport 0000:00:15.0: Signaling PME with IRQ 24
[    4.661271] pciehp 0000:00:15.0:pcie004: Slot #160 AttnBtn+ PwrCtrl+ MRL- AttnInd- PwrInd- HotPlug+ Surprise- Interlock- NoCompl+ LLActRep+
[    4.661991] pcieport 0000:00:15.1: Signaling PME with IRQ 25
[    4.662071] pciehp 0000:00:15.1:pcie004: Slot #161 AttnBtn+ PwrCtrl+ MRL- AttnInd- PwrInd- HotPlug+ Surprise- Interlock- NoCompl+ LLActRep+
[    4.662739] pcieport 0000:00:15.2: Signaling PME with IRQ 26
[    4.662816] pciehp 0000:00:15.2:pcie004: Slot #162 AttnBtn+ PwrCtrl+ MRL- AttnInd- PwrInd- HotPlug+ Surprise- Interlock- NoCompl+ LLActRep+
[    4.663511] pcieport 0000:00:15.3: Signaling PME with IRQ 27
[    4.663594] pciehp 0000:00:15.3:pcie004: Slot #163 AttnBtn+ PwrCtrl+ MRL- AttnInd- PwrInd- HotPlug+ Surprise- Interlock- NoCompl+ LLActRep+
