[    0.000000]  init/main.c start_kernel (550) Linux version 4.19.132 (root@ubuntu) (gcc version 9.3.0 (Debian 9.3.0-14)) #10 SMP Tue Dec 29 17:20:19 CST 2020
[    0.000000] Command line: BOOT_IMAGE=/boot/vmlinuz-4.19.132 root=UUID=7948e99d-4e2e-40bf-b955-60fecd9db270 ro console=tty1,console=ttyS1,115200n8
[    0.000000]  arch/x86/kernel/cpu/common.c early_cpu_init (1230) KERNEL supported cpus:
[    0.000000]  arch/x86/kernel/cpu/common.c early_cpu_init (1248)   Intel GenuineIntel
[    0.000000]  arch/x86/kernel/cpu/common.c early_cpu_init (1248)   AMD AuthenticAMD
[    0.000000]  arch/x86/kernel/cpu/common.c early_cpu_init (1248)   Centaur CentaurHauls
[    0.000000]  arch/x86/kernel/cpu/intel.c early_init_intel (272) Disabled fast string operations
[    0.000000]  arch/x86/kernel/fpu/xstate.c print_xstate_feature (298) x86/fpu: Supporting XSAVE feature 0x001: 'x87 floating point registers'
[    0.000000]  arch/x86/kernel/fpu/xstate.c print_xstate_feature (298) x86/fpu: Supporting XSAVE feature 0x002: 'SSE registers'
[    0.000000]  arch/x86/kernel/fpu/xstate.c print_xstate_feature (298) x86/fpu: Supporting XSAVE feature 0x004: 'AVX registers'
[    0.000000]  arch/x86/kernel/fpu/xstate.c print_xstate_offset_size (402) x86/fpu: xstate_offset[2]:  576, xstate_sizes[2]:  256
[    0.000000]  arch/x86/kernel/fpu/xstate.c fpu__init_system_xstate (784) x86/fpu: Enabled xstate features 0x7, context size is 832 bytes, using 'standard' format.
[    0.000000]  arch/x86/kernel/e820.c e820__memory_setup (1243) BIOS-provided physical RAM map:
[    0.000000]  arch/x86/kernel/e820.c e820__print_table (194) BIOS-e820: [mem 0x0000000000000000-0x000000000009e7ff] usable
[    0.000000]  arch/x86/kernel/e820.c e820__print_table (194) BIOS-e820: [mem 0x000000000009e800-0x000000000009ffff] reserved
[    0.000000]  arch/x86/kernel/e820.c e820__print_table (194) BIOS-e820: [mem 0x00000000000dc000-0x00000000000fffff] reserved
[    0.000000]  arch/x86/kernel/e820.c e820__print_table (194) BIOS-e820: [mem 0x0000000000100000-0x00000000bfecffff] usable
[    0.000000]  arch/x86/kernel/e820.c e820__print_table (194) BIOS-e820: [mem 0x00000000bfed0000-0x00000000bfefefff] ACPI data
[    0.000000]  arch/x86/kernel/e820.c e820__print_table (194) BIOS-e820: [mem 0x00000000bfeff000-0x00000000bfefffff] ACPI NVS
[    0.000000]  arch/x86/kernel/e820.c e820__print_table (194) BIOS-e820: [mem 0x00000000bff00000-0x00000000bfffffff] usable
[    0.000000]  arch/x86/kernel/e820.c e820__print_table (194) BIOS-e820: [mem 0x00000000f0000000-0x00000000f7ffffff] reserved
[    0.000000]  arch/x86/kernel/e820.c e820__print_table (194) BIOS-e820: [mem 0x00000000fec00000-0x00000000fec0ffff] reserved
[    0.000000]  arch/x86/kernel/e820.c e820__print_table (194) BIOS-e820: [mem 0x00000000fee00000-0x00000000fee00fff] reserved
[    0.000000]  arch/x86/kernel/e820.c e820__print_table (194) BIOS-e820: [mem 0x00000000fffe0000-0x00000000ffffffff] reserved
[    0.000000]  arch/x86/kernel/e820.c e820__print_table (194) BIOS-e820: [mem 0x0000000100000000-0x000000013fffffff] usable
[    0.000000] NX (Execute Disable) protection: active
[    0.000000]  drivers/firmware/dmi_scan.c dmi_present (572) SMBIOS 2.7 present.
[    0.000000]  drivers/firmware/dmi_scan.c dmi_present (582) DMI: VMware, Inc. VMware Virtual Platform/440BX Desktop Reference Platform, BIOS 6.00 04/13/2018
[    0.000000]  arch/x86/kernel/cpu/hypervisor.c detect_hypervisor_vendor (72) Hypervisor detected: VMware
[    0.000000]  arch/x86/kernel/cpu/vmware.c vmware_platform_setup (145) vmware: TSC freq read from hypervisor : 3000.003 MHz
[    0.000000]  arch/x86/kernel/cpu/vmware.c vmware_platform_setup (161) vmware: Host bus clock speed read from hypervisor : 66000000 Hz
[    0.000002]  arch/x86/kernel/cpu/vmware.c vmware_sched_clock_setup (101) vmware: using sched offset of 36472156986 ns
[    0.000008]  arch/x86/kernel/tsc.c determine_cpu_tsc_frequencies (1405) tsc: Detected 3000.003 MHz processor
[    0.004767] e820: update [mem 0x00000000-0x00000fff] usable ==> reserved
[    0.004770] e820: remove [mem 0x000a0000-0x000fffff] usable
[    0.004774]  arch/x86/kernel/e820.c e820_end_pfn (835) last_pfn = 0x140000 max_arch_pfn = 0x400000000
[    0.004796] MTRR default type: uncachable
[    0.004796] MTRR fixed ranges enabled:
[    0.004797]   00000-9FFFF write-back
[    0.004798]   A0000-BFFFF uncachable
[    0.004798]   C0000-CFFFF write-protect
[    0.004799]   D0000-EFFFF uncachable
[    0.004799]   F0000-FFFFF write-protect
[    0.004799] MTRR variable ranges enabled:
[    0.004800]   0 base 00000000000 mask 3E000000000 write-back
[    0.004801]   1 base 000C0000000 mask 3FFC0000000 uncachable
[    0.004801]   2 disabled
[    0.004802]   3 disabled
[    0.004802]   4 disabled
[    0.004802]   5 disabled
[    0.004803]   6 disabled
[    0.004803]   7 disabled
[    0.004825]  arch/x86/mm/pat.c __init_cache_modes (205) x86/PAT: Configuration [0-7]: WB  WC  UC- UC  WB  WP  UC- WT  
[    0.004839]  arch/x86/kernel/cpu/mtrr/cleanup.c mtrr_cleanup (735) total RAM covered: 130048M
[    0.005078]  arch/x86/kernel/cpu/mtrr/cleanup.c mtrr_cleanup (780) Found optimal setting for mtrr clean up
[    0.005079]  arch/x86/kernel/cpu/mtrr/cleanup.c mtrr_print_out_one_result (646)  gran_size: 64K 	chunk_size: 64K 	num_reg: 7  	lose cover RAM: 0G
[    0.005141] e820: update [mem 0xc0000000-0xffffffff] usable ==> reserved
[    0.005147]  arch/x86/kernel/e820.c e820_end_pfn (835) last_pfn = 0xc0000 max_arch_pfn = 0x400000000
[    0.011980]  arch/x86/kernel/mpparse.c smp_scan_config (600) found SMP MP-table at [mem 0x000f6a80-0x000f6a8f]
[    0.012058] Scanning 1 areas for low memory corruption
[    0.012101] Using GB pages for direct mapping
[    0.012231] RAMDISK: [mem 0x0b9be000-0x21cd6fff]
[    0.012252]  drivers/acpi/tables.c acpi_table_init (751) ACPI: Early table checksum verification disabled
[    0.012292] ACPI: RSDP 0x00000000000F6A10 000024 (v02 PTLTD )
[    0.012296] ACPI: XSDT 0x00000000BFEDC633 00005C (v01 INTEL  440BX    06040000 VMW  01324272)
[    0.012302] ACPI: FACP 0x00000000BFEFEE73 0000F4 (v04 INTEL  440BX    06040000 PTL  000F4240)
[    0.012308] ACPI: DSDT 0x00000000BFEDDFD8 020E9B (v01 PTLTD  Custom   06040000 MSFT 03000001)
[    0.012312] ACPI: FACS 0x00000000BFEFFFC0 000040
[    0.012314] ACPI: FACS 0x00000000BFEFFFC0 000040
[    0.012316] ACPI: BOOT 0x00000000BFEDDFB0 000028 (v01 PTLTD  $SBFTBL$ 06040000  LTP 00000001)
[    0.012319] ACPI: APIC 0x00000000BFEDD86E 000742 (v01 PTLTD  ? APIC   06040000  LTP 00000000)
[    0.012322] ACPI: MCFG 0x00000000BFEDD832 00003C (v01 PTLTD  $PCITBL$ 06040000  LTP 00000001)
[    0.012325] ACPI: SRAT 0x00000000BFEDC72F 0008D0 (v02 VMWARE MEMPLUG  06040000 VMW  00000001)
[    0.012327] ACPI: HPET 0x00000000BFEDC6F7 000038 (v01 VMWARE VMW HPET 06040000 VMW  00000001)
[    0.012330] ACPI: WAET 0x00000000BFEDC6CF 000028 (v01 VMWARE VMW WAET 06040000 VMW  00000001)
[    0.012338] ACPI: Local APIC address 0xfee00000
[    0.012349] system APIC only can use physical flat
[    0.012350]  arch/x86/kernel/apic/probe_64.c default_acpi_madt_oem_check (64) Setting APIC routing to physical flat.
[    0.012387] SRAT: PXM 0 -> APIC 0x00 -> Node 0
[    0.012387] SRAT: PXM 0 -> APIC 0x01 -> Node 0
[    0.012388] SRAT: PXM 0 -> APIC 0x02 -> Node 0
[    0.012388] SRAT: PXM 0 -> APIC 0x03 -> Node 0
[    0.012389] SRAT: PXM 0 -> APIC 0x04 -> Node 0
[    0.012390] SRAT: PXM 0 -> APIC 0x05 -> Node 0
[    0.012390] SRAT: PXM 0 -> APIC 0x06 -> Node 0
[    0.012391] SRAT: PXM 0 -> APIC 0x07 -> Node 0
[    0.012391] SRAT: PXM 0 -> APIC 0x08 -> Node 0
[    0.012392] SRAT: PXM 0 -> APIC 0x09 -> Node 0
[    0.012392] SRAT: PXM 0 -> APIC 0x0a -> Node 0
[    0.012393] SRAT: PXM 0 -> APIC 0x0b -> Node 0
[    0.012393] SRAT: PXM 0 -> APIC 0x0c -> Node 0
[    0.012394] SRAT: PXM 0 -> APIC 0x0d -> Node 0
[    0.012394] SRAT: PXM 0 -> APIC 0x0e -> Node 0
[    0.012395] SRAT: PXM 0 -> APIC 0x0f -> Node 0
[    0.012395] SRAT: PXM 0 -> APIC 0x10 -> Node 0
[    0.012396] SRAT: PXM 0 -> APIC 0x11 -> Node 0
[    0.012396] SRAT: PXM 0 -> APIC 0x12 -> Node 0
[    0.012397] SRAT: PXM 0 -> APIC 0x13 -> Node 0
[    0.012397] SRAT: PXM 0 -> APIC 0x14 -> Node 0
[    0.012398] SRAT: PXM 0 -> APIC 0x15 -> Node 0
[    0.012398] SRAT: PXM 0 -> APIC 0x16 -> Node 0
[    0.012399] SRAT: PXM 0 -> APIC 0x17 -> Node 0
[    0.012399] SRAT: PXM 0 -> APIC 0x18 -> Node 0
[    0.012400] SRAT: PXM 0 -> APIC 0x19 -> Node 0
[    0.012400] SRAT: PXM 0 -> APIC 0x1a -> Node 0
[    0.012401] SRAT: PXM 0 -> APIC 0x1b -> Node 0
[    0.012401] SRAT: PXM 0 -> APIC 0x1c -> Node 0
[    0.012402] SRAT: PXM 0 -> APIC 0x1d -> Node 0
[    0.012402] SRAT: PXM 0 -> APIC 0x1e -> Node 0
[    0.012403] SRAT: PXM 0 -> APIC 0x1f -> Node 0
[    0.012403] SRAT: PXM 0 -> APIC 0x20 -> Node 0
[    0.012404] SRAT: PXM 0 -> APIC 0x21 -> Node 0
[    0.012404] SRAT: PXM 0 -> APIC 0x22 -> Node 0
[    0.012405] SRAT: PXM 0 -> APIC 0x23 -> Node 0
[    0.012405] SRAT: PXM 0 -> APIC 0x24 -> Node 0
[    0.012406] SRAT: PXM 0 -> APIC 0x25 -> Node 0
[    0.012406] SRAT: PXM 0 -> APIC 0x26 -> Node 0
[    0.012407] SRAT: PXM 0 -> APIC 0x27 -> Node 0
[    0.012407] SRAT: PXM 0 -> APIC 0x28 -> Node 0
[    0.012408] SRAT: PXM 0 -> APIC 0x29 -> Node 0
[    0.012408] SRAT: PXM 0 -> APIC 0x2a -> Node 0
[    0.012409] SRAT: PXM 0 -> APIC 0x2b -> Node 0
[    0.012409] SRAT: PXM 0 -> APIC 0x2c -> Node 0
[    0.012410] SRAT: PXM 0 -> APIC 0x2d -> Node 0
[    0.012410] SRAT: PXM 0 -> APIC 0x2e -> Node 0
[    0.012411] SRAT: PXM 0 -> APIC 0x2f -> Node 0
[    0.012411] SRAT: PXM 0 -> APIC 0x30 -> Node 0
[    0.012412] SRAT: PXM 0 -> APIC 0x31 -> Node 0
[    0.012412] SRAT: PXM 0 -> APIC 0x32 -> Node 0
[    0.012413] SRAT: PXM 0 -> APIC 0x33 -> Node 0
[    0.012413] SRAT: PXM 0 -> APIC 0x34 -> Node 0
[    0.012414] SRAT: PXM 0 -> APIC 0x35 -> Node 0
[    0.012414] SRAT: PXM 0 -> APIC 0x36 -> Node 0
[    0.012415] SRAT: PXM 0 -> APIC 0x37 -> Node 0
[    0.012415] SRAT: PXM 0 -> APIC 0x38 -> Node 0
[    0.012416] SRAT: PXM 0 -> APIC 0x39 -> Node 0
[    0.012416] SRAT: PXM 0 -> APIC 0x3a -> Node 0
[    0.012417] SRAT: PXM 0 -> APIC 0x3b -> Node 0
[    0.012417] SRAT: PXM 0 -> APIC 0x3c -> Node 0
[    0.012418] SRAT: PXM 0 -> APIC 0x3d -> Node 0
[    0.012418] SRAT: PXM 0 -> APIC 0x3e -> Node 0
[    0.012419] SRAT: PXM 0 -> APIC 0x3f -> Node 0
[    0.012419] SRAT: PXM 0 -> APIC 0x40 -> Node 0
[    0.012420] SRAT: PXM 0 -> APIC 0x41 -> Node 0
[    0.012420] SRAT: PXM 0 -> APIC 0x42 -> Node 0
[    0.012421] SRAT: PXM 0 -> APIC 0x43 -> Node 0
[    0.012421] SRAT: PXM 0 -> APIC 0x44 -> Node 0
[    0.012422] SRAT: PXM 0 -> APIC 0x45 -> Node 0
[    0.012422] SRAT: PXM 0 -> APIC 0x46 -> Node 0
[    0.012423] SRAT: PXM 0 -> APIC 0x47 -> Node 0
[    0.012423] SRAT: PXM 0 -> APIC 0x48 -> Node 0
[    0.012424] SRAT: PXM 0 -> APIC 0x49 -> Node 0
[    0.012424] SRAT: PXM 0 -> APIC 0x4a -> Node 0
[    0.012425] SRAT: PXM 0 -> APIC 0x4b -> Node 0
[    0.012425] SRAT: PXM 0 -> APIC 0x4c -> Node 0
[    0.012426] SRAT: PXM 0 -> APIC 0x4d -> Node 0
[    0.012426] SRAT: PXM 0 -> APIC 0x4e -> Node 0
[    0.012427] SRAT: PXM 0 -> APIC 0x4f -> Node 0
[    0.012427] SRAT: PXM 0 -> APIC 0x50 -> Node 0
[    0.012428] SRAT: PXM 0 -> APIC 0x51 -> Node 0
[    0.012428] SRAT: PXM 0 -> APIC 0x52 -> Node 0
[    0.012429] SRAT: PXM 0 -> APIC 0x53 -> Node 0
[    0.012429] SRAT: PXM 0 -> APIC 0x54 -> Node 0
[    0.012430] SRAT: PXM 0 -> APIC 0x55 -> Node 0
[    0.012430] SRAT: PXM 0 -> APIC 0x56 -> Node 0
[    0.012431] SRAT: PXM 0 -> APIC 0x57 -> Node 0
[    0.012431] SRAT: PXM 0 -> APIC 0x58 -> Node 0
[    0.012432] SRAT: PXM 0 -> APIC 0x59 -> Node 0
[    0.012432] SRAT: PXM 0 -> APIC 0x5a -> Node 0
[    0.012433] SRAT: PXM 0 -> APIC 0x5b -> Node 0
[    0.012433] SRAT: PXM 0 -> APIC 0x5c -> Node 0
[    0.012434] SRAT: PXM 0 -> APIC 0x5d -> Node 0
[    0.012434] SRAT: PXM 0 -> APIC 0x5e -> Node 0
[    0.012435] SRAT: PXM 0 -> APIC 0x5f -> Node 0
[    0.012435] SRAT: PXM 0 -> APIC 0x60 -> Node 0
[    0.012436] SRAT: PXM 0 -> APIC 0x61 -> Node 0
[    0.012436] SRAT: PXM 0 -> APIC 0x62 -> Node 0
[    0.012437] SRAT: PXM 0 -> APIC 0x63 -> Node 0
[    0.012437] SRAT: PXM 0 -> APIC 0x64 -> Node 0
[    0.012438] SRAT: PXM 0 -> APIC 0x65 -> Node 0
[    0.012438] SRAT: PXM 0 -> APIC 0x66 -> Node 0
[    0.012439] SRAT: PXM 0 -> APIC 0x67 -> Node 0
[    0.012439] SRAT: PXM 0 -> APIC 0x68 -> Node 0
[    0.012440] SRAT: PXM 0 -> APIC 0x69 -> Node 0
[    0.012440] SRAT: PXM 0 -> APIC 0x6a -> Node 0
[    0.012441] SRAT: PXM 0 -> APIC 0x6b -> Node 0
[    0.012441] SRAT: PXM 0 -> APIC 0x6c -> Node 0
[    0.012442] SRAT: PXM 0 -> APIC 0x6d -> Node 0
[    0.012442] SRAT: PXM 0 -> APIC 0x6e -> Node 0
[    0.012443] SRAT: PXM 0 -> APIC 0x6f -> Node 0
[    0.012443] SRAT: PXM 0 -> APIC 0x70 -> Node 0
[    0.012444] SRAT: PXM 0 -> APIC 0x71 -> Node 0
[    0.012444] SRAT: PXM 0 -> APIC 0x72 -> Node 0
[    0.012445] SRAT: PXM 0 -> APIC 0x73 -> Node 0
[    0.012445] SRAT: PXM 0 -> APIC 0x74 -> Node 0
[    0.012446] SRAT: PXM 0 -> APIC 0x75 -> Node 0
[    0.012446] SRAT: PXM 0 -> APIC 0x76 -> Node 0
[    0.012447] SRAT: PXM 0 -> APIC 0x77 -> Node 0
[    0.012447] SRAT: PXM 0 -> APIC 0x78 -> Node 0
[    0.012448] SRAT: PXM 0 -> APIC 0x79 -> Node 0
[    0.012448] SRAT: PXM 0 -> APIC 0x7a -> Node 0
[    0.012449] SRAT: PXM 0 -> APIC 0x7b -> Node 0
[    0.012450] SRAT: PXM 0 -> APIC 0x7c -> Node 0
[    0.012450] SRAT: PXM 0 -> APIC 0x7d -> Node 0
[    0.012451] SRAT: PXM 0 -> APIC 0x7e -> Node 0
[    0.012451] SRAT: PXM 0 -> APIC 0x7f -> Node 0
[    0.012455]  drivers/acpi/numa.c acpi_numa_memory_affinity_init (301) ACPI: SRAT: Node 0 PXM 0 [mem 0x00000000-0x0009ffff]
[    0.012456]  drivers/acpi/numa.c acpi_numa_memory_affinity_init (301) ACPI: SRAT: Node 0 PXM 0 [mem 0x00100000-0xbfffffff]
[    0.012457]  drivers/acpi/numa.c acpi_numa_memory_affinity_init (301) ACPI: SRAT: Node 0 PXM 0 [mem 0x100000000-0x13fffffff]
[    0.012457]  drivers/acpi/numa.c acpi_numa_memory_affinity_init (301) ACPI: SRAT: Node 0 PXM 0 [mem 0x140000000-0x103fffffff] hotplug
[    0.012460] NUMA: Node 0 [mem 0x00000000-0x0009ffff] + [mem 0x00100000-0xbfffffff] -> [mem 0x00000000-0xbfffffff]
[    0.012461] NUMA: Node 0 [mem 0x00000000-0xbfffffff] + [mem 0x100000000-0x13fffffff] -> [mem 0x00000000-0x13fffffff]
[    0.012467] NODE_DATA(0) allocated [mem 0x13ffd5000-0x13fffffff]
[    0.101792]  mm/page_alloc.c free_area_init_nodes (6917) Zone ranges:
[    0.101795]  mm/page_alloc.c free_area_init_nodes (6921)   DMA      [mem 0x0000000000001000-0x0000000000ffffff]
[    0.101797]  mm/page_alloc.c free_area_init_nodes (6921)   DMA32    [mem 0x0000000001000000-0x00000000ffffffff]
[    0.101798]  mm/page_alloc.c free_area_init_nodes (6921)   Normal   [mem 0x0000000100000000-0x000000013fffffff]
[    0.101799]  mm/page_alloc.c free_area_init_nodes (6921)   Device   empty
[    0.101800]  mm/page_alloc.c free_area_init_nodes (6934) Movable zone start for each node
[    0.101802]  mm/page_alloc.c free_area_init_nodes (6942) Early memory node ranges
[    0.101803]  mm/page_alloc.c free_area_init_nodes (6944)   node   0: [mem 0x0000000000001000-0x000000000009dfff]
[    0.101804]  mm/page_alloc.c free_area_init_nodes (6944)   node   0: [mem 0x0000000000100000-0x00000000bfecffff]
[    0.101805]  mm/page_alloc.c free_area_init_nodes (6944)   node   0: [mem 0x00000000bff00000-0x00000000bfffffff]
[    0.101805]  mm/page_alloc.c free_area_init_nodes (6944)   node   0: [mem 0x0000000100000000-0x000000013fffffff]
[    0.120136]  mm/page_alloc.c zero_resv_unavail (6523) Zeroed struct page in unavailable ranges: 147 pages
[    0.120144]  mm/page_alloc.c free_area_init_node (6439) Initmem setup node 0 [mem 0x0000000000001000-0x000000013fffffff]
[    0.120155] On node 0 totalpages: 1048429
[    0.120158]   DMA zone: 64 pages used for memmap
[    0.120160]   DMA zone: 21 pages reserved
[    0.120162]   DMA zone: 3997 pages, LIFO batch:0
[    0.127664]   DMA32 zone: 12224 pages used for memmap
[    0.127666]   DMA32 zone: 782288 pages, LIFO batch:63
[    0.198443]   Normal zone: 4096 pages used for memmap
[    0.198448]   Normal zone: 262144 pages, LIFO batch:63
[    0.262165] ACPI: PM-Timer IO Port: 0x1008
[    0.262169] ACPI: Local APIC address 0xfee00000
[    0.262174] system APIC only can use physical flat
[    0.262185]  drivers/acpi/tables.c acpi_table_print_madt_entry (126) ACPI: LAPIC_NMI (acpi_id[0x00] high edge lint[0x1])
[    0.262186]  drivers/acpi/tables.c acpi_table_print_madt_entry (126) ACPI: LAPIC_NMI (acpi_id[0x01] high edge lint[0x1])
[    0.262187]  drivers/acpi/tables.c acpi_table_print_madt_entry (126) ACPI: LAPIC_NMI (acpi_id[0x02] high edge lint[0x1])
[    0.262187]  drivers/acpi/tables.c acpi_table_print_madt_entry (126) ACPI: LAPIC_NMI (acpi_id[0x03] high edge lint[0x1])
[    0.262188]  drivers/acpi/tables.c acpi_table_print_madt_entry (126) ACPI: LAPIC_NMI (acpi_id[0x04] high edge lint[0x1])
[    0.262189]  drivers/acpi/tables.c acpi_table_print_madt_entry (126) ACPI: LAPIC_NMI (acpi_id[0x05] high edge lint[0x1])
[    0.262189]  drivers/acpi/tables.c acpi_table_print_madt_entry (126) ACPI: LAPIC_NMI (acpi_id[0x06] high edge lint[0x1])
[    0.262190]  drivers/acpi/tables.c acpi_table_print_madt_entry (126) ACPI: LAPIC_NMI (acpi_id[0x07] high edge lint[0x1])
[    0.262191]  drivers/acpi/tables.c acpi_table_print_madt_entry (126) ACPI: LAPIC_NMI (acpi_id[0x08] high edge lint[0x1])
[    0.262191]  drivers/acpi/tables.c acpi_table_print_madt_entry (126) ACPI: LAPIC_NMI (acpi_id[0x09] high edge lint[0x1])
[    0.262192]  drivers/acpi/tables.c acpi_table_print_madt_entry (126) ACPI: LAPIC_NMI (acpi_id[0x0a] high edge lint[0x1])
[    0.262193]  drivers/acpi/tables.c acpi_table_print_madt_entry (126) ACPI: LAPIC_NMI (acpi_id[0x0b] high edge lint[0x1])
[    0.262193]  drivers/acpi/tables.c acpi_table_print_madt_entry (126) ACPI: LAPIC_NMI (acpi_id[0x0c] high edge lint[0x1])
[    0.262194]  drivers/acpi/tables.c acpi_table_print_madt_entry (126) ACPI: LAPIC_NMI (acpi_id[0x0d] high edge lint[0x1])
[    0.262195]  drivers/acpi/tables.c acpi_table_print_madt_entry (126) ACPI: LAPIC_NMI (acpi_id[0x0e] high edge lint[0x1])
[    0.262195]  drivers/acpi/tables.c acpi_table_print_madt_entry (126) ACPI: LAPIC_NMI (acpi_id[0x0f] high edge lint[0x1])
[    0.262196]  drivers/acpi/tables.c acpi_table_print_madt_entry (126) ACPI: LAPIC_NMI (acpi_id[0x10] high edge lint[0x1])
[    0.262197]  drivers/acpi/tables.c acpi_table_print_madt_entry (126) ACPI: LAPIC_NMI (acpi_id[0x11] high edge lint[0x1])
[    0.262197]  drivers/acpi/tables.c acpi_table_print_madt_entry (126) ACPI: LAPIC_NMI (acpi_id[0x12] high edge lint[0x1])
[    0.262198]  drivers/acpi/tables.c acpi_table_print_madt_entry (126) ACPI: LAPIC_NMI (acpi_id[0x13] high edge lint[0x1])
[    0.262199]  drivers/acpi/tables.c acpi_table_print_madt_entry (126) ACPI: LAPIC_NMI (acpi_id[0x14] high edge lint[0x1])
[    0.262199]  drivers/acpi/tables.c acpi_table_print_madt_entry (126) ACPI: LAPIC_NMI (acpi_id[0x15] high edge lint[0x1])
[    0.262200]  drivers/acpi/tables.c acpi_table_print_madt_entry (126) ACPI: LAPIC_NMI (acpi_id[0x16] high edge lint[0x1])
[    0.262201]  drivers/acpi/tables.c acpi_table_print_madt_entry (126) ACPI: LAPIC_NMI (acpi_id[0x17] high edge lint[0x1])
[    0.262201]  drivers/acpi/tables.c acpi_table_print_madt_entry (126) ACPI: LAPIC_NMI (acpi_id[0x18] high edge lint[0x1])
[    0.262202]  drivers/acpi/tables.c acpi_table_print_madt_entry (126) ACPI: LAPIC_NMI (acpi_id[0x19] high edge lint[0x1])
[    0.262203]  drivers/acpi/tables.c acpi_table_print_madt_entry (126) ACPI: LAPIC_NMI (acpi_id[0x1a] high edge lint[0x1])
[    0.262203]  drivers/acpi/tables.c acpi_table_print_madt_entry (126) ACPI: LAPIC_NMI (acpi_id[0x1b] high edge lint[0x1])
[    0.262204]  drivers/acpi/tables.c acpi_table_print_madt_entry (126) ACPI: LAPIC_NMI (acpi_id[0x1c] high edge lint[0x1])
[    0.262205]  drivers/acpi/tables.c acpi_table_print_madt_entry (126) ACPI: LAPIC_NMI (acpi_id[0x1d] high edge lint[0x1])
[    0.262205]  drivers/acpi/tables.c acpi_table_print_madt_entry (126) ACPI: LAPIC_NMI (acpi_id[0x1e] high edge lint[0x1])
[    0.262206]  drivers/acpi/tables.c acpi_table_print_madt_entry (126) ACPI: LAPIC_NMI (acpi_id[0x1f] high edge lint[0x1])
[    0.262207]  drivers/acpi/tables.c acpi_table_print_madt_entry (126) ACPI: LAPIC_NMI (acpi_id[0x20] high edge lint[0x1])
[    0.262207]  drivers/acpi/tables.c acpi_table_print_madt_entry (126) ACPI: LAPIC_NMI (acpi_id[0x21] high edge lint[0x1])
[    0.262208]  drivers/acpi/tables.c acpi_table_print_madt_entry (126) ACPI: LAPIC_NMI (acpi_id[0x22] high edge lint[0x1])
[    0.262209]  drivers/acpi/tables.c acpi_table_print_madt_entry (126) ACPI: LAPIC_NMI (acpi_id[0x23] high edge lint[0x1])
[    0.262209]  drivers/acpi/tables.c acpi_table_print_madt_entry (126) ACPI: LAPIC_NMI (acpi_id[0x24] high edge lint[0x1])
[    0.262210]  drivers/acpi/tables.c acpi_table_print_madt_entry (126) ACPI: LAPIC_NMI (acpi_id[0x25] high edge lint[0x1])
[    0.262211]  drivers/acpi/tables.c acpi_table_print_madt_entry (126) ACPI: LAPIC_NMI (acpi_id[0x26] high edge lint[0x1])
[    0.262211]  drivers/acpi/tables.c acpi_table_print_madt_entry (126) ACPI: LAPIC_NMI (acpi_id[0x27] high edge lint[0x1])
[    0.262212]  drivers/acpi/tables.c acpi_table_print_madt_entry (126) ACPI: LAPIC_NMI (acpi_id[0x28] high edge lint[0x1])
[    0.262213]  drivers/acpi/tables.c acpi_table_print_madt_entry (126) ACPI: LAPIC_NMI (acpi_id[0x29] high edge lint[0x1])
[    0.262214]  drivers/acpi/tables.c acpi_table_print_madt_entry (126) ACPI: LAPIC_NMI (acpi_id[0x2a] high edge lint[0x1])
[    0.262214]  drivers/acpi/tables.c acpi_table_print_madt_entry (126) ACPI: LAPIC_NMI (acpi_id[0x2b] high edge lint[0x1])
[    0.262215]  drivers/acpi/tables.c acpi_table_print_madt_entry (126) ACPI: LAPIC_NMI (acpi_id[0x2c] high edge lint[0x1])
[    0.262216]  drivers/acpi/tables.c acpi_table_print_madt_entry (126) ACPI: LAPIC_NMI (acpi_id[0x2d] high edge lint[0x1])
[    0.262216]  drivers/acpi/tables.c acpi_table_print_madt_entry (126) ACPI: LAPIC_NMI (acpi_id[0x2e] high edge lint[0x1])
[    0.262217]  drivers/acpi/tables.c acpi_table_print_madt_entry (126) ACPI: LAPIC_NMI (acpi_id[0x2f] high edge lint[0x1])
[    0.262218]  drivers/acpi/tables.c acpi_table_print_madt_entry (126) ACPI: LAPIC_NMI (acpi_id[0x30] high edge lint[0x1])
[    0.262218]  drivers/acpi/tables.c acpi_table_print_madt_entry (126) ACPI: LAPIC_NMI (acpi_id[0x31] high edge lint[0x1])
[    0.262219]  drivers/acpi/tables.c acpi_table_print_madt_entry (126) ACPI: LAPIC_NMI (acpi_id[0x32] high edge lint[0x1])
[    0.262220]  drivers/acpi/tables.c acpi_table_print_madt_entry (126) ACPI: LAPIC_NMI (acpi_id[0x33] high edge lint[0x1])
[    0.262220]  drivers/acpi/tables.c acpi_table_print_madt_entry (126) ACPI: LAPIC_NMI (acpi_id[0x34] high edge lint[0x1])
[    0.262221]  drivers/acpi/tables.c acpi_table_print_madt_entry (126) ACPI: LAPIC_NMI (acpi_id[0x35] high edge lint[0x1])
[    0.262222]  drivers/acpi/tables.c acpi_table_print_madt_entry (126) ACPI: LAPIC_NMI (acpi_id[0x36] high edge lint[0x1])
[    0.262222]  drivers/acpi/tables.c acpi_table_print_madt_entry (126) ACPI: LAPIC_NMI (acpi_id[0x37] high edge lint[0x1])
[    0.262223]  drivers/acpi/tables.c acpi_table_print_madt_entry (126) ACPI: LAPIC_NMI (acpi_id[0x38] high edge lint[0x1])
[    0.262224]  drivers/acpi/tables.c acpi_table_print_madt_entry (126) ACPI: LAPIC_NMI (acpi_id[0x39] high edge lint[0x1])
[    0.262224]  drivers/acpi/tables.c acpi_table_print_madt_entry (126) ACPI: LAPIC_NMI (acpi_id[0x3a] high edge lint[0x1])
[    0.262225]  drivers/acpi/tables.c acpi_table_print_madt_entry (126) ACPI: LAPIC_NMI (acpi_id[0x3b] high edge lint[0x1])
[    0.262226]  drivers/acpi/tables.c acpi_table_print_madt_entry (126) ACPI: LAPIC_NMI (acpi_id[0x3c] high edge lint[0x1])
[    0.262226]  drivers/acpi/tables.c acpi_table_print_madt_entry (126) ACPI: LAPIC_NMI (acpi_id[0x3d] high edge lint[0x1])
[    0.262227]  drivers/acpi/tables.c acpi_table_print_madt_entry (126) ACPI: LAPIC_NMI (acpi_id[0x3e] high edge lint[0x1])
[    0.262228]  drivers/acpi/tables.c acpi_table_print_madt_entry (126) ACPI: LAPIC_NMI (acpi_id[0x3f] high edge lint[0x1])
[    0.262228]  drivers/acpi/tables.c acpi_table_print_madt_entry (126) ACPI: LAPIC_NMI (acpi_id[0x40] high edge lint[0x1])
[    0.262229]  drivers/acpi/tables.c acpi_table_print_madt_entry (126) ACPI: LAPIC_NMI (acpi_id[0x41] high edge lint[0x1])
[    0.262230]  drivers/acpi/tables.c acpi_table_print_madt_entry (126) ACPI: LAPIC_NMI (acpi_id[0x42] high edge lint[0x1])
[    0.262230]  drivers/acpi/tables.c acpi_table_print_madt_entry (126) ACPI: LAPIC_NMI (acpi_id[0x43] high edge lint[0x1])
[    0.262231]  drivers/acpi/tables.c acpi_table_print_madt_entry (126) ACPI: LAPIC_NMI (acpi_id[0x44] high edge lint[0x1])
[    0.262231]  drivers/acpi/tables.c acpi_table_print_madt_entry (126) ACPI: LAPIC_NMI (acpi_id[0x45] high edge lint[0x1])
[    0.262232]  drivers/acpi/tables.c acpi_table_print_madt_entry (126) ACPI: LAPIC_NMI (acpi_id[0x46] high edge lint[0x1])
[    0.262233]  drivers/acpi/tables.c acpi_table_print_madt_entry (126) ACPI: LAPIC_NMI (acpi_id[0x47] high edge lint[0x1])
[    0.262233]  drivers/acpi/tables.c acpi_table_print_madt_entry (126) ACPI: LAPIC_NMI (acpi_id[0x48] high edge lint[0x1])
[    0.262234]  drivers/acpi/tables.c acpi_table_print_madt_entry (126) ACPI: LAPIC_NMI (acpi_id[0x49] high edge lint[0x1])
[    0.262235]  drivers/acpi/tables.c acpi_table_print_madt_entry (126) ACPI: LAPIC_NMI (acpi_id[0x4a] high edge lint[0x1])
[    0.262235]  drivers/acpi/tables.c acpi_table_print_madt_entry (126) ACPI: LAPIC_NMI (acpi_id[0x4b] high edge lint[0x1])
[    0.262236]  drivers/acpi/tables.c acpi_table_print_madt_entry (126) ACPI: LAPIC_NMI (acpi_id[0x4c] high edge lint[0x1])
[    0.262237]  drivers/acpi/tables.c acpi_table_print_madt_entry (126) ACPI: LAPIC_NMI (acpi_id[0x4d] high edge lint[0x1])
[    0.262237]  drivers/acpi/tables.c acpi_table_print_madt_entry (126) ACPI: LAPIC_NMI (acpi_id[0x4e] high edge lint[0x1])
[    0.262238]  drivers/acpi/tables.c acpi_table_print_madt_entry (126) ACPI: LAPIC_NMI (acpi_id[0x4f] high edge lint[0x1])
[    0.262239]  drivers/acpi/tables.c acpi_table_print_madt_entry (126) ACPI: LAPIC_NMI (acpi_id[0x50] high edge lint[0x1])
[    0.262239]  drivers/acpi/tables.c acpi_table_print_madt_entry (126) ACPI: LAPIC_NMI (acpi_id[0x51] high edge lint[0x1])
[    0.262240]  drivers/acpi/tables.c acpi_table_print_madt_entry (126) ACPI: LAPIC_NMI (acpi_id[0x52] high edge lint[0x1])
[    0.262241]  drivers/acpi/tables.c acpi_table_print_madt_entry (126) ACPI: LAPIC_NMI (acpi_id[0x53] high edge lint[0x1])
[    0.262241]  drivers/acpi/tables.c acpi_table_print_madt_entry (126) ACPI: LAPIC_NMI (acpi_id[0x54] high edge lint[0x1])
[    0.262242]  drivers/acpi/tables.c acpi_table_print_madt_entry (126) ACPI: LAPIC_NMI (acpi_id[0x55] high edge lint[0x1])
[    0.262243]  drivers/acpi/tables.c acpi_table_print_madt_entry (126) ACPI: LAPIC_NMI (acpi_id[0x56] high edge lint[0x1])
[    0.262243]  drivers/acpi/tables.c acpi_table_print_madt_entry (126) ACPI: LAPIC_NMI (acpi_id[0x57] high edge lint[0x1])
[    0.262244]  drivers/acpi/tables.c acpi_table_print_madt_entry (126) ACPI: LAPIC_NMI (acpi_id[0x58] high edge lint[0x1])
[    0.262245]  drivers/acpi/tables.c acpi_table_print_madt_entry (126) ACPI: LAPIC_NMI (acpi_id[0x59] high edge lint[0x1])
[    0.262245]  drivers/acpi/tables.c acpi_table_print_madt_entry (126) ACPI: LAPIC_NMI (acpi_id[0x5a] high edge lint[0x1])
[    0.262246]  drivers/acpi/tables.c acpi_table_print_madt_entry (126) ACPI: LAPIC_NMI (acpi_id[0x5b] high edge lint[0x1])
[    0.262247]  drivers/acpi/tables.c acpi_table_print_madt_entry (126) ACPI: LAPIC_NMI (acpi_id[0x5c] high edge lint[0x1])
[    0.262247]  drivers/acpi/tables.c acpi_table_print_madt_entry (126) ACPI: LAPIC_NMI (acpi_id[0x5d] high edge lint[0x1])
[    0.262248]  drivers/acpi/tables.c acpi_table_print_madt_entry (126) ACPI: LAPIC_NMI (acpi_id[0x5e] high edge lint[0x1])
[    0.262249]  drivers/acpi/tables.c acpi_table_print_madt_entry (126) ACPI: LAPIC_NMI (acpi_id[0x5f] high edge lint[0x1])
[    0.262249]  drivers/acpi/tables.c acpi_table_print_madt_entry (126) ACPI: LAPIC_NMI (acpi_id[0x60] high edge lint[0x1])
[    0.262250]  drivers/acpi/tables.c acpi_table_print_madt_entry (126) ACPI: LAPIC_NMI (acpi_id[0x61] high edge lint[0x1])
[    0.262251]  drivers/acpi/tables.c acpi_table_print_madt_entry (126) ACPI: LAPIC_NMI (acpi_id[0x62] high edge lint[0x1])
[    0.262251]  drivers/acpi/tables.c acpi_table_print_madt_entry (126) ACPI: LAPIC_NMI (acpi_id[0x63] high edge lint[0x1])
[    0.262252]  drivers/acpi/tables.c acpi_table_print_madt_entry (126) ACPI: LAPIC_NMI (acpi_id[0x64] high edge lint[0x1])
[    0.262253]  drivers/acpi/tables.c acpi_table_print_madt_entry (126) ACPI: LAPIC_NMI (acpi_id[0x65] high edge lint[0x1])
[    0.262253]  drivers/acpi/tables.c acpi_table_print_madt_entry (126) ACPI: LAPIC_NMI (acpi_id[0x66] high edge lint[0x1])
[    0.262254]  drivers/acpi/tables.c acpi_table_print_madt_entry (126) ACPI: LAPIC_NMI (acpi_id[0x67] high edge lint[0x1])
[    0.262255]  drivers/acpi/tables.c acpi_table_print_madt_entry (126) ACPI: LAPIC_NMI (acpi_id[0x68] high edge lint[0x1])
[    0.262255]  drivers/acpi/tables.c acpi_table_print_madt_entry (126) ACPI: LAPIC_NMI (acpi_id[0x69] high edge lint[0x1])
[    0.262256]  drivers/acpi/tables.c acpi_table_print_madt_entry (126) ACPI: LAPIC_NMI (acpi_id[0x6a] high edge lint[0x1])
[    0.262257]  drivers/acpi/tables.c acpi_table_print_madt_entry (126) ACPI: LAPIC_NMI (acpi_id[0x6b] high edge lint[0x1])
[    0.262257]  drivers/acpi/tables.c acpi_table_print_madt_entry (126) ACPI: LAPIC_NMI (acpi_id[0x6c] high edge lint[0x1])
[    0.262258]  drivers/acpi/tables.c acpi_table_print_madt_entry (126) ACPI: LAPIC_NMI (acpi_id[0x6d] high edge lint[0x1])
[    0.262259]  drivers/acpi/tables.c acpi_table_print_madt_entry (126) ACPI: LAPIC_NMI (acpi_id[0x6e] high edge lint[0x1])
[    0.262259]  drivers/acpi/tables.c acpi_table_print_madt_entry (126) ACPI: LAPIC_NMI (acpi_id[0x6f] high edge lint[0x1])
[    0.262260]  drivers/acpi/tables.c acpi_table_print_madt_entry (126) ACPI: LAPIC_NMI (acpi_id[0x70] high edge lint[0x1])
[    0.262261]  drivers/acpi/tables.c acpi_table_print_madt_entry (126) ACPI: LAPIC_NMI (acpi_id[0x71] high edge lint[0x1])
[    0.262261]  drivers/acpi/tables.c acpi_table_print_madt_entry (126) ACPI: LAPIC_NMI (acpi_id[0x72] high edge lint[0x1])
[    0.262262]  drivers/acpi/tables.c acpi_table_print_madt_entry (126) ACPI: LAPIC_NMI (acpi_id[0x73] high edge lint[0x1])
[    0.262263]  drivers/acpi/tables.c acpi_table_print_madt_entry (126) ACPI: LAPIC_NMI (acpi_id[0x74] high edge lint[0x1])
[    0.262263]  drivers/acpi/tables.c acpi_table_print_madt_entry (126) ACPI: LAPIC_NMI (acpi_id[0x75] high edge lint[0x1])
[    0.262264]  drivers/acpi/tables.c acpi_table_print_madt_entry (126) ACPI: LAPIC_NMI (acpi_id[0x76] high edge lint[0x1])
[    0.262265]  drivers/acpi/tables.c acpi_table_print_madt_entry (126) ACPI: LAPIC_NMI (acpi_id[0x77] high edge lint[0x1])
[    0.262265]  drivers/acpi/tables.c acpi_table_print_madt_entry (126) ACPI: LAPIC_NMI (acpi_id[0x78] high edge lint[0x1])
[    0.262266]  drivers/acpi/tables.c acpi_table_print_madt_entry (126) ACPI: LAPIC_NMI (acpi_id[0x79] high edge lint[0x1])
[    0.262267]  drivers/acpi/tables.c acpi_table_print_madt_entry (126) ACPI: LAPIC_NMI (acpi_id[0x7a] high edge lint[0x1])
[    0.262267]  drivers/acpi/tables.c acpi_table_print_madt_entry (126) ACPI: LAPIC_NMI (acpi_id[0x7b] high edge lint[0x1])
[    0.262268]  drivers/acpi/tables.c acpi_table_print_madt_entry (126) ACPI: LAPIC_NMI (acpi_id[0x7c] high edge lint[0x1])
[    0.262269]  drivers/acpi/tables.c acpi_table_print_madt_entry (126) ACPI: LAPIC_NMI (acpi_id[0x7d] high edge lint[0x1])
[    0.262269]  drivers/acpi/tables.c acpi_table_print_madt_entry (126) ACPI: LAPIC_NMI (acpi_id[0x7e] high edge lint[0x1])
[    0.262270]  drivers/acpi/tables.c acpi_table_print_madt_entry (126) ACPI: LAPIC_NMI (acpi_id[0x7f] high edge lint[0x1])
[    0.262321]  arch/x86/kernel/apic/io_apic.c mp_register_ioapic (2867) IOAPIC[0]: apic_id 128, version 17, address 0xfec00000, GSI 0-23
[    0.262324]  drivers/acpi/tables.c acpi_table_print_madt_entry (99) ACPI: INT_SRC_OVR (bus 0 bus_irq 0 global_irq 2 high edge)
[    0.262326] ACPI: IRQ0 used by override.
[    0.262327] ACPI: IRQ9 used by override.
[    0.262329] Using ACPI (MADT) for SMP configuration information
[    0.262331] ACPI: HPET id: 0x8086af01 base: 0xfed00000
[    0.262335]  arch/x86/kernel/apic/apic.c init_apic_mappings (2027) TSC deadline timer available
[    0.262345]  arch/x86/kernel/smpboot.c prefill_possible_map (1456) smpboot: Allowing 128 CPUs, 124 hotplug CPUs
[    0.262357]  kernel/power/snapshot.c __register_nosave_region (979) PM: Registered nosave memory: [mem 0x00000000-0x00000fff]
[    0.262358]  kernel/power/snapshot.c __register_nosave_region (979) PM: Registered nosave memory: [mem 0x0009e000-0x0009efff]
[    0.262359]  kernel/power/snapshot.c __register_nosave_region (979) PM: Registered nosave memory: [mem 0x0009f000-0x0009ffff]
[    0.262359]  kernel/power/snapshot.c __register_nosave_region (979) PM: Registered nosave memory: [mem 0x000a0000-0x000dbfff]
[    0.262360]  kernel/power/snapshot.c __register_nosave_region (979) PM: Registered nosave memory: [mem 0x000dc000-0x000fffff]
[    0.262361]  kernel/power/snapshot.c __register_nosave_region (979) PM: Registered nosave memory: [mem 0xbfed0000-0xbfefefff]
[    0.262362]  kernel/power/snapshot.c __register_nosave_region (979) PM: Registered nosave memory: [mem 0xbfeff000-0xbfefffff]
[    0.262363]  kernel/power/snapshot.c __register_nosave_region (979) PM: Registered nosave memory: [mem 0xc0000000-0xefffffff]
[    0.262364]  kernel/power/snapshot.c __register_nosave_region (979) PM: Registered nosave memory: [mem 0xf0000000-0xf7ffffff]
[    0.262364]  kernel/power/snapshot.c __register_nosave_region (979) PM: Registered nosave memory: [mem 0xf8000000-0xfebfffff]
[    0.262365]  kernel/power/snapshot.c __register_nosave_region (979) PM: Registered nosave memory: [mem 0xfec00000-0xfec0ffff]
[    0.262365]  kernel/power/snapshot.c __register_nosave_region (979) PM: Registered nosave memory: [mem 0xfec10000-0xfedfffff]
[    0.262366]  kernel/power/snapshot.c __register_nosave_region (979) PM: Registered nosave memory: [mem 0xfee00000-0xfee00fff]
[    0.262367]  kernel/power/snapshot.c __register_nosave_region (979) PM: Registered nosave memory: [mem 0xfee01000-0xfffdffff]
[    0.262367]  kernel/power/snapshot.c __register_nosave_region (979) PM: Registered nosave memory: [mem 0xfffe0000-0xffffffff]
[    0.262369]  arch/x86/kernel/e820.c e820__setup_pci_gap (653) [mem 0xc0000000-0xefffffff] available for PCI devices
[    0.262370] Booting paravirtualized kernel on VMware hypervisor
[    0.262372]  kernel/time/clocksource.c __clocksource_update_freq_scale (927) clocksource: refined-jiffies: mask: 0xffffffff max_cycles: 0xffffffff, max_idle_ns: 7645519600211568 ns
[    0.262380]  drivers/char/random.c _warn_unseeded_randomness (1612) random: get_random_bytes called from start_kernel+0xa8/0x582 with crng_init=0
[    0.262386]  arch/x86/kernel/setup_percpu.c setup_per_cpu_areas (172) setup_percpu: NR_CPUS:8192 nr_cpumask_bits:128 nr_cpu_ids:128 nr_node_ids:1
[    0.718276]  mm/percpu.c pcpu_embed_first_chunk (2537) percpu: Embedded 46 pages/cpu s151552 r8192 d28672 u262144
[    0.718293] pcpu-alloc: s151552 r8192 d28672 u262144 alloc=1*2097152
[    0.718311] pcpu-alloc: [0] 000 001 002 003 004 005 006 007 
[    0.718313] pcpu-alloc: [0] 008 009 010 011 012 013 014 015 
[    0.718315] pcpu-alloc: [0] 016 017 018 019 020 021 022 023 
[    0.718317] pcpu-alloc: [0] 024 025 026 027 028 029 030 031 
[    0.718318] pcpu-alloc: [0] 032 033 034 035 036 037 038 039 
[    0.718319] pcpu-alloc: [0] 040 041 042 043 044 045 046 047 
[    0.718320] pcpu-alloc: [0] 048 049 050 051 052 053 054 055 
[    0.718321] pcpu-alloc: [0] 056 057 058 059 060 061 062 063 
[    0.718322] pcpu-alloc: [0] 064 065 066 067 068 069 070 071 
[    0.718323] pcpu-alloc: [0] 072 073 074 075 076 077 078 079 
[    0.718325] pcpu-alloc: [0] 080 081 082 083 084 085 086 087 
[    0.718326] pcpu-alloc: [0] 088 089 090 091 092 093 094 095 
[    0.718327] pcpu-alloc: [0] 096 097 098 099 100 101 102 103 
[    0.718328] pcpu-alloc: [0] 104 105 106 107 108 109 110 111 
[    0.718329] pcpu-alloc: [0] 112 113 114 115 116 117 118 119 
[    0.718330] pcpu-alloc: [0] 120 121 122 123 124 125 126 127 
[    0.718377]  mm/page_alloc.c build_all_zonelists (5463) Built 1 zonelists, mobility grouping on.  Total pages: 1032024
[    0.718379]  mm/page_alloc.c build_all_zonelists (5468) Policy zone: Normal
[    0.718381]  init/main.c start_kernel (569) Kernel command line: BOOT_IMAGE=/boot/vmlinuz-4.19.132 root=UUID=7948e99d-4e2e-40bf-b955-60fecd9db270 ro console=tty1,console=ttyS1,115200n8
[    0.718417]  kernel/printk/printk.c log_buf_add_cpu (1092) log_buf_len individual max cpu contribution: 4096 bytes
[    0.718418]  kernel/printk/printk.c log_buf_add_cpu (1094) log_buf_len total cpu_extra contributions: 520192 bytes
[    0.718418]  kernel/printk/printk.c log_buf_add_cpu (1096) log_buf_len min size: 262144 bytes
[    0.718822]  kernel/printk/printk.c setup_log_buf (1141) log_buf_len: 1048576 bytes
[    0.718823]  kernel/printk/printk.c setup_log_buf (1142) early log buf free: 224212(85%)
[    1.038648] Calgary: detecting Calgary via BIOS EBDA area
[    1.038650] Calgary: Unable to locate Rio Grande table in EBDA - bailing!
[    1.048973]  mm/page_alloc.c mem_init_print_info (7114) Memory: 3640648K/4193716K available (14348K kernel code, 2695K rwdata, 4692K rodata, 2492K init, 4928K bss, 553068K reserved, 0K cma-reserved)
[    1.054225]  mm/slub.c kmem_cache_init (4265) SLUB: HWalign=64, Order=0-3, MinObjects=0, CPUs=128, Nodes=1
[    1.054385]  arch/x86/mm/pti.c pti_init (605) Kernel/User page tables isolation: enabled
[    1.068956]  kernel/trace/ftrace.c ftrace_init (6185) ftrace: allocating 40854 entries in 160 pages
[    1.137047]  kernel/rcu/tree_plugin.h rcu_bootup_announce (915) rcu: Hierarchical RCU implementation.
[    1.137050]  kernel/rcu/tree_plugin.h rcu_bootup_announce_oddness (94) rcu: 	RCU restricting CPUs from NR_CPUS=8192 to nr_cpu_ids=128.
[    1.137051]  kernel/rcu/update.c rcu_tasks_bootup_oddness (866) 	Tasks RCU enabled.
[    1.137052]  kernel/rcu/tree.c rcu_init_geometry (4076) rcu: Adjusting geometry for rcu_fanout_leaf=16, nr_cpu_ids=128
[    1.140696] NR_IRQS: 524544, nr_irqs: 1448, preallocated irqs: 16
[    1.143126]  drivers/tty/vt/vt.c con_init (3385) Console: colour VGA+ 80x25
[    1.172406]  kernel/printk/printk.c register_console (2745) console [tty1] enabled
[    1.172785] ACPI: Core revision 20180810
[    1.173229]  kernel/time/clocksource.c __clocksource_update_freq_scale (927) clocksource: hpet: mask: 0xffffffff max_cycles: 0xffffffff, max_idle_ns: 133484882848 ns
[    1.173438] hpet clockevent registered
[    1.173454]  arch/x86/kernel/apic/apic.c apic_intr_mode_init (1401) APIC: Switch to symmetric I/O mode setup
[    1.179963] x2apic enabled
[    1.218029]  arch/x86/kernel/apic/probe_64.c default_setup_apic_routing (38) Switched APIC routing to physical x2apic.
[    1.220273] ..TIMER: vector=0x30 apic1=0 pin1=2 apic2=-1 pin2=-1
[    1.220472]  kernel/time/clocksource.c __clocksource_update_freq_scale (927) clocksource: tsc-early: mask: 0xffffffffffffffff max_cycles: 0x2b3e47e4533, max_idle_ns: 440795202126 ns
[    1.220924]  init/calibrate.c calibrate_delay (289) Calibrating delay loop (skipped) preset value.. 6000.00 BogoMIPS (lpj=12000012)
[    1.224912]  kernel/pid.c pid_idr_init (464) pid_max: default: 131072 minimum: 1024
[    1.225205]  security/security.c security_init (78) Security Framework initialized
[    1.225418]  security/yama/yama_lsm.c yama_add_hooks (484) Yama: becoming mindful.
[    1.237875] AppArmor: AppArmor initialized
[    1.239325]  mm/page_alloc.c alloc_large_system_hash (7692) Dentry cache hash table entries: 524288 (order: 10, 4194304 bytes)
[    1.240339]  mm/page_alloc.c alloc_large_system_hash (7692) Inode-cache hash table entries: 262144 (order: 9, 2097152 bytes)
[    1.240690]  mm/page_alloc.c alloc_large_system_hash (7692) Mount-cache hash table entries: 8192 (order: 4, 65536 bytes)
[    1.245453]  mm/page_alloc.c alloc_large_system_hash (7692) Mountpoint-cache hash table entries: 8192 (order: 4, 65536 bytes)
[    1.268923]  arch/x86/kernel/cpu/intel.c early_init_intel (272) Disabled fast string operations
[    1.272967]  arch/x86/kernel/cpu/common.c cpu_detect_tlb (655) Last level iTLB entries: 4KB 128, 2MB 8, 4MB 8
[    1.273264]  arch/x86/kernel/cpu/common.c cpu_detect_tlb (659) Last level dTLB entries: 4KB 64, 2MB 0, 4MB 0, 1GB 4
[    1.273573]  arch/x86/kernel/cpu/bugs.c spectre_v1_select_mitigation (568) Spectre V1 : Mitigation: usercopy/swapgs barriers and __user pointer sanitization
[    1.273981]  arch/x86/kernel/cpu/bugs.c spectre_v2_select_mitigation (920) Spectre V2 : Mitigation: Full generic retpoline
[    1.274315]  arch/x86/kernel/cpu/bugs.c spectre_v2_select_mitigation (931) Spectre V2 : Spectre v2 / SpectreRSB mitigation: Filling RSB on context switch
[    1.274715]  arch/x86/kernel/cpu/bugs.c spectre_v2_select_mitigation (946) Spectre V2 : Enabling Restricted Speculation for firmware calls
[    1.275087]  arch/x86/kernel/cpu/bugs.c spectre_v2_user_select_mitigation (751) Spectre V2 : mitigation: Enabling conditional Indirect Branch Prediction Barrier
[    1.275506]  arch/x86/kernel/cpu/bugs.c ssb_select_mitigation (1191) Speculative Store Bypass: Mitigation: Speculative Store Bypass disabled via prctl and seccomp
[    1.275968]  arch/x86/kernel/cpu/bugs.c taa_select_mitigation (371) TAA: Vulnerable: Clear CPU buffers attempted, no microcode
[    1.276912]  arch/x86/kernel/cpu/bugs.c srbds_select_mitigation (470) SRBDS: Unknown: Dependent on hypervisor status
[    1.277225]  arch/x86/kernel/cpu/bugs.c mds_print_mitigation (264) MDS: Vulnerable: Clear CPU buffers attempted, no microcode
[    1.280910]  mm/page_alloc.c free_reserved_area (7061) Freeing SMP alternatives memory: 36K
[    1.286112]  arch/x86/kernel/smpboot.c native_smp_prepare_cpus (1312) smpboot: CPU0: Intel(R) Core(TM) i5-8500 CPU @ 3.00GHz (family: 0x6, model: 0x9e, stepping: 0xa)
[    1.287417]  arch/x86/events/core.c init_hw_perf_events (1748) Performance Events: Skylake events, core PMU driver.
[    1.287735]  arch/x86/events/intel/core.c intel_arch_events_quirk (3836) core: CPUID marked event: 'cpu cycles' unavailable
[    1.288044]  arch/x86/events/intel/core.c intel_arch_events_quirk (3836) core: CPUID marked event: 'instructions' unavailable
[    1.288357]  arch/x86/events/intel/core.c intel_arch_events_quirk (3836) core: CPUID marked event: 'bus cycles' unavailable
[    1.288665]  arch/x86/events/intel/core.c intel_arch_events_quirk (3836) core: CPUID marked event: 'cache references' unavailable
[    1.288910]  arch/x86/events/intel/core.c intel_arch_events_quirk (3836) core: CPUID marked event: 'cache misses' unavailable
[    1.288910]  arch/x86/events/intel/core.c intel_arch_events_quirk (3836) core: CPUID marked event: 'branch instructions' unavailable
[    1.288910]  arch/x86/events/intel/core.c intel_arch_events_quirk (3836) core: CPUID marked event: 'branch misses' unavailable
[    1.288910]  arch/x86/events/core.c init_hw_perf_events (1822) ... version:                1
[    1.288914]  arch/x86/events/core.c init_hw_perf_events (1823) ... bit width:              48
[    1.289151]  arch/x86/events/core.c init_hw_perf_events (1824) ... generic registers:      8
[    1.289396]  arch/x86/events/core.c init_hw_perf_events (1825) ... value mask:             0000ffffffffffff
[    1.289664]  arch/x86/events/core.c init_hw_perf_events (1826) ... max period:             000000007fffffff
[    1.289933]  arch/x86/events/core.c init_hw_perf_events (1827) ... fixed-purpose events:   0
[    1.290166]  arch/x86/events/core.c init_hw_perf_events (1828) ... event mask:             00000000000000ff
[    1.291067]  kernel/rcu/srcutree.c srcu_bootup_announce (1307) rcu: Hierarchical SRCU implementation.
[    1.292447]  kernel/watchdog_hld.c hardlockup_detector_perf_init (289) NMI watchdog: Perf NMI watchdog permanently disabled
[    1.321464]  kernel/smp.c smp_init (571) smp: Bringing up secondary CPUs ...
[    1.322378] x86: Booting SMP configuration:
[    1.322504] .... node  #0, CPUs:          #1
[    0.079907]  arch/x86/kernel/cpu/intel.c early_init_intel (272) Disabled fast string operations
[    1.323276]    #2
[    0.079907]  arch/x86/kernel/cpu/intel.c early_init_intel (272) Disabled fast string operations
[    1.325641]    #3
[    0.079907]  arch/x86/kernel/cpu/intel.c early_init_intel (272) Disabled fast string operations
[    1.326463]  kernel/smp.c smp_init (583) smp: Brought up 1 node, 4 CPUs
[    1.326463]  arch/x86/kernel/smpboot.c calculate_max_logical_packages (1358) smpboot: Max logical packages: 32
[    1.326463]  arch/x86/kernel/smpboot.c impress_friends (611) smpboot: Total of 4 processors activated (24000.02 BogoMIPS)
[    1.340929] devtmpfs: initialized
[    1.341017]  arch/x86/mm/init_64.c probe_memory_block_size (1361) x86/mm: Memory block size: 128MB
[    1.342858]  drivers/acpi/nvs.c suspend_nvs_register (98) PM: Registering ACPI NVS region [mem 0xbfeff000-0xbfefffff] (4096 bytes)
[    1.342858]  kernel/time/clocksource.c __clocksource_update_freq_scale (927) clocksource: jiffies: mask: 0xffffffff max_cycles: 0xffffffff, max_idle_ns: 7645041785100000 ns
[    1.342858]  mm/page_alloc.c alloc_large_system_hash (7692) futex hash table entries: 32768 (order: 9, 2097152 bytes)
[    1.349331]  drivers/pinctrl/core.c pinctrl_init (2260) pinctrl core: initialized pinctrl subsystem
[    1.349578]  drivers/base/power/trace.c read_magic_time (121) RTC time:  1:22:44, date: 12/30/20
[    1.349817]  net/socket.c sock_init (2692) YWY
[    1.349839]  net/socket.c sockfs_mount (357) YWY
[    1.354065]  net/socket.c sock_register (2649) NET: Registered protocol family 16
[    1.354267]  kernel/audit.c audit_init (1607) audit: initializing netlink subsys (disabled)
[    1.354368]  kernel/audit.c kauditd_printk_skb (546) audit: type=2000 audit(1609291364.136:1): state=initialized audit_enabled=0 res=1
[    1.357105] cpuidle: using governor ladder
[    1.360934] cpuidle: using governor menu
[    1.360982] Simple Boot Flag at 0x36 set to 0x80
[    1.361049] ACPI: bus type PCI registered
[    1.361092]  drivers/pci/hotplug/acpiphp_core.c acpiphp_init (323) acpiphp: ACPI Hot Plug PCI Controller Driver version: 0.5
[    1.361881]  arch/x86/pci/mmconfig-shared.c pci_mmconfig_add (108) PCI: MMCONFIG for domain 0000 [bus 00-7f] at [mem 0xf0000000-0xf7ffffff] (base 0xf0000000)
[    1.362004]  arch/x86/pci/mmconfig-shared.c is_mmconf_reserved (469) PCI: MMCONFIG at [mem 0xf0000000-0xf7ffffff] reserved in E820
[    1.362111] PCI: Using configuration type 1 for base access
[    1.369218]  mm/hugetlb.c report_hugepages (2231) HugeTLB registered 1.00 GiB page size, pre-allocated 0 pages
[    1.369218]  mm/hugetlb.c report_hugepages (2231) HugeTLB registered 2.00 MiB page size, pre-allocated 0 pages
[    1.373423]  drivers/acpi/osi.c acpi_osi_setup_late (246) ACPI: Added _OSI(Module Device)
[    1.373423]  drivers/acpi/osi.c acpi_osi_setup_late (246) ACPI: Added _OSI(Processor Device)
[    1.373423]  drivers/acpi/osi.c acpi_osi_setup_late (246) ACPI: Added _OSI(3.0 _SCP Extensions)
[    1.373437]  drivers/acpi/osi.c acpi_osi_setup_late (246) ACPI: Added _OSI(Processor Aggregator Device)
[    1.373520]  drivers/acpi/osi.c acpi_osi_setup_late (246) ACPI: Added _OSI(Linux-Dell-Video)
[    1.373596]  drivers/acpi/osi.c acpi_osi_setup_late (246) ACPI: Added _OSI(Linux-Lenovo-NV-HDMI-Audio)
[    1.392910] ACPI: 1 ACPI AML tables successfully acquired and loaded
[    1.400378] ACPI: [Firmware Bug]: BIOS _OSI(Linux) query ignored
[    1.417543] ACPI: Interpreter enabled
[    1.417600]  drivers/acpi/sleep.c acpi_sleep_init (1304) ACPI: (supports S0 S1 S4 S5)
[    1.417672] ACPI: Using IOAPIC for interrupt routing
[    1.417741] PCI: Using host bridge windows from ACPI; if necessary, use "pci=nocrs" and report a bug
[    1.419532] ACPI: Enabled 4 GPEs in block 00 to 0F
[    1.607248]  drivers/acpi/pci_root.c acpi_pci_root_add (588) ACPI: PCI Root Bridge [PCI0] (domain 0000 [bus 00-7f])
[    1.607351] acpi PNP0A03:00: _OSC: OS supports [ExtendedConfig ASPM ClockPM Segments MSI]
[    1.607597] acpi PNP0A03:00: _OSC: platform does not support [AER LTR]
[    1.607857] acpi PNP0A03:00: _OSC: OS now controls [PCIeHotplug PME PCIeCapability]
[    1.609575]  drivers/pci/probe.c pci_register_host_bridge (851) PCI host bridge to bus 0000:00
[    1.609657] pci_bus 0000:00: root bus resource [mem 0x000a0000-0x000bffff window]
[    1.609726] pci_bus 0000:00: root bus resource [mem 0x000d0000-0x000d3fff window]
[    1.609794] pci_bus 0000:00: root bus resource [mem 0x000d4000-0x000d7fff window]
[    1.609863] pci_bus 0000:00: root bus resource [mem 0x000d8000-0x000dbfff window]
[    1.609932] pci_bus 0000:00: root bus resource [mem 0xc0000000-0xfebfffff window]
[    1.610001] pci_bus 0000:00: root bus resource [io  0x0000-0x0cf7 window]
[    1.610063] pci_bus 0000:00: root bus resource [io  0x0d00-0xfeff window]
[    1.610125] pci_bus 0000:00: root bus resource [bus 00-7f]
[    1.610220] pci 0000:00:00.0: [8086:7190] type 00 class 0x060000
[    1.610850] pci 0000:00:01.0: [8086:7191] type 01 class 0x060400
[    1.611331] pci 0000:00:07.0: [8086:7110] type 00 class 0x060100
[    1.612058] pci 0000:00:07.1: [8086:7111] type 00 class 0x01018a
[    1.613306] pci 0000:00:07.1: reg 0x20: [io  0x1060-0x106f]
[    1.613822] pci 0000:00:07.1: legacy IDE quirk: reg 0x10: [io  0x01f0-0x01f7]
[    1.613890] pci 0000:00:07.1: legacy IDE quirk: reg 0x14: [io  0x03f6]
[    1.613950] pci 0000:00:07.1: legacy IDE quirk: reg 0x18: [io  0x0170-0x0177]
[    1.614014] pci 0000:00:07.1: legacy IDE quirk: reg 0x1c: [io  0x0376]
[    1.614280] pci 0000:00:07.3: [8086:7113] type 00 class 0x068000
[    1.616090] pci 0000:00:07.3: quirk: [io  0x1000-0x103f] claimed by PIIX4 ACPI
[    1.616172] pci 0000:00:07.3: quirk: [io  0x1040-0x104f] claimed by PIIX4 SMB
[    1.616535] pci 0000:00:07.7: [15ad:0740] type 00 class 0x088000
[    1.617173] pci 0000:00:07.7: reg 0x10: [io  0x1080-0x10bf]
[    1.617630] pci 0000:00:07.7: reg 0x14: [mem 0xfebfe000-0xfebfffff 64bit]
[    1.619668] pci 0000:00:0f.0: [15ad:0405] type 00 class 0x030000
[    1.620914] pci 0000:00:0f.0: reg 0x10: [io  0x1070-0x107f]
[    1.622105] pci 0000:00:0f.0: reg 0x14: [mem 0xe8000000-0xefffffff pref]
[    1.623238] pci 0000:00:0f.0: reg 0x18: [mem 0xfe000000-0xfe7fffff]
[    1.627047] pci 0000:00:0f.0: reg 0x30: [mem 0x00000000-0x00007fff pref]
[    1.627486] pci 0000:00:10.0: [1000:0030] type 00 class 0x010000
[    1.628138] pci 0000:00:10.0: reg 0x10: [io  0x1400-0x14ff]
[    1.628726] pci 0000:00:10.0: reg 0x14: [mem 0xfeba0000-0xfebbffff 64bit]
[    1.629237] pci 0000:00:10.0: reg 0x1c: [mem 0xfebc0000-0xfebdffff 64bit]
[    1.630494] pci 0000:00:10.0: reg 0x30: [mem 0x00000000-0x00003fff pref]
[    1.630884] pci 0000:00:11.0: [15ad:0790] type 01 class 0x060401
[    1.631577] pci 0000:00:15.0: [15ad:07a0] type 01 class 0x060400
[    1.632246] pci 0000:00:15.0: PME# supported from D0 D3hot D3cold
[    1.632587] pci 0000:00:15.1: [15ad:07a0] type 01 class 0x060400
[    1.633247] pci 0000:00:15.1: PME# supported from D0 D3hot D3cold
[    1.633591] pci 0000:00:15.2: [15ad:07a0] type 01 class 0x060400
[    1.634262] pci 0000:00:15.2: PME# supported from D0 D3hot D3cold
[    1.634601] pci 0000:00:15.3: [15ad:07a0] type 01 class 0x060400
[    1.635264] pci 0000:00:15.3: PME# supported from D0 D3hot D3cold
[    1.635600] pci 0000:00:15.4: [15ad:07a0] type 01 class 0x060400
[    1.636262] pci 0000:00:15.4: PME# supported from D0 D3hot D3cold
[    1.636598] pci 0000:00:15.5: [15ad:07a0] type 01 class 0x060400
[    1.637253] pci 0000:00:15.5: PME# supported from D0 D3hot D3cold
[    1.637589] pci 0000:00:15.6: [15ad:07a0] type 01 class 0x060400
[    1.638269] pci 0000:00:15.6: PME# supported from D0 D3hot D3cold
[    1.638603] pci 0000:00:15.7: [15ad:07a0] type 01 class 0x060400
[    1.639265] pci 0000:00:15.7: PME# supported from D0 D3hot D3cold
[    1.639601] pci 0000:00:16.0: [15ad:07a0] type 01 class 0x060400
[    1.640265] pci 0000:00:16.0: PME# supported from D0 D3hot D3cold
[    1.640602] pci 0000:00:16.1: [15ad:07a0] type 01 class 0x060400
[    1.641262] pci 0000:00:16.1: PME# supported from D0 D3hot D3cold
[    1.641606] pci 0000:00:16.2: [15ad:07a0] type 01 class 0x060400
[    1.642274] pci 0000:00:16.2: PME# supported from D0 D3hot D3cold
[    1.642612] pci 0000:00:16.3: [15ad:07a0] type 01 class 0x060400
[    1.643275] pci 0000:00:16.3: PME# supported from D0 D3hot D3cold
[    1.643611] pci 0000:00:16.4: [15ad:07a0] type 01 class 0x060400
[    1.644273] pci 0000:00:16.4: PME# supported from D0 D3hot D3cold
[    1.644608] pci 0000:00:16.5: [15ad:07a0] type 01 class 0x060400
[    1.645269] pci 0000:00:16.5: PME# supported from D0 D3hot D3cold
[    1.645605] pci 0000:00:16.6: [15ad:07a0] type 01 class 0x060400
[    1.646290] pci 0000:00:16.6: PME# supported from D0 D3hot D3cold
[    1.646641] pci 0000:00:16.7: [15ad:07a0] type 01 class 0x060400
[    1.647297] pci 0000:00:16.7: PME# supported from D0 D3hot D3cold
[    1.647630] pci 0000:00:17.0: [15ad:07a0] type 01 class 0x060400
[    1.648287] pci 0000:00:17.0: PME# supported from D0 D3hot D3cold
[    1.648623] pci 0000:00:17.1: [15ad:07a0] type 01 class 0x060400
[    1.649275] pci 0000:00:17.1: PME# supported from D0 D3hot D3cold
[    1.649617] pci 0000:00:17.2: [15ad:07a0] type 01 class 0x060400
[    1.650282] pci 0000:00:17.2: PME# supported from D0 D3hot D3cold
[    1.650617] pci 0000:00:17.3: [15ad:07a0] type 01 class 0x060400
[    1.651272] pci 0000:00:17.3: PME# supported from D0 D3hot D3cold
[    1.651606] pci 0000:00:17.4: [15ad:07a0] type 01 class 0x060400
[    1.652263] pci 0000:00:17.4: PME# supported from D0 D3hot D3cold
[    1.652597] pci 0000:00:17.5: [15ad:07a0] type 01 class 0x060400
[    1.653249] pci 0000:00:17.5: PME# supported from D0 D3hot D3cold
[    1.653623] pci 0000:00:17.6: [15ad:07a0] type 01 class 0x060400
[    1.654280] pci 0000:00:17.6: PME# supported from D0 D3hot D3cold
[    1.654615] pci 0000:00:17.7: [15ad:07a0] type 01 class 0x060400
[    1.655271] pci 0000:00:17.7: PME# supported from D0 D3hot D3cold
[    1.655605] pci 0000:00:18.0: [15ad:07a0] type 01 class 0x060400
[    1.656259] pci 0000:00:18.0: PME# supported from D0 D3hot D3cold
[    1.656595] pci 0000:00:18.1: [15ad:07a0] type 01 class 0x060400
[    1.657250] pci 0000:00:18.1: PME# supported from D0 D3hot D3cold
[    1.657600] pci 0000:00:18.2: [15ad:07a0] type 01 class 0x060400
[    1.658254] pci 0000:00:18.2: PME# supported from D0 D3hot D3cold
[    1.658591] pci 0000:00:18.3: [15ad:07a0] type 01 class 0x060400
[    1.659246] pci 0000:00:18.3: PME# supported from D0 D3hot D3cold
[    1.659580] pci 0000:00:18.4: [15ad:07a0] type 01 class 0x060400
[    1.660263] pci 0000:00:18.4: PME# supported from D0 D3hot D3cold
[    1.660831] pci 0000:00:18.5: [15ad:07a0] type 01 class 0x060400
[    1.661617] pci 0000:00:18.5: PME# supported from D0 D3hot D3cold
[    1.662052] pci 0000:00:18.6: [15ad:07a0] type 01 class 0x060400
[    1.662719] pci 0000:00:18.6: PME# supported from D0 D3hot D3cold
[    1.663082] pci 0000:00:18.7: [15ad:07a0] type 01 class 0x060400
[    1.663746] pci 0000:00:18.7: PME# supported from D0 D3hot D3cold
[    1.664127] pci_bus 0000:01: extended config space not accessible
[    1.664468] pci 0000:00:01.0: PCI bridge to [bus 01]
[    1.664702] pci_bus 0000:02: extended config space not accessible
[    1.664929]  drivers/pci/hotplug/acpiphp_core.c acpiphp_register_hotplug_slot (297) acpiphp: Slot [32] registered
[    1.665056]  drivers/pci/hotplug/acpiphp_core.c acpiphp_register_hotplug_slot (297) acpiphp: Slot [33] registered
[    1.665214]  drivers/pci/hotplug/acpiphp_core.c acpiphp_register_hotplug_slot (297) acpiphp: Slot [34] registered
[    1.665340]  drivers/pci/hotplug/acpiphp_core.c acpiphp_register_hotplug_slot (297) acpiphp: Slot [35] registered
[    1.665463]  drivers/pci/hotplug/acpiphp_core.c acpiphp_register_hotplug_slot (297) acpiphp: Slot [36] registered
[    1.665589]  drivers/pci/hotplug/acpiphp_core.c acpiphp_register_hotplug_slot (297) acpiphp: Slot [37] registered
[    1.665712]  drivers/pci/hotplug/acpiphp_core.c acpiphp_register_hotplug_slot (297) acpiphp: Slot [38] registered
[    1.665834]  drivers/pci/hotplug/acpiphp_core.c acpiphp_register_hotplug_slot (297) acpiphp: Slot [39] registered
[    1.665956]  drivers/pci/hotplug/acpiphp_core.c acpiphp_register_hotplug_slot (297) acpiphp: Slot [40] registered
[    1.666078]  drivers/pci/hotplug/acpiphp_core.c acpiphp_register_hotplug_slot (297) acpiphp: Slot [41] registered
[    1.666201]  drivers/pci/hotplug/acpiphp_core.c acpiphp_register_hotplug_slot (297) acpiphp: Slot [42] registered
[    1.666323]  drivers/pci/hotplug/acpiphp_core.c acpiphp_register_hotplug_slot (297) acpiphp: Slot [43] registered
[    1.666446]  drivers/pci/hotplug/acpiphp_core.c acpiphp_register_hotplug_slot (297) acpiphp: Slot [44] registered
[    1.666568]  drivers/pci/hotplug/acpiphp_core.c acpiphp_register_hotplug_slot (297) acpiphp: Slot [45] registered
[    1.666903]  drivers/pci/hotplug/acpiphp_core.c acpiphp_register_hotplug_slot (297) acpiphp: Slot [46] registered
[    1.667036]  drivers/pci/hotplug/acpiphp_core.c acpiphp_register_hotplug_slot (297) acpiphp: Slot [47] registered
[    1.667160]  drivers/pci/hotplug/acpiphp_core.c acpiphp_register_hotplug_slot (297) acpiphp: Slot [48] registered
[    1.667283]  drivers/pci/hotplug/acpiphp_core.c acpiphp_register_hotplug_slot (297) acpiphp: Slot [49] registered
[    1.667406]  drivers/pci/hotplug/acpiphp_core.c acpiphp_register_hotplug_slot (297) acpiphp: Slot [50] registered
[    1.667528]  drivers/pci/hotplug/acpiphp_core.c acpiphp_register_hotplug_slot (297) acpiphp: Slot [51] registered
[    1.667651]  drivers/pci/hotplug/acpiphp_core.c acpiphp_register_hotplug_slot (297) acpiphp: Slot [52] registered
[    1.667777]  drivers/pci/hotplug/acpiphp_core.c acpiphp_register_hotplug_slot (297) acpiphp: Slot [53] registered
[    1.667900]  drivers/pci/hotplug/acpiphp_core.c acpiphp_register_hotplug_slot (297) acpiphp: Slot [54] registered
[    1.668022]  drivers/pci/hotplug/acpiphp_core.c acpiphp_register_hotplug_slot (297) acpiphp: Slot [55] registered
[    1.668145]  drivers/pci/hotplug/acpiphp_core.c acpiphp_register_hotplug_slot (297) acpiphp: Slot [56] registered
[    1.668268]  drivers/pci/hotplug/acpiphp_core.c acpiphp_register_hotplug_slot (297) acpiphp: Slot [57] registered
[    1.668406]  drivers/pci/hotplug/acpiphp_core.c acpiphp_register_hotplug_slot (297) acpiphp: Slot [58] registered
[    1.668531]  drivers/pci/hotplug/acpiphp_core.c acpiphp_register_hotplug_slot (297) acpiphp: Slot [59] registered
[    1.668653]  drivers/pci/hotplug/acpiphp_core.c acpiphp_register_hotplug_slot (297) acpiphp: Slot [60] registered
[    1.668776]  drivers/pci/hotplug/acpiphp_core.c acpiphp_register_hotplug_slot (297) acpiphp: Slot [61] registered
[    1.668898]  drivers/pci/hotplug/acpiphp_core.c acpiphp_register_hotplug_slot (297) acpiphp: Slot [62] registered
[    1.668938]  drivers/pci/hotplug/acpiphp_core.c acpiphp_register_hotplug_slot (297) acpiphp: Slot [63] registered
[    1.669147] pci 0000:02:00.0: [15ad:0774] type 00 class 0x0c0300
[    1.671874] pci 0000:02:00.0: reg 0x20: [io  0x2080-0x209f]
[    1.672896] pci 0000:02:01.0: [8086:100f] type 00 class 0x020000
[    1.673563] pci 0000:02:01.0: reg 0x10: [mem 0xfd5c0000-0xfd5dffff 64bit]
[    1.674159] pci 0000:02:01.0: reg 0x18: [mem 0xfdff0000-0xfdffffff 64bit]
[    1.674702] pci 0000:02:01.0: reg 0x20: [io  0x2000-0x203f]
[    1.675788] pci 0000:02:01.0: reg 0x30: [mem 0x00000000-0x0000ffff pref]
[    1.676326] pci 0000:02:02.0: [1274:1371] type 00 class 0x040100
[    1.676629] pci 0000:02:02.0: reg 0x10: [io  0x2040-0x207f]
[    1.678493] pci 0000:02:03.0: [15ad:0770] type 00 class 0x0c0320
[    1.678792] pci 0000:02:03.0: reg 0x10: [mem 0xfd5ef000-0xfd5effff]
[    1.680589] pci 0000:02:05.0: [15ad:07e0] type 00 class 0x010601
[    1.687352] pci 0000:02:05.0: reg 0x24: [mem 0xfd5ee000-0xfd5eefff]
[    1.688662] pci 0000:02:05.0: reg 0x30: [mem 0x00000000-0x0000ffff pref]
[    1.690093] pci 0000:02:05.0: PME# supported from D3hot
[    1.691942] pci 0000:00:11.0: PCI bridge to [bus 02] (subtractive decode)
[    1.692337] pci 0000:00:11.0:   bridge window [io  0x2000-0x3fff]
[    1.692412] pci 0000:00:11.0:   bridge window [mem 0xfd500000-0xfdffffff]
[    1.692558] pci 0000:00:11.0:   bridge window [mem 0xe7b00000-0xe7ffffff 64bit pref]
[    1.692562] pci 0000:00:11.0:   bridge window [mem 0x000a0000-0x000bffff window] (subtractive decode)
[    1.692565] pci 0000:00:11.0:   bridge window [mem 0x000d0000-0x000d3fff window] (subtractive decode)
[    1.692567] pci 0000:00:11.0:   bridge window [mem 0x000d4000-0x000d7fff window] (subtractive decode)
[    1.692569] pci 0000:00:11.0:   bridge window [mem 0x000d8000-0x000dbfff window] (subtractive decode)
[    1.692571] pci 0000:00:11.0:   bridge window [mem 0xc0000000-0xfebfffff window] (subtractive decode)
[    1.692574] pci 0000:00:11.0:   bridge window [io  0x0000-0x0cf7 window] (subtractive decode)
[    1.692577] pci 0000:00:11.0:   bridge window [io  0x0d00-0xfeff window] (subtractive decode)
[    1.693804] pci 0000:00:15.0: PCI bridge to [bus 03]
[    1.694031] pci 0000:00:15.0:   bridge window [io  0x4000-0x4fff]
[    1.694083] pci 0000:00:15.0:   bridge window [mem 0xfd400000-0xfd4fffff]
[    1.694185] pci 0000:00:15.0:   bridge window [mem 0xe7a00000-0xe7afffff 64bit pref]
[    1.695076] pci 0000:00:15.1: PCI bridge to [bus 04]
[    1.695281] pci 0000:00:15.1:   bridge window [io  0x8000-0x8fff]
[    1.695333] pci 0000:00:15.1:   bridge window [mem 0xfd000000-0xfd0fffff]
[    1.695435] pci 0000:00:15.1:   bridge window [mem 0xe7600000-0xe76fffff 64bit pref]
[    1.696030] pci 0000:00:15.2: PCI bridge to [bus 05]
[    1.696097] pci 0000:00:15.2:   bridge window [io  0xc000-0xcfff]
[    1.696115] pci 0000:00:15.2:   bridge window [mem 0xfcc00000-0xfccfffff]
[    1.696149] pci 0000:00:15.2:   bridge window [mem 0xe7200000-0xe72fffff 64bit pref]
[    1.696430] pci 0000:00:15.3: PCI bridge to [bus 06]
[    1.696514] pci 0000:00:15.3:   bridge window [mem 0xfc800000-0xfc8fffff]
[    1.696548] pci 0000:00:15.3:   bridge window [mem 0xe6e00000-0xe6efffff 64bit pref]
[    1.696834] pci 0000:00:15.4: PCI bridge to [bus 07]
[    1.696913] pci 0000:00:15.4:   bridge window [mem 0xfc400000-0xfc4fffff]
[    1.696947] pci 0000:00:15.4:   bridge window [mem 0xe6a00000-0xe6afffff 64bit pref]
[    1.697232] pci 0000:00:15.5: PCI bridge to [bus 08]
[    1.697316] pci 0000:00:15.5:   bridge window [mem 0xfc000000-0xfc0fffff]
[    1.697349] pci 0000:00:15.5:   bridge window [mem 0xe6600000-0xe66fffff 64bit pref]
[    1.697634] pci 0000:00:15.6: PCI bridge to [bus 09]
[    1.697718] pci 0000:00:15.6:   bridge window [mem 0xfbc00000-0xfbcfffff]
[    1.697751] pci 0000:00:15.6:   bridge window [mem 0xe6200000-0xe62fffff 64bit pref]
[    1.698033] pci 0000:00:15.7: PCI bridge to [bus 0a]
[    1.698117] pci 0000:00:15.7:   bridge window [mem 0xfb800000-0xfb8fffff]
[    1.698150] pci 0000:00:15.7:   bridge window [mem 0xe5e00000-0xe5efffff 64bit pref]
[    1.698432] pci 0000:00:16.0: PCI bridge to [bus 0b]
[    1.698499] pci 0000:00:16.0:   bridge window [io  0x5000-0x5fff]
[    1.698516] pci 0000:00:16.0:   bridge window [mem 0xfd300000-0xfd3fffff]
[    1.698550] pci 0000:00:16.0:   bridge window [mem 0xe7900000-0xe79fffff 64bit pref]
[    1.698836] pci 0000:00:16.1: PCI bridge to [bus 0c]
[    1.698903] pci 0000:00:16.1:   bridge window [io  0x9000-0x9fff]
[    1.698921] pci 0000:00:16.1:   bridge window [mem 0xfcf00000-0xfcffffff]
[    1.698954] pci 0000:00:16.1:   bridge window [mem 0xe7500000-0xe75fffff 64bit pref]
[    1.699234] pci 0000:00:16.2: PCI bridge to [bus 0d]
[    1.699302] pci 0000:00:16.2:   bridge window [io  0xd000-0xdfff]
[    1.699326] pci 0000:00:16.2:   bridge window [mem 0xfcb00000-0xfcbfffff]
[    1.699360] pci 0000:00:16.2:   bridge window [mem 0xe7100000-0xe71fffff 64bit pref]
[    1.699645] pci 0000:00:16.3: PCI bridge to [bus 0e]
[    1.699729] pci 0000:00:16.3:   bridge window [mem 0xfc700000-0xfc7fffff]
[    1.699762] pci 0000:00:16.3:   bridge window [mem 0xe6d00000-0xe6dfffff 64bit pref]
[    1.700079] pci 0000:00:16.4: PCI bridge to [bus 0f]
[    1.700164] pci 0000:00:16.4:   bridge window [mem 0xfc300000-0xfc3fffff]
[    1.700198] pci 0000:00:16.4:   bridge window [mem 0xe6900000-0xe69fffff 64bit pref]
[    1.700482] pci 0000:00:16.5: PCI bridge to [bus 10]
[    1.700566] pci 0000:00:16.5:   bridge window [mem 0xfbf00000-0xfbffffff]
[    1.700600] pci 0000:00:16.5:   bridge window [mem 0xe6500000-0xe65fffff 64bit pref]
[    1.700888] pci 0000:00:16.6: PCI bridge to [bus 11]
[    1.700938] pci 0000:00:16.6:   bridge window [mem 0xfbb00000-0xfbbfffff]
[    1.700972] pci 0000:00:16.6:   bridge window [mem 0xe6100000-0xe61fffff 64bit pref]
[    1.701262] pci 0000:00:16.7: PCI bridge to [bus 12]
[    1.701346] pci 0000:00:16.7:   bridge window [mem 0xfb700000-0xfb7fffff]
[    1.701380] pci 0000:00:16.7:   bridge window [mem 0xe5d00000-0xe5dfffff 64bit pref]
[    1.701669] pci 0000:00:17.0: PCI bridge to [bus 13]
[    1.701737] pci 0000:00:17.0:   bridge window [io  0x6000-0x6fff]
[    1.701754] pci 0000:00:17.0:   bridge window [mem 0xfd200000-0xfd2fffff]
[    1.701788] pci 0000:00:17.0:   bridge window [mem 0xe7800000-0xe78fffff 64bit pref]
[    1.702074] pci 0000:00:17.1: PCI bridge to [bus 14]
[    1.702141] pci 0000:00:17.1:   bridge window [io  0xa000-0xafff]
[    1.702159] pci 0000:00:17.1:   bridge window [mem 0xfce00000-0xfcefffff]
[    1.702193] pci 0000:00:17.1:   bridge window [mem 0xe7400000-0xe74fffff 64bit pref]
[    1.702638] pci 0000:00:17.2: PCI bridge to [bus 15]
[    1.702706] pci 0000:00:17.2:   bridge window [io  0xe000-0xefff]
[    1.702724] pci 0000:00:17.2:   bridge window [mem 0xfca00000-0xfcafffff]
[    1.702758] pci 0000:00:17.2:   bridge window [mem 0xe7000000-0xe70fffff 64bit pref]
[    1.703049] pci 0000:00:17.3: PCI bridge to [bus 16]
[    1.703133] pci 0000:00:17.3:   bridge window [mem 0xfc600000-0xfc6fffff]
[    1.703167] pci 0000:00:17.3:   bridge window [mem 0xe6c00000-0xe6cfffff 64bit pref]
[    1.703449] pci 0000:00:17.4: PCI bridge to [bus 17]
[    1.703532] pci 0000:00:17.4:   bridge window [mem 0xfc200000-0xfc2fffff]
[    1.703566] pci 0000:00:17.4:   bridge window [mem 0xe6800000-0xe68fffff 64bit pref]
[    1.705203] pci 0000:00:17.5: PCI bridge to [bus 18]
[    1.705591] pci 0000:00:17.5:   bridge window [mem 0xfbe00000-0xfbefffff]
[    1.705741] pci 0000:00:17.5:   bridge window [mem 0xe6400000-0xe64fffff 64bit pref]
[    1.707165] pci 0000:00:17.6: PCI bridge to [bus 19]
[    1.707599] pci 0000:00:17.6:   bridge window [mem 0xfba00000-0xfbafffff]
[    1.707746] pci 0000:00:17.6:   bridge window [mem 0xe6000000-0xe60fffff 64bit pref]
[    1.708505] pci 0000:00:17.7: PCI bridge to [bus 1a]
[    1.708590] pci 0000:00:17.7:   bridge window [mem 0xfb600000-0xfb6fffff]
[    1.708623] pci 0000:00:17.7:   bridge window [mem 0xe5c00000-0xe5cfffff 64bit pref]
[    1.708910] pci 0000:00:18.0: PCI bridge to [bus 1b]
[    1.708923] pci 0000:00:18.0:   bridge window [io  0x7000-0x7fff]
[    1.708940] pci 0000:00:18.0:   bridge window [mem 0xfd100000-0xfd1fffff]
[    1.708974] pci 0000:00:18.0:   bridge window [mem 0xe7700000-0xe77fffff 64bit pref]
[    1.709264] pci 0000:00:18.1: PCI bridge to [bus 1c]
[    1.709331] pci 0000:00:18.1:   bridge window [io  0xb000-0xbfff]
[    1.709349] pci 0000:00:18.1:   bridge window [mem 0xfcd00000-0xfcdfffff]
[    1.709383] pci 0000:00:18.1:   bridge window [mem 0xe7300000-0xe73fffff 64bit pref]
[    1.709670] pci 0000:00:18.2: PCI bridge to [bus 1d]
[    1.709754] pci 0000:00:18.2:   bridge window [mem 0xfc900000-0xfc9fffff]
[    1.709788] pci 0000:00:18.2:   bridge window [mem 0xe6f00000-0xe6ffffff 64bit pref]
[    1.710077] pci 0000:00:18.3: PCI bridge to [bus 1e]
[    1.710161] pci 0000:00:18.3:   bridge window [mem 0xfc500000-0xfc5fffff]
[    1.710194] pci 0000:00:18.3:   bridge window [mem 0xe6b00000-0xe6bfffff 64bit pref]
[    1.710478] pci 0000:00:18.4: PCI bridge to [bus 1f]
[    1.710563] pci 0000:00:18.4:   bridge window [mem 0xfc100000-0xfc1fffff]
[    1.710596] pci 0000:00:18.4:   bridge window [mem 0xe6700000-0xe67fffff 64bit pref]
[    1.710879] pci 0000:00:18.5: PCI bridge to [bus 20]
[    1.710962] pci 0000:00:18.5:   bridge window [mem 0xfbd00000-0xfbdfffff]
[    1.710996] pci 0000:00:18.5:   bridge window [mem 0xe6300000-0xe63fffff 64bit pref]
[    1.711288] pci 0000:00:18.6: PCI bridge to [bus 21]
[    1.711372] pci 0000:00:18.6:   bridge window [mem 0xfb900000-0xfb9fffff]
[    1.711406] pci 0000:00:18.6:   bridge window [mem 0xe5f00000-0xe5ffffff 64bit pref]
[    1.711688] pci 0000:00:18.7: PCI bridge to [bus 22]
[    1.711771] pci 0000:00:18.7:   bridge window [mem 0xfb500000-0xfb5fffff]
[    1.711805] pci 0000:00:18.7:   bridge window [mem 0xe5b00000-0xe5bfffff 64bit pref]
[    1.714206] ACPI: PCI Interrupt Link [LNKA] (IRQs 3 4 5 6 7 *9 10 11 14 15)
[    1.714349] ACPI: PCI Interrupt Link [LNKB] (IRQs 3 4 5 6 7 9 10 *11 14 15)
[    1.714489] ACPI: PCI Interrupt Link [LNKC] (IRQs 3 4 5 6 7 9 *10 11 14 15)
[    1.714626] ACPI: PCI Interrupt Link [LNKD] (IRQs 3 4 5 6 *7 9 10 11 14 15)
[    1.753854] SCSI subsystem initialized
[    1.754235] libata version 3.00 loaded.
[    1.754235] ACPI: bus type USB registered
[    1.754235]  drivers/usb/core/driver.c usb_register_driver (971) usbcore: registered new interface driver usbfs
[    1.754235]  drivers/usb/core/driver.c usb_register_driver (971) usbcore: registered new interface driver hub
[    1.754235]  drivers/usb/core/driver.c usb_register_device_driver (902) usbcore: registered new device driver usb
[    1.754235]  drivers/pps/pps.c pps_init (486) pps_core: LinuxPPS API ver. 1 registered
[    1.754235]  drivers/pps/pps.c pps_init (487) pps_core: Software ver. 5.3.6 - Copyright 2005-2007 Rodolfo Giometti <giometti@linux.it>
[    1.754235]  drivers/ptp/ptp_clock.c ptp_init (410) PTP clock support registered
[    1.754235] EDAC MC: Ver: 3.0.0
[    1.769040] PCI: Using ACPI for IRQ routing
[    1.780910] PCI: pci_cache_line_size set to 64 bytes
[    1.780910] e820: reserve RAM buffer [mem 0x0009e800-0x0009ffff]
[    1.780910] e820: reserve RAM buffer [mem 0xbfed0000-0xbfffffff]
[    1.780913] NetLabel: Initializing
[    1.780913] NetLabel:  domain hash size = 128
[    1.780913] NetLabel:  protocols = UNLABELED CIPSOv4 CALIPSO
[    1.780913] NetLabel:  unlabeled traffic allowed by default
[    1.781786] hpet0: at MMIO 0xfed00000, IRQs 2, 8, 0, 0, 0, 0, 0, 0, 0, 0, 0, 0, 0, 0, 0, 0
[    1.781866] hpet0: 16 comparators, 64-bit 14.318180 MHz counter
[    1.784912]  kernel/time/clocksource.c __clocksource_select (796) clocksource: Switched to clocksource tsc-early
[    1.901196] VFS: Disk quotas dquot_6.6.0
[    1.901274]  fs/quota/dquot.c dquot_init (2996) VFS: Dquot-cache hash table entries: 512 (order 0, 4096 bytes)
[    1.901857] AppArmor: AppArmor Filesystem Enabled
[    1.901927] pnp: PnP ACPI init
[    1.902135] system 00:00: [io  0x1000-0x103f] has been reserved
[    1.902193] system 00:00: [io  0x1040-0x104f] has been reserved
[    1.902249] system 00:00: [io  0x0cf0-0x0cf1] has been reserved
[    1.902307] system 00:00: Plug and Play ACPI device, IDs PNP0c02 (active)
[    1.902324] pnp 00:01: Plug and Play ACPI device, IDs PNP0b00 (active)
[    1.902335] pnp 00:02: Plug and Play ACPI device, IDs PNP0303 (active)
[    1.902349] pnp 00:03: Plug and Play ACPI device, IDs VMW0003 PNP0f13 (active)
[    1.902559] system 00:04: [mem 0xfed00000-0xfed003ff] has been reserved
[    1.902624] system 00:04: Plug and Play ACPI device, IDs PNP0103 PNP0c01 (active)
[    1.904135] pnp 00:05: Plug and Play ACPI device, IDs PNP0501 (active)
[    1.904501] system 00:06: [io  0xfce0-0xfcff] has been reserved
[    1.904562] system 00:06: [mem 0xf0000000-0xf7ffffff] has been reserved
[    1.904624] system 00:06: [mem 0xfe800000-0xfe9fffff] has been reserved
[    1.904686] system 00:06: Plug and Play ACPI device, IDs PNP0c02 (active)
[    1.978060] pnp: PnP ACPI: found 7 devices
[    1.988826]  kernel/time/clocksource.c __clocksource_update_freq_scale (927) clocksource: acpi_pm: mask: 0xffffff max_cycles: 0xffffff, max_idle_ns: 2085701024 ns
[    1.989277] pci 0000:00:15.3: bridge window [io  0x1000-0x0fff] to [bus 06] add_size 1000
[    1.989329] pci 0000:00:15.4: bridge window [io  0x1000-0x0fff] to [bus 07] add_size 1000
[    1.989380] pci 0000:00:15.5: bridge window [io  0x1000-0x0fff] to [bus 08] add_size 1000
[    1.989432] pci 0000:00:15.6: bridge window [io  0x1000-0x0fff] to [bus 09] add_size 1000
[    1.989483] pci 0000:00:15.7: bridge window [io  0x1000-0x0fff] to [bus 0a] add_size 1000
[    1.989684] pci 0000:00:16.3: bridge window [io  0x1000-0x0fff] to [bus 0e] add_size 1000
[    1.989735] pci 0000:00:16.4: bridge window [io  0x1000-0x0fff] to [bus 0f] add_size 1000
[    1.989786] pci 0000:00:16.5: bridge window [io  0x1000-0x0fff] to [bus 10] add_size 1000
[    1.989838] pci 0000:00:16.6: bridge window [io  0x1000-0x0fff] to [bus 11] add_size 1000
[    1.989888] pci 0000:00:16.7: bridge window [io  0x1000-0x0fff] to [bus 12] add_size 1000
[    1.990090] pci 0000:00:17.3: bridge window [io  0x1000-0x0fff] to [bus 16] add_size 1000
[    1.990141] pci 0000:00:17.4: bridge window [io  0x1000-0x0fff] to [bus 17] add_size 1000
[    1.990192] pci 0000:00:17.5: bridge window [io  0x1000-0x0fff] to [bus 18] add_size 1000
[    1.990243] pci 0000:00:17.6: bridge window [io  0x1000-0x0fff] to [bus 19] add_size 1000
[    1.990298] pci 0000:00:17.7: bridge window [io  0x1000-0x0fff] to [bus 1a] add_size 1000
[    1.990449] pci 0000:00:18.2: bridge window [io  0x1000-0x0fff] to [bus 1d] add_size 1000
[    1.990500] pci 0000:00:18.3: bridge window [io  0x1000-0x0fff] to [bus 1e] add_size 1000
[    1.990551] pci 0000:00:18.4: bridge window [io  0x1000-0x0fff] to [bus 1f] add_size 1000
[    1.990602] pci 0000:00:18.5: bridge window [io  0x1000-0x0fff] to [bus 20] add_size 1000
[    1.990653] pci 0000:00:18.6: bridge window [io  0x1000-0x0fff] to [bus 21] add_size 1000
[    1.990704] pci 0000:00:18.7: bridge window [io  0x1000-0x0fff] to [bus 22] add_size 1000
[    1.990717] pci 0000:00:0f.0: BAR 6: assigned [mem 0xc0000000-0xc0007fff pref]
[    1.990787] pci 0000:00:10.0: BAR 6: assigned [mem 0xc0008000-0xc000bfff pref]
[    1.990856] pci 0000:00:15.3: BAR 13: no space for [io  size 0x1000]
[    1.990914] pci 0000:00:15.3: BAR 13: failed to assign [io  size 0x1000]
[    1.990976] pci 0000:00:15.4: BAR 13: no space for [io  size 0x1000]
[    1.991034] pci 0000:00:15.4: BAR 13: failed to assign [io  size 0x1000]
[    1.991095] pci 0000:00:15.5: BAR 13: no space for [io  size 0x1000]
[    1.991173] pci 0000:00:15.5: BAR 13: failed to assign [io  size 0x1000]
[    1.991235] pci 0000:00:15.6: BAR 13: no space for [io  size 0x1000]
[    1.991293] pci 0000:00:15.6: BAR 13: failed to assign [io  size 0x1000]
[    1.991355] pci 0000:00:15.7: BAR 13: no space for [io  size 0x1000]
[    1.991433] pci 0000:00:15.7: BAR 13: failed to assign [io  size 0x1000]
[    1.991495] pci 0000:00:16.3: BAR 13: no space for [io  size 0x1000]
[    1.991553] pci 0000:00:16.3: BAR 13: failed to assign [io  size 0x1000]
[    1.991614] pci 0000:00:16.4: BAR 13: no space for [io  size 0x1000]
[    1.991673] pci 0000:00:16.4: BAR 13: failed to assign [io  size 0x1000]
[    1.991733] pci 0000:00:16.5: BAR 13: no space for [io  size 0x1000]
[    1.991791] pci 0000:00:16.5: BAR 13: failed to assign [io  size 0x1000]
[    1.991852] pci 0000:00:16.6: BAR 13: no space for [io  size 0x1000]
[    1.991910] pci 0000:00:16.6: BAR 13: failed to assign [io  size 0x1000]
[    1.991971] pci 0000:00:16.7: BAR 13: no space for [io  size 0x1000]
[    1.992029] pci 0000:00:16.7: BAR 13: failed to assign [io  size 0x1000]
[    1.992090] pci 0000:00:17.3: BAR 13: no space for [io  size 0x1000]
[    1.992148] pci 0000:00:17.3: BAR 13: failed to assign [io  size 0x1000]
[    1.992209] pci 0000:00:17.4: BAR 13: no space for [io  size 0x1000]
[    1.992267] pci 0000:00:17.4: BAR 13: failed to assign [io  size 0x1000]
[    1.992328] pci 0000:00:17.5: BAR 13: no space for [io  size 0x1000]
[    1.992386] pci 0000:00:17.5: BAR 13: failed to assign [io  size 0x1000]
[    1.992447] pci 0000:00:17.6: BAR 13: no space for [io  size 0x1000]
[    1.992505] pci 0000:00:17.6: BAR 13: failed to assign [io  size 0x1000]
[    1.992567] pci 0000:00:17.7: BAR 13: no space for [io  size 0x1000]
[    1.992624] pci 0000:00:17.7: BAR 13: failed to assign [io  size 0x1000]
[    1.992686] pci 0000:00:18.2: BAR 13: no space for [io  size 0x1000]
[    1.992753] pci 0000:00:18.2: BAR 13: failed to assign [io  size 0x1000]
[    1.992814] pci 0000:00:18.3: BAR 13: no space for [io  size 0x1000]
[    1.992872] pci 0000:00:18.3: BAR 13: failed to assign [io  size 0x1000]
[    1.992933] pci 0000:00:18.4: BAR 13: no space for [io  size 0x1000]
[    1.992983] pci 0000:00:18.4: BAR 13: failed to assign [io  size 0x1000]
[    1.992983] pci 0000:00:18.5: BAR 13: no space for [io  size 0x1000]
[    1.992983] pci 0000:00:18.5: BAR 13: failed to assign [io  size 0x1000]
[    1.992983] pci 0000:00:18.6: BAR 13: no space for [io  size 0x1000]
[    1.992983] pci 0000:00:18.6: BAR 13: failed to assign [io  size 0x1000]
[    1.992983] pci 0000:00:18.7: BAR 13: no space for [io  size 0x1000]
[    1.992983] pci 0000:00:18.7: BAR 13: failed to assign [io  size 0x1000]
[    1.992983] pci 0000:00:18.7: BAR 13: no space for [io  size 0x1000]
[    1.992983] pci 0000:00:18.7: BAR 13: failed to assign [io  size 0x1000]
[    1.992983] pci 0000:00:18.6: BAR 13: no space for [io  size 0x1000]
[    1.992983] pci 0000:00:18.6: BAR 13: failed to assign [io  size 0x1000]
[    1.992983] pci 0000:00:18.5: BAR 13: no space for [io  size 0x1000]
[    1.992983] pci 0000:00:18.5: BAR 13: failed to assign [io  size 0x1000]
[    1.992983] pci 0000:00:18.4: BAR 13: no space for [io  size 0x1000]
[    1.992983] pci 0000:00:18.4: BAR 13: failed to assign [io  size 0x1000]
[    1.992983] pci 0000:00:18.3: BAR 13: no space for [io  size 0x1000]
[    1.992983] pci 0000:00:18.3: BAR 13: failed to assign [io  size 0x1000]
[    1.992983] pci 0000:00:18.2: BAR 13: no space for [io  size 0x1000]
[    1.992983] pci 0000:00:18.2: BAR 13: failed to assign [io  size 0x1000]
[    1.992983] pci 0000:00:17.7: BAR 13: no space for [io  size 0x1000]
[    1.992983] pci 0000:00:17.7: BAR 13: failed to assign [io  size 0x1000]
[    1.992983] pci 0000:00:17.6: BAR 13: no space for [io  size 0x1000]
[    1.992983] pci 0000:00:17.6: BAR 13: failed to assign [io  size 0x1000]
[    1.992983] pci 0000:00:17.5: BAR 13: no space for [io  size 0x1000]
[    1.992983] pci 0000:00:17.5: BAR 13: failed to assign [io  size 0x1000]
[    1.992983] pci 0000:00:17.4: BAR 13: no space for [io  size 0x1000]
[    1.992983] pci 0000:00:17.4: BAR 13: failed to assign [io  size 0x1000]
[    1.992983] pci 0000:00:17.3: BAR 13: no space for [io  size 0x1000]
[    1.992983] pci 0000:00:17.3: BAR 13: failed to assign [io  size 0x1000]
[    1.992983] pci 0000:00:16.7: BAR 13: no space for [io  size 0x1000]
[    1.992983] pci 0000:00:16.7: BAR 13: failed to assign [io  size 0x1000]
[    1.992983] pci 0000:00:16.6: BAR 13: no space for [io  size 0x1000]
[    1.992983] pci 0000:00:16.6: BAR 13: failed to assign [io  size 0x1000]
[    1.992983] pci 0000:00:16.5: BAR 13: no space for [io  size 0x1000]
[    1.992983] pci 0000:00:16.5: BAR 13: failed to assign [io  size 0x1000]
[    1.992983] pci 0000:00:16.4: BAR 13: no space for [io  size 0x1000]
[    1.992983] pci 0000:00:16.4: BAR 13: failed to assign [io  size 0x1000]
[    1.992983] pci 0000:00:16.3: BAR 13: no space for [io  size 0x1000]
[    1.992983] pci 0000:00:16.3: BAR 13: failed to assign [io  size 0x1000]
[    1.992983] pci 0000:00:15.7: BAR 13: no space for [io  size 0x1000]
[    1.992983] pci 0000:00:15.7: BAR 13: failed to assign [io  size 0x1000]
[    1.992983] pci 0000:00:15.6: BAR 13: no space for [io  size 0x1000]
[    1.992983] pci 0000:00:15.6: BAR 13: failed to assign [io  size 0x1000]
[    1.992983] pci 0000:00:15.5: BAR 13: no space for [io  size 0x1000]
[    1.992983] pci 0000:00:15.5: BAR 13: failed to assign [io  size 0x1000]
[    1.992983] pci 0000:00:15.4: BAR 13: no space for [io  size 0x1000]
[    1.992983] pci 0000:00:15.4: BAR 13: failed to assign [io  size 0x1000]
[    1.992983] pci 0000:00:15.3: BAR 13: no space for [io  size 0x1000]
[    1.992983] pci 0000:00:15.3: BAR 13: failed to assign [io  size 0x1000]
[    1.992983] pci 0000:00:01.0: PCI bridge to [bus 01]
[    1.996051] pci 0000:02:01.0: BAR 6: assigned [mem 0xfd500000-0xfd50ffff pref]
[    1.996121] pci 0000:02:05.0: BAR 6: assigned [mem 0xfd510000-0xfd51ffff pref]
[    1.996188] pci 0000:00:11.0: PCI bridge to [bus 02]
[    1.996245] pci 0000:00:11.0:   bridge window [io  0x2000-0x3fff]
[    1.996336] pci 0000:00:11.0:   bridge window [mem 0xfd500000-0xfdffffff]
[    1.996415] pci 0000:00:11.0:   bridge window [mem 0xe7b00000-0xe7ffffff 64bit pref]
[    1.996520] pci 0000:00:15.0: PCI bridge to [bus 03]
[    1.996578] pci 0000:00:15.0:   bridge window [io  0x4000-0x4fff]
[    1.996668] pci 0000:00:15.0:   bridge window [mem 0xfd400000-0xfd4fffff]
[    1.996789] pci 0000:00:15.0:   bridge window [mem 0xe7a00000-0xe7afffff 64bit pref]
[    1.996951] pci 0000:00:15.1: PCI bridge to [bus 04]
[    1.997012] pci 0000:00:15.1:   bridge window [io  0x8000-0x8fff]
[    1.997096] pci 0000:00:15.1:   bridge window [mem 0xfd000000-0xfd0fffff]
[    1.997175] pci 0000:00:15.1:   bridge window [mem 0xe7600000-0xe76fffff 64bit pref]
[    1.997309] pci 0000:00:15.2: PCI bridge to [bus 05]
[    1.997368] pci 0000:00:15.2:   bridge window [io  0xc000-0xcfff]
[    1.997452] pci 0000:00:15.2:   bridge window [mem 0xfcc00000-0xfccfffff]
[    1.997531] pci 0000:00:15.2:   bridge window [mem 0xe7200000-0xe72fffff 64bit pref]
[    1.997650] pci 0000:00:15.3: PCI bridge to [bus 06]
[    1.997725] pci 0000:00:15.3:   bridge window [mem 0xfc800000-0xfc8fffff]
[    1.997804] pci 0000:00:15.3:   bridge window [mem 0xe6e00000-0xe6efffff 64bit pref]
[    1.997923] pci 0000:00:15.4: PCI bridge to [bus 07]
[    1.997999] pci 0000:00:15.4:   bridge window [mem 0xfc400000-0xfc4fffff]
[    1.998077] pci 0000:00:15.4:   bridge window [mem 0xe6a00000-0xe6afffff 64bit pref]
[    1.998195] pci 0000:00:15.5: PCI bridge to [bus 08]
[    1.998271] pci 0000:00:15.5:   bridge window [mem 0xfc000000-0xfc0fffff]
[    1.998350] pci 0000:00:15.5:   bridge window [mem 0xe6600000-0xe66fffff 64bit pref]
[    1.998468] pci 0000:00:15.6: PCI bridge to [bus 09]
[    1.998543] pci 0000:00:15.6:   bridge window [mem 0xfbc00000-0xfbcfffff]
[    1.998622] pci 0000:00:15.6:   bridge window [mem 0xe6200000-0xe62fffff 64bit pref]
[    1.998740] pci 0000:00:15.7: PCI bridge to [bus 0a]
[    1.998815] pci 0000:00:15.7:   bridge window [mem 0xfb800000-0xfb8fffff]
[    1.998894] pci 0000:00:15.7:   bridge window [mem 0xe5e00000-0xe5efffff 64bit pref]
[    1.999012] pci 0000:00:16.0: PCI bridge to [bus 0b]
[    1.999071] pci 0000:00:16.0:   bridge window [io  0x5000-0x5fff]
[    1.999153] pci 0000:00:16.0:   bridge window [mem 0xfd300000-0xfd3fffff]
[    1.999232] pci 0000:00:16.0:   bridge window [mem 0xe7900000-0xe79fffff 64bit pref]
[    1.999351] pci 0000:00:16.1: PCI bridge to [bus 0c]
[    1.999410] pci 0000:00:16.1:   bridge window [io  0x9000-0x9fff]
[    1.999492] pci 0000:00:16.1:   bridge window [mem 0xfcf00000-0xfcffffff]
[    1.999571] pci 0000:00:16.1:   bridge window [mem 0xe7500000-0xe75fffff 64bit pref]
[    1.999916] pci 0000:00:16.2: PCI bridge to [bus 0d]
[    1.999976] pci 0000:00:16.2:   bridge window [io  0xd000-0xdfff]
[    2.000058] pci 0000:00:16.2:   bridge window [mem 0xfcb00000-0xfcbfffff]
[    2.000137] pci 0000:00:16.2:   bridge window [mem 0xe7100000-0xe71fffff 64bit pref]
[    2.000255] pci 0000:00:16.3: PCI bridge to [bus 0e]
[    2.000332] pci 0000:00:16.3:   bridge window [mem 0xfc700000-0xfc7fffff]
[    2.000411] pci 0000:00:16.3:   bridge window [mem 0xe6d00000-0xe6dfffff 64bit pref]
[    2.000567] pci 0000:00:16.4: PCI bridge to [bus 0f]
[    2.000647] pci 0000:00:16.4:   bridge window [mem 0xfc300000-0xfc3fffff]
[    2.000727] pci 0000:00:16.4:   bridge window [mem 0xe6900000-0xe69fffff 64bit pref]
[    2.000848] pci 0000:00:16.5: PCI bridge to [bus 10]
[    2.000932] pci 0000:00:16.5:   bridge window [mem 0xfbf00000-0xfbffffff]
[    2.001012] pci 0000:00:16.5:   bridge window [mem 0xe6500000-0xe65fffff 64bit pref]
[    2.001132] pci 0000:00:16.6: PCI bridge to [bus 11]
[    2.001208] pci 0000:00:16.6:   bridge window [mem 0xfbb00000-0xfbbfffff]
[    2.001287] pci 0000:00:16.6:   bridge window [mem 0xe6100000-0xe61fffff 64bit pref]
[    2.001405] pci 0000:00:16.7: PCI bridge to [bus 12]
[    2.001481] pci 0000:00:16.7:   bridge window [mem 0xfb700000-0xfb7fffff]
[    2.001560] pci 0000:00:16.7:   bridge window [mem 0xe5d00000-0xe5dfffff 64bit pref]
[    2.001678] pci 0000:00:17.0: PCI bridge to [bus 13]
[    2.001738] pci 0000:00:17.0:   bridge window [io  0x6000-0x6fff]
[    2.001821] pci 0000:00:17.0:   bridge window [mem 0xfd200000-0xfd2fffff]
[    2.001900] pci 0000:00:17.0:   bridge window [mem 0xe7800000-0xe78fffff 64bit pref]
[    2.002019] pci 0000:00:17.1: PCI bridge to [bus 14]
[    2.002078] pci 0000:00:17.1:   bridge window [io  0xa000-0xafff]
[    2.002160] pci 0000:00:17.1:   bridge window [mem 0xfce00000-0xfcefffff]
[    2.002239] pci 0000:00:17.1:   bridge window [mem 0xe7400000-0xe74fffff 64bit pref]
[    2.002357] pci 0000:00:17.2: PCI bridge to [bus 15]
[    2.002416] pci 0000:00:17.2:   bridge window [io  0xe000-0xefff]
[    2.002499] pci 0000:00:17.2:   bridge window [mem 0xfca00000-0xfcafffff]
[    2.002577] pci 0000:00:17.2:   bridge window [mem 0xe7000000-0xe70fffff 64bit pref]
[    2.002695] pci 0000:00:17.3: PCI bridge to [bus 16]
[    2.002771] pci 0000:00:17.3:   bridge window [mem 0xfc600000-0xfc6fffff]
[    2.002850] pci 0000:00:17.3:   bridge window [mem 0xe6c00000-0xe6cfffff 64bit pref]
[    2.002968] pci 0000:00:17.4: PCI bridge to [bus 17]
[    2.003043] pci 0000:00:17.4:   bridge window [mem 0xfc200000-0xfc2fffff]
[    2.003122] pci 0000:00:17.4:   bridge window [mem 0xe6800000-0xe68fffff 64bit pref]
[    2.003240] pci 0000:00:17.5: PCI bridge to [bus 18]
[    2.003315] pci 0000:00:17.5:   bridge window [mem 0xfbe00000-0xfbefffff]
[    2.003394] pci 0000:00:17.5:   bridge window [mem 0xe6400000-0xe64fffff 64bit pref]
[    2.003512] pci 0000:00:17.6: PCI bridge to [bus 19]
[    2.003588] pci 0000:00:17.6:   bridge window [mem 0xfba00000-0xfbafffff]
[    2.003667] pci 0000:00:17.6:   bridge window [mem 0xe6000000-0xe60fffff 64bit pref]
[    2.003790] pci 0000:00:17.7: PCI bridge to [bus 1a]
[    2.003865] pci 0000:00:17.7:   bridge window [mem 0xfb600000-0xfb6fffff]
[    2.003944] pci 0000:00:17.7:   bridge window [mem 0xe5c00000-0xe5cfffff 64bit pref]
[    2.004063] pci 0000:00:18.0: PCI bridge to [bus 1b]
[    2.004123] pci 0000:00:18.0:   bridge window [io  0x7000-0x7fff]
[    2.004205] pci 0000:00:18.0:   bridge window [mem 0xfd100000-0xfd1fffff]
[    2.004284] pci 0000:00:18.0:   bridge window [mem 0xe7700000-0xe77fffff 64bit pref]
[    2.004403] pci 0000:00:18.1: PCI bridge to [bus 1c]
[    2.004541] pci 0000:00:18.1:   bridge window [io  0xb000-0xbfff]
[    2.004627] pci 0000:00:18.1:   bridge window [mem 0xfcd00000-0xfcdfffff]
[    2.004707] pci 0000:00:18.1:   bridge window [mem 0xe7300000-0xe73fffff 64bit pref]
[    2.004837] pci 0000:00:18.2: PCI bridge to [bus 1d]
[    2.004920] pci 0000:00:18.2:   bridge window [mem 0xfc900000-0xfc9fffff]
[    2.005001] pci 0000:00:18.2:   bridge window [mem 0xe6f00000-0xe6ffffff 64bit pref]
[    2.005122] pci 0000:00:18.3: PCI bridge to [bus 1e]
[    2.005199] pci 0000:00:18.3:   bridge window [mem 0xfc500000-0xfc5fffff]
[    2.005278] pci 0000:00:18.3:   bridge window [mem 0xe6b00000-0xe6bfffff 64bit pref]
[    2.005398] pci 0000:00:18.4: PCI bridge to [bus 1f]
[    2.005474] pci 0000:00:18.4:   bridge window [mem 0xfc100000-0xfc1fffff]
[    2.005553] pci 0000:00:18.4:   bridge window [mem 0xe6700000-0xe67fffff 64bit pref]
[    2.005672] pci 0000:00:18.5: PCI bridge to [bus 20]
[    2.005748] pci 0000:00:18.5:   bridge window [mem 0xfbd00000-0xfbdfffff]
[    2.005827] pci 0000:00:18.5:   bridge window [mem 0xe6300000-0xe63fffff 64bit pref]
[    2.005946] pci 0000:00:18.6: PCI bridge to [bus 21]
[    2.006022] pci 0000:00:18.6:   bridge window [mem 0xfb900000-0xfb9fffff]
[    2.006101] pci 0000:00:18.6:   bridge window [mem 0xe5f00000-0xe5ffffff 64bit pref]
[    2.006220] pci 0000:00:18.7: PCI bridge to [bus 22]
[    2.006296] pci 0000:00:18.7:   bridge window [mem 0xfb500000-0xfb5fffff]
[    2.006375] pci 0000:00:18.7:   bridge window [mem 0xe5b00000-0xe5bfffff 64bit pref]
[    2.006494] pci_bus 0000:00: resource 4 [mem 0x000a0000-0x000bffff window]
[    2.006495] pci_bus 0000:00: resource 5 [mem 0x000d0000-0x000d3fff window]
[    2.006495] pci_bus 0000:00: resource 6 [mem 0x000d4000-0x000d7fff window]
[    2.006496] pci_bus 0000:00: resource 7 [mem 0x000d8000-0x000dbfff window]
[    2.006497] pci_bus 0000:00: resource 8 [mem 0xc0000000-0xfebfffff window]
[    2.006497] pci_bus 0000:00: resource 9 [io  0x0000-0x0cf7 window]
[    2.006498] pci_bus 0000:00: resource 10 [io  0x0d00-0xfeff window]
[    2.006499] pci_bus 0000:02: resource 0 [io  0x2000-0x3fff]
[    2.006500] pci_bus 0000:02: resource 1 [mem 0xfd500000-0xfdffffff]
[    2.006500] pci_bus 0000:02: resource 2 [mem 0xe7b00000-0xe7ffffff 64bit pref]
[    2.006501] pci_bus 0000:02: resource 4 [mem 0x000a0000-0x000bffff window]
[    2.006501] pci_bus 0000:02: resource 5 [mem 0x000d0000-0x000d3fff window]
[    2.006502] pci_bus 0000:02: resource 6 [mem 0x000d4000-0x000d7fff window]
[    2.006502] pci_bus 0000:02: resource 7 [mem 0x000d8000-0x000dbfff window]
[    2.006503] pci_bus 0000:02: resource 8 [mem 0xc0000000-0xfebfffff window]
[    2.006503] pci_bus 0000:02: resource 9 [io  0x0000-0x0cf7 window]
[    2.006504] pci_bus 0000:02: resource 10 [io  0x0d00-0xfeff window]
[    2.006505] pci_bus 0000:03: resource 0 [io  0x4000-0x4fff]
[    2.006505] pci_bus 0000:03: resource 1 [mem 0xfd400000-0xfd4fffff]
[    2.006506] pci_bus 0000:03: resource 2 [mem 0xe7a00000-0xe7afffff 64bit pref]
[    2.006507] pci_bus 0000:04: resource 0 [io  0x8000-0x8fff]
[    2.006507] pci_bus 0000:04: resource 1 [mem 0xfd000000-0xfd0fffff]
[    2.006508] pci_bus 0000:04: resource 2 [mem 0xe7600000-0xe76fffff 64bit pref]
[    2.006508] pci_bus 0000:05: resource 0 [io  0xc000-0xcfff]
[    2.006509] pci_bus 0000:05: resource 1 [mem 0xfcc00000-0xfccfffff]
[    2.006509] pci_bus 0000:05: resource 2 [mem 0xe7200000-0xe72fffff 64bit pref]
[    2.006510] pci_bus 0000:06: resource 1 [mem 0xfc800000-0xfc8fffff]
[    2.006511] pci_bus 0000:06: resource 2 [mem 0xe6e00000-0xe6efffff 64bit pref]
[    2.006511] pci_bus 0000:07: resource 1 [mem 0xfc400000-0xfc4fffff]
[    2.006512] pci_bus 0000:07: resource 2 [mem 0xe6a00000-0xe6afffff 64bit pref]
[    2.006512] pci_bus 0000:08: resource 1 [mem 0xfc000000-0xfc0fffff]
[    2.006513] pci_bus 0000:08: resource 2 [mem 0xe6600000-0xe66fffff 64bit pref]
[    2.006513] pci_bus 0000:09: resource 1 [mem 0xfbc00000-0xfbcfffff]
[    2.006514] pci_bus 0000:09: resource 2 [mem 0xe6200000-0xe62fffff 64bit pref]
[    2.006515] pci_bus 0000:0a: resource 1 [mem 0xfb800000-0xfb8fffff]
[    2.006515] pci_bus 0000:0a: resource 2 [mem 0xe5e00000-0xe5efffff 64bit pref]
[    2.006516] pci_bus 0000:0b: resource 0 [io  0x5000-0x5fff]
[    2.006516] pci_bus 0000:0b: resource 1 [mem 0xfd300000-0xfd3fffff]
[    2.006517] pci_bus 0000:0b: resource 2 [mem 0xe7900000-0xe79fffff 64bit pref]
[    2.006517] pci_bus 0000:0c: resource 0 [io  0x9000-0x9fff]
[    2.006518] pci_bus 0000:0c: resource 1 [mem 0xfcf00000-0xfcffffff]
[    2.006518] pci_bus 0000:0c: resource 2 [mem 0xe7500000-0xe75fffff 64bit pref]
[    2.006519] pci_bus 0000:0d: resource 0 [io  0xd000-0xdfff]
[    2.006519] pci_bus 0000:0d: resource 1 [mem 0xfcb00000-0xfcbfffff]
[    2.006520] pci_bus 0000:0d: resource 2 [mem 0xe7100000-0xe71fffff 64bit pref]
[    2.006521] pci_bus 0000:0e: resource 1 [mem 0xfc700000-0xfc7fffff]
[    2.006521] pci_bus 0000:0e: resource 2 [mem 0xe6d00000-0xe6dfffff 64bit pref]
[    2.006522] pci_bus 0000:0f: resource 1 [mem 0xfc300000-0xfc3fffff]
[    2.006522] pci_bus 0000:0f: resource 2 [mem 0xe6900000-0xe69fffff 64bit pref]
[    2.006523] pci_bus 0000:10: resource 1 [mem 0xfbf00000-0xfbffffff]
[    2.006523] pci_bus 0000:10: resource 2 [mem 0xe6500000-0xe65fffff 64bit pref]
[    2.006524] pci_bus 0000:11: resource 1 [mem 0xfbb00000-0xfbbfffff]
[    2.006524] pci_bus 0000:11: resource 2 [mem 0xe6100000-0xe61fffff 64bit pref]
[    2.006525] pci_bus 0000:12: resource 1 [mem 0xfb700000-0xfb7fffff]
[    2.006526] pci_bus 0000:12: resource 2 [mem 0xe5d00000-0xe5dfffff 64bit pref]
[    2.006526] pci_bus 0000:13: resource 0 [io  0x6000-0x6fff]
[    2.006527] pci_bus 0000:13: resource 1 [mem 0xfd200000-0xfd2fffff]
[    2.006527] pci_bus 0000:13: resource 2 [mem 0xe7800000-0xe78fffff 64bit pref]
[    2.006528] pci_bus 0000:14: resource 0 [io  0xa000-0xafff]
[    2.006528] pci_bus 0000:14: resource 1 [mem 0xfce00000-0xfcefffff]
[    2.006529] pci_bus 0000:14: resource 2 [mem 0xe7400000-0xe74fffff 64bit pref]
[    2.006529] pci_bus 0000:15: resource 0 [io  0xe000-0xefff]
[    2.006530] pci_bus 0000:15: resource 1 [mem 0xfca00000-0xfcafffff]
[    2.006530] pci_bus 0000:15: resource 2 [mem 0xe7000000-0xe70fffff 64bit pref]
[    2.006531] pci_bus 0000:16: resource 1 [mem 0xfc600000-0xfc6fffff]
[    2.006532] pci_bus 0000:16: resource 2 [mem 0xe6c00000-0xe6cfffff 64bit pref]
[    2.006532] pci_bus 0000:17: resource 1 [mem 0xfc200000-0xfc2fffff]
[    2.006533] pci_bus 0000:17: resource 2 [mem 0xe6800000-0xe68fffff 64bit pref]
[    2.006533] pci_bus 0000:18: resource 1 [mem 0xfbe00000-0xfbefffff]
[    2.006534] pci_bus 0000:18: resource 2 [mem 0xe6400000-0xe64fffff 64bit pref]
[    2.006535] pci_bus 0000:19: resource 1 [mem 0xfba00000-0xfbafffff]
[    2.006535] pci_bus 0000:19: resource 2 [mem 0xe6000000-0xe60fffff 64bit pref]
[    2.006536] pci_bus 0000:1a: resource 1 [mem 0xfb600000-0xfb6fffff]
[    2.006536] pci_bus 0000:1a: resource 2 [mem 0xe5c00000-0xe5cfffff 64bit pref]
[    2.006537] pci_bus 0000:1b: resource 0 [io  0x7000-0x7fff]
[    2.006537] pci_bus 0000:1b: resource 1 [mem 0xfd100000-0xfd1fffff]
[    2.006538] pci_bus 0000:1b: resource 2 [mem 0xe7700000-0xe77fffff 64bit pref]
[    2.006539] pci_bus 0000:1c: resource 0 [io  0xb000-0xbfff]
[    2.006539] pci_bus 0000:1c: resource 1 [mem 0xfcd00000-0xfcdfffff]
[    2.006540] pci_bus 0000:1c: resource 2 [mem 0xe7300000-0xe73fffff 64bit pref]
[    2.006540] pci_bus 0000:1d: resource 1 [mem 0xfc900000-0xfc9fffff]
[    2.006541] pci_bus 0000:1d: resource 2 [mem 0xe6f00000-0xe6ffffff 64bit pref]
[    2.006541] pci_bus 0000:1e: resource 1 [mem 0xfc500000-0xfc5fffff]
[    2.006542] pci_bus 0000:1e: resource 2 [mem 0xe6b00000-0xe6bfffff 64bit pref]
[    2.006542] pci_bus 0000:1f: resource 1 [mem 0xfc100000-0xfc1fffff]
[    2.006543] pci_bus 0000:1f: resource 2 [mem 0xe6700000-0xe67fffff 64bit pref]
[    2.006543] pci_bus 0000:20: resource 1 [mem 0xfbd00000-0xfbdfffff]
[    2.006544] pci_bus 0000:20: resource 2 [mem 0xe6300000-0xe63fffff 64bit pref]
[    2.006545] pci_bus 0000:21: resource 1 [mem 0xfb900000-0xfb9fffff]
[    2.006545] pci_bus 0000:21: resource 2 [mem 0xe5f00000-0xe5ffffff 64bit pref]
[    2.006546] pci_bus 0000:22: resource 1 [mem 0xfb500000-0xfb5fffff]
[    2.006546] pci_bus 0000:22: resource 2 [mem 0xe5b00000-0xe5bfffff 64bit pref]
[    2.006765]  net/socket.c sock_register (2649) NET: Registered protocol family 2
[    2.007538]  mm/page_alloc.c alloc_large_system_hash (7692) tcp_listen_portaddr_hash hash table entries: 2048 (order: 3, 32768 bytes)
[    2.007690]  mm/page_alloc.c alloc_large_system_hash (7692) TCP established hash table entries: 32768 (order: 6, 262144 bytes)
[    2.008285]  mm/page_alloc.c alloc_large_system_hash (7692) TCP bind hash table entries: 32768 (order: 7, 524288 bytes)
[    2.012151]  net/ipv4/tcp.c tcp_init (3934) TCP: Hash tables configured (established 32768 bind 32768)
[    2.023704]  mm/page_alloc.c alloc_large_system_hash (7692) UDP hash table entries: 2048 (order: 4, 65536 bytes)
[    2.024045]  mm/page_alloc.c alloc_large_system_hash (7692) UDP-Lite hash table entries: 2048 (order: 4, 65536 bytes)
[    2.024880]  net/socket.c sock_register (2649) NET: Registered protocol family 1
[    2.024959] pci 0000:00:00.0: Limiting direct PCI/PCI transfers
[    2.025119] pci 0000:00:0f.0: Video device with shadowed ROM at [mem 0x000c0000-0x000dffff]
[    2.026299] PCI: CLS mismatch (32 != 64), using 64 bytes
[    2.027044] Unpacking initramfs...
[   16.543055]  mm/page_alloc.c free_reserved_area (7061) Freeing initrd memory: 363620K
[   16.543257] PCI-DMA: Using software bounce buffering for IO (SWIOTLB)
[   16.543389]  kernel/dma/swiotlb.c swiotlb_print_info (173) software IO TLB: mapped [mem 0xbbed0000-0xbfed0000] (64MB)
[   16.543661] Scanning for low memory corruption every 60 seconds
[   16.546415]  certs/system_keyring.c system_trusted_keyring_init (98) Initialise system trusted keyrings
[   16.546513]  security/keys/key.c register_key_type (1132) Key type blacklist registered
[   16.546810]  mm/workingset.c workingset_init (522) workingset: timestamp_bits=36 max_order=20 bucket_order=0
[   16.555577]  mm/zbud.c init_zbud (613) zbud: loaded
[   16.569869]  fs/squashfs/super.c init_squashfs_fs (454) squashfs: version 4.0 (2009/01/31) Phillip Lougher
[   16.572358] fuse init (API version 7.27)
[   16.958046]  security/keys/key.c register_key_type (1132) Key type asymmetric registered
[   16.958129]  crypto/asymmetric_keys/asymmetric_type.c register_asymmetric_key_parser (576) Asymmetric key parser 'x509' registered
[   16.958239] Block layer SCSI generic (bsg) driver version 0.4 loaded (major 244)
[   16.958487] io scheduler noop registered
[   16.958530] io scheduler deadline registered
[   16.958602] io scheduler cfq registered (default)
[   16.959282] pcieport 0000:00:15.0: Signaling PME with IRQ 24
[   16.959396] pciehp 0000:00:15.0:pcie004: Slot #160 AttnBtn+ PwrCtrl+ MRL- AttnInd- PwrInd- HotPlug+ Surprise- Interlock- NoCompl+ LLActRep+
[   16.960275] pcieport 0000:00:15.1: Signaling PME with IRQ 25
[   16.960385] pciehp 0000:00:15.1:pcie004: Slot #161 AttnBtn+ PwrCtrl+ MRL- AttnInd- PwrInd- HotPlug+ Surprise- Interlock- NoCompl+ LLActRep+
[   16.961293] pcieport 0000:00:15.2: Signaling PME with IRQ 26
[   16.961402] pciehp 0000:00:15.2:pcie004: Slot #162 AttnBtn+ PwrCtrl+ MRL- AttnInd- PwrInd- HotPlug+ Surprise- Interlock- NoCompl+ LLActRep+
[   16.962421] pcieport 0000:00:15.3: Signaling PME with IRQ 27
[   16.962536] pciehp 0000:00:15.3:pcie004: Slot #163 AttnBtn+ PwrCtrl+ MRL- AttnInd- PwrInd- HotPlug+ Surprise- Interlock- NoCompl+ LLActRep+
