[    0.000000] Linux version 4.19.132 (root@ubuntu) (gcc version 9.3.0 (Debian 9.3.0-14)) #3 SMP Thu Oct 22 15:34:15 CST 2020
[    0.000000] Command line: BOOT_IMAGE=/boot/vmlinuz-4.19.132 root=UUID=7948e99d-4e2e-40bf-b955-60fecd9db270 ro console=tty1,console=ttyS1,115200n8
[    0.000000] KERNEL supported cpus:
[    0.000000]   Intel GenuineIntel
[    0.000000]   AMD AuthenticAMD
[    0.000000]   Centaur CentaurHauls
[    0.000000] Disabled fast string operations
[    0.000000] x86/fpu: Supporting XSAVE feature 0x001: 'x87 floating point registers'
[    0.000000] x86/fpu: Supporting XSAVE feature 0x002: 'SSE registers'
[    0.000000] x86/fpu: Supporting XSAVE feature 0x004: 'AVX registers'
[    0.000000] x86/fpu: xstate_offset[2]:  576, xstate_sizes[2]:  256
[    0.000000] x86/fpu: Enabled xstate features 0x7, context size is 832 bytes, using 'standard' format.
[    0.000000] BIOS-provided physical RAM map:
[    0.000000] BIOS-e820: [mem 0x0000000000000000-0x000000000009e7ff] usable
[    0.000000] BIOS-e820: [mem 0x000000000009e800-0x000000000009ffff] reserved
[    0.000000] BIOS-e820: [mem 0x00000000000dc000-0x00000000000fffff] reserved
[    0.000000] BIOS-e820: [mem 0x0000000000100000-0x00000000bfecffff] usable
[    0.000000] BIOS-e820: [mem 0x00000000bfed0000-0x00000000bfefefff] ACPI data
[    0.000000] BIOS-e820: [mem 0x00000000bfeff000-0x00000000bfefffff] ACPI NVS
[    0.000000] BIOS-e820: [mem 0x00000000bff00000-0x00000000bfffffff] usable
[    0.000000] BIOS-e820: [mem 0x00000000f0000000-0x00000000f7ffffff] reserved
[    0.000000] BIOS-e820: [mem 0x00000000fec00000-0x00000000fec0ffff] reserved
[    0.000000] BIOS-e820: [mem 0x00000000fee00000-0x00000000fee00fff] reserved
[    0.000000] BIOS-e820: [mem 0x00000000fffe0000-0x00000000ffffffff] reserved
[    0.000000] BIOS-e820: [mem 0x0000000100000000-0x000000013fffffff] usable
[    0.000000] NX (Execute Disable) protection: active
[    0.000000] SMBIOS 2.7 present.
[    0.000000] DMI: VMware, Inc. VMware Virtual Platform/440BX Desktop Reference Platform, BIOS 6.00 07/02/2015
[    0.000000] Hypervisor detected: VMware
[    0.000000] vmware: TSC freq read from hypervisor : 3000.003 MHz
[    0.000000] vmware: Host bus clock speed read from hypervisor : 66000000 Hz
[    0.000000] vmware: using sched offset of 16058402491 ns
[    0.000001] tsc: Detected 3000.003 MHz processor
[    0.003447] e820: update [mem 0x00000000-0x00000fff] usable ==> reserved
[    0.003448] e820: remove [mem 0x000a0000-0x000fffff] usable
[    0.003452] last_pfn = 0x140000 max_arch_pfn = 0x400000000
[    0.003493] MTRR default type: uncachable
[    0.003494] MTRR fixed ranges enabled:
[    0.003496]   00000-9FFFF write-back
[    0.003496]   A0000-BFFFF uncachable
[    0.003496]   C0000-CFFFF write-protect
[    0.003497]   D0000-EFFFF uncachable
[    0.003497]   F0000-FFFFF write-protect
[    0.003498] MTRR variable ranges enabled:
[    0.003499]   0 base 000C0000000 mask 3FFC0000000 uncachable
[    0.003500]   1 base 00000000000 mask 3E000000000 write-back
[    0.003501]   2 disabled
[    0.003501]   3 disabled
[    0.003501]   4 disabled
[    0.003502]   5 disabled
[    0.003502]   6 disabled
[    0.003502]   7 disabled
[    0.003526] x86/PAT: Configuration [0-7]: WB  WC  UC- UC  WB  WP  UC- WT  
[    0.003538] total RAM covered: 130048M
[    0.003775] Found optimal setting for mtrr clean up
[    0.003776]  gran_size: 64K 	chunk_size: 64K 	num_reg: 7  	lose cover RAM: 0G
[    0.003834] e820: update [mem 0xc0000000-0xffffffff] usable ==> reserved
[    0.003839] last_pfn = 0xc0000 max_arch_pfn = 0x400000000
[    0.010632] found SMP MP-table at [mem 0x000f6a80-0x000f6a8f]
[    0.010704] Scanning 1 areas for low memory corruption
[    0.010747] Using GB pages for direct mapping
[    0.010940] RAMDISK: [mem 0x0ba4c000-0x21d1dfff]
[    0.010966] ACPI: Early table checksum verification disabled
[    0.011011] ACPI: RSDP 0x00000000000F6A10 000024 (v02 PTLTD )
[    0.011016] ACPI: XSDT 0x00000000BFEDD60B 00005C (v01 INTEL  440BX    06040000 VMW  01324272)
[    0.011021] ACPI: FACP 0x00000000BFEFEE73 0000F4 (v04 INTEL  440BX    06040000 PTL  000F4240)
[    0.011027] ACPI: DSDT 0x00000000BFEDE9F5 02047E (v01 PTLTD  Custom   06040000 MSFT 03000001)
[    0.011030] ACPI: FACS 0x00000000BFEFFFC0 000040
[    0.011033] ACPI: FACS 0x00000000BFEFFFC0 000040
[    0.011035] ACPI: BOOT 0x00000000BFEDE9CD 000028 (v01 PTLTD  $SBFTBL$ 06040000  LTP 00000001)
[    0.011038] ACPI: APIC 0x00000000BFEDE28B 000742 (v01 PTLTD  ? APIC   06040000  LTP 00000000)
[    0.011041] ACPI: MCFG 0x00000000BFEDE24F 00003C (v01 PTLTD  $PCITBL$ 06040000  LTP 00000001)
[    0.011043] ACPI: SRAT 0x00000000BFEDD707 0008F8 (v02 VMWARE MEMPLUG  06040000 VMW  00000001)
[    0.011046] ACPI: HPET 0x00000000BFEDD6CF 000038 (v01 VMWARE VMW HPET 06040000 VMW  00000001)
[    0.011049] ACPI: WAET 0x00000000BFEDD6A7 000028 (v01 VMWARE VMW WAET 06040000 VMW  00000001)
[    0.011056] ACPI: Local APIC address 0xfee00000
[    0.011072] system APIC only can use physical flat
[    0.011072] Setting APIC routing to physical flat.
[    0.011112] SRAT: PXM 0 -> APIC 0x00 -> Node 0
[    0.011112] SRAT: PXM 0 -> APIC 0x01 -> Node 0
[    0.011113] SRAT: PXM 0 -> APIC 0x02 -> Node 0
[    0.011113] SRAT: PXM 0 -> APIC 0x03 -> Node 0
[    0.011114] SRAT: PXM 0 -> APIC 0x04 -> Node 0
[    0.011114] SRAT: PXM 0 -> APIC 0x05 -> Node 0
[    0.011115] SRAT: PXM 0 -> APIC 0x06 -> Node 0
[    0.011115] SRAT: PXM 0 -> APIC 0x07 -> Node 0
[    0.011116] SRAT: PXM 0 -> APIC 0x08 -> Node 0
[    0.011116] SRAT: PXM 0 -> APIC 0x09 -> Node 0
[    0.011117] SRAT: PXM 0 -> APIC 0x0a -> Node 0
[    0.011117] SRAT: PXM 0 -> APIC 0x0b -> Node 0
[    0.011118] SRAT: PXM 0 -> APIC 0x0c -> Node 0
[    0.011119] SRAT: PXM 0 -> APIC 0x0d -> Node 0
[    0.011119] SRAT: PXM 0 -> APIC 0x0e -> Node 0
[    0.011120] SRAT: PXM 0 -> APIC 0x0f -> Node 0
[    0.011120] SRAT: PXM 0 -> APIC 0x10 -> Node 0
[    0.011121] SRAT: PXM 0 -> APIC 0x11 -> Node 0
[    0.011121] SRAT: PXM 0 -> APIC 0x12 -> Node 0
[    0.011122] SRAT: PXM 0 -> APIC 0x13 -> Node 0
[    0.011122] SRAT: PXM 0 -> APIC 0x14 -> Node 0
[    0.011123] SRAT: PXM 0 -> APIC 0x15 -> Node 0
[    0.011123] SRAT: PXM 0 -> APIC 0x16 -> Node 0
[    0.011124] SRAT: PXM 0 -> APIC 0x17 -> Node 0
[    0.011124] SRAT: PXM 0 -> APIC 0x18 -> Node 0
[    0.011125] SRAT: PXM 0 -> APIC 0x19 -> Node 0
[    0.011125] SRAT: PXM 0 -> APIC 0x1a -> Node 0
[    0.011126] SRAT: PXM 0 -> APIC 0x1b -> Node 0
[    0.011126] SRAT: PXM 0 -> APIC 0x1c -> Node 0
[    0.011127] SRAT: PXM 0 -> APIC 0x1d -> Node 0
[    0.011127] SRAT: PXM 0 -> APIC 0x1e -> Node 0
[    0.011128] SRAT: PXM 0 -> APIC 0x1f -> Node 0
[    0.011128] SRAT: PXM 0 -> APIC 0x20 -> Node 0
[    0.011129] SRAT: PXM 0 -> APIC 0x21 -> Node 0
[    0.011129] SRAT: PXM 0 -> APIC 0x22 -> Node 0
[    0.011130] SRAT: PXM 0 -> APIC 0x23 -> Node 0
[    0.011130] SRAT: PXM 0 -> APIC 0x24 -> Node 0
[    0.011131] SRAT: PXM 0 -> APIC 0x25 -> Node 0
[    0.011132] SRAT: PXM 0 -> APIC 0x26 -> Node 0
[    0.011132] SRAT: PXM 0 -> APIC 0x27 -> Node 0
[    0.011133] SRAT: PXM 0 -> APIC 0x28 -> Node 0
[    0.011133] SRAT: PXM 0 -> APIC 0x29 -> Node 0
[    0.011134] SRAT: PXM 0 -> APIC 0x2a -> Node 0
[    0.011134] SRAT: PXM 0 -> APIC 0x2b -> Node 0
[    0.011135] SRAT: PXM 0 -> APIC 0x2c -> Node 0
[    0.011135] SRAT: PXM 0 -> APIC 0x2d -> Node 0
[    0.011136] SRAT: PXM 0 -> APIC 0x2e -> Node 0
[    0.011136] SRAT: PXM 0 -> APIC 0x2f -> Node 0
[    0.011137] SRAT: PXM 0 -> APIC 0x30 -> Node 0
[    0.011137] SRAT: PXM 0 -> APIC 0x31 -> Node 0
[    0.011138] SRAT: PXM 0 -> APIC 0x32 -> Node 0
[    0.011138] SRAT: PXM 0 -> APIC 0x33 -> Node 0
[    0.011139] SRAT: PXM 0 -> APIC 0x34 -> Node 0
[    0.011139] SRAT: PXM 0 -> APIC 0x35 -> Node 0
[    0.011140] SRAT: PXM 0 -> APIC 0x36 -> Node 0
[    0.011140] SRAT: PXM 0 -> APIC 0x37 -> Node 0
[    0.011141] SRAT: PXM 0 -> APIC 0x38 -> Node 0
[    0.011141] SRAT: PXM 0 -> APIC 0x39 -> Node 0
[    0.011142] SRAT: PXM 0 -> APIC 0x3a -> Node 0
[    0.011142] SRAT: PXM 0 -> APIC 0x3b -> Node 0
[    0.011143] SRAT: PXM 0 -> APIC 0x3c -> Node 0
[    0.011143] SRAT: PXM 0 -> APIC 0x3d -> Node 0
[    0.011144] SRAT: PXM 0 -> APIC 0x3e -> Node 0
[    0.011144] SRAT: PXM 0 -> APIC 0x3f -> Node 0
[    0.011145] SRAT: PXM 0 -> APIC 0x40 -> Node 0
[    0.011145] SRAT: PXM 0 -> APIC 0x41 -> Node 0
[    0.011146] SRAT: PXM 0 -> APIC 0x42 -> Node 0
[    0.011146] SRAT: PXM 0 -> APIC 0x43 -> Node 0
[    0.011147] SRAT: PXM 0 -> APIC 0x44 -> Node 0
[    0.011148] SRAT: PXM 0 -> APIC 0x45 -> Node 0
[    0.011148] SRAT: PXM 0 -> APIC 0x46 -> Node 0
[    0.011149] SRAT: PXM 0 -> APIC 0x47 -> Node 0
[    0.011149] SRAT: PXM 0 -> APIC 0x48 -> Node 0
[    0.011150] SRAT: PXM 0 -> APIC 0x49 -> Node 0
[    0.011150] SRAT: PXM 0 -> APIC 0x4a -> Node 0
[    0.011151] SRAT: PXM 0 -> APIC 0x4b -> Node 0
[    0.011151] SRAT: PXM 0 -> APIC 0x4c -> Node 0
[    0.011152] SRAT: PXM 0 -> APIC 0x4d -> Node 0
[    0.011152] SRAT: PXM 0 -> APIC 0x4e -> Node 0
[    0.011153] SRAT: PXM 0 -> APIC 0x4f -> Node 0
[    0.011153] SRAT: PXM 0 -> APIC 0x50 -> Node 0
[    0.011154] SRAT: PXM 0 -> APIC 0x51 -> Node 0
[    0.011154] SRAT: PXM 0 -> APIC 0x52 -> Node 0
[    0.011155] SRAT: PXM 0 -> APIC 0x53 -> Node 0
[    0.011155] SRAT: PXM 0 -> APIC 0x54 -> Node 0
[    0.011156] SRAT: PXM 0 -> APIC 0x55 -> Node 0
[    0.011156] SRAT: PXM 0 -> APIC 0x56 -> Node 0
[    0.011157] SRAT: PXM 0 -> APIC 0x57 -> Node 0
[    0.011157] SRAT: PXM 0 -> APIC 0x58 -> Node 0
[    0.011158] SRAT: PXM 0 -> APIC 0x59 -> Node 0
[    0.011158] SRAT: PXM 0 -> APIC 0x5a -> Node 0
[    0.011159] SRAT: PXM 0 -> APIC 0x5b -> Node 0
[    0.011159] SRAT: PXM 0 -> APIC 0x5c -> Node 0
[    0.011160] SRAT: PXM 0 -> APIC 0x5d -> Node 0
[    0.011160] SRAT: PXM 0 -> APIC 0x5e -> Node 0
[    0.011161] SRAT: PXM 0 -> APIC 0x5f -> Node 0
[    0.011161] SRAT: PXM 0 -> APIC 0x60 -> Node 0
[    0.011162] SRAT: PXM 0 -> APIC 0x61 -> Node 0
[    0.011162] SRAT: PXM 0 -> APIC 0x62 -> Node 0
[    0.011163] SRAT: PXM 0 -> APIC 0x63 -> Node 0
[    0.011164] SRAT: PXM 0 -> APIC 0x64 -> Node 0
[    0.011164] SRAT: PXM 0 -> APIC 0x65 -> Node 0
[    0.011165] SRAT: PXM 0 -> APIC 0x66 -> Node 0
[    0.011165] SRAT: PXM 0 -> APIC 0x67 -> Node 0
[    0.011166] SRAT: PXM 0 -> APIC 0x68 -> Node 0
[    0.011166] SRAT: PXM 0 -> APIC 0x69 -> Node 0
[    0.011167] SRAT: PXM 0 -> APIC 0x6a -> Node 0
[    0.011167] SRAT: PXM 0 -> APIC 0x6b -> Node 0
[    0.011168] SRAT: PXM 0 -> APIC 0x6c -> Node 0
[    0.011168] SRAT: PXM 0 -> APIC 0x6d -> Node 0
[    0.011169] SRAT: PXM 0 -> APIC 0x6e -> Node 0
[    0.011169] SRAT: PXM 0 -> APIC 0x6f -> Node 0
[    0.011170] SRAT: PXM 0 -> APIC 0x70 -> Node 0
[    0.011170] SRAT: PXM 0 -> APIC 0x71 -> Node 0
[    0.011171] SRAT: PXM 0 -> APIC 0x72 -> Node 0
[    0.011171] SRAT: PXM 0 -> APIC 0x73 -> Node 0
[    0.011172] SRAT: PXM 0 -> APIC 0x74 -> Node 0
[    0.011172] SRAT: PXM 0 -> APIC 0x75 -> Node 0
[    0.011173] SRAT: PXM 0 -> APIC 0x76 -> Node 0
[    0.011173] SRAT: PXM 0 -> APIC 0x77 -> Node 0
[    0.011174] SRAT: PXM 0 -> APIC 0x78 -> Node 0
[    0.011174] SRAT: PXM 0 -> APIC 0x79 -> Node 0
[    0.011175] SRAT: PXM 0 -> APIC 0x7a -> Node 0
[    0.011175] SRAT: PXM 0 -> APIC 0x7b -> Node 0
[    0.011176] SRAT: PXM 0 -> APIC 0x7c -> Node 0
[    0.011176] SRAT: PXM 0 -> APIC 0x7d -> Node 0
[    0.011177] SRAT: PXM 0 -> APIC 0x7e -> Node 0
[    0.011177] SRAT: PXM 0 -> APIC 0x7f -> Node 0
[    0.011180] ACPI: SRAT: Node 0 PXM 0 [mem 0x00000000-0x0009ffff]
[    0.011181] ACPI: SRAT: Node 0 PXM 0 [mem 0x00100000-0x0fffffff]
[    0.011182] ACPI: SRAT: Node 0 PXM 0 [mem 0x10000000-0xbfffffff]
[    0.011183] ACPI: SRAT: Node 0 PXM 0 [mem 0x100000000-0x13fffffff]
[    0.011183] ACPI: SRAT: Node 0 PXM 0 [mem 0x140000000-0x103fffffff] hotplug
[    0.011186] NUMA: Node 0 [mem 0x00000000-0x0009ffff] + [mem 0x00100000-0x0fffffff] -> [mem 0x00000000-0x0fffffff]
[    0.011187] NUMA: Node 0 [mem 0x00000000-0x0fffffff] + [mem 0x10000000-0xbfffffff] -> [mem 0x00000000-0xbfffffff]
[    0.011188] NUMA: Node 0 [mem 0x00000000-0xbfffffff] + [mem 0x100000000-0x13fffffff] -> [mem 0x00000000-0x13fffffff]
[    0.011194] NODE_DATA(0) allocated [mem 0x13ffd3000-0x13fffdfff]
[    0.012015] Zone ranges:
[    0.012016]   DMA      [mem 0x0000000000001000-0x0000000000ffffff]
[    0.012017]   DMA32    [mem 0x0000000001000000-0x00000000ffffffff]
[    0.012018]   Normal   [mem 0x0000000100000000-0x000000013fffffff]
[    0.012019]   Device   empty
[    0.012020] Movable zone start for each node
[    0.012022] Early memory node ranges
[    0.012023]   node   0: [mem 0x0000000000001000-0x000000000009dfff]
[    0.012023]   node   0: [mem 0x0000000000100000-0x00000000bfecffff]
[    0.012024]   node   0: [mem 0x00000000bff00000-0x00000000bfffffff]
[    0.012025]   node   0: [mem 0x0000000100000000-0x000000013fffffff]
[    0.012106] Zeroed struct page in unavailable ranges: 147 pages
[    0.012108] Initmem setup node 0 [mem 0x0000000000001000-0x000000013fffffff]
[    0.012109] On node 0 totalpages: 1048429
[    0.012111]   DMA zone: 64 pages used for memmap
[    0.012111]   DMA zone: 21 pages reserved
[    0.012112]   DMA zone: 3997 pages, LIFO batch:0
[    0.013006]   DMA32 zone: 12224 pages used for memmap
[    0.013007]   DMA32 zone: 782288 pages, LIFO batch:63
[    0.184741]   Normal zone: 4096 pages used for memmap
[    0.184743]   Normal zone: 262144 pages, LIFO batch:63
[    0.251594] ACPI: PM-Timer IO Port: 0x1008
[    0.251598] ACPI: Local APIC address 0xfee00000
[    0.251601] system APIC only can use physical flat
[    0.251611] ACPI: LAPIC_NMI (acpi_id[0x00] high edge lint[0x1])
[    0.251612] ACPI: LAPIC_NMI (acpi_id[0x01] high edge lint[0x1])
[    0.251613] ACPI: LAPIC_NMI (acpi_id[0x02] high edge lint[0x1])
[    0.251613] ACPI: LAPIC_NMI (acpi_id[0x03] high edge lint[0x1])
[    0.251614] ACPI: LAPIC_NMI (acpi_id[0x04] high edge lint[0x1])
[    0.251614] ACPI: LAPIC_NMI (acpi_id[0x05] high edge lint[0x1])
[    0.251615] ACPI: LAPIC_NMI (acpi_id[0x06] high edge lint[0x1])
[    0.251615] ACPI: LAPIC_NMI (acpi_id[0x07] high edge lint[0x1])
[    0.251616] ACPI: LAPIC_NMI (acpi_id[0x08] high edge lint[0x1])
[    0.251616] ACPI: LAPIC_NMI (acpi_id[0x09] high edge lint[0x1])
[    0.251617] ACPI: LAPIC_NMI (acpi_id[0x0a] high edge lint[0x1])
[    0.251618] ACPI: LAPIC_NMI (acpi_id[0x0b] high edge lint[0x1])
[    0.251618] ACPI: LAPIC_NMI (acpi_id[0x0c] high edge lint[0x1])
[    0.251619] ACPI: LAPIC_NMI (acpi_id[0x0d] high edge lint[0x1])
[    0.251619] ACPI: LAPIC_NMI (acpi_id[0x0e] high edge lint[0x1])
[    0.251620] ACPI: LAPIC_NMI (acpi_id[0x0f] high edge lint[0x1])
[    0.251620] ACPI: LAPIC_NMI (acpi_id[0x10] high edge lint[0x1])
[    0.251621] ACPI: LAPIC_NMI (acpi_id[0x11] high edge lint[0x1])
[    0.251621] ACPI: LAPIC_NMI (acpi_id[0x12] high edge lint[0x1])
[    0.251622] ACPI: LAPIC_NMI (acpi_id[0x13] high edge lint[0x1])
[    0.251622] ACPI: LAPIC_NMI (acpi_id[0x14] high edge lint[0x1])
[    0.251623] ACPI: LAPIC_NMI (acpi_id[0x15] high edge lint[0x1])
[    0.251623] ACPI: LAPIC_NMI (acpi_id[0x16] high edge lint[0x1])
[    0.251624] ACPI: LAPIC_NMI (acpi_id[0x17] high edge lint[0x1])
[    0.251624] ACPI: LAPIC_NMI (acpi_id[0x18] high edge lint[0x1])
[    0.251625] ACPI: LAPIC_NMI (acpi_id[0x19] high edge lint[0x1])
[    0.251626] ACPI: LAPIC_NMI (acpi_id[0x1a] high edge lint[0x1])
[    0.251626] ACPI: LAPIC_NMI (acpi_id[0x1b] high edge lint[0x1])
[    0.251627] ACPI: LAPIC_NMI (acpi_id[0x1c] high edge lint[0x1])
[    0.251627] ACPI: LAPIC_NMI (acpi_id[0x1d] high edge lint[0x1])
[    0.251628] ACPI: LAPIC_NMI (acpi_id[0x1e] high edge lint[0x1])
[    0.251628] ACPI: LAPIC_NMI (acpi_id[0x1f] high edge lint[0x1])
[    0.251629] ACPI: LAPIC_NMI (acpi_id[0x20] high edge lint[0x1])
[    0.251629] ACPI: LAPIC_NMI (acpi_id[0x21] high edge lint[0x1])
[    0.251630] ACPI: LAPIC_NMI (acpi_id[0x22] high edge lint[0x1])
[    0.251630] ACPI: LAPIC_NMI (acpi_id[0x23] high edge lint[0x1])
[    0.251631] ACPI: LAPIC_NMI (acpi_id[0x24] high edge lint[0x1])
[    0.251631] ACPI: LAPIC_NMI (acpi_id[0x25] high edge lint[0x1])
[    0.251632] ACPI: LAPIC_NMI (acpi_id[0x26] high edge lint[0x1])
[    0.251632] ACPI: LAPIC_NMI (acpi_id[0x27] high edge lint[0x1])
[    0.251633] ACPI: LAPIC_NMI (acpi_id[0x28] high edge lint[0x1])
[    0.251634] ACPI: LAPIC_NMI (acpi_id[0x29] high edge lint[0x1])
[    0.251634] ACPI: LAPIC_NMI (acpi_id[0x2a] high edge lint[0x1])
[    0.251635] ACPI: LAPIC_NMI (acpi_id[0x2b] high edge lint[0x1])
[    0.251635] ACPI: LAPIC_NMI (acpi_id[0x2c] high edge lint[0x1])
[    0.251636] ACPI: LAPIC_NMI (acpi_id[0x2d] high edge lint[0x1])
[    0.251636] ACPI: LAPIC_NMI (acpi_id[0x2e] high edge lint[0x1])
[    0.251637] ACPI: LAPIC_NMI (acpi_id[0x2f] high edge lint[0x1])
[    0.251637] ACPI: LAPIC_NMI (acpi_id[0x30] high edge lint[0x1])
[    0.251638] ACPI: LAPIC_NMI (acpi_id[0x31] high edge lint[0x1])
[    0.251638] ACPI: LAPIC_NMI (acpi_id[0x32] high edge lint[0x1])
[    0.251639] ACPI: LAPIC_NMI (acpi_id[0x33] high edge lint[0x1])
[    0.251639] ACPI: LAPIC_NMI (acpi_id[0x34] high edge lint[0x1])
[    0.251640] ACPI: LAPIC_NMI (acpi_id[0x35] high edge lint[0x1])
[    0.251640] ACPI: LAPIC_NMI (acpi_id[0x36] high edge lint[0x1])
[    0.251641] ACPI: LAPIC_NMI (acpi_id[0x37] high edge lint[0x1])
[    0.251642] ACPI: LAPIC_NMI (acpi_id[0x38] high edge lint[0x1])
[    0.251642] ACPI: LAPIC_NMI (acpi_id[0x39] high edge lint[0x1])
[    0.251643] ACPI: LAPIC_NMI (acpi_id[0x3a] high edge lint[0x1])
[    0.251643] ACPI: LAPIC_NMI (acpi_id[0x3b] high edge lint[0x1])
[    0.251644] ACPI: LAPIC_NMI (acpi_id[0x3c] high edge lint[0x1])
[    0.251644] ACPI: LAPIC_NMI (acpi_id[0x3d] high edge lint[0x1])
[    0.251645] ACPI: LAPIC_NMI (acpi_id[0x3e] high edge lint[0x1])
[    0.251645] ACPI: LAPIC_NMI (acpi_id[0x3f] high edge lint[0x1])
[    0.251646] ACPI: LAPIC_NMI (acpi_id[0x40] high edge lint[0x1])
[    0.251646] ACPI: LAPIC_NMI (acpi_id[0x41] high edge lint[0x1])
[    0.251647] ACPI: LAPIC_NMI (acpi_id[0x42] high edge lint[0x1])
[    0.251647] ACPI: LAPIC_NMI (acpi_id[0x43] high edge lint[0x1])
[    0.251648] ACPI: LAPIC_NMI (acpi_id[0x44] high edge lint[0x1])
[    0.251648] ACPI: LAPIC_NMI (acpi_id[0x45] high edge lint[0x1])
[    0.251649] ACPI: LAPIC_NMI (acpi_id[0x46] high edge lint[0x1])
[    0.251650] ACPI: LAPIC_NMI (acpi_id[0x47] high edge lint[0x1])
[    0.251650] ACPI: LAPIC_NMI (acpi_id[0x48] high edge lint[0x1])
[    0.251651] ACPI: LAPIC_NMI (acpi_id[0x49] high edge lint[0x1])
[    0.251651] ACPI: LAPIC_NMI (acpi_id[0x4a] high edge lint[0x1])
[    0.251652] ACPI: LAPIC_NMI (acpi_id[0x4b] high edge lint[0x1])
[    0.251652] ACPI: LAPIC_NMI (acpi_id[0x4c] high edge lint[0x1])
[    0.251653] ACPI: LAPIC_NMI (acpi_id[0x4d] high edge lint[0x1])
[    0.251653] ACPI: LAPIC_NMI (acpi_id[0x4e] high edge lint[0x1])
[    0.251654] ACPI: LAPIC_NMI (acpi_id[0x4f] high edge lint[0x1])
[    0.251654] ACPI: LAPIC_NMI (acpi_id[0x50] high edge lint[0x1])
[    0.251655] ACPI: LAPIC_NMI (acpi_id[0x51] high edge lint[0x1])
[    0.251655] ACPI: LAPIC_NMI (acpi_id[0x52] high edge lint[0x1])
[    0.251656] ACPI: LAPIC_NMI (acpi_id[0x53] high edge lint[0x1])
[    0.251656] ACPI: LAPIC_NMI (acpi_id[0x54] high edge lint[0x1])
[    0.251657] ACPI: LAPIC_NMI (acpi_id[0x55] high edge lint[0x1])
[    0.251658] ACPI: LAPIC_NMI (acpi_id[0x56] high edge lint[0x1])
[    0.251658] ACPI: LAPIC_NMI (acpi_id[0x57] high edge lint[0x1])
[    0.251659] ACPI: LAPIC_NMI (acpi_id[0x58] high edge lint[0x1])
[    0.251659] ACPI: LAPIC_NMI (acpi_id[0x59] high edge lint[0x1])
[    0.251660] ACPI: LAPIC_NMI (acpi_id[0x5a] high edge lint[0x1])
[    0.251660] ACPI: LAPIC_NMI (acpi_id[0x5b] high edge lint[0x1])
[    0.251661] ACPI: LAPIC_NMI (acpi_id[0x5c] high edge lint[0x1])
[    0.251661] ACPI: LAPIC_NMI (acpi_id[0x5d] high edge lint[0x1])
[    0.251662] ACPI: LAPIC_NMI (acpi_id[0x5e] high edge lint[0x1])
[    0.251662] ACPI: LAPIC_NMI (acpi_id[0x5f] high edge lint[0x1])
[    0.251663] ACPI: LAPIC_NMI (acpi_id[0x60] high edge lint[0x1])
[    0.251663] ACPI: LAPIC_NMI (acpi_id[0x61] high edge lint[0x1])
[    0.251664] ACPI: LAPIC_NMI (acpi_id[0x62] high edge lint[0x1])
[    0.251664] ACPI: LAPIC_NMI (acpi_id[0x63] high edge lint[0x1])
[    0.251665] ACPI: LAPIC_NMI (acpi_id[0x64] high edge lint[0x1])
[    0.251666] ACPI: LAPIC_NMI (acpi_id[0x65] high edge lint[0x1])
[    0.251666] ACPI: LAPIC_NMI (acpi_id[0x66] high edge lint[0x1])
[    0.251667] ACPI: LAPIC_NMI (acpi_id[0x67] high edge lint[0x1])
[    0.251667] ACPI: LAPIC_NMI (acpi_id[0x68] high edge lint[0x1])
[    0.251668] ACPI: LAPIC_NMI (acpi_id[0x69] high edge lint[0x1])
[    0.251668] ACPI: LAPIC_NMI (acpi_id[0x6a] high edge lint[0x1])
[    0.251669] ACPI: LAPIC_NMI (acpi_id[0x6b] high edge lint[0x1])
[    0.251669] ACPI: LAPIC_NMI (acpi_id[0x6c] high edge lint[0x1])
[    0.251670] ACPI: LAPIC_NMI (acpi_id[0x6d] high edge lint[0x1])
[    0.251670] ACPI: LAPIC_NMI (acpi_id[0x6e] high edge lint[0x1])
[    0.251671] ACPI: LAPIC_NMI (acpi_id[0x6f] high edge lint[0x1])
[    0.251671] ACPI: LAPIC_NMI (acpi_id[0x70] high edge lint[0x1])
[    0.251672] ACPI: LAPIC_NMI (acpi_id[0x71] high edge lint[0x1])
[    0.251672] ACPI: LAPIC_NMI (acpi_id[0x72] high edge lint[0x1])
[    0.251673] ACPI: LAPIC_NMI (acpi_id[0x73] high edge lint[0x1])
[    0.251674] ACPI: LAPIC_NMI (acpi_id[0x74] high edge lint[0x1])
[    0.251674] ACPI: LAPIC_NMI (acpi_id[0x75] high edge lint[0x1])
[    0.251675] ACPI: LAPIC_NMI (acpi_id[0x76] high edge lint[0x1])
[    0.251675] ACPI: LAPIC_NMI (acpi_id[0x77] high edge lint[0x1])
[    0.251676] ACPI: LAPIC_NMI (acpi_id[0x78] high edge lint[0x1])
[    0.251676] ACPI: LAPIC_NMI (acpi_id[0x79] high edge lint[0x1])
[    0.251677] ACPI: LAPIC_NMI (acpi_id[0x7a] high edge lint[0x1])
[    0.251677] ACPI: LAPIC_NMI (acpi_id[0x7b] high edge lint[0x1])
[    0.251678] ACPI: LAPIC_NMI (acpi_id[0x7c] high edge lint[0x1])
[    0.251678] ACPI: LAPIC_NMI (acpi_id[0x7d] high edge lint[0x1])
[    0.251679] ACPI: LAPIC_NMI (acpi_id[0x7e] high edge lint[0x1])
[    0.251679] ACPI: LAPIC_NMI (acpi_id[0x7f] high edge lint[0x1])
[    0.251722] IOAPIC[0]: apic_id 128, version 17, address 0xfec00000, GSI 0-23
[    0.251725] ACPI: INT_SRC_OVR (bus 0 bus_irq 0 global_irq 2 high edge)
[    0.251727] ACPI: IRQ0 used by override.
[    0.251728] ACPI: IRQ9 used by override.
[    0.251731] Using ACPI (MADT) for SMP configuration information
[    0.251732] ACPI: HPET id: 0x8086af01 base: 0xfed00000
[    0.251736] TSC deadline timer available
[    0.251746] smpboot: Allowing 128 CPUs, 124 hotplug CPUs
[    0.251757] PM: Registered nosave memory: [mem 0x00000000-0x00000fff]
[    0.251758] PM: Registered nosave memory: [mem 0x0009e000-0x0009efff]
[    0.251759] PM: Registered nosave memory: [mem 0x0009f000-0x0009ffff]
[    0.251759] PM: Registered nosave memory: [mem 0x000a0000-0x000dbfff]
[    0.251760] PM: Registered nosave memory: [mem 0x000dc000-0x000fffff]
[    0.251760] PM: Registered nosave memory: [mem 0xbfed0000-0xbfefefff]
[    0.251761] PM: Registered nosave memory: [mem 0xbfeff000-0xbfefffff]
[    0.251762] PM: Registered nosave memory: [mem 0xc0000000-0xefffffff]
[    0.251762] PM: Registered nosave memory: [mem 0xf0000000-0xf7ffffff]
[    0.251763] PM: Registered nosave memory: [mem 0xf8000000-0xfebfffff]
[    0.251763] PM: Registered nosave memory: [mem 0xfec00000-0xfec0ffff]
[    0.251764] PM: Registered nosave memory: [mem 0xfec10000-0xfedfffff]
[    0.251764] PM: Registered nosave memory: [mem 0xfee00000-0xfee00fff]
[    0.251765] PM: Registered nosave memory: [mem 0xfee01000-0xfffdffff]
[    0.251765] PM: Registered nosave memory: [mem 0xfffe0000-0xffffffff]
[    0.251767] [mem 0xc0000000-0xefffffff] available for PCI devices
[    0.251768] Booting paravirtualized kernel on VMware hypervisor
[    0.251770] clocksource: refined-jiffies: mask: 0xffffffff max_cycles: 0xffffffff, max_idle_ns: 7645519600211568 ns
[    0.251777] random: get_random_bytes called from start_kernel+0x95/0x544 with crng_init=0
[    0.251805] setup_percpu: NR_CPUS:8192 nr_cpumask_bits:128 nr_cpu_ids:128 nr_node_ids:1
[    0.358897] percpu: Embedded 46 pages/cpu s151552 r8192 d28672 u262144
[    0.358909] pcpu-alloc: s151552 r8192 d28672 u262144 alloc=1*2097152
[    0.358910] pcpu-alloc: [0] 000 001 002 003 004 005 006 007 
[    0.358911] pcpu-alloc: [0] 008 009 010 011 012 013 014 015 
[    0.358913] pcpu-alloc: [0] 016 017 018 019 020 021 022 023 
[    0.358914] pcpu-alloc: [0] 024 025 026 027 028 029 030 031 
[    0.358915] pcpu-alloc: [0] 032 033 034 035 036 037 038 039 
[    0.358916] pcpu-alloc: [0] 040 041 042 043 044 045 046 047 
[    0.358917] pcpu-alloc: [0] 048 049 050 051 052 053 054 055 
[    0.358919] pcpu-alloc: [0] 056 057 058 059 060 061 062 063 
[    0.358920] pcpu-alloc: [0] 064 065 066 067 068 069 070 071 
[    0.358921] pcpu-alloc: [0] 072 073 074 075 076 077 078 079 
[    0.358922] pcpu-alloc: [0] 080 081 082 083 084 085 086 087 
[    0.358923] pcpu-alloc: [0] 088 089 090 091 092 093 094 095 
[    0.358924] pcpu-alloc: [0] 096 097 098 099 100 101 102 103 
[    0.358926] pcpu-alloc: [0] 104 105 106 107 108 109 110 111 
[    0.358927] pcpu-alloc: [0] 112 113 114 115 116 117 118 119 
[    0.358928] pcpu-alloc: [0] 120 121 122 123 124 125 126 127 
[    0.358988] Built 1 zonelists, mobility grouping on.  Total pages: 1032024
[    0.358990] Policy zone: Normal
[    0.358992] Kernel command line: BOOT_IMAGE=/boot/vmlinuz-4.19.132 root=UUID=7948e99d-4e2e-40bf-b955-60fecd9db270 ro console=tty1,console=ttyS1,115200n8
[    0.359024] log_buf_len individual max cpu contribution: 4096 bytes
[    0.359024] log_buf_len total cpu_extra contributions: 520192 bytes
[    0.359025] log_buf_len min size: 262144 bytes
[    0.362500] log_buf_len: 1048576 bytes
[    0.362502] early log buf free: 235708(89%)
[    0.466087] Calgary: detecting Calgary via BIOS EBDA area
[    0.466090] Calgary: Unable to locate Rio Grande table in EBDA - bailing!
[    0.478268] Memory: 3640916K/4193716K available (14348K kernel code, 2695K rwdata, 4540K rodata, 2468K init, 4952K bss, 552800K reserved, 0K cma-reserved)
[    0.479060] SLUB: HWalign=64, Order=0-3, MinObjects=0, CPUs=128, Nodes=1
[    0.479101] Kernel/User page tables isolation: enabled
[    0.479187] ftrace: allocating 40846 entries in 160 pages
[    0.493942] rcu: Hierarchical RCU implementation.
[    0.493945] rcu: 	RCU restricting CPUs from NR_CPUS=8192 to nr_cpu_ids=128.
[    0.493946] 	Tasks RCU enabled.
[    0.493947] rcu: Adjusting geometry for rcu_fanout_leaf=16, nr_cpu_ids=128
[    0.496393] NR_IRQS: 524544, nr_irqs: 1448, preallocated irqs: 16
[    0.498212] Console: colour VGA+ 80x25
[    0.509757] console [tty1] enabled
[    0.509909] ACPI: Core revision 20180810
[    0.510702] clocksource: hpet: mask: 0xffffffff max_cycles: 0xffffffff, max_idle_ns: 133484882848 ns
[    0.510822] hpet clockevent registered
[    0.510831] APIC: Switch to symmetric I/O mode setup
[    0.511717] x2apic enabled
[    0.512183] Switched APIC routing to physical x2apic.
[    0.513480] ..TIMER: vector=0x30 apic1=0 pin1=2 apic2=-1 pin2=-1
[    0.513696] clocksource: tsc-early: mask: 0xffffffffffffffff max_cycles: 0x2b3e47e4533, max_idle_ns: 440795202126 ns
[    0.513999] Calibrating delay loop (skipped) preset value.. 6000.00 BogoMIPS (lpj=12000012)
[    0.514232] pid_max: default: 131072 minimum: 1024
[    0.514561] Security Framework initialized
[    0.514683] Yama: becoming mindful.
[    0.521880] AppArmor: AppArmor initialized
[    0.536305] Dentry cache hash table entries: 524288 (order: 10, 4194304 bytes)
[    0.543352] Inode-cache hash table entries: 262144 (order: 9, 2097152 bytes)
[    0.543812] Mount-cache hash table entries: 8192 (order: 4, 65536 bytes)
[    0.544204] Mountpoint-cache hash table entries: 8192 (order: 4, 65536 bytes)
[    0.545255] Disabled fast string operations
[    0.545383] ENERGY_PERF_BIAS: Set to 'normal', was 'performance'
[    0.545543] ENERGY_PERF_BIAS: View and update with x86_energy_perf_policy(8)
[    0.546038] Last level iTLB entries: 4KB 128, 2MB 8, 4MB 8
[    0.546188] Last level dTLB entries: 4KB 64, 2MB 0, 4MB 0, 1GB 4
[    0.546348] Spectre V1 : Mitigation: usercopy/swapgs barriers and __user pointer sanitization
[    0.546582] Spectre V2 : Mitigation: Full generic retpoline
[    0.546730] Spectre V2 : Spectre v2 / SpectreRSB mitigation: Filling RSB on context switch
[    0.546959] Speculative Store Bypass: Vulnerable
[    0.547115] TAA: Vulnerable: Clear CPU buffers attempted, no microcode
[    0.547289] SRBDS: Unknown: Dependent on hypervisor status
[    0.547452] MDS: Vulnerable: Clear CPU buffers attempted, no microcode
[    0.547821] Freeing SMP alternatives memory: 36K
[    0.550798] smpboot: CPU0: Intel(R) Core(TM) i5-8500 CPU @ 3.00GHz (family: 0x6, model: 0x9e, stepping: 0xa)
[    0.551615] Performance Events: Skylake events, core PMU driver.
[    0.551803] core: CPUID marked event: 'cpu cycles' unavailable
[    0.551967] core: CPUID marked event: 'instructions' unavailable
[    0.552127] core: CPUID marked event: 'bus cycles' unavailable
[    0.552282] core: CPUID marked event: 'cache references' unavailable
[    0.552459] core: CPUID marked event: 'cache misses' unavailable
[    0.552619] core: CPUID marked event: 'branch instructions' unavailable
[    0.552795] core: CPUID marked event: 'branch misses' unavailable
[    0.552966] ... version:                1
[    0.553074] ... bit width:              48
[    0.553184] ... generic registers:      8
[    0.553293] ... value mask:             0000ffffffffffff
[    0.553442] ... max period:             000000007fffffff
[    0.553584] ... fixed-purpose events:   0
[    0.553692] ... event mask:             00000000000000ff
[    0.553977] rcu: Hierarchical SRCU implementation.
[    0.554188] NMI watchdog: Perf NMI watchdog permanently disabled
[    0.567502] smp: Bringing up secondary CPUs ...
[    0.568324] x86: Booting SMP configuration:
[    0.568446] .... node  #0, CPUs:          #1
[    0.021299] Disabled fast string operations
[    0.570921]    #2
[    0.021299] Disabled fast string operations
[    0.572511]    #3
[    0.021299] Disabled fast string operations
[    0.575149] smp: Brought up 1 node, 4 CPUs
[    0.575149] smpboot: Max logical packages: 32
[    0.575149] smpboot: Total of 4 processors activated (24000.02 BogoMIPS)
[    0.578684] devtmpfs: initialized
[    0.578684] x86/mm: Memory block size: 128MB
[    0.578909] PM: Registering ACPI NVS region [mem 0xbfeff000-0xbfefffff] (4096 bytes)
[    0.578909] clocksource: jiffies: mask: 0xffffffff max_cycles: 0xffffffff, max_idle_ns: 7645041785100000 ns
[    0.578909] futex hash table entries: 32768 (order: 9, 2097152 bytes)
[    0.587707] pinctrl core: initialized pinctrl subsystem
[    0.587915] RTC time:  8:27:37, date: 10/26/20
[    0.589247] NET: Registered protocol family 16
[    0.589391] audit: initializing netlink subsys (disabled)
[    0.589993] audit: type=2000 audit(1603700857.076:1): state=initialized audit_enabled=0 res=1
[    0.590326] cpuidle: using governor ladder
[    0.590326] cpuidle: using governor menu
[    0.590326] Simple Boot Flag at 0x36 set to 0x80
[    0.590326] ACPI: bus type PCI registered
[    0.590326] acpiphp: ACPI Hot Plug PCI Controller Driver version: 0.5
[    0.590569] PCI: MMCONFIG for domain 0000 [bus 00-7f] at [mem 0xf0000000-0xf7ffffff] (base 0xf0000000)
[    0.590620] PCI: MMCONFIG at [mem 0xf0000000-0xf7ffffff] reserved in E820
[    0.590668] PCI: Using configuration type 1 for base access
[    0.594400] HugeTLB registered 1.00 GiB page size, pre-allocated 0 pages
[    0.594400] HugeTLB registered 2.00 MiB page size, pre-allocated 0 pages
[    0.594578] ACPI: Added _OSI(Module Device)
[    0.594578] ACPI: Added _OSI(Processor Device)
[    0.594578] ACPI: Added _OSI(3.0 _SCP Extensions)
[    0.594578] ACPI: Added _OSI(Processor Aggregator Device)
[    0.594578] ACPI: Added _OSI(Linux-Dell-Video)
[    0.594578] ACPI: Added _OSI(Linux-Lenovo-NV-HDMI-Audio)
[    0.620027] ACPI: 1 ACPI AML tables successfully acquired and loaded
[    0.624128] ACPI: [Firmware Bug]: BIOS _OSI(Linux) query ignored
[    0.642700] ACPI: Interpreter enabled
[    0.642742] ACPI: (supports S0 S1 S4 S5)
[    0.642766] ACPI: Using IOAPIC for interrupt routing
[    0.642814] PCI: Using host bridge windows from ACPI; if necessary, use "pci=nocrs" and report a bug
[    0.644264] ACPI: Enabled 4 GPEs in block 00 to 0F
[    0.811764] ACPI: PCI Root Bridge [PCI0] (domain 0000 [bus 00-7f])
[    0.811808] acpi PNP0A03:00: _OSC: OS supports [ExtendedConfig ASPM ClockPM Segments MSI]
[    0.812035] acpi PNP0A03:00: _OSC: platform does not support [AER LTR]
[    0.812246] acpi PNP0A03:00: _OSC: OS now controls [PCIeHotplug PME PCIeCapability]
[    0.813843] PCI host bridge to bus 0000:00
[    0.813870] pci_bus 0000:00: root bus resource [mem 0x000a0000-0x000bffff window]
[    0.813909] pci_bus 0000:00: root bus resource [mem 0x000d0000-0x000d3fff window]
[    0.813948] pci_bus 0000:00: root bus resource [mem 0x000d4000-0x000d7fff window]
[    0.813986] pci_bus 0000:00: root bus resource [mem 0x000d8000-0x000dbfff window]
[    0.813990] pci_bus 0000:00: root bus resource [mem 0xc0000000-0xfebfffff window]
[    0.814029] pci_bus 0000:00: root bus resource [io  0x0000-0x0cf7 window]
[    0.814064] pci_bus 0000:00: root bus resource [io  0x0d00-0xfeff window]
[    0.814098] pci_bus 0000:00: root bus resource [bus 00-7f]
[    0.814166] pci 0000:00:00.0: [8086:7190] type 00 class 0x060000
[    0.814722] pci 0000:00:01.0: [8086:7191] type 01 class 0x060400
[    0.815139] pci 0000:00:07.0: [8086:7110] type 00 class 0x060100
[    0.815848] pci 0000:00:07.1: [8086:7111] type 00 class 0x01018a
[    0.817563] pci 0000:00:07.1: reg 0x20: [io  0x1060-0x106f]
[    0.818012] pci 0000:00:07.1: legacy IDE quirk: reg 0x10: [io  0x01f0-0x01f7]
[    0.818053] pci 0000:00:07.1: legacy IDE quirk: reg 0x14: [io  0x03f6]
[    0.818086] pci 0000:00:07.1: legacy IDE quirk: reg 0x18: [io  0x0170-0x0177]
[    0.818122] pci 0000:00:07.1: legacy IDE quirk: reg 0x1c: [io  0x0376]
[    0.818355] pci 0000:00:07.3: [8086:7113] type 00 class 0x068000
[    0.820546] pci 0000:00:07.3: quirk: [io  0x1000-0x103f] claimed by PIIX4 ACPI
[    0.820596] pci 0000:00:07.3: quirk: [io  0x1040-0x104f] claimed by PIIX4 SMB
[    0.820944] pci 0000:00:07.7: [15ad:0740] type 00 class 0x088000
[    0.821738] pci 0000:00:07.7: reg 0x10: [io  0x1080-0x10bf]
[    0.822456] pci 0000:00:07.7: reg 0x14: [mem 0xfebfe000-0xfebfffff 64bit]
[    0.825145] pci 0000:00:0f.0: [15ad:0405] type 00 class 0x030000
[    0.826741] pci 0000:00:0f.0: reg 0x10: [io  0x1070-0x107f]
[    0.828479] pci 0000:00:0f.0: reg 0x14: [mem 0xe8000000-0xefffffff pref]
[    0.829990] pci 0000:00:0f.0: reg 0x18: [mem 0xfe000000-0xfe7fffff]
[    0.837246] pci 0000:00:0f.0: reg 0x30: [mem 0x00000000-0x00007fff pref]
[    0.837666] pci 0000:00:10.0: [1000:0030] type 00 class 0x010000
[    0.838429] pci 0000:00:10.0: reg 0x10: [io  0x1400-0x14ff]
[    0.839288] pci 0000:00:10.0: reg 0x14: [mem 0xfeba0000-0xfebbffff 64bit]
[    0.840129] pci 0000:00:10.0: reg 0x1c: [mem 0xfebc0000-0xfebdffff 64bit]
[    0.841881] pci 0000:00:10.0: reg 0x30: [mem 0x00000000-0x00003fff pref]
[    0.842241] pci 0000:00:11.0: [15ad:0790] type 01 class 0x060401
[    0.842872] pci 0000:00:15.0: [15ad:07a0] type 01 class 0x060400
[    0.843413] pci 0000:00:15.0: PME# supported from D0 D3hot D3cold
[    0.843735] pci 0000:00:15.1: [15ad:07a0] type 01 class 0x060400
[    0.844273] pci 0000:00:15.1: PME# supported from D0 D3hot D3cold
[    0.844686] pci 0000:00:15.2: [15ad:07a0] type 01 class 0x060400
[    0.845225] pci 0000:00:15.2: PME# supported from D0 D3hot D3cold
[    0.845547] pci 0000:00:15.3: [15ad:07a0] type 01 class 0x060400
[    0.846075] pci 0000:00:15.3: PME# supported from D0 D3hot D3cold
[    0.846389] pci 0000:00:15.4: [15ad:07a0] type 01 class 0x060400
[    0.846932] pci 0000:00:15.4: PME# supported from D0 D3hot D3cold
[    0.847284] pci 0000:00:15.5: [15ad:07a0] type 01 class 0x060400
[    0.847837] pci 0000:00:15.5: PME# supported from D0 D3hot D3cold
[    0.848212] pci 0000:00:15.6: [15ad:07a0] type 01 class 0x060400
[    0.848747] pci 0000:00:15.6: PME# supported from D0 D3hot D3cold
[    0.849123] pci 0000:00:15.7: [15ad:07a0] type 01 class 0x060400
[    0.849657] pci 0000:00:15.7: PME# supported from D0 D3hot D3cold
[    0.850000] pci 0000:00:16.0: [15ad:07a0] type 01 class 0x060400
[    0.850539] pci 0000:00:16.0: PME# supported from D0 D3hot D3cold
[    0.850879] pci 0000:00:16.1: [15ad:07a0] type 01 class 0x060400
[    0.851425] pci 0000:00:16.1: PME# supported from D0 D3hot D3cold
[    0.851900] pci 0000:00:16.2: [15ad:07a0] type 01 class 0x060400
[    0.852436] pci 0000:00:16.2: PME# supported from D0 D3hot D3cold
[    0.852723] pci 0000:00:16.3: [15ad:07a0] type 01 class 0x060400
[    0.853259] pci 0000:00:16.3: PME# supported from D0 D3hot D3cold
[    0.853581] pci 0000:00:16.4: [15ad:07a0] type 01 class 0x060400
[    0.854116] pci 0000:00:16.4: PME# supported from D0 D3hot D3cold
[    0.854431] pci 0000:00:16.5: [15ad:07a0] type 01 class 0x060400
[    0.854965] pci 0000:00:16.5: PME# supported from D0 D3hot D3cold
[    0.855282] pci 0000:00:16.6: [15ad:07a0] type 01 class 0x060400
[    0.855819] pci 0000:00:16.6: PME# supported from D0 D3hot D3cold
[    0.856140] pci 0000:00:16.7: [15ad:07a0] type 01 class 0x060400
[    0.856672] pci 0000:00:16.7: PME# supported from D0 D3hot D3cold
[    0.856991] pci 0000:00:17.0: [15ad:07a0] type 01 class 0x060400
[    0.857523] pci 0000:00:17.0: PME# supported from D0 D3hot D3cold
[    0.857836] pci 0000:00:17.1: [15ad:07a0] type 01 class 0x060400
[    0.858375] pci 0000:00:17.1: PME# supported from D0 D3hot D3cold
[    0.858819] pci 0000:00:17.2: [15ad:07a0] type 01 class 0x060400
[    0.859373] pci 0000:00:17.2: PME# supported from D0 D3hot D3cold
[    0.859660] pci 0000:00:17.3: [15ad:07a0] type 01 class 0x060400
[    0.860191] pci 0000:00:17.3: PME# supported from D0 D3hot D3cold
[    0.860513] pci 0000:00:17.4: [15ad:07a0] type 01 class 0x060400
[    0.861051] pci 0000:00:17.4: PME# supported from D0 D3hot D3cold
[    0.861364] pci 0000:00:17.5: [15ad:07a0] type 01 class 0x060400
[    0.861896] pci 0000:00:17.5: PME# supported from D0 D3hot D3cold
[    0.862210] pci 0000:00:17.6: [15ad:07a0] type 01 class 0x060400
[    0.862749] pci 0000:00:17.6: PME# supported from D0 D3hot D3cold
[    0.863087] pci 0000:00:17.7: [15ad:07a0] type 01 class 0x060400
[    0.863643] pci 0000:00:17.7: PME# supported from D0 D3hot D3cold
[    0.863998] pci 0000:00:18.0: [15ad:07a0] type 01 class 0x060400
[    0.864613] pci 0000:00:18.0: PME# supported from D0 D3hot D3cold
[    0.864983] pci 0000:00:18.1: [15ad:07a0] type 01 class 0x060400
[    0.865535] pci 0000:00:18.1: PME# supported from D0 D3hot D3cold
[    0.866041] pci 0000:00:18.2: [15ad:07a0] type 01 class 0x060400
[    0.866757] pci 0000:00:18.2: PME# supported from D0 D3hot D3cold
[    0.867262] pci 0000:00:18.3: [15ad:07a0] type 01 class 0x060400
[    0.867902] pci 0000:00:18.3: PME# supported from D0 D3hot D3cold
[    0.868270] pci 0000:00:18.4: [15ad:07a0] type 01 class 0x060400
[    0.868829] pci 0000:00:18.4: PME# supported from D0 D3hot D3cold
[    0.869213] pci 0000:00:18.5: [15ad:07a0] type 01 class 0x060400
[    0.869763] pci 0000:00:18.5: PME# supported from D0 D3hot D3cold
[    0.870090] pci 0000:00:18.6: [15ad:07a0] type 01 class 0x060400
[    0.870634] pci 0000:00:18.6: PME# supported from D0 D3hot D3cold
[    0.870957] pci 0000:00:18.7: [15ad:07a0] type 01 class 0x060400
[    0.871506] pci 0000:00:18.7: PME# supported from D0 D3hot D3cold
[    0.871862] pci_bus 0000:01: extended config space not accessible
[    0.872137] pci 0000:00:01.0: PCI bridge to [bus 01]
[    0.872319] pci_bus 0000:02: extended config space not accessible
[    0.872633] acpiphp: Slot [32] registered
[    0.872688] acpiphp: Slot [33] registered
[    0.872742] acpiphp: Slot [34] registered
[    0.872795] acpiphp: Slot [35] registered
[    0.872847] acpiphp: Slot [36] registered
[    0.872900] acpiphp: Slot [37] registered
[    0.872958] acpiphp: Slot [38] registered
[    0.873010] acpiphp: Slot [39] registered
[    0.873063] acpiphp: Slot [40] registered
[    0.873145] acpiphp: Slot [41] registered
[    0.873215] acpiphp: Slot [42] registered
[    0.873268] acpiphp: Slot [43] registered
[    0.873320] acpiphp: Slot [44] registered
[    0.873373] acpiphp: Slot [45] registered
[    0.873425] acpiphp: Slot [46] registered
[    0.873484] acpiphp: Slot [47] registered
[    0.873536] acpiphp: Slot [48] registered
[    0.873588] acpiphp: Slot [49] registered
[    0.873640] acpiphp: Slot [50] registered
[    0.873692] acpiphp: Slot [51] registered
[    0.873744] acpiphp: Slot [52] registered
[    0.873842] acpiphp: Slot [53] registered
[    0.873897] acpiphp: Slot [54] registered
[    0.873955] acpiphp: Slot [55] registered
[    0.873999] acpiphp: Slot [56] registered
[    0.874052] acpiphp: Slot [57] registered
[    0.874104] acpiphp: Slot [58] registered
[    0.874296] acpiphp: Slot [59] registered
[    0.874349] acpiphp: Slot [60] registered
[    0.874402] acpiphp: Slot [61] registered
[    0.874472] acpiphp: Slot [62] registered
[    0.874525] acpiphp: Slot [63] registered
[    0.874600] pci 0000:02:00.0: [15ad:0774] type 00 class 0x0c0300
[    0.876079] pci 0000:02:00.0: reg 0x20: [io  0x2080-0x209f]
[    0.876965] pci 0000:02:01.0: [8086:100f] type 00 class 0x020000
[    0.877991] pci 0000:02:01.0: reg 0x10: [mem 0xfd5c0000-0xfd5dffff 64bit]
[    0.878950] pci 0000:02:01.0: reg 0x18: [mem 0xfdff0000-0xfdffffff 64bit]
[    0.879862] pci 0000:02:01.0: reg 0x20: [io  0x2000-0x203f]
[    0.881997] pci 0000:02:01.0: reg 0x30: [mem 0x00000000-0x0000ffff pref]
[    0.882621] pci 0000:02:02.0: [1274:1371] type 00 class 0x040100
[    0.882913] pci 0000:02:02.0: reg 0x10: [io  0x2040-0x207f]
[    0.884747] pci 0000:02:03.0: [15ad:0770] type 00 class 0x0c0320
[    0.885163] pci 0000:02:03.0: reg 0x10: [mem 0xfd5ef000-0xfd5effff]
[    0.888258] pci 0000:02:05.0: [15ad:07e0] type 00 class 0x010601
[    0.890345] pci 0000:02:05.0: reg 0x24: [mem 0xfd5ee000-0xfd5eefff]
[    0.890694] pci 0000:02:05.0: reg 0x30: [mem 0x00000000-0x0000ffff pref]
[    0.890980] pci 0000:02:05.0: PME# supported from D3hot
[    0.891362] pci 0000:00:11.0: PCI bridge to [bus 02] (subtractive decode)
[    0.891419] pci 0000:00:11.0:   bridge window [io  0x2000-0x3fff]
[    0.891434] pci 0000:00:11.0:   bridge window [mem 0xfd500000-0xfdffffff]
[    0.891461] pci 0000:00:11.0:   bridge window [mem 0xe7b00000-0xe7ffffff 64bit pref]
[    0.891462] pci 0000:00:11.0:   bridge window [mem 0x000a0000-0x000bffff window] (subtractive decode)
[    0.891462] pci 0000:00:11.0:   bridge window [mem 0x000d0000-0x000d3fff window] (subtractive decode)
[    0.891463] pci 0000:00:11.0:   bridge window [mem 0x000d4000-0x000d7fff window] (subtractive decode)
[    0.891463] pci 0000:00:11.0:   bridge window [mem 0x000d8000-0x000dbfff window] (subtractive decode)
[    0.891464] pci 0000:00:11.0:   bridge window [mem 0xc0000000-0xfebfffff window] (subtractive decode)
[    0.891465] pci 0000:00:11.0:   bridge window [io  0x0000-0x0cf7 window] (subtractive decode)
[    0.891465] pci 0000:00:11.0:   bridge window [io  0x0d00-0xfeff window] (subtractive decode)
[    0.891801] pci 0000:00:15.0: PCI bridge to [bus 03]
[    0.891850] pci 0000:00:15.0:   bridge window [io  0x4000-0x4fff]
[    0.891864] pci 0000:00:15.0:   bridge window [mem 0xfd400000-0xfd4fffff]
[    0.891892] pci 0000:00:15.0:   bridge window [mem 0xe7a00000-0xe7afffff 64bit pref]
[    0.892130] pci 0000:00:15.1: PCI bridge to [bus 04]
[    0.892173] pci 0000:00:15.1:   bridge window [io  0x8000-0x8fff]
[    0.892187] pci 0000:00:15.1:   bridge window [mem 0xfd000000-0xfd0fffff]
[    0.892214] pci 0000:00:15.1:   bridge window [mem 0xe7600000-0xe76fffff 64bit pref]
[    0.892449] pci 0000:00:15.2: PCI bridge to [bus 05]
[    0.892492] pci 0000:00:15.2:   bridge window [io  0xc000-0xcfff]
[    0.892506] pci 0000:00:15.2:   bridge window [mem 0xfcc00000-0xfccfffff]
[    0.892533] pci 0000:00:15.2:   bridge window [mem 0xe7200000-0xe72fffff 64bit pref]
[    0.892795] pci 0000:00:15.3: PCI bridge to [bus 06]
[    0.892851] pci 0000:00:15.3:   bridge window [mem 0xfc800000-0xfc8fffff]
[    0.892878] pci 0000:00:15.3:   bridge window [mem 0xe6e00000-0xe6efffff 64bit pref]
[    0.893105] pci 0000:00:15.4: PCI bridge to [bus 07]
[    0.893161] pci 0000:00:15.4:   bridge window [mem 0xfc400000-0xfc4fffff]
[    0.893188] pci 0000:00:15.4:   bridge window [mem 0xe6a00000-0xe6afffff 64bit pref]
[    0.893453] pci 0000:00:15.5: PCI bridge to [bus 08]
[    0.893508] pci 0000:00:15.5:   bridge window [mem 0xfc000000-0xfc0fffff]
[    0.893535] pci 0000:00:15.5:   bridge window [mem 0xe6600000-0xe66fffff 64bit pref]
[    0.893763] pci 0000:00:15.6: PCI bridge to [bus 09]
[    0.893818] pci 0000:00:15.6:   bridge window [mem 0xfbc00000-0xfbcfffff]
[    0.893845] pci 0000:00:15.6:   bridge window [mem 0xe6200000-0xe62fffff 64bit pref]
[    0.894068] pci 0000:00:15.7: PCI bridge to [bus 0a]
[    0.894124] pci 0000:00:15.7:   bridge window [mem 0xfb800000-0xfb8fffff]
[    0.894151] pci 0000:00:15.7:   bridge window [mem 0xe5e00000-0xe5efffff 64bit pref]
[    0.894432] pci 0000:00:16.0: PCI bridge to [bus 0b]
[    0.894474] pci 0000:00:16.0:   bridge window [io  0x5000-0x5fff]
[    0.894489] pci 0000:00:16.0:   bridge window [mem 0xfd300000-0xfd3fffff]
[    0.894516] pci 0000:00:16.0:   bridge window [mem 0xe7900000-0xe79fffff 64bit pref]
[    0.894867] pci 0000:00:16.1: PCI bridge to [bus 0c]
[    0.894916] pci 0000:00:16.1:   bridge window [io  0x9000-0x9fff]
[    0.894931] pci 0000:00:16.1:   bridge window [mem 0xfcf00000-0xfcffffff]
[    0.894958] pci 0000:00:16.1:   bridge window [mem 0xe7500000-0xe75fffff 64bit pref]
[    0.895218] pci 0000:00:16.2: PCI bridge to [bus 0d]
[    0.895260] pci 0000:00:16.2:   bridge window [io  0xd000-0xdfff]
[    0.895275] pci 0000:00:16.2:   bridge window [mem 0xfcb00000-0xfcbfffff]
[    0.895302] pci 0000:00:16.2:   bridge window [mem 0xe7100000-0xe71fffff 64bit pref]
[    0.895535] pci 0000:00:16.3: PCI bridge to [bus 0e]
[    0.895590] pci 0000:00:16.3:   bridge window [mem 0xfc700000-0xfc7fffff]
[    0.895617] pci 0000:00:16.3:   bridge window [mem 0xe6d00000-0xe6dfffff 64bit pref]
[    0.895843] pci 0000:00:16.4: PCI bridge to [bus 0f]
[    0.895905] pci 0000:00:16.4:   bridge window [mem 0xfc300000-0xfc3fffff]
[    0.895932] pci 0000:00:16.4:   bridge window [mem 0xe6900000-0xe69fffff 64bit pref]
[    0.896208] pci 0000:00:16.5: PCI bridge to [bus 10]
[    0.896264] pci 0000:00:16.5:   bridge window [mem 0xfbf00000-0xfbffffff]
[    0.896291] pci 0000:00:16.5:   bridge window [mem 0xe6500000-0xe65fffff 64bit pref]
[    0.896525] pci 0000:00:16.6: PCI bridge to [bus 11]
[    0.896580] pci 0000:00:16.6:   bridge window [mem 0xfbb00000-0xfbbfffff]
[    0.896608] pci 0000:00:16.6:   bridge window [mem 0xe6100000-0xe61fffff 64bit pref]
[    0.896868] pci 0000:00:16.7: PCI bridge to [bus 12]
[    0.896924] pci 0000:00:16.7:   bridge window [mem 0xfb700000-0xfb7fffff]
[    0.896951] pci 0000:00:16.7:   bridge window [mem 0xe5d00000-0xe5dfffff 64bit pref]
[    0.897211] pci 0000:00:17.0: PCI bridge to [bus 13]
[    0.897254] pci 0000:00:17.0:   bridge window [io  0x6000-0x6fff]
[    0.897268] pci 0000:00:17.0:   bridge window [mem 0xfd200000-0xfd2fffff]
[    0.897295] pci 0000:00:17.0:   bridge window [mem 0xe7800000-0xe78fffff 64bit pref]
[    0.897635] pci 0000:00:17.1: PCI bridge to [bus 14]
[    0.897685] pci 0000:00:17.1:   bridge window [io  0xa000-0xafff]
[    0.897702] pci 0000:00:17.1:   bridge window [mem 0xfce00000-0xfcefffff]
[    0.897736] pci 0000:00:17.1:   bridge window [mem 0xe7400000-0xe74fffff 64bit pref]
[    0.898179] pci 0000:00:17.2: PCI bridge to [bus 15]
[    0.898223] pci 0000:00:17.2:   bridge window [io  0xe000-0xefff]
[    0.898237] pci 0000:00:17.2:   bridge window [mem 0xfca00000-0xfcafffff]
[    0.898264] pci 0000:00:17.2:   bridge window [mem 0xe7000000-0xe70fffff 64bit pref]
[    0.898562] pci 0000:00:17.3: PCI bridge to [bus 16]
[    0.898619] pci 0000:00:17.3:   bridge window [mem 0xfc600000-0xfc6fffff]
[    0.898646] pci 0000:00:17.3:   bridge window [mem 0xe6c00000-0xe6cfffff 64bit pref]
[    0.898886] pci 0000:00:17.4: PCI bridge to [bus 17]
[    0.898942] pci 0000:00:17.4:   bridge window [mem 0xfc200000-0xfc2fffff]
[    0.898969] pci 0000:00:17.4:   bridge window [mem 0xe6800000-0xe68fffff 64bit pref]
[    0.899226] pci 0000:00:17.5: PCI bridge to [bus 18]
[    0.899282] pci 0000:00:17.5:   bridge window [mem 0xfbe00000-0xfbefffff]
[    0.899309] pci 0000:00:17.5:   bridge window [mem 0xe6400000-0xe64fffff 64bit pref]
[    0.899546] pci 0000:00:17.6: PCI bridge to [bus 19]
[    0.899602] pci 0000:00:17.6:   bridge window [mem 0xfba00000-0xfbafffff]
[    0.899629] pci 0000:00:17.6:   bridge window [mem 0xe6000000-0xe60fffff 64bit pref]
[    0.899917] pci 0000:00:17.7: PCI bridge to [bus 1a]
[    0.899972] pci 0000:00:17.7:   bridge window [mem 0xfb600000-0xfb6fffff]
[    0.899999] pci 0000:00:17.7:   bridge window [mem 0xe5c00000-0xe5cfffff 64bit pref]
[    0.900228] pci 0000:00:18.0: PCI bridge to [bus 1b]
[    0.900270] pci 0000:00:18.0:   bridge window [io  0x7000-0x7fff]
[    0.900284] pci 0000:00:18.0:   bridge window [mem 0xfd100000-0xfd1fffff]
[    0.900311] pci 0000:00:18.0:   bridge window [mem 0xe7700000-0xe77fffff 64bit pref]
[    0.900671] pci 0000:00:18.1: PCI bridge to [bus 1c]
[    0.900713] pci 0000:00:18.1:   bridge window [io  0xb000-0xbfff]
[    0.900727] pci 0000:00:18.1:   bridge window [mem 0xfcd00000-0xfcdfffff]
[    0.900754] pci 0000:00:18.1:   bridge window [mem 0xe7300000-0xe73fffff 64bit pref]
[    0.901020] pci 0000:00:18.2: PCI bridge to [bus 1d]
[    0.901075] pci 0000:00:18.2:   bridge window [mem 0xfc900000-0xfc9fffff]
[    0.901102] pci 0000:00:18.2:   bridge window [mem 0xe6f00000-0xe6ffffff 64bit pref]
[    0.901354] pci 0000:00:18.3: PCI bridge to [bus 1e]
[    0.901410] pci 0000:00:18.3:   bridge window [mem 0xfc500000-0xfc5fffff]
[    0.901436] pci 0000:00:18.3:   bridge window [mem 0xe6b00000-0xe6bfffff 64bit pref]
[    0.901663] pci 0000:00:18.4: PCI bridge to [bus 1f]
[    0.901719] pci 0000:00:18.4:   bridge window [mem 0xfc100000-0xfc1fffff]
[    0.901746] pci 0000:00:18.4:   bridge window [mem 0xe6700000-0xe67fffff 64bit pref]
[    0.901999] pci 0000:00:18.5: PCI bridge to [bus 20]
[    0.902054] pci 0000:00:18.5:   bridge window [mem 0xfbd00000-0xfbdfffff]
[    0.902081] pci 0000:00:18.5:   bridge window [mem 0xe6300000-0xe63fffff 64bit pref]
[    0.902312] pci 0000:00:18.6: PCI bridge to [bus 21]
[    0.902380] pci 0000:00:18.6:   bridge window [mem 0xfb900000-0xfb9fffff]
[    0.902407] pci 0000:00:18.6:   bridge window [mem 0xe5f00000-0xe5ffffff 64bit pref]
[    0.902677] pci 0000:00:18.7: PCI bridge to [bus 22]
[    0.902732] pci 0000:00:18.7:   bridge window [mem 0xfb500000-0xfb5fffff]
[    0.902759] pci 0000:00:18.7:   bridge window [mem 0xe5b00000-0xe5bfffff 64bit pref]
[    0.904602] ACPI: PCI Interrupt Link [LNKA] (IRQs 3 4 5 6 7 *9 10 11 14 15)
[    0.904711] ACPI: PCI Interrupt Link [LNKB] (IRQs 3 4 5 6 7 9 10 *11 14 15)
[    0.904815] ACPI: PCI Interrupt Link [LNKC] (IRQs 3 4 5 6 7 9 *10 11 14 15)
[    0.904933] ACPI: PCI Interrupt Link [LNKD] (IRQs 3 4 5 6 *7 9 10 11 14 15)
[    0.942241] SCSI subsystem initialized
[    0.942324] libata version 3.00 loaded.
[    0.942324] ACPI: bus type USB registered
[    0.942324] usbcore: registered new interface driver usbfs
[    0.942324] usbcore: registered new interface driver hub
[    0.942324] usbcore: registered new device driver usb
[    0.942324] pps_core: LinuxPPS API ver. 1 registered
[    0.942324] pps_core: Software ver. 5.3.6 - Copyright 2005-2007 Rodolfo Giometti <giometti@linux.it>
[    0.942371] PTP clock support registered
[    0.942431] EDAC MC: Ver: 3.0.0
[    0.946079] PCI: Using ACPI for IRQ routing
[    0.957986] PCI: pci_cache_line_size set to 64 bytes
[    0.962268] e820: reserve RAM buffer [mem 0x0009e800-0x0009ffff]
[    0.962269] e820: reserve RAM buffer [mem 0xbfed0000-0xbfffffff]
[    0.962820] NetLabel: Initializing
[    0.962888] NetLabel:  domain hash size = 128
[    0.962921] NetLabel:  protocols = UNLABELED CIPSOv4 CALIPSO
[    0.962960] NetLabel:  unlabeled traffic allowed by default
[    0.963367] hpet0: at MMIO 0xfed00000, IRQs 2, 8, 0, 0, 0, 0, 0, 0, 0, 0, 0, 0, 0, 0, 0, 0
[    0.963416] hpet0: 16 comparators, 64-bit 14.318180 MHz counter
[    0.966096] clocksource: Switched to clocksource tsc-early
[    1.005654] VFS: Disk quotas dquot_6.6.0
[    1.005727] VFS: Dquot-cache hash table entries: 512 (order 0, 4096 bytes)
[    1.006194] AppArmor: AppArmor Filesystem Enabled
[    1.006241] pnp: PnP ACPI init
[    1.006484] system 00:00: [io  0x1000-0x103f] has been reserved
[    1.006518] system 00:00: [io  0x1040-0x104f] has been reserved
[    1.006549] system 00:00: [io  0x0cf0-0x0cf1] has been reserved
[    1.006583] system 00:00: Plug and Play ACPI device, IDs PNP0c02 (active)
[    1.006602] pnp 00:01: Plug and Play ACPI device, IDs PNP0b00 (active)
[    1.006614] pnp 00:02: Plug and Play ACPI device, IDs PNP0303 (active)
[    1.006624] pnp 00:03: Plug and Play ACPI device, IDs VMW0003 PNP0f13 (active)
[    1.006877] system 00:04: [mem 0xfed00000-0xfed003ff] has been reserved
[    1.006916] system 00:04: Plug and Play ACPI device, IDs PNP0103 PNP0c01 (active)
[    1.008343] pnp 00:05: Plug and Play ACPI device, IDs PNP0501 (active)
[    1.008538] pnp 00:06: Plug and Play ACPI device, IDs PNP0501 (active)
[    1.008835] system 00:07: [io  0xfce0-0xfcff] has been reserved
[    1.008886] system 00:07: [mem 0xf0000000-0xf7ffffff] has been reserved
[    1.008922] system 00:07: [mem 0xfe800000-0xfe9fffff] has been reserved
[    1.008958] system 00:07: Plug and Play ACPI device, IDs PNP0c02 (active)
[    1.067365] pnp: PnP ACPI: found 8 devices
[    1.075990] clocksource: acpi_pm: mask: 0xffffff max_cycles: 0xffffff, max_idle_ns: 2085701024 ns
[    1.076276] pci 0000:00:15.3: bridge window [io  0x1000-0x0fff] to [bus 06] add_size 1000
[    1.076318] pci 0000:00:15.4: bridge window [io  0x1000-0x0fff] to [bus 07] add_size 1000
[    1.076360] pci 0000:00:15.5: bridge window [io  0x1000-0x0fff] to [bus 08] add_size 1000
[    1.076402] pci 0000:00:15.6: bridge window [io  0x1000-0x0fff] to [bus 09] add_size 1000
[    1.076443] pci 0000:00:15.7: bridge window [io  0x1000-0x0fff] to [bus 0a] add_size 1000
[    1.076604] pci 0000:00:16.3: bridge window [io  0x1000-0x0fff] to [bus 0e] add_size 1000
[    1.076646] pci 0000:00:16.4: bridge window [io  0x1000-0x0fff] to [bus 0f] add_size 1000
[    1.076687] pci 0000:00:16.5: bridge window [io  0x1000-0x0fff] to [bus 10] add_size 1000
[    1.076728] pci 0000:00:16.6: bridge window [io  0x1000-0x0fff] to [bus 11] add_size 1000
[    1.076769] pci 0000:00:16.7: bridge window [io  0x1000-0x0fff] to [bus 12] add_size 1000
[    1.076931] pci 0000:00:17.3: bridge window [io  0x1000-0x0fff] to [bus 16] add_size 1000
[    1.076973] pci 0000:00:17.4: bridge window [io  0x1000-0x0fff] to [bus 17] add_size 1000
[    1.077014] pci 0000:00:17.5: bridge window [io  0x1000-0x0fff] to [bus 18] add_size 1000
[    1.077056] pci 0000:00:17.6: bridge window [io  0x1000-0x0fff] to [bus 19] add_size 1000
[    1.077097] pci 0000:00:17.7: bridge window [io  0x1000-0x0fff] to [bus 1a] add_size 1000
[    1.077219] pci 0000:00:18.2: bridge window [io  0x1000-0x0fff] to [bus 1d] add_size 1000
[    1.077260] pci 0000:00:18.3: bridge window [io  0x1000-0x0fff] to [bus 1e] add_size 1000
[    1.077301] pci 0000:00:18.4: bridge window [io  0x1000-0x0fff] to [bus 1f] add_size 1000
[    1.077343] pci 0000:00:18.5: bridge window [io  0x1000-0x0fff] to [bus 20] add_size 1000
[    1.077384] pci 0000:00:18.6: bridge window [io  0x1000-0x0fff] to [bus 21] add_size 1000
[    1.077425] pci 0000:00:18.7: bridge window [io  0x1000-0x0fff] to [bus 22] add_size 1000
[    1.077477] pci 0000:00:0f.0: BAR 6: assigned [mem 0xc0000000-0xc0007fff pref]
[    1.077519] pci 0000:00:10.0: BAR 6: assigned [mem 0xc0008000-0xc000bfff pref]
[    1.077558] pci 0000:00:15.3: BAR 13: no space for [io  size 0x1000]
[    1.077591] pci 0000:00:15.3: BAR 13: failed to assign [io  size 0x1000]
[    1.077626] pci 0000:00:15.4: BAR 13: no space for [io  size 0x1000]
[    1.077658] pci 0000:00:15.4: BAR 13: failed to assign [io  size 0x1000]
[    1.077692] pci 0000:00:15.5: BAR 13: no space for [io  size 0x1000]
[    1.077725] pci 0000:00:15.5: BAR 13: failed to assign [io  size 0x1000]
[    1.077759] pci 0000:00:15.6: BAR 13: no space for [io  size 0x1000]
[    1.077791] pci 0000:00:15.6: BAR 13: failed to assign [io  size 0x1000]
[    1.077833] pci 0000:00:15.7: BAR 13: no space for [io  size 0x1000]
[    1.077866] pci 0000:00:15.7: BAR 13: failed to assign [io  size 0x1000]
[    1.077900] pci 0000:00:16.3: BAR 13: no space for [io  size 0x1000]
[    1.077932] pci 0000:00:16.3: BAR 13: failed to assign [io  size 0x1000]
[    1.077967] pci 0000:00:16.4: BAR 13: no space for [io  size 0x1000]
[    1.077999] pci 0000:00:16.4: BAR 13: failed to assign [io  size 0x1000]
[    1.078033] pci 0000:00:16.5: BAR 13: no space for [io  size 0x1000]
[    1.078065] pci 0000:00:16.5: BAR 13: failed to assign [io  size 0x1000]
[    1.078099] pci 0000:00:16.6: BAR 13: no space for [io  size 0x1000]
[    1.078132] pci 0000:00:16.6: BAR 13: failed to assign [io  size 0x1000]
[    1.078166] pci 0000:00:16.7: BAR 13: no space for [io  size 0x1000]
[    1.078198] pci 0000:00:16.7: BAR 13: failed to assign [io  size 0x1000]
[    1.078232] pci 0000:00:17.3: BAR 13: no space for [io  size 0x1000]
[    1.078265] pci 0000:00:17.3: BAR 13: failed to assign [io  size 0x1000]
[    1.078294] pci 0000:00:17.4: BAR 13: no space for [io  size 0x1000]
[    1.078344] pci 0000:00:17.4: BAR 13: failed to assign [io  size 0x1000]
[    1.078379] pci 0000:00:17.5: BAR 13: no space for [io  size 0x1000]
[    1.078412] pci 0000:00:17.5: BAR 13: failed to assign [io  size 0x1000]
[    1.078447] pci 0000:00:17.6: BAR 13: no space for [io  size 0x1000]
[    1.078479] pci 0000:00:17.6: BAR 13: failed to assign [io  size 0x1000]
[    1.078513] pci 0000:00:17.7: BAR 13: no space for [io  size 0x1000]
[    1.078546] pci 0000:00:17.7: BAR 13: failed to assign [io  size 0x1000]
[    1.078580] pci 0000:00:18.2: BAR 13: no space for [io  size 0x1000]
[    1.078612] pci 0000:00:18.2: BAR 13: failed to assign [io  size 0x1000]
[    1.078647] pci 0000:00:18.3: BAR 13: no space for [io  size 0x1000]
[    1.078679] pci 0000:00:18.3: BAR 13: failed to assign [io  size 0x1000]
[    1.078713] pci 0000:00:18.4: BAR 13: no space for [io  size 0x1000]
[    1.078745] pci 0000:00:18.4: BAR 13: failed to assign [io  size 0x1000]
[    1.078780] pci 0000:00:18.5: BAR 13: no space for [io  size 0x1000]
[    1.078812] pci 0000:00:18.5: BAR 13: failed to assign [io  size 0x1000]
[    1.078854] pci 0000:00:18.6: BAR 13: no space for [io  size 0x1000]
[    1.078886] pci 0000:00:18.6: BAR 13: failed to assign [io  size 0x1000]
[    1.078920] pci 0000:00:18.7: BAR 13: no space for [io  size 0x1000]
[    1.078953] pci 0000:00:18.7: BAR 13: failed to assign [io  size 0x1000]
[    1.078989] pci 0000:00:18.7: BAR 13: no space for [io  size 0x1000]
[    1.079021] pci 0000:00:18.7: BAR 13: failed to assign [io  size 0x1000]
[    1.079055] pci 0000:00:18.6: BAR 13: no space for [io  size 0x1000]
[    1.079088] pci 0000:00:18.6: BAR 13: failed to assign [io  size 0x1000]
[    1.079122] pci 0000:00:18.5: BAR 13: no space for [io  size 0x1000]
[    1.079154] pci 0000:00:18.5: BAR 13: failed to assign [io  size 0x1000]
[    1.079188] pci 0000:00:18.4: BAR 13: no space for [io  size 0x1000]
[    1.079221] pci 0000:00:18.4: BAR 13: failed to assign [io  size 0x1000]
[    1.079255] pci 0000:00:18.3: BAR 13: no space for [io  size 0x1000]
[    1.079288] pci 0000:00:18.3: BAR 13: failed to assign [io  size 0x1000]
[    1.079323] pci 0000:00:18.2: BAR 13: no space for [io  size 0x1000]
[    1.079363] pci 0000:00:18.2: BAR 13: failed to assign [io  size 0x1000]
[    1.079436] pci 0000:00:17.7: BAR 13: no space for [io  size 0x1000]
[    1.079469] pci 0000:00:17.7: BAR 13: failed to assign [io  size 0x1000]
[    1.079503] pci 0000:00:17.6: BAR 13: no space for [io  size 0x1000]
[    1.079535] pci 0000:00:17.6: BAR 13: failed to assign [io  size 0x1000]
[    1.079569] pci 0000:00:17.5: BAR 13: no space for [io  size 0x1000]
[    1.079602] pci 0000:00:17.5: BAR 13: failed to assign [io  size 0x1000]
[    1.079636] pci 0000:00:17.4: BAR 13: no space for [io  size 0x1000]
[    1.079668] pci 0000:00:17.4: BAR 13: failed to assign [io  size 0x1000]
[    1.079703] pci 0000:00:17.3: BAR 13: no space for [io  size 0x1000]
[    1.079735] pci 0000:00:17.3: BAR 13: failed to assign [io  size 0x1000]
[    1.079769] pci 0000:00:16.7: BAR 13: no space for [io  size 0x1000]
[    1.079808] pci 0000:00:16.7: BAR 13: failed to assign [io  size 0x1000]
[    1.079843] pci 0000:00:16.6: BAR 13: no space for [io  size 0x1000]
[    1.079875] pci 0000:00:16.6: BAR 13: failed to assign [io  size 0x1000]
[    1.079910] pci 0000:00:16.5: BAR 13: no space for [io  size 0x1000]
[    1.079942] pci 0000:00:16.5: BAR 13: failed to assign [io  size 0x1000]
[    1.079976] pci 0000:00:16.4: BAR 13: no space for [io  size 0x1000]
[    1.080008] pci 0000:00:16.4: BAR 13: failed to assign [io  size 0x1000]
[    1.080043] pci 0000:00:16.3: BAR 13: no space for [io  size 0x1000]
[    1.080075] pci 0000:00:16.3: BAR 13: failed to assign [io  size 0x1000]
[    1.080109] pci 0000:00:15.7: BAR 13: no space for [io  size 0x1000]
[    1.080141] pci 0000:00:15.7: BAR 13: failed to assign [io  size 0x1000]
[    1.080176] pci 0000:00:15.6: BAR 13: no space for [io  size 0x1000]
[    1.080209] pci 0000:00:15.6: BAR 13: failed to assign [io  size 0x1000]
[    1.080243] pci 0000:00:15.5: BAR 13: no space for [io  size 0x1000]
[    1.080275] pci 0000:00:15.5: BAR 13: failed to assign [io  size 0x1000]
[    1.080309] pci 0000:00:15.4: BAR 13: no space for [io  size 0x1000]
[    1.080348] pci 0000:00:15.4: BAR 13: failed to assign [io  size 0x1000]
[    1.080383] pci 0000:00:15.3: BAR 13: no space for [io  size 0x1000]
[    1.080415] pci 0000:00:15.3: BAR 13: failed to assign [io  size 0x1000]
[    1.080450] pci 0000:00:01.0: PCI bridge to [bus 01]
[    1.080559] pci 0000:02:01.0: BAR 6: assigned [mem 0xfd500000-0xfd50ffff pref]
[    1.080598] pci 0000:02:05.0: BAR 6: assigned [mem 0xfd510000-0xfd51ffff pref]
[    1.080636] pci 0000:00:11.0: PCI bridge to [bus 02]
[    1.080671] pci 0000:00:11.0:   bridge window [io  0x2000-0x3fff]
[    1.080737] pci 0000:00:11.0:   bridge window [mem 0xfd500000-0xfdffffff]
[    1.080786] pci 0000:00:11.0:   bridge window [mem 0xe7b00000-0xe7ffffff 64bit pref]
[    1.080860] pci 0000:00:15.0: PCI bridge to [bus 03]
[    1.080895] pci 0000:00:15.0:   bridge window [io  0x4000-0x4fff]
[    1.080947] pci 0000:00:15.0:   bridge window [mem 0xfd400000-0xfd4fffff]
[    1.080996] pci 0000:00:15.0:   bridge window [mem 0xe7a00000-0xe7afffff 64bit pref]
[    1.081107] pci 0000:00:15.1: PCI bridge to [bus 04]
[    1.081143] pci 0000:00:15.1:   bridge window [io  0x8000-0x8fff]
[    1.081392] pci 0000:00:15.1:   bridge window [mem 0xfd000000-0xfd0fffff]
[    1.081442] pci 0000:00:15.1:   bridge window [mem 0xe7600000-0xe76fffff 64bit pref]
[    1.081525] pci 0000:00:15.2: PCI bridge to [bus 05]
[    1.081561] pci 0000:00:15.2:   bridge window [io  0xc000-0xcfff]
[    1.081614] pci 0000:00:15.2:   bridge window [mem 0xfcc00000-0xfccfffff]
[    1.081662] pci 0000:00:15.2:   bridge window [mem 0xe7200000-0xe72fffff 64bit pref]
[    1.081740] pci 0000:00:15.3: PCI bridge to [bus 06]
[    1.081790] pci 0000:00:15.3:   bridge window [mem 0xfc800000-0xfc8fffff]
[    1.081845] pci 0000:00:15.3:   bridge window [mem 0xe6e00000-0xe6efffff 64bit pref]
[    1.081922] pci 0000:00:15.4: PCI bridge to [bus 07]
[    1.081972] pci 0000:00:15.4:   bridge window [mem 0xfc400000-0xfc4fffff]
[    1.082025] pci 0000:00:15.4:   bridge window [mem 0xe6a00000-0xe6afffff 64bit pref]
[    1.082103] pci 0000:00:15.5: PCI bridge to [bus 08]
[    1.082152] pci 0000:00:15.5:   bridge window [mem 0xfc000000-0xfc0fffff]
[    1.082201] pci 0000:00:15.5:   bridge window [mem 0xe6600000-0xe66fffff 64bit pref]
[    1.082278] pci 0000:00:15.6: PCI bridge to [bus 09]
[    1.082334] pci 0000:00:15.6:   bridge window [mem 0xfbc00000-0xfbcfffff]
[    1.082399] pci 0000:00:15.6:   bridge window [mem 0xe6200000-0xe62fffff 64bit pref]
[    1.082488] pci 0000:00:15.7: PCI bridge to [bus 0a]
[    1.082538] pci 0000:00:15.7:   bridge window [mem 0xfb800000-0xfb8fffff]
[    1.082586] pci 0000:00:15.7:   bridge window [mem 0xe5e00000-0xe5efffff 64bit pref]
[    1.082665] pci 0000:00:16.0: PCI bridge to [bus 0b]
[    1.082702] pci 0000:00:16.0:   bridge window [io  0x5000-0x5fff]
[    1.082755] pci 0000:00:16.0:   bridge window [mem 0xfd300000-0xfd3fffff]
[    1.082803] pci 0000:00:16.0:   bridge window [mem 0xe7900000-0xe79fffff 64bit pref]
[    1.082916] pci 0000:00:16.1: PCI bridge to [bus 0c]
[    1.082955] pci 0000:00:16.1:   bridge window [io  0x9000-0x9fff]
[    1.083009] pci 0000:00:16.1:   bridge window [mem 0xfcf00000-0xfcffffff]
[    1.083058] pci 0000:00:16.1:   bridge window [mem 0xe7500000-0xe75fffff 64bit pref]
[    1.083138] pci 0000:00:16.2: PCI bridge to [bus 0d]
[    1.083174] pci 0000:00:16.2:   bridge window [io  0xd000-0xdfff]
[    1.083227] pci 0000:00:16.2:   bridge window [mem 0xfcb00000-0xfcbfffff]
[    1.083276] pci 0000:00:16.2:   bridge window [mem 0xe7100000-0xe71fffff 64bit pref]
[    1.083362] pci 0000:00:16.3: PCI bridge to [bus 0e]
[    1.083412] pci 0000:00:16.3:   bridge window [mem 0xfc700000-0xfc7fffff]
[    1.083461] pci 0000:00:16.3:   bridge window [mem 0xe6d00000-0xe6dfffff 64bit pref]
[    1.083539] pci 0000:00:16.4: PCI bridge to [bus 0f]
[    1.083588] pci 0000:00:16.4:   bridge window [mem 0xfc300000-0xfc3fffff]
[    1.083637] pci 0000:00:16.4:   bridge window [mem 0xe6900000-0xe69fffff 64bit pref]
[    1.083714] pci 0000:00:16.5: PCI bridge to [bus 10]
[    1.083764] pci 0000:00:16.5:   bridge window [mem 0xfbf00000-0xfbffffff]
[    1.083818] pci 0000:00:16.5:   bridge window [mem 0xe6500000-0xe65fffff 64bit pref]
[    1.083896] pci 0000:00:16.6: PCI bridge to [bus 11]
[    1.083945] pci 0000:00:16.6:   bridge window [mem 0xfbb00000-0xfbbfffff]
[    1.083994] pci 0000:00:16.6:   bridge window [mem 0xe6100000-0xe61fffff 64bit pref]
[    1.084071] pci 0000:00:16.7: PCI bridge to [bus 12]
[    1.084120] pci 0000:00:16.7:   bridge window [mem 0xfb700000-0xfb7fffff]
[    1.084169] pci 0000:00:16.7:   bridge window [mem 0xe5d00000-0xe5dfffff 64bit pref]
[    1.084248] pci 0000:00:17.0: PCI bridge to [bus 13]
[    1.084284] pci 0000:00:17.0:   bridge window [io  0x6000-0x6fff]
[    1.084344] pci 0000:00:17.0:   bridge window [mem 0xfd200000-0xfd2fffff]
[    1.084393] pci 0000:00:17.0:   bridge window [mem 0xe7800000-0xe78fffff 64bit pref]
[    1.084472] pci 0000:00:17.1: PCI bridge to [bus 14]
[    1.084508] pci 0000:00:17.1:   bridge window [io  0xa000-0xafff]
[    1.084561] pci 0000:00:17.1:   bridge window [mem 0xfce00000-0xfcefffff]
[    1.084609] pci 0000:00:17.1:   bridge window [mem 0xe7400000-0xe74fffff 64bit pref]
[    1.084687] pci 0000:00:17.2: PCI bridge to [bus 15]
[    1.084723] pci 0000:00:17.2:   bridge window [io  0xe000-0xefff]
[    1.084776] pci 0000:00:17.2:   bridge window [mem 0xfca00000-0xfcafffff]
[    1.084825] pci 0000:00:17.2:   bridge window [mem 0xe7000000-0xe70fffff 64bit pref]
[    1.084902] pci 0000:00:17.3: PCI bridge to [bus 16]
[    1.084952] pci 0000:00:17.3:   bridge window [mem 0xfc600000-0xfc6fffff]
[    1.085001] pci 0000:00:17.3:   bridge window [mem 0xe6c00000-0xe6cfffff 64bit pref]
[    1.085078] pci 0000:00:17.4: PCI bridge to [bus 17]
[    1.085127] pci 0000:00:17.4:   bridge window [mem 0xfc200000-0xfc2fffff]
[    1.085176] pci 0000:00:17.4:   bridge window [mem 0xe6800000-0xe68fffff 64bit pref]
[    1.085253] pci 0000:00:17.5: PCI bridge to [bus 18]
[    1.085303] pci 0000:00:17.5:   bridge window [mem 0xfbe00000-0xfbefffff]
[    1.085358] pci 0000:00:17.5:   bridge window [mem 0xe6400000-0xe64fffff 64bit pref]
[    1.085435] pci 0000:00:17.6: PCI bridge to [bus 19]
[    1.085484] pci 0000:00:17.6:   bridge window [mem 0xfba00000-0xfbafffff]
[    1.085533] pci 0000:00:17.6:   bridge window [mem 0xe6000000-0xe60fffff 64bit pref]
[    1.085610] pci 0000:00:17.7: PCI bridge to [bus 1a]
[    1.085660] pci 0000:00:17.7:   bridge window [mem 0xfb600000-0xfb6fffff]
[    1.085708] pci 0000:00:17.7:   bridge window [mem 0xe5c00000-0xe5cfffff 64bit pref]
[    1.085785] pci 0000:00:18.0: PCI bridge to [bus 1b]
[    1.085822] pci 0000:00:18.0:   bridge window [io  0x7000-0x7fff]
[    1.085875] pci 0000:00:18.0:   bridge window [mem 0xfd100000-0xfd1fffff]
[    1.085923] pci 0000:00:18.0:   bridge window [mem 0xe7700000-0xe77fffff 64bit pref]
[    1.086007] pci 0000:00:18.1: PCI bridge to [bus 1c]
[    1.086043] pci 0000:00:18.1:   bridge window [io  0xb000-0xbfff]
[    1.086096] pci 0000:00:18.1:   bridge window [mem 0xfcd00000-0xfcdfffff]
[    1.086145] pci 0000:00:18.1:   bridge window [mem 0xe7300000-0xe73fffff 64bit pref]
[    1.086223] pci 0000:00:18.2: PCI bridge to [bus 1d]
[    1.086272] pci 0000:00:18.2:   bridge window [mem 0xfc900000-0xfc9fffff]
[    1.086321] pci 0000:00:18.2:   bridge window [mem 0xe6f00000-0xe6ffffff 64bit pref]
[    1.086399] pci 0000:00:18.3: PCI bridge to [bus 1e]
[    1.086449] pci 0000:00:18.3:   bridge window [mem 0xfc500000-0xfc5fffff]
[    1.086497] pci 0000:00:18.3:   bridge window [mem 0xe6b00000-0xe6bfffff 64bit pref]
[    1.086574] pci 0000:00:18.4: PCI bridge to [bus 1f]
[    1.086624] pci 0000:00:18.4:   bridge window [mem 0xfc100000-0xfc1fffff]
[    1.086672] pci 0000:00:18.4:   bridge window [mem 0xe6700000-0xe67fffff 64bit pref]
[    1.086749] pci 0000:00:18.5: PCI bridge to [bus 20]
[    1.086799] pci 0000:00:18.5:   bridge window [mem 0xfbd00000-0xfbdfffff]
[    1.086854] pci 0000:00:18.5:   bridge window [mem 0xe6300000-0xe63fffff 64bit pref]
[    1.086932] pci 0000:00:18.6: PCI bridge to [bus 21]
[    1.086981] pci 0000:00:18.6:   bridge window [mem 0xfb900000-0xfb9fffff]
[    1.087029] pci 0000:00:18.6:   bridge window [mem 0xe5f00000-0xe5ffffff 64bit pref]
[    1.087106] pci 0000:00:18.7: PCI bridge to [bus 22]
[    1.087156] pci 0000:00:18.7:   bridge window [mem 0xfb500000-0xfb5fffff]
[    1.087204] pci 0000:00:18.7:   bridge window [mem 0xe5b00000-0xe5bfffff 64bit pref]
[    1.087282] pci_bus 0000:00: resource 4 [mem 0x000a0000-0x000bffff window]
[    1.087283] pci_bus 0000:00: resource 5 [mem 0x000d0000-0x000d3fff window]
[    1.087283] pci_bus 0000:00: resource 6 [mem 0x000d4000-0x000d7fff window]
[    1.087284] pci_bus 0000:00: resource 7 [mem 0x000d8000-0x000dbfff window]
[    1.087285] pci_bus 0000:00: resource 8 [mem 0xc0000000-0xfebfffff window]
[    1.087285] pci_bus 0000:00: resource 9 [io  0x0000-0x0cf7 window]
[    1.087286] pci_bus 0000:00: resource 10 [io  0x0d00-0xfeff window]
[    1.087287] pci_bus 0000:02: resource 0 [io  0x2000-0x3fff]
[    1.087288] pci_bus 0000:02: resource 1 [mem 0xfd500000-0xfdffffff]
[    1.087288] pci_bus 0000:02: resource 2 [mem 0xe7b00000-0xe7ffffff 64bit pref]
[    1.087289] pci_bus 0000:02: resource 4 [mem 0x000a0000-0x000bffff window]
[    1.087289] pci_bus 0000:02: resource 5 [mem 0x000d0000-0x000d3fff window]
[    1.087290] pci_bus 0000:02: resource 6 [mem 0x000d4000-0x000d7fff window]
[    1.087290] pci_bus 0000:02: resource 7 [mem 0x000d8000-0x000dbfff window]
[    1.087291] pci_bus 0000:02: resource 8 [mem 0xc0000000-0xfebfffff window]
[    1.087291] pci_bus 0000:02: resource 9 [io  0x0000-0x0cf7 window]
[    1.087292] pci_bus 0000:02: resource 10 [io  0x0d00-0xfeff window]
[    1.087293] pci_bus 0000:03: resource 0 [io  0x4000-0x4fff]
[    1.087293] pci_bus 0000:03: resource 1 [mem 0xfd400000-0xfd4fffff]
[    1.087294] pci_bus 0000:03: resource 2 [mem 0xe7a00000-0xe7afffff 64bit pref]
[    1.087294] pci_bus 0000:04: resource 0 [io  0x8000-0x8fff]
[    1.087295] pci_bus 0000:04: resource 1 [mem 0xfd000000-0xfd0fffff]
[    1.087295] pci_bus 0000:04: resource 2 [mem 0xe7600000-0xe76fffff 64bit pref]
[    1.087296] pci_bus 0000:05: resource 0 [io  0xc000-0xcfff]
[    1.087296] pci_bus 0000:05: resource 1 [mem 0xfcc00000-0xfccfffff]
[    1.087297] pci_bus 0000:05: resource 2 [mem 0xe7200000-0xe72fffff 64bit pref]
[    1.087298] pci_bus 0000:06: resource 1 [mem 0xfc800000-0xfc8fffff]
[    1.087298] pci_bus 0000:06: resource 2 [mem 0xe6e00000-0xe6efffff 64bit pref]
[    1.087299] pci_bus 0000:07: resource 1 [mem 0xfc400000-0xfc4fffff]
[    1.087299] pci_bus 0000:07: resource 2 [mem 0xe6a00000-0xe6afffff 64bit pref]
[    1.087300] pci_bus 0000:08: resource 1 [mem 0xfc000000-0xfc0fffff]
[    1.087300] pci_bus 0000:08: resource 2 [mem 0xe6600000-0xe66fffff 64bit pref]
[    1.087301] pci_bus 0000:09: resource 1 [mem 0xfbc00000-0xfbcfffff]
[    1.087301] pci_bus 0000:09: resource 2 [mem 0xe6200000-0xe62fffff 64bit pref]
[    1.087302] pci_bus 0000:0a: resource 1 [mem 0xfb800000-0xfb8fffff]
[    1.087303] pci_bus 0000:0a: resource 2 [mem 0xe5e00000-0xe5efffff 64bit pref]
[    1.087303] pci_bus 0000:0b: resource 0 [io  0x5000-0x5fff]
[    1.087304] pci_bus 0000:0b: resource 1 [mem 0xfd300000-0xfd3fffff]
[    1.087304] pci_bus 0000:0b: resource 2 [mem 0xe7900000-0xe79fffff 64bit pref]
[    1.087305] pci_bus 0000:0c: resource 0 [io  0x9000-0x9fff]
[    1.087305] pci_bus 0000:0c: resource 1 [mem 0xfcf00000-0xfcffffff]
[    1.087306] pci_bus 0000:0c: resource 2 [mem 0xe7500000-0xe75fffff 64bit pref]
[    1.087306] pci_bus 0000:0d: resource 0 [io  0xd000-0xdfff]
[    1.087307] pci_bus 0000:0d: resource 1 [mem 0xfcb00000-0xfcbfffff]
[    1.087307] pci_bus 0000:0d: resource 2 [mem 0xe7100000-0xe71fffff 64bit pref]
[    1.087308] pci_bus 0000:0e: resource 1 [mem 0xfc700000-0xfc7fffff]
[    1.087308] pci_bus 0000:0e: resource 2 [mem 0xe6d00000-0xe6dfffff 64bit pref]
[    1.087309] pci_bus 0000:0f: resource 1 [mem 0xfc300000-0xfc3fffff]
[    1.087310] pci_bus 0000:0f: resource 2 [mem 0xe6900000-0xe69fffff 64bit pref]
[    1.087310] pci_bus 0000:10: resource 1 [mem 0xfbf00000-0xfbffffff]
[    1.087311] pci_bus 0000:10: resource 2 [mem 0xe6500000-0xe65fffff 64bit pref]
[    1.087311] pci_bus 0000:11: resource 1 [mem 0xfbb00000-0xfbbfffff]
[    1.087312] pci_bus 0000:11: resource 2 [mem 0xe6100000-0xe61fffff 64bit pref]
[    1.087312] pci_bus 0000:12: resource 1 [mem 0xfb700000-0xfb7fffff]
[    1.087313] pci_bus 0000:12: resource 2 [mem 0xe5d00000-0xe5dfffff 64bit pref]
[    1.087313] pci_bus 0000:13: resource 0 [io  0x6000-0x6fff]
[    1.087314] pci_bus 0000:13: resource 1 [mem 0xfd200000-0xfd2fffff]
[    1.087314] pci_bus 0000:13: resource 2 [mem 0xe7800000-0xe78fffff 64bit pref]
[    1.087315] pci_bus 0000:14: resource 0 [io  0xa000-0xafff]
[    1.087315] pci_bus 0000:14: resource 1 [mem 0xfce00000-0xfcefffff]
[    1.087316] pci_bus 0000:14: resource 2 [mem 0xe7400000-0xe74fffff 64bit pref]
[    1.087316] pci_bus 0000:15: resource 0 [io  0xe000-0xefff]
[    1.087317] pci_bus 0000:15: resource 1 [mem 0xfca00000-0xfcafffff]
[    1.087317] pci_bus 0000:15: resource 2 [mem 0xe7000000-0xe70fffff 64bit pref]
[    1.087318] pci_bus 0000:16: resource 1 [mem 0xfc600000-0xfc6fffff]
[    1.087319] pci_bus 0000:16: resource 2 [mem 0xe6c00000-0xe6cfffff 64bit pref]
[    1.087319] pci_bus 0000:17: resource 1 [mem 0xfc200000-0xfc2fffff]
[    1.087320] pci_bus 0000:17: resource 2 [mem 0xe6800000-0xe68fffff 64bit pref]
[    1.087320] pci_bus 0000:18: resource 1 [mem 0xfbe00000-0xfbefffff]
[    1.087321] pci_bus 0000:18: resource 2 [mem 0xe6400000-0xe64fffff 64bit pref]
[    1.087321] pci_bus 0000:19: resource 1 [mem 0xfba00000-0xfbafffff]
[    1.087322] pci_bus 0000:19: resource 2 [mem 0xe6000000-0xe60fffff 64bit pref]
[    1.087322] pci_bus 0000:1a: resource 1 [mem 0xfb600000-0xfb6fffff]
[    1.087323] pci_bus 0000:1a: resource 2 [mem 0xe5c00000-0xe5cfffff 64bit pref]
[    1.087324] pci_bus 0000:1b: resource 0 [io  0x7000-0x7fff]
[    1.087324] pci_bus 0000:1b: resource 1 [mem 0xfd100000-0xfd1fffff]
[    1.087324] pci_bus 0000:1b: resource 2 [mem 0xe7700000-0xe77fffff 64bit pref]
[    1.087325] pci_bus 0000:1c: resource 0 [io  0xb000-0xbfff]
[    1.087326] pci_bus 0000:1c: resource 1 [mem 0xfcd00000-0xfcdfffff]
[    1.087326] pci_bus 0000:1c: resource 2 [mem 0xe7300000-0xe73fffff 64bit pref]
[    1.087327] pci_bus 0000:1d: resource 1 [mem 0xfc900000-0xfc9fffff]
[    1.087327] pci_bus 0000:1d: resource 2 [mem 0xe6f00000-0xe6ffffff 64bit pref]
[    1.087328] pci_bus 0000:1e: resource 1 [mem 0xfc500000-0xfc5fffff]
[    1.087328] pci_bus 0000:1e: resource 2 [mem 0xe6b00000-0xe6bfffff 64bit pref]
[    1.087329] pci_bus 0000:1f: resource 1 [mem 0xfc100000-0xfc1fffff]
[    1.087329] pci_bus 0000:1f: resource 2 [mem 0xe6700000-0xe67fffff 64bit pref]
[    1.087330] pci_bus 0000:20: resource 1 [mem 0xfbd00000-0xfbdfffff]
[    1.087330] pci_bus 0000:20: resource 2 [mem 0xe6300000-0xe63fffff 64bit pref]
[    1.087331] pci_bus 0000:21: resource 1 [mem 0xfb900000-0xfb9fffff]
[    1.087331] pci_bus 0000:21: resource 2 [mem 0xe5f00000-0xe5ffffff 64bit pref]
[    1.087332] pci_bus 0000:22: resource 1 [mem 0xfb500000-0xfb5fffff]
[    1.087333] pci_bus 0000:22: resource 2 [mem 0xe5b00000-0xe5bfffff 64bit pref]
[    1.087557] NET: Registered protocol family 2
[    1.088628] tcp_listen_portaddr_hash hash table entries: 2048 (order: 3, 32768 bytes)
[    1.089015] TCP established hash table entries: 32768 (order: 6, 262144 bytes)
[    1.089988] TCP bind hash table entries: 32768 (order: 7, 524288 bytes)
[    1.091790] TCP: Hash tables configured (established 32768 bind 32768)
[    1.093103] UDP hash table entries: 2048 (order: 4, 65536 bytes)
[    1.093412] UDP-Lite hash table entries: 2048 (order: 4, 65536 bytes)
[    1.094757] NET: Registered protocol family 1
[    1.094792] pci 0000:00:00.0: Limiting direct PCI/PCI transfers
[    1.094950] pci 0000:00:0f.0: Video device with shadowed ROM at [mem 0x000c0000-0x000dffff]
[    1.096170] PCI: CLS mismatch (32 != 64), using 64 bytes
[    1.096978] Unpacking initramfs...
[    8.841669] Freeing initrd memory: 363336K
[    8.841855] PCI-DMA: Using software bounce buffering for IO (SWIOTLB)
[    8.841896] software IO TLB: mapped [mem 0xbbed0000-0xbfed0000] (64MB)
[    8.842148] Scanning for low memory corruption every 60 seconds
[    8.845288] Initialise system trusted keyrings
[    8.845322] Key type blacklist registered
[    8.845545] workingset: timestamp_bits=36 max_order=20 bucket_order=0
[    8.848128] zbud: loaded
[    8.850509] squashfs: version 4.0 (2009/01/31) Phillip Lougher
[    8.851243] fuse init (API version 7.27)
[    9.091744] Key type asymmetric registered
[    9.091808] Asymmetric key parser 'x509' registered
[    9.091884] Block layer SCSI generic (bsg) driver version 0.4 loaded (major 244)
[    9.092585] io scheduler noop registered
[    9.092615] io scheduler deadline registered
[    9.092727] io scheduler cfq registered (default)
[    9.093765] pcieport 0000:00:15.0: Signaling PME with IRQ 24
[    9.093851] pciehp 0000:00:15.0:pcie004: Slot #160 AttnBtn+ PwrCtrl+ MRL- AttnInd- PwrInd- HotPlug+ Surprise- Interlock- NoCompl+ LLActRep+
[    9.094755] pcieport 0000:00:15.1: Signaling PME with IRQ 25
[    9.094840] pciehp 0000:00:15.1:pcie004: Slot #161 AttnBtn+ PwrCtrl+ MRL- AttnInd- PwrInd- HotPlug+ Surprise- Interlock- NoCompl+ LLActRep+
[    9.095552] pcieport 0000:00:15.2: Signaling PME with IRQ 26
[    9.095634] pciehp 0000:00:15.2:pcie004: Slot #162 AttnBtn+ PwrCtrl+ MRL- AttnInd- PwrInd- HotPlug+ Surprise- Interlock- NoCompl+ LLActRep+
[    9.096307] pcieport 0000:00:15.3: Signaling PME with IRQ 27
[    9.096388] pciehp 0000:00:15.3:pcie004: Slot #163 AttnBtn+ PwrCtrl+ MRL- AttnInd- PwrInd- HotPlug+ Surprise- Interlock- NoCompl+ LLActRep+
[    9.097067] pcieport 0000:00:15.4: Signaling PME with IRQ 28
[    9.097147] pciehp 0000:00:15.4:pcie004: Slot #164 AttnBtn+ PwrCtrl+ MRL- AttnInd- PwrInd- HotPlug+ Surprise- Interlock- NoCompl+ LLActRep+
[    9.097877] pcieport 0000:00:15.5: Signaling PME with IRQ 29
[    9.097959] pciehp 0000:00:15.5:pcie004: Slot #165 AttnBtn+ PwrCtrl+ MRL- AttnInd- PwrInd- HotPlug+ Surprise- Interlock- NoCompl+ LLActRep+
[    9.098860] pcieport 0000:00:15.6: Signaling PME with IRQ 30
[    9.098952] pciehp 0000:00:15.6:pcie004: Slot #166 AttnBtn+ PwrCtrl+ MRL- AttnInd- PwrInd- HotPlug+ Surprise- Interlock- NoCompl+ LLActRep+
[    9.099720] pcieport 0000:00:15.7: Signaling PME with IRQ 31
[    9.099801] pciehp 0000:00:15.7:pcie004: Slot #167 AttnBtn+ PwrCtrl+ MRL- AttnInd- PwrInd- HotPlug+ Surprise- Interlock- NoCompl+ LLActRep+
[    9.100556] pcieport 0000:00:16.0: Signaling PME with IRQ 32
[    9.100639] pciehp 0000:00:16.0:pcie004: Slot #192 AttnBtn+ PwrCtrl+ MRL- AttnInd- PwrInd- HotPlug+ Surprise- Interlock- NoCompl+ LLActRep+
[    9.101580] pcieport 0000:00:16.1: Signaling PME with IRQ 33
[    9.101662] pciehp 0000:00:16.1:pcie004: Slot #193 AttnBtn+ PwrCtrl+ MRL- AttnInd- PwrInd- HotPlug+ Surprise- Interlock- NoCompl+ LLActRep+
[    9.102471] pcieport 0000:00:16.2: Signaling PME with IRQ 34
[    9.102554] pciehp 0000:00:16.2:pcie004: Slot #194 AttnBtn+ PwrCtrl+ MRL- AttnInd- PwrInd- HotPlug+ Surprise- Interlock- NoCompl+ LLActRep+
[    9.103328] pcieport 0000:00:16.3: Signaling PME with IRQ 35
[    9.103420] pciehp 0000:00:16.3:pcie004: Slot #195 AttnBtn+ PwrCtrl+ MRL- AttnInd- PwrInd- HotPlug+ Surprise- Interlock- NoCompl+ LLActRep+
[    9.104198] pcieport 0000:00:16.4: Signaling PME with IRQ 36
[    9.104281] pciehp 0000:00:16.4:pcie004: Slot #196 AttnBtn+ PwrCtrl+ MRL- AttnInd- PwrInd- HotPlug+ Surprise- Interlock- NoCompl+ LLActRep+
[    9.105011] pcieport 0000:00:16.5: Signaling PME with IRQ 37
[    9.105091] pciehp 0000:00:16.5:pcie004: Slot #197 AttnBtn+ PwrCtrl+ MRL- AttnInd- PwrInd- HotPlug+ Surprise- Interlock- NoCompl+ LLActRep+
[    9.105900] pcieport 0000:00:16.6: Signaling PME with IRQ 38
[    9.105984] pciehp 0000:00:16.6:pcie004: Slot #198 AttnBtn+ PwrCtrl+ MRL- AttnInd- PwrInd- HotPlug+ Surprise- Interlock- NoCompl+ LLActRep+
[    9.106855] pcieport 0000:00:16.7: Signaling PME with IRQ 39
[    9.106939] pciehp 0000:00:16.7:pcie004: Slot #199 AttnBtn+ PwrCtrl+ MRL- AttnInd- PwrInd- HotPlug+ Surprise- Interlock- NoCompl+ LLActRep+
[    9.107747] pcieport 0000:00:17.0: Signaling PME with IRQ 40
[    9.107830] pciehp 0000:00:17.0:pcie004: Slot #224 AttnBtn+ PwrCtrl+ MRL- AttnInd- PwrInd- HotPlug+ Surprise- Interlock- NoCompl+ LLActRep+
[    9.109640] pcieport 0000:00:17.1: Signaling PME with IRQ 41
[    9.109726] pciehp 0000:00:17.1:pcie004: Slot #225 AttnBtn+ PwrCtrl+ MRL- AttnInd- PwrInd- HotPlug+ Surprise- Interlock- NoCompl+ LLActRep+
[    9.110613] pcieport 0000:00:17.2: Signaling PME with IRQ 42
[    9.110697] pciehp 0000:00:17.2:pcie004: Slot #226 AttnBtn+ PwrCtrl+ MRL- AttnInd- PwrInd- HotPlug+ Surprise- Interlock- NoCompl+ LLActRep+
[    9.111475] pcieport 0000:00:17.3: Signaling PME with IRQ 43
[    9.111555] pciehp 0000:00:17.3:pcie004: Slot #227 AttnBtn+ PwrCtrl+ MRL- AttnInd- PwrInd- HotPlug+ Surprise- Interlock- NoCompl+ LLActRep+
[    9.112240] pcieport 0000:00:17.4: Signaling PME with IRQ 44
[    9.112319] pciehp 0000:00:17.4:pcie004: Slot #228 AttnBtn+ PwrCtrl+ MRL- AttnInd- PwrInd- HotPlug+ Surprise- Interlock- NoCompl+ LLActRep+
[    9.113062] pcieport 0000:00:17.5: Signaling PME with IRQ 45
[    9.113145] pciehp 0000:00:17.5:pcie004: Slot #229 AttnBtn+ PwrCtrl+ MRL- AttnInd- PwrInd- HotPlug+ Surprise- Interlock- NoCompl+ LLActRep+
[    9.113884] pcieport 0000:00:17.6: Signaling PME with IRQ 46
[    9.113973] pciehp 0000:00:17.6:pcie004: Slot #230 AttnBtn+ PwrCtrl+ MRL- AttnInd- PwrInd- HotPlug+ Surprise- Interlock- NoCompl+ LLActRep+
[    9.114731] pcieport 0000:00:17.7: Signaling PME with IRQ 47
[    9.114813] pciehp 0000:00:17.7:pcie004: Slot #231 AttnBtn+ PwrCtrl+ MRL- AttnInd- PwrInd- HotPlug+ Surprise- Interlock- NoCompl+ LLActRep+
[    9.115514] pcieport 0000:00:18.0: Signaling PME with IRQ 48
[    9.115596] pciehp 0000:00:18.0:pcie004: Slot #256 AttnBtn+ PwrCtrl+ MRL- AttnInd- PwrInd- HotPlug+ Surprise- Interlock- NoCompl+ LLActRep+
[    9.116338] pcieport 0000:00:18.1: Signaling PME with IRQ 49
[    9.116424] pciehp 0000:00:18.1:pcie004: Slot #257 AttnBtn+ PwrCtrl+ MRL- AttnInd- PwrInd- HotPlug+ Surprise- Interlock- NoCompl+ LLActRep+
[    9.117155] pcieport 0000:00:18.2: Signaling PME with IRQ 50
[    9.117238] pciehp 0000:00:18.2:pcie004: Slot #258 AttnBtn+ PwrCtrl+ MRL- AttnInd- PwrInd- HotPlug+ Surprise- Interlock- NoCompl+ LLActRep+
[    9.117972] pcieport 0000:00:18.3: Signaling PME with IRQ 51
[    9.118066] pciehp 0000:00:18.3:pcie004: Slot #259 AttnBtn+ PwrCtrl+ MRL- AttnInd- PwrInd- HotPlug+ Surprise- Interlock- NoCompl+ LLActRep+
[    9.118857] pcieport 0000:00:18.4: Signaling PME with IRQ 52
[    9.118947] pciehp 0000:00:18.4:pcie004: Slot #260 AttnBtn+ PwrCtrl+ MRL- AttnInd- PwrInd- HotPlug+ Surprise- Interlock- NoCompl+ LLActRep+
[    9.119722] pcieport 0000:00:18.5: Signaling PME with IRQ 53
[    9.119804] pciehp 0000:00:18.5:pcie004: Slot #261 AttnBtn+ PwrCtrl+ MRL- AttnInd- PwrInd- HotPlug+ Surprise- Interlock- NoCompl+ LLActRep+
[    9.120597] pcieport 0000:00:18.6: Signaling PME with IRQ 54
[    9.120680] pciehp 0000:00:18.6:pcie004: Slot #262 AttnBtn+ PwrCtrl+ MRL- AttnInd- PwrInd- HotPlug+ Surprise- Interlock- NoCompl+ LLActRep+
[    9.121473] pcieport 0000:00:18.7: Signaling PME with IRQ 55
[    9.121558] pciehp 0000:00:18.7:pcie004: Slot #263 AttnBtn+ PwrCtrl+ MRL- AttnInd- PwrInd- HotPlug+ Surprise- Interlock- NoCompl+ LLActRep+
[    9.122123] intel_idle: Please enable MWAIT in BIOS SETUP
[    9.122718] ACPI: AC Adapter [ACAD] (on-line)
[    9.122925] input: Power Button as /devices/LNXSYSTM:00/LNXPWRBN:00/input/input0
[    9.123038] ACPI: Power Button [PWRF]
[    9.125207] Serial: 8250/16550 driver, 32 ports, IRQ sharing enabled
[    9.149762] 00:05: ttyS0 at I/O 0x3f8 (irq = 4, base_baud = 115200) is a 16550A
[    9.174196] 00:06: ttyS1 at I/O 0x2f8 (irq = 3, base_baud = 115200) is a 16550A
[    9.194455] loop: module loaded
[    9.194968] ata_piix 0000:00:07.1: version 2.13
[    9.195484] scsi host0: ata_piix
[    9.195744] scsi host1: ata_piix
[    9.195805] ata1: PATA max UDMA/33 cmd 0x1f0 ctl 0x3f6 bmdma 0x1060 irq 14
[    9.195842] ata2: PATA max UDMA/33 cmd 0x170 ctl 0x376 bmdma 0x1068 irq 15
[    9.195944] libphy: Fixed MDIO Bus: probed
[    9.195969] tun: Universal TUN/TAP device driver, 1.6
[    9.196027] PPP generic driver version 2.4.2
[    9.196153] ehci_hcd: USB 2.0 'Enhanced' Host Controller (EHCI) Driver
[    9.196196] ehci-pci: EHCI PCI platform driver
[    9.196615] ehci-pci 0000:02:03.0: EHCI Host Controller
[    9.196660] ehci-pci 0000:02:03.0: new USB bus registered, assigned bus number 1
[    9.196851] ehci-pci 0000:02:03.0: cache line size of 64 is not supported
[    9.196872] ehci-pci 0000:02:03.0: irq 17, io mem 0xfd5ef000
[    9.210227] ehci-pci 0000:02:03.0: USB 2.0 started, EHCI 1.00
[    9.210325] usb usb1: New USB device found, idVendor=1d6b, idProduct=0002, bcdDevice= 4.19
[    9.210371] usb usb1: New USB device strings: Mfr=3, Product=2, SerialNumber=1
[    9.210409] usb usb1: Product: EHCI Host Controller
[    9.210436] usb usb1: Manufacturer: Linux 4.19.132 ehci_hcd
[    9.210465] usb usb1: SerialNumber: 0000:02:03.0
[    9.210659] hub 1-0:1.0: USB hub found
[    9.210698] hub 1-0:1.0: 6 ports detected
[    9.210856] ehci-platform: EHCI generic platform driver
[    9.210895] ohci_hcd: USB 1.1 'Open' Host Controller (OHCI) Driver
[    9.210929] ohci-pci: OHCI PCI platform driver
[    9.210965] ohci-platform: OHCI generic platform driver
[    9.210997] uhci_hcd: USB Universal Host Controller Interface driver
[    9.211412] uhci_hcd 0000:02:00.0: UHCI Host Controller
[    9.211446] uhci_hcd 0000:02:00.0: new USB bus registered, assigned bus number 2
[    9.211517] uhci_hcd 0000:02:00.0: detected 2 ports
[    9.211709] uhci_hcd 0000:02:00.0: irq 18, io base 0x00002080
[    9.211820] usb usb2: New USB device found, idVendor=1d6b, idProduct=0001, bcdDevice= 4.19
[    9.211864] usb usb2: New USB device strings: Mfr=3, Product=2, SerialNumber=1
[    9.211902] usb usb2: Product: UHCI Host Controller
[    9.211929] usb usb2: Manufacturer: Linux 4.19.132 uhci_hcd
[    9.211958] usb usb2: SerialNumber: 0000:02:00.0
[    9.212116] hub 2-0:1.0: USB hub found
[    9.212143] hub 2-0:1.0: 2 ports detected
[    9.212373] i8042: PNP: PS/2 Controller [PNP0303:KBC,PNP0f13:MOUS] at 0x60,0x64 irq 1,12
[    9.213348] serio: i8042 KBD port at 0x60,0x64 irq 1
[    9.213401] serio: i8042 AUX port at 0x60,0x64 irq 12
[    9.213649] mousedev: PS/2 mouse device common for all mice
[    9.235118] rtc_cmos 00:01: registered as rtc0
[    9.235170] rtc_cmos 00:01: alarms up to one month, y3k, 114 bytes nvram, hpet irqs
[    9.235232] i2c /dev entries driver
[    9.235310] device-mapper: uevent: version 1.0.3
[    9.235611] device-mapper: ioctl: 4.39.0-ioctl (2018-04-03) initialised: dm-devel@redhat.com
[    9.235647] input: AT Translated Set 2 keyboard as /devices/platform/i8042/serio0/input/input1
[    9.235661] intel_pstate: Intel P-state driver initializing
[    9.235782] intel_pstate: Disabling energy efficiency optimization
[    9.236070] cpufreq: cpufreq_online: Failed to initialize policy for cpu: 0 (-19)
[    9.236118] intel_pstate: Disabling energy efficiency optimization
[    9.236175] cpufreq: cpufreq_online: Failed to initialize policy for cpu: 1 (-19)
[    9.236258] intel_pstate: Disabling energy efficiency optimization
[    9.236522] cpufreq: cpufreq_online: Failed to initialize policy for cpu: 2 (-19)
[    9.236609] intel_pstate: Disabling energy efficiency optimization
[    9.236723] cpufreq: cpufreq_online: Failed to initialize policy for cpu: 3 (-19)
[    9.237116] ledtrig-cpu: registered to indicate activity on CPUs
[    9.237424] NET: Registered protocol family 10
[    9.239536] Segment Routing with IPv6
[    9.239577] NET: Registered protocol family 17
[    9.239670] Key type dns_resolver registered
[    9.239913] mce: Using 0 MCE banks
[    9.239947] RAS: Correctable Errors collector initialized.
[    9.239984] sched_clock: Marking stable (9222596381, 17299579)->(9252303537, -12407577)
[    9.240659] registered taskstats version 1
[    9.240689] Loading compiled-in X.509 certificates
[    9.241321] Loaded X.509 cert 'Build time autogenerated kernel key: 6fe08136bc4bab2c2ccb299e702c529ff55aeda5'
[    9.241480] zswap: loaded using pool lzo/zbud
[    9.243308] Key type big_key registered
[    9.243336] Key type trusted registered
[    9.244611] Key type encrypted registered
[    9.244638] AppArmor: AppArmor sha1 policy hashing enabled
[    9.244671] ima: No TPM chip found, activating TPM-bypass!
[    9.244702] ima: Allocated hash algorithm: sha1
[    9.244734] evm: Initialising EVM extended attributes:
[    9.244781] evm: security.selinux
[    9.244998] evm: security.SMACK64
[    9.245019] evm: security.SMACK64EXEC
[    9.245041] evm: security.SMACK64TRANSMUTE
[    9.245064] evm: security.SMACK64MMAP
[    9.245085] evm: security.apparmor
[    9.245106] evm: security.ima
[    9.245125] evm: security.capability
[    9.245146] evm: HMAC attrs: 0x1
[    9.246552]   Magic number: 8:751:473
[    9.246670] acpi PNP0C80:106: hash matches
[    9.246699] acpi PNP0C80:d1: hash matches
[    9.246915] rtc_cmos 00:01: setting system clock to 2020-10-26 08:27:45 UTC (1603700865)
[    9.378348] Freeing unused decrypted memory: 2040K
[    9.379222] Freeing unused kernel image memory: 2468K
[    9.390308] Write protecting the kernel read-only data: 22528k
[    9.391662] Freeing unused kernel image memory: 2008K
[    9.392144] Freeing unused kernel image memory: 1604K
[    9.399526] x86/mm: Checked W+X mappings: passed, no W+X pages found.
[    9.399579] x86/mm: Checking user space page tables
[    9.405592] x86/mm: Checked W+X mappings: passed, no W+X pages found.
[    9.405632] Run /init as init process
[    9.417093] random: systemd-udevd: uninitialized urandom read (16 bytes read)
[    9.417193] random: systemd-udevd: uninitialized urandom read (16 bytes read)
[    9.417237] random: systemd-udevd: uninitialized urandom read (16 bytes read)
[    9.546086] usb 2-1: new full-speed USB device number 2 using uhci_hcd
[    9.583613] e1000: Intel(R) PRO/1000 Network Driver - version 7.3.21-k8-NAPI
[    9.583660] e1000: Copyright (c) 1999-2006 Intel Corporation.
[    9.586700] ahci 0000:02:05.0: version 3.0
[    9.588007] ahci 0000:02:05.0: AHCI 0001.0300 32 slots 30 ports 6 Gbps 0x3fffffff impl SATA mode
[    9.588064] ahci 0000:02:05.0: flags: 64bit ncq clo only 
[    9.589208] Fusion MPT base driver 3.04.20
[    9.589237] Copyright (c) 1999-2008 LSI Corporation
[    9.591014] input: VirtualPS/2 VMware VMMouse as /devices/platform/i8042/serio1/input/input4
[    9.591607] input: VirtualPS/2 VMware VMMouse as /devices/platform/i8042/serio1/input/input3
[    9.597249] Fusion MPT SPI Host driver 3.04.20
[    9.597700] scsi host2: ahci
[    9.598688] scsi host3: ahci
[    9.598857] mptbase: ioc0: Initiating bringup
[    9.598931] scsi host4: ahci
[    9.599255] scsi host5: ahci
[    9.599460] scsi host6: ahci
[    9.599773] scsi host7: ahci
[    9.600041] scsi host8: ahci
[    9.600352] scsi host9: ahci
[    9.600615] scsi host10: ahci
[    9.600849] scsi host11: ahci
[    9.601024] scsi host12: ahci
[    9.601204] scsi host13: ahci
[    9.601358] scsi host14: ahci
[    9.601572] scsi host15: ahci
[    9.601761] scsi host16: ahci
[    9.601946] scsi host17: ahci
[    9.602224] scsi host18: ahci
[    9.602389] scsi host19: ahci
[    9.602540] scsi host20: ahci
[    9.602712] scsi host21: ahci
[    9.602891] scsi host22: ahci
[    9.603061] scsi host23: ahci
[    9.603202] scsi host24: ahci
[    9.603384] scsi host25: ahci
[    9.603557] scsi host26: ahci
[    9.603731] scsi host27: ahci
[    9.603886] scsi host28: ahci
[    9.604057] scsi host29: ahci
[    9.604217] scsi host30: ahci
[    9.604381] scsi host31: ahci
[    9.604435] ata3: SATA max UDMA/133 abar m4096@0xfd5ee000 port 0xfd5ee100 irq 56
[    9.604476] ata4: SATA max UDMA/133 abar m4096@0xfd5ee000 port 0xfd5ee180 irq 56
[    9.604514] ata5: SATA max UDMA/133 abar m4096@0xfd5ee000 port 0xfd5ee200 irq 56
[    9.604552] ata6: SATA max UDMA/133 abar m4096@0xfd5ee000 port 0xfd5ee280 irq 56
[    9.604591] ata7: SATA max UDMA/133 abar m4096@0xfd5ee000 port 0xfd5ee300 irq 56
[    9.604629] ata8: SATA max UDMA/133 abar m4096@0xfd5ee000 port 0xfd5ee380 irq 56
[    9.604669] ata9: SATA max UDMA/133 abar m4096@0xfd5ee000 port 0xfd5ee400 irq 56
[    9.604707] ata10: SATA max UDMA/133 abar m4096@0xfd5ee000 port 0xfd5ee480 irq 56
[    9.604746] ata11: SATA max UDMA/133 abar m4096@0xfd5ee000 port 0xfd5ee500 irq 56
[    9.604784] ata12: SATA max UDMA/133 abar m4096@0xfd5ee000 port 0xfd5ee580 irq 56
[    9.604823] ata13: SATA max UDMA/133 abar m4096@0xfd5ee000 port 0xfd5ee600 irq 56
[    9.604869] ata14: SATA max UDMA/133 abar m4096@0xfd5ee000 port 0xfd5ee680 irq 56
[    9.604908] ata15: SATA max UDMA/133 abar m4096@0xfd5ee000 port 0xfd5ee700 irq 56
[    9.604947] ata16: SATA max UDMA/133 abar m4096@0xfd5ee000 port 0xfd5ee780 irq 56
[    9.604986] ata17: SATA max UDMA/133 abar m4096@0xfd5ee000 port 0xfd5ee800 irq 56
[    9.605024] ata18: SATA max UDMA/133 abar m4096@0xfd5ee000 port 0xfd5ee880 irq 56
[    9.605063] ata19: SATA max UDMA/133 abar m4096@0xfd5ee000 port 0xfd5ee900 irq 56
[    9.605102] ata20: SATA max UDMA/133 abar m4096@0xfd5ee000 port 0xfd5ee980 irq 56
[    9.605140] ata21: SATA max UDMA/133 abar m4096@0xfd5ee000 port 0xfd5eea00 irq 56
[    9.605179] ata22: SATA max UDMA/133 abar m4096@0xfd5ee000 port 0xfd5eea80 irq 56
[    9.605217] ata23: SATA max UDMA/133 abar m4096@0xfd5ee000 port 0xfd5eeb00 irq 56
[    9.605256] ata24: SATA max UDMA/133 abar m4096@0xfd5ee000 port 0xfd5eeb80 irq 56
[    9.605294] ata25: SATA max UDMA/133 abar m4096@0xfd5ee000 port 0xfd5eec00 irq 56
[    9.605333] ata26: SATA max UDMA/133 abar m4096@0xfd5ee000 port 0xfd5eec80 irq 56
[    9.605378] ata27: SATA max UDMA/133 abar m4096@0xfd5ee000 port 0xfd5eed00 irq 56
[    9.605417] ata28: SATA max UDMA/133 abar m4096@0xfd5ee000 port 0xfd5eed80 irq 56
[    9.605456] ata29: SATA max UDMA/133 abar m4096@0xfd5ee000 port 0xfd5eee00 irq 56
[    9.605495] ata30: SATA max UDMA/133 abar m4096@0xfd5ee000 port 0xfd5eee80 irq 56
[    9.605533] ata31: SATA max UDMA/133 abar m4096@0xfd5ee000 port 0xfd5eef00 irq 56
[    9.605572] ata32: SATA max UDMA/133 abar m4096@0xfd5ee000 port 0xfd5eef80 irq 56
[    9.710244] ioc0: LSI53C1030 B0: Capabilities={Initiator}
[    9.713775] usb 2-1: New USB device found, idVendor=0e0f, idProduct=0003, bcdDevice= 1.03
[    9.713823] usb 2-1: New USB device strings: Mfr=1, Product=2, SerialNumber=0
[    9.713859] usb 2-1: Product: VMware Virtual USB Mouse
[    9.713887] usb 2-1: Manufacturer: VMware
[    9.846388] usb 2-2: new full-speed USB device number 3 using uhci_hcd
[    9.854295] tsc: Refined TSC clocksource calibration: 3000.004 MHz
[    9.854379] clocksource: tsc: mask: 0xffffffffffffffff max_cycles: 0x2b3e4942f25, max_idle_ns: 440795326592 ns
[    9.858523] clocksource: Switched to clocksource tsc
[    9.922041] ata32: SATA link down (SStatus 0 SControl 300)
[    9.922104] ata19: SATA link down (SStatus 0 SControl 300)
[    9.922165] ata29: SATA link down (SStatus 0 SControl 300)
[    9.922227] ata27: SATA link down (SStatus 0 SControl 300)
[    9.922279] ata23: SATA link down (SStatus 0 SControl 300)
[    9.922325] ata26: SATA link down (SStatus 0 SControl 300)
[    9.922374] ata11: SATA link down (SStatus 0 SControl 300)
[    9.922429] ata13: SATA link down (SStatus 0 SControl 300)
[    9.922500] ata7: SATA link down (SStatus 0 SControl 300)
[    9.922565] ata22: SATA link down (SStatus 0 SControl 300)
[    9.922619] ata31: SATA link down (SStatus 0 SControl 300)
[    9.922683] ata20: SATA link down (SStatus 0 SControl 300)
[    9.922719] ata12: SATA link down (SStatus 0 SControl 300)
[    9.922757] ata5: SATA link down (SStatus 0 SControl 300)
[    9.922794] ata30: SATA link down (SStatus 0 SControl 300)
[    9.922830] ata3: SATA link down (SStatus 0 SControl 300)
[    9.922865] ata9: SATA link down (SStatus 0 SControl 300)
[    9.922902] ata4: SATA link up 6.0 Gbps (SStatus 133 SControl 300)
[    9.923087] ata16: SATA link down (SStatus 0 SControl 300)
[    9.923126] ata8: SATA link down (SStatus 0 SControl 300)
[    9.923161] ata6: SATA link down (SStatus 0 SControl 300)
[    9.923198] ata14: SATA link down (SStatus 0 SControl 300)
[    9.923235] ata21: SATA link down (SStatus 0 SControl 300)
[    9.923270] ata28: SATA link down (SStatus 0 SControl 300)
[    9.923305] ata24: SATA link down (SStatus 0 SControl 300)
[    9.923340] ata18: SATA link down (SStatus 0 SControl 300)
[    9.923392] ata15: SATA link down (SStatus 0 SControl 300)
[    9.923434] ata10: SATA link down (SStatus 0 SControl 300)
[    9.923469] ata17: SATA link down (SStatus 0 SControl 300)
[    9.923514] ata4.00: ATAPI: VMware Virtual SATA CDRW Drive, 00000001, max UDMA/33
[    9.923583] ata25: SATA link down (SStatus 0 SControl 300)
[    9.924146] ata4.00: configured for UDMA/33
[    9.924881] scsi 3:0:0:0: CD-ROM            NECVMWar VMware SATA CD01 1.00 PQ: 0 ANSI: 5
