[    0.000000] init/main.c (550) start_kernelLinux version 4.19.132 (root@ubuntu) (gcc version 9.3.0 (Debian 9.3.0-14)) #2 SMP Wed Jul 29 14:46:54 CST 2020
[    0.000000] Command line: BOOT_IMAGE=/boot/vmlinuz-4.19.132 root=UUID=7948e99d-4e2e-40bf-b955-60fecd9db270 ro find_preseed=/preseed.cfg auto noprompt priority=critical locale=en_US quiet
[    0.000000] arch/x86/kernel/cpu/common.c (1230) early_cpu_init KERNEL supported cpus:
[    0.000000] arch/x86/kernel/cpu/common.c (1248) early_cpu_init  Intel GenuineIntel
[    0.000000] arch/x86/kernel/cpu/common.c (1248) early_cpu_init  AMD AuthenticAMD
[    0.000000] arch/x86/kernel/cpu/common.c (1248) early_cpu_init  Centaur CentaurHauls
[    0.000000] arch/x86/kernel/cpu/intel.c (272) early_init_intelDisabled fast string operations
[    0.000000] arch/x86/kernel/fpu/xstate.c (298) print_xstate_featurex86/fpu: Supporting XSAVE feature 0x001: 'x87 floating point registers'
[    0.000000] arch/x86/kernel/fpu/xstate.c (298) print_xstate_featurex86/fpu: Supporting XSAVE feature 0x002: 'SSE registers'
[    0.000000] arch/x86/kernel/fpu/xstate.c (298) print_xstate_featurex86/fpu: Supporting XSAVE feature 0x004: 'AVX registers'
[    0.000000] arch/x86/kernel/fpu/xstate.c (402) print_xstate_offset_sizex86/fpu: xstate_offset[2]:  576, xstate_sizes[2]:  256
[    0.000000] arch/x86/kernel/fpu/xstate.c (784) fpu__init_system_xstatex86/fpu: Enabled xstate features 0x7, context size is 832 bytes, using 'standard' format.
[    0.000000] arch/x86/kernel/e820.c (1243) e820__memory_setupBIOS-provided physical RAM map:
[    0.000000] arch/x86/kernel/e820.c (194) e820__print_tableBIOS-e820: [mem 0x0000000000000000-0x000000000009e7ff] usable
[    0.000000] arch/x86/kernel/e820.c (194) e820__print_tableBIOS-e820: [mem 0x000000000009e800-0x000000000009ffff] reserved
[    0.000000] arch/x86/kernel/e820.c (194) e820__print_tableBIOS-e820: [mem 0x00000000000dc000-0x00000000000fffff] reserved
[    0.000000] arch/x86/kernel/e820.c (194) e820__print_tableBIOS-e820: [mem 0x0000000000100000-0x00000000bfecffff] usable
[    0.000000] arch/x86/kernel/e820.c (194) e820__print_tableBIOS-e820: [mem 0x00000000bfed0000-0x00000000bfefefff] ACPI data
[    0.000000] arch/x86/kernel/e820.c (194) e820__print_tableBIOS-e820: [mem 0x00000000bfeff000-0x00000000bfefffff] ACPI NVS
[    0.000000] arch/x86/kernel/e820.c (194) e820__print_tableBIOS-e820: [mem 0x00000000bff00000-0x00000000bfffffff] usable
[    0.000000] arch/x86/kernel/e820.c (194) e820__print_tableBIOS-e820: [mem 0x00000000f0000000-0x00000000f7ffffff] reserved
[    0.000000] arch/x86/kernel/e820.c (194) e820__print_tableBIOS-e820: [mem 0x00000000fec00000-0x00000000fec0ffff] reserved
[    0.000000] arch/x86/kernel/e820.c (194) e820__print_tableBIOS-e820: [mem 0x00000000fee00000-0x00000000fee00fff] reserved
[    0.000000] arch/x86/kernel/e820.c (194) e820__print_tableBIOS-e820: [mem 0x00000000fffe0000-0x00000000ffffffff] reserved
[    0.000000] arch/x86/kernel/e820.c (194) e820__print_tableBIOS-e820: [mem 0x0000000100000000-0x000000013fffffff] usable
[    0.000000] NX (Execute Disable) protection: active
[    0.000000] drivers/firmware/dmi_scan.c (572) dmi_presentSMBIOS 2.7 present.
[    0.000000] drivers/firmware/dmi_scan.c (582) dmi_presentDMI: VMware, Inc. VMware Virtual Platform/440BX Desktop Reference Platform, BIOS 6.00 07/02/2015
[    0.000000] arch/x86/kernel/cpu/hypervisor.c (72) detect_hypervisor_vendorHypervisor detected: VMware
[    0.000000] arch/x86/kernel/cpu/vmware.c (145) vmware_platform_setupvmware: TSC freq read from hypervisor : 3000.003 MHz
[    0.000000] arch/x86/kernel/cpu/vmware.c (161) vmware_platform_setupvmware: Host bus clock speed read from hypervisor : 66000000 Hz
[    0.000000] arch/x86/kernel/cpu/vmware.c (101) vmware_sched_clock_setupvmware: using sched offset of 39955061211 ns
[    0.000001] arch/x86/kernel/tsc.c (1405) determine_cpu_tsc_frequenciestsc: Detected 3000.003 MHz processor
[    0.003674] e820: update [mem 0x00000000-0x00000fff] usable ==> reserved
[    0.003676] e820: remove [mem 0x000a0000-0x000fffff] usable
[    0.003680] arch/x86/kernel/e820.c (835) e820_end_pfnlast_pfn = 0x140000 max_arch_pfn = 0x400000000
[    0.003774] MTRR default type: uncachable
[    0.003774] MTRR fixed ranges enabled:
[    0.003775]   00000-9FFFF write-back
[    0.003776]   A0000-BFFFF uncachable
[    0.003776]   C0000-CFFFF write-protect
[    0.003777]   D0000-EFFFF uncachable
[    0.003777]   F0000-FFFFF write-protect
[    0.003777] MTRR variable ranges enabled:
[    0.003778]   0 base 000C0000000 mask 3FFC0000000 uncachable
[    0.003779]   1 base 00000000000 mask 3E000000000 write-back
[    0.003779]   2 disabled
[    0.003779]   3 disabled
[    0.003780]   4 disabled
[    0.003780]   5 disabled
[    0.003780]   6 disabled
[    0.003781]   7 disabled
[    0.003993] arch/x86/mm/pat.c (205) __init_cache_modesx86/PAT: Configuration [0-7]: WB  WC  UC- UC  WB  WP  UC- WT  
[    0.004103] arch/x86/kernel/cpu/mtrr/cleanup.c (735) mtrr_cleanuptotal RAM covered: 130048M
[    0.004343] arch/x86/kernel/cpu/mtrr/cleanup.c (780) mtrr_cleanupFound optimal setting for mtrr clean up
[    0.004344] arch/x86/kernel/cpu/mtrr/cleanup.c (646) mtrr_print_out_one_result gran_size: 64K 	chunk_size: 64K 	num_reg: 7  	lose cover RAM: 0G
[    0.004689] e820: update [mem 0xc0000000-0xffffffff] usable ==> reserved
[    0.004733] arch/x86/kernel/e820.c (835) e820_end_pfnlast_pfn = 0xc0000 max_arch_pfn = 0x400000000
[    0.011751] arch/x86/kernel/mpparse.c (600) smp_scan_configfound SMP MP-table at [mem 0x000f6a80-0x000f6a8f]
[    0.011885] Scanning 1 areas for low memory corruption
[    0.012015] Using GB pages for direct mapping
[    0.012169] RAMDISK: [mem 0x15133000-0x37feffff]
[    0.012279] drivers/acpi/tables.c (751) acpi_table_initACPI: Early table checksum verification disabled
[    0.012318] ACPI: RSDP 0x00000000000F6A10 000024 (v02 PTLTD )
[    0.012325] ACPI: XSDT 0x00000000BFEDD60B 00005C (v01 INTEL  440BX    06040000 VMW  01324272)
[    0.012333] ACPI: FACP 0x00000000BFEFEE73 0000F4 (v04 INTEL  440BX    06040000 PTL  000F4240)
[    0.012340] ACPI: DSDT 0x00000000BFEDE9F5 02047E (v01 PTLTD  Custom   06040000 MSFT 03000001)
[    0.012346] ACPI: FACS 0x00000000BFEFFFC0 000040
[    0.012348] ACPI: FACS 0x00000000BFEFFFC0 000040
[    0.012350] ACPI: BOOT 0x00000000BFEDE9CD 000028 (v01 PTLTD  $SBFTBL$ 06040000  LTP 00000001)
[    0.012353] ACPI: APIC 0x00000000BFEDE28B 000742 (v01 PTLTD  ? APIC   06040000  LTP 00000000)
[    0.012355] ACPI: MCFG 0x00000000BFEDE24F 00003C (v01 PTLTD  $PCITBL$ 06040000  LTP 00000001)
[    0.012358] ACPI: SRAT 0x00000000BFEDD707 0008F8 (v02 VMWARE MEMPLUG  06040000 VMW  00000001)
[    0.012360] ACPI: HPET 0x00000000BFEDD6CF 000038 (v01 VMWARE VMW HPET 06040000 VMW  00000001)
[    0.012362] ACPI: WAET 0x00000000BFEDD6A7 000028 (v01 VMWARE VMW WAET 06040000 VMW  00000001)
[    0.012370] ACPI: Local APIC address 0xfee00000
[    0.012389] system APIC only can use physical flat
[    0.012390] arch/x86/kernel/apic/probe_64.c (64) default_acpi_madt_oem_checkSetting APIC routing to physical flat.
[    0.012527] SRAT: PXM 0 -> APIC 0x00 -> Node 0
[    0.012527] SRAT: PXM 0 -> APIC 0x01 -> Node 0
[    0.012528] SRAT: PXM 0 -> APIC 0x02 -> Node 0
[    0.012528] SRAT: PXM 0 -> APIC 0x03 -> Node 0
[    0.012528] SRAT: PXM 0 -> APIC 0x04 -> Node 0
[    0.012528] SRAT: PXM 0 -> APIC 0x05 -> Node 0
[    0.012529] SRAT: PXM 0 -> APIC 0x06 -> Node 0
[    0.012529] SRAT: PXM 0 -> APIC 0x07 -> Node 0
[    0.012529] SRAT: PXM 0 -> APIC 0x08 -> Node 0
[    0.012530] SRAT: PXM 0 -> APIC 0x09 -> Node 0
[    0.012530] SRAT: PXM 0 -> APIC 0x0a -> Node 0
[    0.012530] SRAT: PXM 0 -> APIC 0x0b -> Node 0
[    0.012531] SRAT: PXM 0 -> APIC 0x0c -> Node 0
[    0.012531] SRAT: PXM 0 -> APIC 0x0d -> Node 0
[    0.012531] SRAT: PXM 0 -> APIC 0x0e -> Node 0
[    0.012532] SRAT: PXM 0 -> APIC 0x0f -> Node 0
[    0.012532] SRAT: PXM 0 -> APIC 0x10 -> Node 0
[    0.012532] SRAT: PXM 0 -> APIC 0x11 -> Node 0
[    0.012533] SRAT: PXM 0 -> APIC 0x12 -> Node 0
[    0.012533] SRAT: PXM 0 -> APIC 0x13 -> Node 0
[    0.012533] SRAT: PXM 0 -> APIC 0x14 -> Node 0
[    0.012533] SRAT: PXM 0 -> APIC 0x15 -> Node 0
[    0.012534] SRAT: PXM 0 -> APIC 0x16 -> Node 0
[    0.012534] SRAT: PXM 0 -> APIC 0x17 -> Node 0
[    0.012534] SRAT: PXM 0 -> APIC 0x18 -> Node 0
[    0.012535] SRAT: PXM 0 -> APIC 0x19 -> Node 0
[    0.012535] SRAT: PXM 0 -> APIC 0x1a -> Node 0
[    0.012535] SRAT: PXM 0 -> APIC 0x1b -> Node 0
[    0.012536] SRAT: PXM 0 -> APIC 0x1c -> Node 0
[    0.012536] SRAT: PXM 0 -> APIC 0x1d -> Node 0
[    0.012536] SRAT: PXM 0 -> APIC 0x1e -> Node 0
[    0.012537] SRAT: PXM 0 -> APIC 0x1f -> Node 0
[    0.012537] SRAT: PXM 0 -> APIC 0x20 -> Node 0
[    0.012537] SRAT: PXM 0 -> APIC 0x21 -> Node 0
[    0.012537] SRAT: PXM 0 -> APIC 0x22 -> Node 0
[    0.012538] SRAT: PXM 0 -> APIC 0x23 -> Node 0
[    0.012538] SRAT: PXM 0 -> APIC 0x24 -> Node 0
[    0.012538] SRAT: PXM 0 -> APIC 0x25 -> Node 0
[    0.012539] SRAT: PXM 0 -> APIC 0x26 -> Node 0
[    0.012539] SRAT: PXM 0 -> APIC 0x27 -> Node 0
[    0.012539] SRAT: PXM 0 -> APIC 0x28 -> Node 0
[    0.012540] SRAT: PXM 0 -> APIC 0x29 -> Node 0
[    0.012540] SRAT: PXM 0 -> APIC 0x2a -> Node 0
[    0.012540] SRAT: PXM 0 -> APIC 0x2b -> Node 0
[    0.012541] SRAT: PXM 0 -> APIC 0x2c -> Node 0
[    0.012541] SRAT: PXM 0 -> APIC 0x2d -> Node 0
[    0.012541] SRAT: PXM 0 -> APIC 0x2e -> Node 0
[    0.012542] SRAT: PXM 0 -> APIC 0x2f -> Node 0
[    0.012542] SRAT: PXM 0 -> APIC 0x30 -> Node 0
[    0.012542] SRAT: PXM 0 -> APIC 0x31 -> Node 0
[    0.012542] SRAT: PXM 0 -> APIC 0x32 -> Node 0
[    0.012543] SRAT: PXM 0 -> APIC 0x33 -> Node 0
[    0.012543] SRAT: PXM 0 -> APIC 0x34 -> Node 0
[    0.012543] SRAT: PXM 0 -> APIC 0x35 -> Node 0
[    0.012544] SRAT: PXM 0 -> APIC 0x36 -> Node 0
[    0.012544] SRAT: PXM 0 -> APIC 0x37 -> Node 0
[    0.012544] SRAT: PXM 0 -> APIC 0x38 -> Node 0
[    0.012545] SRAT: PXM 0 -> APIC 0x39 -> Node 0
[    0.012545] SRAT: PXM 0 -> APIC 0x3a -> Node 0
[    0.012545] SRAT: PXM 0 -> APIC 0x3b -> Node 0
[    0.012546] SRAT: PXM 0 -> APIC 0x3c -> Node 0
[    0.012546] SRAT: PXM 0 -> APIC 0x3d -> Node 0
[    0.012546] SRAT: PXM 0 -> APIC 0x3e -> Node 0
[    0.012546] SRAT: PXM 0 -> APIC 0x3f -> Node 0
[    0.012547] SRAT: PXM 0 -> APIC 0x40 -> Node 0
[    0.012547] SRAT: PXM 0 -> APIC 0x41 -> Node 0
[    0.012547] SRAT: PXM 0 -> APIC 0x42 -> Node 0
[    0.012548] SRAT: PXM 0 -> APIC 0x43 -> Node 0
[    0.012548] SRAT: PXM 0 -> APIC 0x44 -> Node 0
[    0.012548] SRAT: PXM 0 -> APIC 0x45 -> Node 0
[    0.012549] SRAT: PXM 0 -> APIC 0x46 -> Node 0
[    0.012549] SRAT: PXM 0 -> APIC 0x47 -> Node 0
[    0.012549] SRAT: PXM 0 -> APIC 0x48 -> Node 0
[    0.012550] SRAT: PXM 0 -> APIC 0x49 -> Node 0
[    0.012550] SRAT: PXM 0 -> APIC 0x4a -> Node 0
[    0.012550] SRAT: PXM 0 -> APIC 0x4b -> Node 0
[    0.012551] SRAT: PXM 0 -> APIC 0x4c -> Node 0
[    0.012551] SRAT: PXM 0 -> APIC 0x4d -> Node 0
[    0.012551] SRAT: PXM 0 -> APIC 0x4e -> Node 0
[    0.012551] SRAT: PXM 0 -> APIC 0x4f -> Node 0
[    0.012552] SRAT: PXM 0 -> APIC 0x50 -> Node 0
[    0.012552] SRAT: PXM 0 -> APIC 0x51 -> Node 0
[    0.012552] SRAT: PXM 0 -> APIC 0x52 -> Node 0
[    0.012553] SRAT: PXM 0 -> APIC 0x53 -> Node 0
[    0.012553] SRAT: PXM 0 -> APIC 0x54 -> Node 0
[    0.012553] SRAT: PXM 0 -> APIC 0x55 -> Node 0
[    0.012554] SRAT: PXM 0 -> APIC 0x56 -> Node 0
[    0.012554] SRAT: PXM 0 -> APIC 0x57 -> Node 0
[    0.012554] SRAT: PXM 0 -> APIC 0x58 -> Node 0
[    0.012555] SRAT: PXM 0 -> APIC 0x59 -> Node 0
[    0.012555] SRAT: PXM 0 -> APIC 0x5a -> Node 0
[    0.012555] SRAT: PXM 0 -> APIC 0x5b -> Node 0
[    0.012555] SRAT: PXM 0 -> APIC 0x5c -> Node 0
[    0.012556] SRAT: PXM 0 -> APIC 0x5d -> Node 0
[    0.012556] SRAT: PXM 0 -> APIC 0x5e -> Node 0
[    0.012556] SRAT: PXM 0 -> APIC 0x5f -> Node 0
[    0.012557] SRAT: PXM 0 -> APIC 0x60 -> Node 0
[    0.012557] SRAT: PXM 0 -> APIC 0x61 -> Node 0
[    0.012557] SRAT: PXM 0 -> APIC 0x62 -> Node 0
[    0.012558] SRAT: PXM 0 -> APIC 0x63 -> Node 0
[    0.012558] SRAT: PXM 0 -> APIC 0x64 -> Node 0
[    0.012558] SRAT: PXM 0 -> APIC 0x65 -> Node 0
[    0.012559] SRAT: PXM 0 -> APIC 0x66 -> Node 0
[    0.012559] SRAT: PXM 0 -> APIC 0x67 -> Node 0
[    0.012559] SRAT: PXM 0 -> APIC 0x68 -> Node 0
[    0.012560] SRAT: PXM 0 -> APIC 0x69 -> Node 0
[    0.012560] SRAT: PXM 0 -> APIC 0x6a -> Node 0
[    0.012560] SRAT: PXM 0 -> APIC 0x6b -> Node 0
[    0.012561] SRAT: PXM 0 -> APIC 0x6c -> Node 0
[    0.012561] SRAT: PXM 0 -> APIC 0x6d -> Node 0
[    0.012561] SRAT: PXM 0 -> APIC 0x6e -> Node 0
[    0.012561] SRAT: PXM 0 -> APIC 0x6f -> Node 0
[    0.012562] SRAT: PXM 0 -> APIC 0x70 -> Node 0
[    0.012562] SRAT: PXM 0 -> APIC 0x71 -> Node 0
[    0.012562] SRAT: PXM 0 -> APIC 0x72 -> Node 0
[    0.012563] SRAT: PXM 0 -> APIC 0x73 -> Node 0
[    0.012563] SRAT: PXM 0 -> APIC 0x74 -> Node 0
[    0.012563] SRAT: PXM 0 -> APIC 0x75 -> Node 0
[    0.012564] SRAT: PXM 0 -> APIC 0x76 -> Node 0
[    0.012564] SRAT: PXM 0 -> APIC 0x77 -> Node 0
[    0.012564] SRAT: PXM 0 -> APIC 0x78 -> Node 0
[    0.012565] SRAT: PXM 0 -> APIC 0x79 -> Node 0
[    0.012565] SRAT: PXM 0 -> APIC 0x7a -> Node 0
[    0.012565] SRAT: PXM 0 -> APIC 0x7b -> Node 0
[    0.012565] SRAT: PXM 0 -> APIC 0x7c -> Node 0
[    0.012566] SRAT: PXM 0 -> APIC 0x7d -> Node 0
[    0.012566] SRAT: PXM 0 -> APIC 0x7e -> Node 0
[    0.012566] SRAT: PXM 0 -> APIC 0x7f -> Node 0
[    0.012569] drivers/acpi/numa.c (301) acpi_numa_memory_affinity_initACPI: SRAT: Node 0 PXM 0 [mem 0x00000000-0x0009ffff]
[    0.012570] drivers/acpi/numa.c (301) acpi_numa_memory_affinity_initACPI: SRAT: Node 0 PXM 0 [mem 0x00100000-0x0fffffff]
[    0.012571] drivers/acpi/numa.c (301) acpi_numa_memory_affinity_initACPI: SRAT: Node 0 PXM 0 [mem 0x10000000-0xbfffffff]
[    0.012571] drivers/acpi/numa.c (301) acpi_numa_memory_affinity_initACPI: SRAT: Node 0 PXM 0 [mem 0x100000000-0x13fffffff]
[    0.012572] drivers/acpi/numa.c (301) acpi_numa_memory_affinity_initACPI: SRAT: Node 0 PXM 0 [mem 0x140000000-0x103fffffff] hotplug
[    0.012574] NUMA: Node 0 [mem 0x00000000-0x0009ffff] + [mem 0x00100000-0x0fffffff] -> [mem 0x00000000-0x0fffffff]
[    0.012575] NUMA: Node 0 [mem 0x00000000-0x0fffffff] + [mem 0x10000000-0xbfffffff] -> [mem 0x00000000-0xbfffffff]
[    0.012575] NUMA: Node 0 [mem 0x00000000-0xbfffffff] + [mem 0x100000000-0x13fffffff] -> [mem 0x00000000-0x13fffffff]
[    0.012581] NODE_DATA(0) allocated [mem 0x13ffd5000-0x13fffffff]
[    0.014423] mm/page_alloc.c (6917) free_area_init_nodesZone ranges:
[    0.014424] mm/page_alloc.c (6921) free_area_init_nodes  DMA      [mem 0x0000000000001000-0x0000000000ffffff]
[    0.014425] mm/page_alloc.c (6921) free_area_init_nodes  DMA32    [mem 0x0000000001000000-0x00000000ffffffff]
[    0.014426] mm/page_alloc.c (6921) free_area_init_nodes  Normal   [mem 0x0000000100000000-0x000000013fffffff]
[    0.014427] mm/page_alloc.c (6921) free_area_init_nodes  Device   empty
[    0.014427] mm/page_alloc.c (6934) free_area_init_nodesMovable zone start for each node
[    0.014429] mm/page_alloc.c (6942) free_area_init_nodesEarly memory node ranges
[    0.014430] mm/page_alloc.c (6944) free_area_init_nodes  node   0: [mem 0x0000000000001000-0x000000000009dfff]
[    0.014431] mm/page_alloc.c (6944) free_area_init_nodes  node   0: [mem 0x0000000000100000-0x00000000bfecffff]
[    0.014431] mm/page_alloc.c (6944) free_area_init_nodes  node   0: [mem 0x00000000bff00000-0x00000000bfffffff]
[    0.014432] mm/page_alloc.c (6944) free_area_init_nodes  node   0: [mem 0x0000000100000000-0x000000013fffffff]
[    0.014615] mm/page_alloc.c (6523) zero_resv_unavailZeroed struct page in unavailable ranges: 147 pages
[    0.014616] mm/page_alloc.c (6439) free_area_init_nodeInitmem setup node 0 [mem 0x0000000000001000-0x000000013fffffff]
[    0.014617] On node 0 totalpages: 1048429
[    0.014618]   DMA zone: 64 pages used for memmap
[    0.014618]   DMA zone: 21 pages reserved
[    0.014619]   DMA zone: 3997 pages, LIFO batch:0
[    0.016685]   DMA32 zone: 12224 pages used for memmap
[    0.016685]   DMA32 zone: 782288 pages, LIFO batch:63
[    0.465088]   Normal zone: 4096 pages used for memmap
[    0.465090]   Normal zone: 262144 pages, LIFO batch:63
[    0.658509] ACPI: PM-Timer IO Port: 0x1008
[    0.658514] ACPI: Local APIC address 0xfee00000
[    0.658529] system APIC only can use physical flat
[    0.658549] drivers/acpi/tables.c (126) acpi_table_print_madt_entryACPI: LAPIC_NMI (acpi_id[0x00] high edge lint[0x1])
[    0.658551] drivers/acpi/tables.c (126) acpi_table_print_madt_entryACPI: LAPIC_NMI (acpi_id[0x01] high edge lint[0x1])
[    0.658552] drivers/acpi/tables.c (126) acpi_table_print_madt_entryACPI: LAPIC_NMI (acpi_id[0x02] high edge lint[0x1])
[    0.658553] drivers/acpi/tables.c (126) acpi_table_print_madt_entryACPI: LAPIC_NMI (acpi_id[0x03] high edge lint[0x1])
[    0.658554] drivers/acpi/tables.c (126) acpi_table_print_madt_entryACPI: LAPIC_NMI (acpi_id[0x04] high edge lint[0x1])
[    0.658555] drivers/acpi/tables.c (126) acpi_table_print_madt_entryACPI: LAPIC_NMI (acpi_id[0x05] high edge lint[0x1])
[    0.658556] drivers/acpi/tables.c (126) acpi_table_print_madt_entryACPI: LAPIC_NMI (acpi_id[0x06] high edge lint[0x1])
[    0.658557] drivers/acpi/tables.c (126) acpi_table_print_madt_entryACPI: LAPIC_NMI (acpi_id[0x07] high edge lint[0x1])
[    0.658558] drivers/acpi/tables.c (126) acpi_table_print_madt_entryACPI: LAPIC_NMI (acpi_id[0x08] high edge lint[0x1])
[    0.658558] drivers/acpi/tables.c (126) acpi_table_print_madt_entryACPI: LAPIC_NMI (acpi_id[0x09] high edge lint[0x1])
[    0.658559] drivers/acpi/tables.c (126) acpi_table_print_madt_entryACPI: LAPIC_NMI (acpi_id[0x0a] high edge lint[0x1])
[    0.658560] drivers/acpi/tables.c (126) acpi_table_print_madt_entryACPI: LAPIC_NMI (acpi_id[0x0b] high edge lint[0x1])
[    0.658561] drivers/acpi/tables.c (126) acpi_table_print_madt_entryACPI: LAPIC_NMI (acpi_id[0x0c] high edge lint[0x1])
[    0.658562] drivers/acpi/tables.c (126) acpi_table_print_madt_entryACPI: LAPIC_NMI (acpi_id[0x0d] high edge lint[0x1])
[    0.658563] drivers/acpi/tables.c (126) acpi_table_print_madt_entryACPI: LAPIC_NMI (acpi_id[0x0e] high edge lint[0x1])
[    0.658564] drivers/acpi/tables.c (126) acpi_table_print_madt_entryACPI: LAPIC_NMI (acpi_id[0x0f] high edge lint[0x1])
[    0.658565] drivers/acpi/tables.c (126) acpi_table_print_madt_entryACPI: LAPIC_NMI (acpi_id[0x10] high edge lint[0x1])
[    0.658566] drivers/acpi/tables.c (126) acpi_table_print_madt_entryACPI: LAPIC_NMI (acpi_id[0x11] high edge lint[0x1])
[    0.658567] drivers/acpi/tables.c (126) acpi_table_print_madt_entryACPI: LAPIC_NMI (acpi_id[0x12] high edge lint[0x1])
[    0.658568] drivers/acpi/tables.c (126) acpi_table_print_madt_entryACPI: LAPIC_NMI (acpi_id[0x13] high edge lint[0x1])
[    0.658569] drivers/acpi/tables.c (126) acpi_table_print_madt_entryACPI: LAPIC_NMI (acpi_id[0x14] high edge lint[0x1])
[    0.658569] drivers/acpi/tables.c (126) acpi_table_print_madt_entryACPI: LAPIC_NMI (acpi_id[0x15] high edge lint[0x1])
[    0.658570] drivers/acpi/tables.c (126) acpi_table_print_madt_entryACPI: LAPIC_NMI (acpi_id[0x16] high edge lint[0x1])
[    0.658571] drivers/acpi/tables.c (126) acpi_table_print_madt_entryACPI: LAPIC_NMI (acpi_id[0x17] high edge lint[0x1])
[    0.658572] drivers/acpi/tables.c (126) acpi_table_print_madt_entryACPI: LAPIC_NMI (acpi_id[0x18] high edge lint[0x1])
[    0.658573] drivers/acpi/tables.c (126) acpi_table_print_madt_entryACPI: LAPIC_NMI (acpi_id[0x19] high edge lint[0x1])
[    0.658574] drivers/acpi/tables.c (126) acpi_table_print_madt_entryACPI: LAPIC_NMI (acpi_id[0x1a] high edge lint[0x1])
[    0.658575] drivers/acpi/tables.c (126) acpi_table_print_madt_entryACPI: LAPIC_NMI (acpi_id[0x1b] high edge lint[0x1])
[    0.658576] drivers/acpi/tables.c (126) acpi_table_print_madt_entryACPI: LAPIC_NMI (acpi_id[0x1c] high edge lint[0x1])
[    0.658577] drivers/acpi/tables.c (126) acpi_table_print_madt_entryACPI: LAPIC_NMI (acpi_id[0x1d] high edge lint[0x1])
[    0.658578] drivers/acpi/tables.c (126) acpi_table_print_madt_entryACPI: LAPIC_NMI (acpi_id[0x1e] high edge lint[0x1])
[    0.658579] drivers/acpi/tables.c (126) acpi_table_print_madt_entryACPI: LAPIC_NMI (acpi_id[0x1f] high edge lint[0x1])
[    0.658580] drivers/acpi/tables.c (126) acpi_table_print_madt_entryACPI: LAPIC_NMI (acpi_id[0x20] high edge lint[0x1])
[    0.658580] drivers/acpi/tables.c (126) acpi_table_print_madt_entryACPI: LAPIC_NMI (acpi_id[0x21] high edge lint[0x1])
[    0.658581] drivers/acpi/tables.c (126) acpi_table_print_madt_entryACPI: LAPIC_NMI (acpi_id[0x22] high edge lint[0x1])
[    0.658582] drivers/acpi/tables.c (126) acpi_table_print_madt_entryACPI: LAPIC_NMI (acpi_id[0x23] high edge lint[0x1])
[    0.658583] drivers/acpi/tables.c (126) acpi_table_print_madt_entryACPI: LAPIC_NMI (acpi_id[0x24] high edge lint[0x1])
[    0.658584] drivers/acpi/tables.c (126) acpi_table_print_madt_entryACPI: LAPIC_NMI (acpi_id[0x25] high edge lint[0x1])
[    0.658585] drivers/acpi/tables.c (126) acpi_table_print_madt_entryACPI: LAPIC_NMI (acpi_id[0x26] high edge lint[0x1])
[    0.658586] drivers/acpi/tables.c (126) acpi_table_print_madt_entryACPI: LAPIC_NMI (acpi_id[0x27] high edge lint[0x1])
[    0.658587] drivers/acpi/tables.c (126) acpi_table_print_madt_entryACPI: LAPIC_NMI (acpi_id[0x28] high edge lint[0x1])
[    0.658588] drivers/acpi/tables.c (126) acpi_table_print_madt_entryACPI: LAPIC_NMI (acpi_id[0x29] high edge lint[0x1])
[    0.658589] drivers/acpi/tables.c (126) acpi_table_print_madt_entryACPI: LAPIC_NMI (acpi_id[0x2a] high edge lint[0x1])
[    0.658590] drivers/acpi/tables.c (126) acpi_table_print_madt_entryACPI: LAPIC_NMI (acpi_id[0x2b] high edge lint[0x1])
[    0.658591] drivers/acpi/tables.c (126) acpi_table_print_madt_entryACPI: LAPIC_NMI (acpi_id[0x2c] high edge lint[0x1])
[    0.658592] drivers/acpi/tables.c (126) acpi_table_print_madt_entryACPI: LAPIC_NMI (acpi_id[0x2d] high edge lint[0x1])
[    0.658592] drivers/acpi/tables.c (126) acpi_table_print_madt_entryACPI: LAPIC_NMI (acpi_id[0x2e] high edge lint[0x1])
[    0.658593] drivers/acpi/tables.c (126) acpi_table_print_madt_entryACPI: LAPIC_NMI (acpi_id[0x2f] high edge lint[0x1])
[    0.658594] drivers/acpi/tables.c (126) acpi_table_print_madt_entryACPI: LAPIC_NMI (acpi_id[0x30] high edge lint[0x1])
[    0.658595] drivers/acpi/tables.c (126) acpi_table_print_madt_entryACPI: LAPIC_NMI (acpi_id[0x31] high edge lint[0x1])
[    0.658596] drivers/acpi/tables.c (126) acpi_table_print_madt_entryACPI: LAPIC_NMI (acpi_id[0x32] high edge lint[0x1])
[    0.658597] drivers/acpi/tables.c (126) acpi_table_print_madt_entryACPI: LAPIC_NMI (acpi_id[0x33] high edge lint[0x1])
[    0.658598] drivers/acpi/tables.c (126) acpi_table_print_madt_entryACPI: LAPIC_NMI (acpi_id[0x34] high edge lint[0x1])
[    0.658599] drivers/acpi/tables.c (126) acpi_table_print_madt_entryACPI: LAPIC_NMI (acpi_id[0x35] high edge lint[0x1])
[    0.658600] drivers/acpi/tables.c (126) acpi_table_print_madt_entryACPI: LAPIC_NMI (acpi_id[0x36] high edge lint[0x1])
[    0.658601] drivers/acpi/tables.c (126) acpi_table_print_madt_entryACPI: LAPIC_NMI (acpi_id[0x37] high edge lint[0x1])
[    0.658602] drivers/acpi/tables.c (126) acpi_table_print_madt_entryACPI: LAPIC_NMI (acpi_id[0x38] high edge lint[0x1])
[    0.658603] drivers/acpi/tables.c (126) acpi_table_print_madt_entryACPI: LAPIC_NMI (acpi_id[0x39] high edge lint[0x1])
[    0.658604] drivers/acpi/tables.c (126) acpi_table_print_madt_entryACPI: LAPIC_NMI (acpi_id[0x3a] high edge lint[0x1])
[    0.658604] drivers/acpi/tables.c (126) acpi_table_print_madt_entryACPI: LAPIC_NMI (acpi_id[0x3b] high edge lint[0x1])
[    0.658605] drivers/acpi/tables.c (126) acpi_table_print_madt_entryACPI: LAPIC_NMI (acpi_id[0x3c] high edge lint[0x1])
[    0.658606] drivers/acpi/tables.c (126) acpi_table_print_madt_entryACPI: LAPIC_NMI (acpi_id[0x3d] high edge lint[0x1])
[    0.658607] drivers/acpi/tables.c (126) acpi_table_print_madt_entryACPI: LAPIC_NMI (acpi_id[0x3e] high edge lint[0x1])
[    0.658608] drivers/acpi/tables.c (126) acpi_table_print_madt_entryACPI: LAPIC_NMI (acpi_id[0x3f] high edge lint[0x1])
[    0.658609] drivers/acpi/tables.c (126) acpi_table_print_madt_entryACPI: LAPIC_NMI (acpi_id[0x40] high edge lint[0x1])
[    0.658610] drivers/acpi/tables.c (126) acpi_table_print_madt_entryACPI: LAPIC_NMI (acpi_id[0x41] high edge lint[0x1])
[    0.658611] drivers/acpi/tables.c (126) acpi_table_print_madt_entryACPI: LAPIC_NMI (acpi_id[0x42] high edge lint[0x1])
[    0.658612] drivers/acpi/tables.c (126) acpi_table_print_madt_entryACPI: LAPIC_NMI (acpi_id[0x43] high edge lint[0x1])
[    0.658613] drivers/acpi/tables.c (126) acpi_table_print_madt_entryACPI: LAPIC_NMI (acpi_id[0x44] high edge lint[0x1])
[    0.658614] drivers/acpi/tables.c (126) acpi_table_print_madt_entryACPI: LAPIC_NMI (acpi_id[0x45] high edge lint[0x1])
[    0.658615] drivers/acpi/tables.c (126) acpi_table_print_madt_entryACPI: LAPIC_NMI (acpi_id[0x46] high edge lint[0x1])
[    0.658616] drivers/acpi/tables.c (126) acpi_table_print_madt_entryACPI: LAPIC_NMI (acpi_id[0x47] high edge lint[0x1])
[    0.658616] drivers/acpi/tables.c (126) acpi_table_print_madt_entryACPI: LAPIC_NMI (acpi_id[0x48] high edge lint[0x1])
[    0.658617] drivers/acpi/tables.c (126) acpi_table_print_madt_entryACPI: LAPIC_NMI (acpi_id[0x49] high edge lint[0x1])
[    0.658618] drivers/acpi/tables.c (126) acpi_table_print_madt_entryACPI: LAPIC_NMI (acpi_id[0x4a] high edge lint[0x1])
[    0.658619] drivers/acpi/tables.c (126) acpi_table_print_madt_entryACPI: LAPIC_NMI (acpi_id[0x4b] high edge lint[0x1])
[    0.658620] drivers/acpi/tables.c (126) acpi_table_print_madt_entryACPI: LAPIC_NMI (acpi_id[0x4c] high edge lint[0x1])
[    0.658621] drivers/acpi/tables.c (126) acpi_table_print_madt_entryACPI: LAPIC_NMI (acpi_id[0x4d] high edge lint[0x1])
[    0.658622] drivers/acpi/tables.c (126) acpi_table_print_madt_entryACPI: LAPIC_NMI (acpi_id[0x4e] high edge lint[0x1])
[    0.658623] drivers/acpi/tables.c (126) acpi_table_print_madt_entryACPI: LAPIC_NMI (acpi_id[0x4f] high edge lint[0x1])
[    0.658624] drivers/acpi/tables.c (126) acpi_table_print_madt_entryACPI: LAPIC_NMI (acpi_id[0x50] high edge lint[0x1])
[    0.658625] drivers/acpi/tables.c (126) acpi_table_print_madt_entryACPI: LAPIC_NMI (acpi_id[0x51] high edge lint[0x1])
[    0.658626] drivers/acpi/tables.c (126) acpi_table_print_madt_entryACPI: LAPIC_NMI (acpi_id[0x52] high edge lint[0x1])
[    0.658627] drivers/acpi/tables.c (126) acpi_table_print_madt_entryACPI: LAPIC_NMI (acpi_id[0x53] high edge lint[0x1])
[    0.658627] drivers/acpi/tables.c (126) acpi_table_print_madt_entryACPI: LAPIC_NMI (acpi_id[0x54] high edge lint[0x1])
[    0.658628] drivers/acpi/tables.c (126) acpi_table_print_madt_entryACPI: LAPIC_NMI (acpi_id[0x55] high edge lint[0x1])
[    0.658629] drivers/acpi/tables.c (126) acpi_table_print_madt_entryACPI: LAPIC_NMI (acpi_id[0x56] high edge lint[0x1])
[    0.658630] drivers/acpi/tables.c (126) acpi_table_print_madt_entryACPI: LAPIC_NMI (acpi_id[0x57] high edge lint[0x1])
[    0.658631] drivers/acpi/tables.c (126) acpi_table_print_madt_entryACPI: LAPIC_NMI (acpi_id[0x58] high edge lint[0x1])
[    0.658632] drivers/acpi/tables.c (126) acpi_table_print_madt_entryACPI: LAPIC_NMI (acpi_id[0x59] high edge lint[0x1])
[    0.658633] drivers/acpi/tables.c (126) acpi_table_print_madt_entryACPI: LAPIC_NMI (acpi_id[0x5a] high edge lint[0x1])
[    0.658634] drivers/acpi/tables.c (126) acpi_table_print_madt_entryACPI: LAPIC_NMI (acpi_id[0x5b] high edge lint[0x1])
[    0.658635] drivers/acpi/tables.c (126) acpi_table_print_madt_entryACPI: LAPIC_NMI (acpi_id[0x5c] high edge lint[0x1])
[    0.658636] drivers/acpi/tables.c (126) acpi_table_print_madt_entryACPI: LAPIC_NMI (acpi_id[0x5d] high edge lint[0x1])
[    0.658637] drivers/acpi/tables.c (126) acpi_table_print_madt_entryACPI: LAPIC_NMI (acpi_id[0x5e] high edge lint[0x1])
[    0.658638] drivers/acpi/tables.c (126) acpi_table_print_madt_entryACPI: LAPIC_NMI (acpi_id[0x5f] high edge lint[0x1])
[    0.658638] drivers/acpi/tables.c (126) acpi_table_print_madt_entryACPI: LAPIC_NMI (acpi_id[0x60] high edge lint[0x1])
[    0.658639] drivers/acpi/tables.c (126) acpi_table_print_madt_entryACPI: LAPIC_NMI (acpi_id[0x61] high edge lint[0x1])
[    0.658640] drivers/acpi/tables.c (126) acpi_table_print_madt_entryACPI: LAPIC_NMI (acpi_id[0x62] high edge lint[0x1])
[    0.658641] drivers/acpi/tables.c (126) acpi_table_print_madt_entryACPI: LAPIC_NMI (acpi_id[0x63] high edge lint[0x1])
[    0.658642] drivers/acpi/tables.c (126) acpi_table_print_madt_entryACPI: LAPIC_NMI (acpi_id[0x64] high edge lint[0x1])
[    0.658643] drivers/acpi/tables.c (126) acpi_table_print_madt_entryACPI: LAPIC_NMI (acpi_id[0x65] high edge lint[0x1])
[    0.658644] drivers/acpi/tables.c (126) acpi_table_print_madt_entryACPI: LAPIC_NMI (acpi_id[0x66] high edge lint[0x1])
[    0.658645] drivers/acpi/tables.c (126) acpi_table_print_madt_entryACPI: LAPIC_NMI (acpi_id[0x67] high edge lint[0x1])
[    0.658646] drivers/acpi/tables.c (126) acpi_table_print_madt_entryACPI: LAPIC_NMI (acpi_id[0x68] high edge lint[0x1])
[    0.658647] drivers/acpi/tables.c (126) acpi_table_print_madt_entryACPI: LAPIC_NMI (acpi_id[0x69] high edge lint[0x1])
[    0.658648] drivers/acpi/tables.c (126) acpi_table_print_madt_entryACPI: LAPIC_NMI (acpi_id[0x6a] high edge lint[0x1])
[    0.658649] drivers/acpi/tables.c (126) acpi_table_print_madt_entryACPI: LAPIC_NMI (acpi_id[0x6b] high edge lint[0x1])
[    0.658650] drivers/acpi/tables.c (126) acpi_table_print_madt_entryACPI: LAPIC_NMI (acpi_id[0x6c] high edge lint[0x1])
[    0.658651] drivers/acpi/tables.c (126) acpi_table_print_madt_entryACPI: LAPIC_NMI (acpi_id[0x6d] high edge lint[0x1])
[    0.658651] drivers/acpi/tables.c (126) acpi_table_print_madt_entryACPI: LAPIC_NMI (acpi_id[0x6e] high edge lint[0x1])
[    0.658652] drivers/acpi/tables.c (126) acpi_table_print_madt_entryACPI: LAPIC_NMI (acpi_id[0x6f] high edge lint[0x1])
[    0.658653] drivers/acpi/tables.c (126) acpi_table_print_madt_entryACPI: LAPIC_NMI (acpi_id[0x70] high edge lint[0x1])
[    0.658654] drivers/acpi/tables.c (126) acpi_table_print_madt_entryACPI: LAPIC_NMI (acpi_id[0x71] high edge lint[0x1])
[    0.658655] drivers/acpi/tables.c (126) acpi_table_print_madt_entryACPI: LAPIC_NMI (acpi_id[0x72] high edge lint[0x1])
[    0.658656] drivers/acpi/tables.c (126) acpi_table_print_madt_entryACPI: LAPIC_NMI (acpi_id[0x73] high edge lint[0x1])
[    0.658657] drivers/acpi/tables.c (126) acpi_table_print_madt_entryACPI: LAPIC_NMI (acpi_id[0x74] high edge lint[0x1])
[    0.658658] drivers/acpi/tables.c (126) acpi_table_print_madt_entryACPI: LAPIC_NMI (acpi_id[0x75] high edge lint[0x1])
[    0.658659] drivers/acpi/tables.c (126) acpi_table_print_madt_entryACPI: LAPIC_NMI (acpi_id[0x76] high edge lint[0x1])
[    0.658660] drivers/acpi/tables.c (126) acpi_table_print_madt_entryACPI: LAPIC_NMI (acpi_id[0x77] high edge lint[0x1])
[    0.658661] drivers/acpi/tables.c (126) acpi_table_print_madt_entryACPI: LAPIC_NMI (acpi_id[0x78] high edge lint[0x1])
[    0.658662] drivers/acpi/tables.c (126) acpi_table_print_madt_entryACPI: LAPIC_NMI (acpi_id[0x79] high edge lint[0x1])
[    0.658662] drivers/acpi/tables.c (126) acpi_table_print_madt_entryACPI: LAPIC_NMI (acpi_id[0x7a] high edge lint[0x1])
[    0.658663] drivers/acpi/tables.c (126) acpi_table_print_madt_entryACPI: LAPIC_NMI (acpi_id[0x7b] high edge lint[0x1])
[    0.658664] drivers/acpi/tables.c (126) acpi_table_print_madt_entryACPI: LAPIC_NMI (acpi_id[0x7c] high edge lint[0x1])
[    0.658665] drivers/acpi/tables.c (126) acpi_table_print_madt_entryACPI: LAPIC_NMI (acpi_id[0x7d] high edge lint[0x1])
[    0.658666] drivers/acpi/tables.c (126) acpi_table_print_madt_entryACPI: LAPIC_NMI (acpi_id[0x7e] high edge lint[0x1])
[    0.658667] drivers/acpi/tables.c (126) acpi_table_print_madt_entryACPI: LAPIC_NMI (acpi_id[0x7f] high edge lint[0x1])
[    0.659103] arch/x86/kernel/apic/io_apic.c (2867) mp_register_ioapicIOAPIC[0]: apic_id 128, version 17, address 0xfec00000, GSI 0-23
[    0.659110] drivers/acpi/tables.c (99) acpi_table_print_madt_entryACPI: INT_SRC_OVR (bus 0 bus_irq 0 global_irq 2 high edge)
[    0.659114] ACPI: IRQ0 used by override.
[    0.659115] ACPI: IRQ9 used by override.
[    0.659120] Using ACPI (MADT) for SMP configuration information
[    0.659123] ACPI: HPET id: 0x8086af01 base: 0xfed00000
[    0.659130] arch/x86/kernel/apic/apic.c (2027) init_apic_mappingsTSC deadline timer available
[    0.659227] arch/x86/kernel/smpboot.c (1456) prefill_possible_mapsmpboot: Allowing 128 CPUs, 124 hotplug CPUs
[    0.659253] kernel/power/snapshot.c (979) __register_nosave_regionPM: Registered nosave memory: [mem 0x00000000-0x00000fff]
[    0.659255] kernel/power/snapshot.c (979) __register_nosave_regionPM: Registered nosave memory: [mem 0x0009e000-0x0009efff]
[    0.659256] kernel/power/snapshot.c (979) __register_nosave_regionPM: Registered nosave memory: [mem 0x0009f000-0x0009ffff]
[    0.659257] kernel/power/snapshot.c (979) __register_nosave_regionPM: Registered nosave memory: [mem 0x000a0000-0x000dbfff]
[    0.659258] kernel/power/snapshot.c (979) __register_nosave_regionPM: Registered nosave memory: [mem 0x000dc000-0x000fffff]
[    0.659260] kernel/power/snapshot.c (979) __register_nosave_regionPM: Registered nosave memory: [mem 0xbfed0000-0xbfefefff]
[    0.659261] kernel/power/snapshot.c (979) __register_nosave_regionPM: Registered nosave memory: [mem 0xbfeff000-0xbfefffff]
[    0.659262] kernel/power/snapshot.c (979) __register_nosave_regionPM: Registered nosave memory: [mem 0xc0000000-0xefffffff]
[    0.659263] kernel/power/snapshot.c (979) __register_nosave_regionPM: Registered nosave memory: [mem 0xf0000000-0xf7ffffff]
[    0.659264] kernel/power/snapshot.c (979) __register_nosave_regionPM: Registered nosave memory: [mem 0xf8000000-0xfebfffff]
[    0.659265] kernel/power/snapshot.c (979) __register_nosave_regionPM: Registered nosave memory: [mem 0xfec00000-0xfec0ffff]
[    0.659266] kernel/power/snapshot.c (979) __register_nosave_regionPM: Registered nosave memory: [mem 0xfec10000-0xfedfffff]
[    0.659267] kernel/power/snapshot.c (979) __register_nosave_regionPM: Registered nosave memory: [mem 0xfee00000-0xfee00fff]
[    0.659268] kernel/power/snapshot.c (979) __register_nosave_regionPM: Registered nosave memory: [mem 0xfee01000-0xfffdffff]
[    0.659269] kernel/power/snapshot.c (979) __register_nosave_regionPM: Registered nosave memory: [mem 0xfffe0000-0xffffffff]
[    0.659272] arch/x86/kernel/e820.c (653) e820__setup_pci_gap[mem 0xc0000000-0xefffffff] available for PCI devices
[    0.659273] Booting paravirtualized kernel on VMware hypervisor
[    0.659277] kernel/time/clocksource.c (927) __clocksource_update_freq_scaleclocksource: refined-jiffies: mask: 0xffffffff max_cycles: 0xffffffff, max_idle_ns: 7645519600211568 ns
[    0.659292] drivers/char/random.c (1612) _warn_unseeded_randomnessrandom: get_random_bytes called from start_kernel+0xa8/0x582 with crng_init=0
[    0.659397] arch/x86/kernel/setup_percpu.c (172) setup_per_cpu_areassetup_percpu: NR_CPUS:8192 nr_cpumask_bits:128 nr_cpu_ids:128 nr_node_ids:1
[    0.956370] mm/percpu.c (2537) pcpu_embed_first_chunkpercpu: Embedded 46 pages/cpu s151552 r8192 d28672 u262144
[    0.956379] pcpu-alloc: s151552 r8192 d28672 u262144 alloc=1*2097152
[    0.956380] pcpu-alloc: [0] 000 001 002 003 004 005 006 007 
[    0.956381] pcpu-alloc: [0] 008 009 010 011 012 013 014 015 
[    0.956383] pcpu-alloc: [0] 016 017 018 019 020 021 022 023 
[    0.956384] pcpu-alloc: [0] 024 025 026 027 028 029 030 031 
[    0.956385] pcpu-alloc: [0] 032 033 034 035 036 037 038 039 
[    0.956386] pcpu-alloc: [0] 040 041 042 043 044 045 046 047 
[    0.956387] pcpu-alloc: [0] 048 049 050 051 052 053 054 055 
[    0.956388] pcpu-alloc: [0] 056 057 058 059 060 061 062 063 
[    0.956390] pcpu-alloc: [0] 064 065 066 067 068 069 070 071 
[    0.956391] pcpu-alloc: [0] 072 073 074 075 076 077 078 079 
[    0.956392] pcpu-alloc: [0] 080 081 082 083 084 085 086 087 
[    0.956393] pcpu-alloc: [0] 088 089 090 091 092 093 094 095 
[    0.956394] pcpu-alloc: [0] 096 097 098 099 100 101 102 103 
[    0.956395] pcpu-alloc: [0] 104 105 106 107 108 109 110 111 
[    0.956396] pcpu-alloc: [0] 112 113 114 115 116 117 118 119 
[    0.956398] pcpu-alloc: [0] 120 121 122 123 124 125 126 127 
[    0.956477] mm/page_alloc.c (5463) build_all_zonelistsBuilt 1 zonelists, mobility grouping on.  Total pages: 1032024
[    0.956478] mm/page_alloc.c (5468) build_all_zonelistsPolicy zone: Normal
[    0.956480] init/main.c (569) start_kernelKernel command line: BOOT_IMAGE=/boot/vmlinuz-4.19.132 root=UUID=7948e99d-4e2e-40bf-b955-60fecd9db270 ro find_preseed=/preseed.cfg auto noprompt priority=critical locale=en_US quiet
[    0.956568] kernel/printk/printk.c (1092) log_buf_add_cpulog_buf_len individual max cpu contribution: 4096 bytes
[    0.956569] kernel/printk/printk.c (1094) log_buf_add_cpulog_buf_len total cpu_extra contributions: 520192 bytes
[    0.956569] kernel/printk/printk.c (1096) log_buf_add_cpulog_buf_len min size: 262144 bytes
[    0.964787] kernel/printk/printk.c (1141) setup_log_buflog_buf_len: 1048576 bytes
[    0.964788] kernel/printk/printk.c (1142) setup_log_bufearly log buf free: 224108(85%)
[    1.211729] Calgary: detecting Calgary via BIOS EBDA area
[    1.211731] Calgary: Unable to locate Rio Grande table in EBDA - bailing!
[    1.222080] mm/page_alloc.c (7114) mem_init_print_infoMemory: 3432124K/4193716K available (14348K kernel code, 2693K rwdata, 4452K rodata, 2492K init, 4928K bss, 761592K reserved, 0K cma-reserved)
[    1.223617] mm/slub.c (4265) kmem_cache_initSLUB: HWalign=64, Order=0-3, MinObjects=0, CPUs=128, Nodes=1
[    1.223721] arch/x86/mm/pti.c (605) pti_initKernel/User page tables isolation: enabled
[    1.231226] kernel/trace/ftrace.c (6185) ftrace_initftrace: allocating 41107 entries in 161 pages
[    1.249619] kernel/rcu/tree_plugin.h (915) rcu_bootup_announcercu: Hierarchical RCU implementation.
[    1.249621] kernel/rcu/tree_plugin.h (94) rcu_bootup_announce_oddnessrcu: 	RCU restricting CPUs from NR_CPUS=8192 to nr_cpu_ids=128.
[    1.249622] kernel/rcu/update.c (866) rcu_tasks_bootup_oddness	Tasks RCU enabled.
[    1.249623] kernel/rcu/tree.c (4076) rcu_init_geometryrcu: Adjusting geometry for rcu_fanout_leaf=16, nr_cpu_ids=128
[    1.252964] NR_IRQS: 524544, nr_irqs: 1448, preallocated irqs: 16
[    1.264665] drivers/tty/vt/vt.c (3385) con_initConsole: colour VGA+ 80x25
[    1.264672] kernel/printk/printk.c (2745) register_consoleconsole [tty0] enabled
[    1.264859] ACPI: Core revision 20180810
[    1.266413] kernel/time/clocksource.c (927) __clocksource_update_freq_scaleclocksource: hpet: mask: 0xffffffff max_cycles: 0xffffffff, max_idle_ns: 133484882848 ns
[    1.267005] hpet clockevent registered
[    1.267227] arch/x86/kernel/apic/apic.c (1401) apic_intr_mode_initAPIC: Switch to symmetric I/O mode setup
[    1.268716] x2apic enabled
[    1.272963] arch/x86/kernel/apic/probe_64.c (38) default_setup_apic_routingSwitched APIC routing to physical x2apic.
[    1.289605] ..TIMER: vector=0x30 apic1=0 pin1=2 apic2=-1 pin2=-1
[    1.289962] kernel/time/clocksource.c (927) __clocksource_update_freq_scaleclocksource: tsc-early: mask: 0xffffffffffffffff max_cycles: 0x2b3e47e4533, max_idle_ns: 440795202126 ns
[    1.289977] init/calibrate.c (289) calibrate_delayCalibrating delay loop (skipped) preset value.. 6000.00 BogoMIPS (lpj=12000012)
[    1.289979] kernel/pid.c (464) pid_idr_initpid_max: default: 131072 minimum: 1024
[    1.290349] security/security.c (78) security_initSecurity Framework initialized
[    1.290350] security/yama/yama_lsm.c (484) yama_add_hooksYama: becoming mindful.
[    1.302244] AppArmor: AppArmor initialized
[    1.335601] mm/page_alloc.c (7692) alloc_large_system_hashDentry cache hash table entries: 524288 (order: 10, 4194304 bytes)
[    1.352555] mm/page_alloc.c (7692) alloc_large_system_hashInode-cache hash table entries: 262144 (order: 9, 2097152 bytes)
[    1.353112] mm/page_alloc.c (7692) alloc_large_system_hashMount-cache hash table entries: 8192 (order: 4, 65536 bytes)
[    1.353613] mm/page_alloc.c (7692) alloc_large_system_hashMountpoint-cache hash table entries: 8192 (order: 4, 65536 bytes)
[    1.355241] arch/x86/kernel/cpu/intel.c (272) early_init_intelDisabled fast string operations
[    1.355292] ENERGY_PERF_BIAS: Set to 'normal', was 'performance'
[    1.355292] ENERGY_PERF_BIAS: View and update with x86_energy_perf_policy(8)
[    1.355401] arch/x86/kernel/cpu/common.c (655) cpu_detect_tlbLast level iTLB entries: 4KB 128, 2MB 8, 4MB 8
[    1.355402] arch/x86/kernel/cpu/common.c (659) cpu_detect_tlbLast level dTLB entries: 4KB 64, 2MB 0, 4MB 0, 1GB 4
[    1.355403] arch/x86/kernel/cpu/bugs.c (568) spectre_v1_select_mitigationSpectre V1 : Mitigation: usercopy/swapgs barriers and __user pointer sanitization
[    1.355404] arch/x86/kernel/cpu/bugs.c (920) spectre_v2_select_mitigationSpectre V2 : Mitigation: Full generic retpoline
[    1.355405] arch/x86/kernel/cpu/bugs.c (931) spectre_v2_select_mitigationSpectre V2 : Spectre v2 / SpectreRSB mitigation: Filling RSB on context switch
[    1.355406] arch/x86/kernel/cpu/bugs.c (1191) ssb_select_mitigationSpeculative Store Bypass: Vulnerable
[    1.355440] arch/x86/kernel/cpu/bugs.c (371) taa_select_mitigationTAA: Vulnerable: Clear CPU buffers attempted, no microcode
[    1.355441] arch/x86/kernel/cpu/bugs.c (470) srbds_select_mitigationSRBDS: Unknown: Dependent on hypervisor status
[    1.355441] arch/x86/kernel/cpu/bugs.c (264) mds_print_mitigationMDS: Vulnerable: Clear CPU buffers attempted, no microcode
[    1.359475] mm/page_alloc.c (7061) free_reserved_areaFreeing SMP alternatives memory: 36K
[    1.367650] arch/x86/kernel/smpboot.c (1312) native_smp_prepare_cpussmpboot: CPU0: Intel(R) Core(TM) i5-8500 CPU @ 3.00GHz (family: 0x6, model: 0x9e, stepping: 0xa)
[    1.368784] arch/x86/events/core.c (1748) init_hw_perf_eventsPerformance Events: Skylake events, core PMU driver.
[    1.368866] arch/x86/events/intel/core.c (3836) intel_arch_events_quirkcore: CPUID marked event: 'cpu cycles' unavailable
[    1.368866] arch/x86/events/intel/core.c (3836) intel_arch_events_quirkcore: CPUID marked event: 'instructions' unavailable
[    1.368866] arch/x86/events/intel/core.c (3836) intel_arch_events_quirkcore: CPUID marked event: 'bus cycles' unavailable
[    1.368867] arch/x86/events/intel/core.c (3836) intel_arch_events_quirkcore: CPUID marked event: 'cache references' unavailable
[    1.368867] arch/x86/events/intel/core.c (3836) intel_arch_events_quirkcore: CPUID marked event: 'cache misses' unavailable
[    1.368868] arch/x86/events/intel/core.c (3836) intel_arch_events_quirkcore: CPUID marked event: 'branch instructions' unavailable
[    1.368868] arch/x86/events/intel/core.c (3836) intel_arch_events_quirkcore: CPUID marked event: 'branch misses' unavailable
[    1.368872] arch/x86/events/core.c (1822) init_hw_perf_events... version:                1
[    1.368873] arch/x86/events/core.c (1823) init_hw_perf_events... bit width:              48
[    1.368873] arch/x86/events/core.c (1824) init_hw_perf_events... generic registers:      8
[    1.368874] arch/x86/events/core.c (1825) init_hw_perf_events... value mask:             0000ffffffffffff
[    1.368874] arch/x86/events/core.c (1826) init_hw_perf_events... max period:             000000007fffffff
[    1.368875] arch/x86/events/core.c (1827) init_hw_perf_events... fixed-purpose events:   0
[    1.368875] arch/x86/events/core.c (1828) init_hw_perf_events... event mask:             00000000000000ff
[    1.369147] kernel/rcu/srcutree.c (1307) srcu_bootup_announcercu: Hierarchical SRCU implementation.
[    1.369964] kernel/watchdog_hld.c (289) hardlockup_detector_perf_initNMI watchdog: Perf NMI watchdog permanently disabled
[    1.398726] kernel/smp.c (571) smp_initsmp: Bringing up secondary CPUs ...
[    1.400057] x86: Booting SMP configuration:
[    1.400058] .... node  #0, CPUs:          #1
[    0.031427] arch/x86/kernel/cpu/intel.c (272) early_init_intelDisabled fast string operations
[    1.406253]    #2
[    0.031427] arch/x86/kernel/cpu/intel.c (272) early_init_intelDisabled fast string operations
[    1.411347]    #3
[    0.031427] arch/x86/kernel/cpu/intel.c (272) early_init_intelDisabled fast string operations
[    1.416412] kernel/smp.c (583) smp_initsmp: Brought up 1 node, 4 CPUs
[    1.416412] arch/x86/kernel/smpboot.c (1358) calculate_max_logical_packagessmpboot: Max logical packages: 32
[    1.416412] arch/x86/kernel/smpboot.c (611) impress_friendssmpboot: Total of 4 processors activated (24000.02 BogoMIPS)
[    1.421971] devtmpfs: initialized
[    1.422106] arch/x86/mm/init_64.c (1361) probe_memory_block_sizex86/mm: Memory block size: 128MB
[    1.426027] drivers/acpi/nvs.c (98) suspend_nvs_registerPM: Registering ACPI NVS region [mem 0xbfeff000-0xbfefffff] (4096 bytes)
[    1.426204] kernel/time/clocksource.c (927) __clocksource_update_freq_scaleclocksource: jiffies: mask: 0xffffffff max_cycles: 0xffffffff, max_idle_ns: 7645041785100000 ns
[    1.426204] mm/page_alloc.c (7692) alloc_large_system_hashfutex hash table entries: 32768 (order: 9, 2097152 bytes)
[    1.443724] drivers/pinctrl/core.c (2260) pinctrl_initpinctrl core: initialized pinctrl subsystem
[    1.444237] drivers/base/power/trace.c (121) read_magic_timeRTC time:  9:44:49, date: 07/29/20
[    1.446271] net/socket.c (2648) sock_registerNET: Registered protocol family 16
[    1.446521] kernel/audit.c (1607) audit_initaudit: initializing netlink subsys (disabled)
[    1.446550] kernel/audit.c (546) kauditd_printk_skbaudit: type=2000 audit(1596015889.164:1): state=initialized audit_enabled=0 res=1
[    1.446681] cpuidle: using governor ladder
[    1.446681] cpuidle: using governor menu
[    1.446681] Simple Boot Flag at 0x36 set to 0x80
[    1.446681] ACPI: bus type PCI registered
[    1.446681] drivers/pci/hotplug/acpiphp_core.c (323) acpiphp_initacpiphp: ACPI Hot Plug PCI Controller Driver version: 0.5
[    1.450076] arch/x86/pci/mmconfig-shared.c (108) pci_mmconfig_addPCI: MMCONFIG for domain 0000 [bus 00-7f] at [mem 0xf0000000-0xf7ffffff] (base 0xf0000000)
[    1.450078] arch/x86/pci/mmconfig-shared.c (469) is_mmconf_reservedPCI: MMCONFIG at [mem 0xf0000000-0xf7ffffff] reserved in E820
[    1.450085] PCI: Using configuration type 1 for base access
[    1.455040] mm/hugetlb.c (2231) report_hugepagesHugeTLB registered 1.00 GiB page size, pre-allocated 0 pages
[    1.455040] mm/hugetlb.c (2231) report_hugepagesHugeTLB registered 2.00 MiB page size, pre-allocated 0 pages
[    1.461996] drivers/acpi/osi.c (246) acpi_osi_setup_lateACPI: Added _OSI(Module Device)
[    1.461996] drivers/acpi/osi.c (246) acpi_osi_setup_lateACPI: Added _OSI(Processor Device)
[    1.461996] drivers/acpi/osi.c (246) acpi_osi_setup_lateACPI: Added _OSI(3.0 _SCP Extensions)
[    1.461996] drivers/acpi/osi.c (246) acpi_osi_setup_lateACPI: Added _OSI(Processor Aggregator Device)
[    1.461996] drivers/acpi/osi.c (246) acpi_osi_setup_lateACPI: Added _OSI(Linux-Dell-Video)
[    1.461996] drivers/acpi/osi.c (246) acpi_osi_setup_lateACPI: Added _OSI(Linux-Lenovo-NV-HDMI-Audio)
[    1.481964] ACPI: 1 ACPI AML tables successfully acquired and loaded
[    1.486689] ACPI: [Firmware Bug]: BIOS _OSI(Linux) query ignored
[    1.528500] ACPI: Interpreter enabled
[    1.528511] drivers/acpi/sleep.c (1304) acpi_sleep_initACPI: (supports S0 S1 S4 S5)
[    1.528512] ACPI: Using IOAPIC for interrupt routing
[    1.528531] PCI: Using host bridge windows from ACPI; if necessary, use "pci=nocrs" and report a bug
[    1.530176] ACPI: Enabled 4 GPEs in block 00 to 0F
[    1.999514] drivers/acpi/pci_root.c (588) acpi_pci_root_addACPI: PCI Root Bridge [PCI0] (domain 0000 [bus 00-7f])
[    1.999519] acpi PNP0A03:00: _OSC: OS supports [ExtendedConfig ASPM ClockPM Segments MSI]
[    1.999829] acpi PNP0A03:00: _OSC: platform does not support [AER LTR]
[    2.000073] acpi PNP0A03:00: _OSC: OS now controls [PCIeHotplug PME PCIeCapability]
[    2.005029] drivers/pci/probe.c (851) pci_register_host_bridgePCI host bridge to bus 0000:00
[    2.005031] pci_bus 0000:00: root bus resource [mem 0x000a0000-0x000bffff window]
[    2.005032] pci_bus 0000:00: root bus resource [mem 0x000d0000-0x000d3fff window]
[    2.005032] pci_bus 0000:00: root bus resource [mem 0x000d4000-0x000d7fff window]
[    2.005033] pci_bus 0000:00: root bus resource [mem 0x000d8000-0x000dbfff window]
[    2.005033] pci_bus 0000:00: root bus resource [mem 0xc0000000-0xfebfffff window]
[    2.005034] pci_bus 0000:00: root bus resource [io  0x0000-0x0cf7 window]
[    2.005034] pci_bus 0000:00: root bus resource [io  0x0d00-0xfeff window]
[    2.005035] pci_bus 0000:00: root bus resource [bus 00-7f]
[    2.005224] pci 0000:00:00.0: [8086:7190] type 00 class 0x060000
[    2.005224] pci 0000:00:01.0: [8086:7191] type 01 class 0x060400
[    2.005224] pci 0000:00:07.0: [8086:7110] type 00 class 0x060100
[    2.005964] pci 0000:00:07.1: [8086:7111] type 00 class 0x01018a
[    2.005964] pci 0000:00:07.1: reg 0x20: [io  0x1060-0x106f]
[    2.011003] pci 0000:00:07.1: legacy IDE quirk: reg 0x10: [io  0x01f0-0x01f7]
[    2.011004] pci 0000:00:07.1: legacy IDE quirk: reg 0x14: [io  0x03f6]
[    2.011004] pci 0000:00:07.1: legacy IDE quirk: reg 0x18: [io  0x0170-0x0177]
[    2.011005] pci 0000:00:07.1: legacy IDE quirk: reg 0x1c: [io  0x0376]
[    2.011503] pci 0000:00:07.3: [8086:7113] type 00 class 0x068000
[    2.016190] pci 0000:00:07.3: quirk: [io  0x1000-0x103f] claimed by PIIX4 ACPI
[    2.016218] pci 0000:00:07.3: quirk: [io  0x1040-0x104f] claimed by PIIX4 SMB
[    2.016940] pci 0000:00:07.7: [15ad:0740] type 00 class 0x088000
[    2.017971] pci 0000:00:07.7: reg 0x10: [io  0x1080-0x10bf]
[    2.019331] pci 0000:00:07.7: reg 0x14: [mem 0xfebfe000-0xfebfffff 64bit]
[    2.025358] pci 0000:00:0f.0: [15ad:0405] type 00 class 0x030000
[    2.031895] pci 0000:00:0f.0: reg 0x10: [io  0x1070-0x107f]
[    2.031902] pci 0000:00:0f.0: reg 0x14: [mem 0xe8000000-0xefffffff pref]
[    2.033964] pci 0000:00:0f.0: reg 0x18: [mem 0xfe000000-0xfe7fffff]
[    2.049971] pci 0000:00:0f.0: reg 0x30: [mem 0x00000000-0x00007fff pref]
[    2.051231] pci 0000:00:10.0: [1000:0030] type 00 class 0x010000
[    2.053601] pci 0000:00:10.0: reg 0x10: [io  0x1400-0x14ff]
[    2.055090] pci 0000:00:10.0: reg 0x14: [mem 0xfeba0000-0xfebbffff 64bit]
[    2.057180] pci 0000:00:10.0: reg 0x1c: [mem 0xfebc0000-0xfebdffff 64bit]
[    2.061002] pci 0000:00:10.0: reg 0x30: [mem 0x00000000-0x00003fff pref]
[    2.062192] pci 0000:00:11.0: [15ad:0790] type 01 class 0x060401
[    2.064203] pci 0000:00:15.0: [15ad:07a0] type 01 class 0x060400
[    2.066271] pci 0000:00:15.0: PME# supported from D0 D3hot D3cold
[    2.067298] pci 0000:00:15.1: [15ad:07a0] type 01 class 0x060400
[    2.069386] pci 0000:00:15.1: PME# supported from D0 D3hot D3cold
[    2.070267] pci 0000:00:15.2: [15ad:07a0] type 01 class 0x060400
[    2.072385] pci 0000:00:15.2: PME# supported from D0 D3hot D3cold
[    2.073342] pci 0000:00:15.3: [15ad:07a0] type 01 class 0x060400
[    2.075423] pci 0000:00:15.3: PME# supported from D0 D3hot D3cold
[    2.076380] pci 0000:00:15.4: [15ad:07a0] type 01 class 0x060400
[    2.078449] pci 0000:00:15.4: PME# supported from D0 D3hot D3cold
[    2.079319] pci 0000:00:15.5: [15ad:07a0] type 01 class 0x060400
[    2.081400] pci 0000:00:15.5: PME# supported from D0 D3hot D3cold
[    2.082277] pci 0000:00:15.6: [15ad:07a0] type 01 class 0x060400
[    2.084339] pci 0000:00:15.6: PME# supported from D0 D3hot D3cold
[    2.085567] pci 0000:00:15.7: [15ad:07a0] type 01 class 0x060400
[    2.087628] pci 0000:00:15.7: PME# supported from D0 D3hot D3cold
[    2.088563] pci 0000:00:16.0: [15ad:07a0] type 01 class 0x060400
[    2.088563] pci 0000:00:16.0: PME# supported from D0 D3hot D3cold
[    2.088563] pci 0000:00:16.1: [15ad:07a0] type 01 class 0x060400
[    2.089654] pci 0000:00:16.1: PME# supported from D0 D3hot D3cold
[    2.089964] pci 0000:00:16.2: [15ad:07a0] type 01 class 0x060400
[    2.089964] pci 0000:00:16.2: PME# supported from D0 D3hot D3cold
[    2.089964] pci 0000:00:16.3: [15ad:07a0] type 01 class 0x060400
[    2.095636] pci 0000:00:16.3: PME# supported from D0 D3hot D3cold
[    2.096588] pci 0000:00:16.4: [15ad:07a0] type 01 class 0x060400
[    2.098631] pci 0000:00:16.4: PME# supported from D0 D3hot D3cold
[    2.099499] pci 0000:00:16.5: [15ad:07a0] type 01 class 0x060400
[    2.101646] pci 0000:00:16.5: PME# supported from D0 D3hot D3cold
[    2.102576] pci 0000:00:16.6: [15ad:07a0] type 01 class 0x060400
[    2.104664] pci 0000:00:16.6: PME# supported from D0 D3hot D3cold
[    2.105868] pci 0000:00:16.7: [15ad:07a0] type 01 class 0x060400
[    2.107934] pci 0000:00:16.7: PME# supported from D0 D3hot D3cold
[    2.108875] pci 0000:00:17.0: [15ad:07a0] type 01 class 0x060400
[    2.110929] pci 0000:00:17.0: PME# supported from D0 D3hot D3cold
[    2.111867] pci 0000:00:17.1: [15ad:07a0] type 01 class 0x060400
[    2.113944] pci 0000:00:17.1: PME# supported from D0 D3hot D3cold
[    2.113944] pci 0000:00:17.2: [15ad:07a0] type 01 class 0x060400
[    2.113944] pci 0000:00:17.2: PME# supported from D0 D3hot D3cold
[    2.113944] pci 0000:00:17.3: [15ad:07a0] type 01 class 0x060400
[    2.113964] pci 0000:00:17.3: PME# supported from D0 D3hot D3cold
[    2.113964] pci 0000:00:17.4: [15ad:07a0] type 01 class 0x060400
[    2.119094] pci 0000:00:17.4: PME# supported from D0 D3hot D3cold
[    2.120055] pci 0000:00:17.5: [15ad:07a0] type 01 class 0x060400
[    2.122194] pci 0000:00:17.5: PME# supported from D0 D3hot D3cold
[    2.123116] pci 0000:00:17.6: [15ad:07a0] type 01 class 0x060400
[    2.125202] pci 0000:00:17.6: PME# supported from D0 D3hot D3cold
[    2.126395] pci 0000:00:17.7: [15ad:07a0] type 01 class 0x060400
[    2.128501] pci 0000:00:17.7: PME# supported from D0 D3hot D3cold
[    2.129441] pci 0000:00:18.0: [15ad:07a0] type 01 class 0x060400
[    2.131544] pci 0000:00:18.0: PME# supported from D0 D3hot D3cold
[    2.132465] pci 0000:00:18.1: [15ad:07a0] type 01 class 0x060400
[    2.134624] pci 0000:00:18.1: PME# supported from D0 D3hot D3cold
[    2.135558] pci 0000:00:18.2: [15ad:07a0] type 01 class 0x060400
[    2.137619] pci 0000:00:18.2: PME# supported from D0 D3hot D3cold
[    2.138554] pci 0000:00:18.3: [15ad:07a0] type 01 class 0x060400
[    2.140597] pci 0000:00:18.3: PME# supported from D0 D3hot D3cold
[    2.141518] pci 0000:00:18.4: [15ad:07a0] type 01 class 0x060400
[    2.141518] pci 0000:00:18.4: PME# supported from D0 D3hot D3cold
[    2.141518] pci 0000:00:18.5: [15ad:07a0] type 01 class 0x060400
[    2.141964] pci 0000:00:18.5: PME# supported from D0 D3hot D3cold
[    2.141964] pci 0000:00:18.6: [15ad:07a0] type 01 class 0x060400
[    2.141964] pci 0000:00:18.6: PME# supported from D0 D3hot D3cold
[    2.147428] pci 0000:00:18.7: [15ad:07a0] type 01 class 0x060400
[    2.151844] pci 0000:00:18.7: PME# supported from D0 D3hot D3cold
[    2.153975] pci_bus 0000:01: extended config space not accessible
[    2.155900] pci 0000:00:01.0: PCI bridge to [bus 01]
[    2.157116] pci_bus 0000:02: extended config space not accessible
[    2.157811] drivers/pci/hotplug/acpiphp_core.c (297) acpiphp_register_hotplug_slotacpiphp: Slot [32] registered
[    2.157811] drivers/pci/hotplug/acpiphp_core.c (297) acpiphp_register_hotplug_slotacpiphp: Slot [33] registered
[    2.157811] drivers/pci/hotplug/acpiphp_core.c (297) acpiphp_register_hotplug_slotacpiphp: Slot [34] registered
[    2.157811] drivers/pci/hotplug/acpiphp_core.c (297) acpiphp_register_hotplug_slotacpiphp: Slot [35] registered
[    2.157811] drivers/pci/hotplug/acpiphp_core.c (297) acpiphp_register_hotplug_slotacpiphp: Slot [36] registered
[    2.157811] drivers/pci/hotplug/acpiphp_core.c (297) acpiphp_register_hotplug_slotacpiphp: Slot [37] registered
[    2.157811] drivers/pci/hotplug/acpiphp_core.c (297) acpiphp_register_hotplug_slotacpiphp: Slot [38] registered
[    2.157811] drivers/pci/hotplug/acpiphp_core.c (297) acpiphp_register_hotplug_slotacpiphp: Slot [39] registered
[    2.157811] drivers/pci/hotplug/acpiphp_core.c (297) acpiphp_register_hotplug_slotacpiphp: Slot [40] registered
[    2.157811] drivers/pci/hotplug/acpiphp_core.c (297) acpiphp_register_hotplug_slotacpiphp: Slot [41] registered
[    2.157811] drivers/pci/hotplug/acpiphp_core.c (297) acpiphp_register_hotplug_slotacpiphp: Slot [42] registered
[    2.157811] drivers/pci/hotplug/acpiphp_core.c (297) acpiphp_register_hotplug_slotacpiphp: Slot [43] registered
[    2.157811] drivers/pci/hotplug/acpiphp_core.c (297) acpiphp_register_hotplug_slotacpiphp: Slot [44] registered
[    2.157811] drivers/pci/hotplug/acpiphp_core.c (297) acpiphp_register_hotplug_slotacpiphp: Slot [45] registered
[    2.157811] drivers/pci/hotplug/acpiphp_core.c (297) acpiphp_register_hotplug_slotacpiphp: Slot [46] registered
[    2.157811] drivers/pci/hotplug/acpiphp_core.c (297) acpiphp_register_hotplug_slotacpiphp: Slot [47] registered
[    2.157811] drivers/pci/hotplug/acpiphp_core.c (297) acpiphp_register_hotplug_slotacpiphp: Slot [48] registered
[    2.157811] drivers/pci/hotplug/acpiphp_core.c (297) acpiphp_register_hotplug_slotacpiphp: Slot [49] registered
[    2.157811] drivers/pci/hotplug/acpiphp_core.c (297) acpiphp_register_hotplug_slotacpiphp: Slot [50] registered
[    2.157811] drivers/pci/hotplug/acpiphp_core.c (297) acpiphp_register_hotplug_slotacpiphp: Slot [51] registered
[    2.157936] drivers/pci/hotplug/acpiphp_core.c (297) acpiphp_register_hotplug_slotacpiphp: Slot [52] registered
[    2.157964] drivers/pci/hotplug/acpiphp_core.c (297) acpiphp_register_hotplug_slotacpiphp: Slot [53] registered
[    2.157964] drivers/pci/hotplug/acpiphp_core.c (297) acpiphp_register_hotplug_slotacpiphp: Slot [54] registered
[    2.157964] drivers/pci/hotplug/acpiphp_core.c (297) acpiphp_register_hotplug_slotacpiphp: Slot [55] registered
[    2.157964] drivers/pci/hotplug/acpiphp_core.c (297) acpiphp_register_hotplug_slotacpiphp: Slot [56] registered
[    2.157964] drivers/pci/hotplug/acpiphp_core.c (297) acpiphp_register_hotplug_slotacpiphp: Slot [57] registered
[    2.157964] drivers/pci/hotplug/acpiphp_core.c (297) acpiphp_register_hotplug_slotacpiphp: Slot [58] registered
[    2.157964] drivers/pci/hotplug/acpiphp_core.c (297) acpiphp_register_hotplug_slotacpiphp: Slot [59] registered
[    2.157964] drivers/pci/hotplug/acpiphp_core.c (297) acpiphp_register_hotplug_slotacpiphp: Slot [60] registered
[    2.157964] drivers/pci/hotplug/acpiphp_core.c (297) acpiphp_register_hotplug_slotacpiphp: Slot [61] registered
[    2.157964] drivers/pci/hotplug/acpiphp_core.c (297) acpiphp_register_hotplug_slotacpiphp: Slot [62] registered
[    2.157964] drivers/pci/hotplug/acpiphp_core.c (297) acpiphp_register_hotplug_slotacpiphp: Slot [63] registered
[    2.157964] pci 0000:02:00.0: [15ad:0774] type 00 class 0x0c0300
[    2.167245] pci 0000:02:00.0: reg 0x20: [io  0x2080-0x209f]
[    2.172191] pci 0000:02:01.0: [8086:100f] type 00 class 0x020000
[    2.176545] pci 0000:02:01.0: reg 0x10: [mem 0xfd5c0000-0xfd5dffff 64bit]
[    2.180923] pci 0000:02:01.0: reg 0x18: [mem 0xfdff0000-0xfdffffff 64bit]
[    2.184121] pci 0000:02:01.0: reg 0x20: [io  0x2000-0x203f]
[    2.192281] pci 0000:02:01.0: reg 0x30: [mem 0x00000000-0x0000ffff pref]
[    2.195233] pci 0000:02:02.0: [1274:1371] type 00 class 0x040100
[    2.197529] pci 0000:02:02.0: reg 0x10: [io  0x2040-0x207f]
[    2.202444] pci 0000:02:03.0: [15ad:0770] type 00 class 0x0c0320
[    2.203671] pci 0000:02:03.0: reg 0x10: [mem 0xfd5ef000-0xfd5effff]
[    2.211249] pci 0000:02:05.0: [15ad:07e0] type 00 class 0x010601
[    2.216778] pci 0000:02:05.0: reg 0x24: [mem 0xfd5ee000-0xfd5eefff]
[    2.217705] pci 0000:02:05.0: reg 0x30: [mem 0x00000000-0x0000ffff pref]
[    2.218737] pci 0000:02:05.0: PME# supported from D3hot
[    2.219992] pci 0000:00:11.0: PCI bridge to [bus 02] (subtractive decode)
[    2.220046] pci 0000:00:11.0:   bridge window [io  0x2000-0x3fff]
[    2.220118] pci 0000:00:11.0:   bridge window [mem 0xfd500000-0xfdffffff]
[    2.220222] pci 0000:00:11.0:   bridge window [mem 0xe7b00000-0xe7ffffff 64bit pref]
[    2.220223] pci 0000:00:11.0:   bridge window [mem 0x000a0000-0x000bffff window] (subtractive decode)
[    2.220224] pci 0000:00:11.0:   bridge window [mem 0x000d0000-0x000d3fff window] (subtractive decode)
[    2.220224] pci 0000:00:11.0:   bridge window [mem 0x000d4000-0x000d7fff window] (subtractive decode)
[    2.220225] pci 0000:00:11.0:   bridge window [mem 0x000d8000-0x000dbfff window] (subtractive decode)
[    2.220225] pci 0000:00:11.0:   bridge window [mem 0xc0000000-0xfebfffff window] (subtractive decode)
[    2.220226] pci 0000:00:11.0:   bridge window [io  0x0000-0x0cf7 window] (subtractive decode)
[    2.220226] pci 0000:00:11.0:   bridge window [io  0x0d00-0xfeff window] (subtractive decode)
[    2.221003] pci 0000:00:15.0: PCI bridge to [bus 03]
[    2.221056] pci 0000:00:15.0:   bridge window [io  0x4000-0x4fff]
[    2.221109] pci 0000:00:15.0:   bridge window [mem 0xfd400000-0xfd4fffff]
[    2.221215] pci 0000:00:15.0:   bridge window [mem 0xe7a00000-0xe7afffff 64bit pref]
[    2.221215] pci 0000:00:15.1: PCI bridge to [bus 04]
[    2.221215] pci 0000:00:15.1:   bridge window [io  0x8000-0x8fff]
[    2.221215] pci 0000:00:15.1:   bridge window [mem 0xfd000000-0xfd0fffff]
[    2.221215] pci 0000:00:15.1:   bridge window [mem 0xe7600000-0xe76fffff 64bit pref]
[    2.221215] pci 0000:00:15.2: PCI bridge to [bus 05]
[    2.221215] pci 0000:00:15.2:   bridge window [io  0xc000-0xcfff]
[    2.221215] pci 0000:00:15.2:   bridge window [mem 0xfcc00000-0xfccfffff]
[    2.221215] pci 0000:00:15.2:   bridge window [mem 0xe7200000-0xe72fffff 64bit pref]
[    2.221215] pci 0000:00:15.3: PCI bridge to [bus 06]
[    2.221215] pci 0000:00:15.3:   bridge window [mem 0xfc800000-0xfc8fffff]
[    2.221215] pci 0000:00:15.3:   bridge window [mem 0xe6e00000-0xe6efffff 64bit pref]
[    2.221377] pci 0000:00:15.4: PCI bridge to [bus 07]
[    2.221481] pci 0000:00:15.4:   bridge window [mem 0xfc400000-0xfc4fffff]
[    2.221584] pci 0000:00:15.4:   bridge window [mem 0xe6a00000-0xe6afffff 64bit pref]
[    2.221964] pci 0000:00:15.5: PCI bridge to [bus 08]
[    2.221964] pci 0000:00:15.5:   bridge window [mem 0xfc000000-0xfc0fffff]
[    2.221964] pci 0000:00:15.5:   bridge window [mem 0xe6600000-0xe66fffff 64bit pref]
[    2.221964] pci 0000:00:15.6: PCI bridge to [bus 09]
[    2.221964] pci 0000:00:15.6:   bridge window [mem 0xfbc00000-0xfbcfffff]
[    2.221964] pci 0000:00:15.6:   bridge window [mem 0xe6200000-0xe62fffff 64bit pref]
[    2.221964] pci 0000:00:15.7: PCI bridge to [bus 0a]
[    2.221964] pci 0000:00:15.7:   bridge window [mem 0xfb800000-0xfb8fffff]
[    2.221964] pci 0000:00:15.7:   bridge window [mem 0xe5e00000-0xe5efffff 64bit pref]
[    2.221964] pci 0000:00:16.0: PCI bridge to [bus 0b]
[    2.221964] pci 0000:00:16.0:   bridge window [io  0x5000-0x5fff]
[    2.221964] pci 0000:00:16.0:   bridge window [mem 0xfd300000-0xfd3fffff]
[    2.221964] pci 0000:00:16.0:   bridge window [mem 0xe7900000-0xe79fffff 64bit pref]
[    2.226782] pci 0000:00:16.1: PCI bridge to [bus 0c]
[    2.226834] pci 0000:00:16.1:   bridge window [io  0x9000-0x9fff]
[    2.226887] pci 0000:00:16.1:   bridge window [mem 0xfcf00000-0xfcffffff]
[    2.226990] pci 0000:00:16.1:   bridge window [mem 0xe7500000-0xe75fffff 64bit pref]
[    2.227891] pci 0000:00:16.2: PCI bridge to [bus 0d]
[    2.227945] pci 0000:00:16.2:   bridge window [io  0xd000-0xdfff]
[    2.227997] pci 0000:00:16.2:   bridge window [mem 0xfcb00000-0xfcbfffff]
[    2.228127] pci 0000:00:16.2:   bridge window [mem 0xe7100000-0xe71fffff 64bit pref]
[    2.228895] pci 0000:00:16.3: PCI bridge to [bus 0e]
[    2.228999] pci 0000:00:16.3:   bridge window [mem 0xfc700000-0xfc7fffff]
[    2.229103] pci 0000:00:16.3:   bridge window [mem 0xe6d00000-0xe6dfffff 64bit pref]
[    2.229935] pci 0000:00:16.4: PCI bridge to [bus 0f]
[    2.230022] pci 0000:00:16.4:   bridge window [mem 0xfc300000-0xfc3fffff]
[    2.230146] pci 0000:00:16.4:   bridge window [mem 0xe6900000-0xe69fffff 64bit pref]
[    2.230909] pci 0000:00:16.5: PCI bridge to [bus 10]
[    2.231013] pci 0000:00:16.5:   bridge window [mem 0xfbf00000-0xfbffffff]
[    2.231138] pci 0000:00:16.5:   bridge window [mem 0xe6500000-0xe65fffff 64bit pref]
[    2.231898] pci 0000:00:16.6: PCI bridge to [bus 11]
[    2.232001] pci 0000:00:16.6:   bridge window [mem 0xfbb00000-0xfbbfffff]
[    2.232124] pci 0000:00:16.6:   bridge window [mem 0xe6100000-0xe61fffff 64bit pref]
[    2.232951] pci 0000:00:16.7: PCI bridge to [bus 12]
[    2.233144] pci 0000:00:16.7:   bridge window [mem 0xfb700000-0xfb7fffff]
[    2.233252] pci 0000:00:16.7:   bridge window [mem 0xe5d00000-0xe5dfffff 64bit pref]
[    2.234045] pci 0000:00:17.0: PCI bridge to [bus 13]
[    2.234098] pci 0000:00:17.0:   bridge window [io  0x6000-0x6fff]
[    2.234150] pci 0000:00:17.0:   bridge window [mem 0xfd200000-0xfd2fffff]
[    2.234254] pci 0000:00:17.0:   bridge window [mem 0xe7800000-0xe78fffff 64bit pref]
[    2.235108] pci 0000:00:17.1: PCI bridge to [bus 14]
[    2.235161] pci 0000:00:17.1:   bridge window [io  0xa000-0xafff]
[    2.235213] pci 0000:00:17.1:   bridge window [mem 0xfce00000-0xfcefffff]
[    2.235316] pci 0000:00:17.1:   bridge window [mem 0xe7400000-0xe74fffff 64bit pref]
[    2.236115] pci 0000:00:17.2: PCI bridge to [bus 15]
[    2.236167] pci 0000:00:17.2:   bridge window [io  0xe000-0xefff]
[    2.236220] pci 0000:00:17.2:   bridge window [mem 0xfca00000-0xfcafffff]
[    2.236323] pci 0000:00:17.2:   bridge window [mem 0xe7000000-0xe70fffff 64bit pref]
[    2.237107] pci 0000:00:17.3: PCI bridge to [bus 16]
[    2.237210] pci 0000:00:17.3:   bridge window [mem 0xfc600000-0xfc6fffff]
[    2.237313] pci 0000:00:17.3:   bridge window [mem 0xe6c00000-0xe6cfffff 64bit pref]
[    2.238097] pci 0000:00:17.4: PCI bridge to [bus 17]
[    2.238201] pci 0000:00:17.4:   bridge window [mem 0xfc200000-0xfc2fffff]
[    2.238304] pci 0000:00:17.4:   bridge window [mem 0xe6800000-0xe68fffff 64bit pref]
[    2.239084] pci 0000:00:17.5: PCI bridge to [bus 18]
[    2.239187] pci 0000:00:17.5:   bridge window [mem 0xfbe00000-0xfbefffff]
[    2.239312] pci 0000:00:17.5:   bridge window [mem 0xe6400000-0xe64fffff 64bit pref]
[    2.240370] pci 0000:00:17.6: PCI bridge to [bus 19]
[    2.240474] pci 0000:00:17.6:   bridge window [mem 0xfba00000-0xfbafffff]
[    2.240577] pci 0000:00:17.6:   bridge window [mem 0xe6000000-0xe60fffff 64bit pref]
[    2.241412] pci 0000:00:17.7: PCI bridge to [bus 1a]
[    2.241515] pci 0000:00:17.7:   bridge window [mem 0xfb600000-0xfb6fffff]
[    2.241618] pci 0000:00:17.7:   bridge window [mem 0xe5c00000-0xe5cfffff 64bit pref]
[    2.241618] pci 0000:00:18.0: PCI bridge to [bus 1b]
[    2.241618] pci 0000:00:18.0:   bridge window [io  0x7000-0x7fff]
[    2.241618] pci 0000:00:18.0:   bridge window [mem 0xfd100000-0xfd1fffff]
[    2.241618] pci 0000:00:18.0:   bridge window [mem 0xe7700000-0xe77fffff 64bit pref]
[    2.241618] pci 0000:00:18.1: PCI bridge to [bus 1c]
[    2.241618] pci 0000:00:18.1:   bridge window [io  0xb000-0xbfff]
[    2.241618] pci 0000:00:18.1:   bridge window [mem 0xfcd00000-0xfcdfffff]
[    2.241618] pci 0000:00:18.1:   bridge window [mem 0xe7300000-0xe73fffff 64bit pref]
[    2.241618] pci 0000:00:18.2: PCI bridge to [bus 1d]
[    2.241618] pci 0000:00:18.2:   bridge window [mem 0xfc900000-0xfc9fffff]
[    2.241618] pci 0000:00:18.2:   bridge window [mem 0xe6f00000-0xe6ffffff 64bit pref]
[    2.241618] pci 0000:00:18.3: PCI bridge to [bus 1e]
[    2.241618] pci 0000:00:18.3:   bridge window [mem 0xfc500000-0xfc5fffff]
[    2.241618] pci 0000:00:18.3:   bridge window [mem 0xe6b00000-0xe6bfffff 64bit pref]
[    2.241964] pci 0000:00:18.4: PCI bridge to [bus 1f]
[    2.241964] pci 0000:00:18.4:   bridge window [mem 0xfc100000-0xfc1fffff]
[    2.241964] pci 0000:00:18.4:   bridge window [mem 0xe6700000-0xe67fffff 64bit pref]
[    2.241964] pci 0000:00:18.5: PCI bridge to [bus 20]
[    2.241964] pci 0000:00:18.5:   bridge window [mem 0xfbd00000-0xfbdfffff]
[    2.241964] pci 0000:00:18.5:   bridge window [mem 0xe6300000-0xe63fffff 64bit pref]
[    2.241964] pci 0000:00:18.6: PCI bridge to [bus 21]
[    2.241964] pci 0000:00:18.6:   bridge window [mem 0xfb900000-0xfb9fffff]
[    2.241964] pci 0000:00:18.6:   bridge window [mem 0xe5f00000-0xe5ffffff 64bit pref]
[    2.241964] pci 0000:00:18.7: PCI bridge to [bus 22]
[    2.241964] pci 0000:00:18.7:   bridge window [mem 0xfb500000-0xfb5fffff]
[    2.241964] pci 0000:00:18.7:   bridge window [mem 0xe5b00000-0xe5bfffff 64bit pref]
[    2.251141] ACPI: PCI Interrupt Link [LNKA] (IRQs 3 4 5 6 7 *9 10 11 14 15)
[    2.251293] ACPI: PCI Interrupt Link [LNKB] (IRQs 3 4 5 6 7 9 10 *11 14 15)
[    2.251441] ACPI: PCI Interrupt Link [LNKC] (IRQs 3 4 5 6 7 9 *10 11 14 15)
[    2.251589] ACPI: PCI Interrupt Link [LNKD] (IRQs 3 4 5 6 *7 9 10 11 14 15)
[    2.378861] pci 0000:00:0f.0: vgaarb: setting as boot VGA device
[    2.378861] pci 0000:00:0f.0: vgaarb: VGA device added: decodes=io+mem,owns=io+mem,locks=none
[    2.378861] pci 0000:00:0f.0: vgaarb: bridge control possible
[    2.378861] drivers/gpu/vga/vgaarb.c (1509) vga_arb_device_initvgaarb: loaded
[    2.379006] SCSI subsystem initialized
[    2.382012] libata version 3.00 loaded.
[    2.382370] ACPI: bus type USB registered
[    2.382383] drivers/usb/core/driver.c (971) usb_register_driverusbcore: registered new interface driver usbfs
[    2.382424] drivers/usb/core/driver.c (971) usb_register_driverusbcore: registered new interface driver hub
[    2.382592] drivers/usb/core/driver.c (902) usb_register_device_driverusbcore: registered new device driver usb
[    2.382741] drivers/pps/pps.c (486) pps_initpps_core: LinuxPPS API ver. 1 registered
[    2.382741] drivers/pps/pps.c (487) pps_initpps_core: Software ver. 5.3.6 - Copyright 2005-2007 Rodolfo Giometti <giometti@linux.it>
[    2.382743] drivers/ptp/ptp_clock.c (410) ptp_initPTP clock support registered
[    2.382854] EDAC MC: Ver: 3.0.0
[    2.387266] PCI: Using ACPI for IRQ routing
[    2.451931] PCI: pci_cache_line_size set to 64 bytes
[    2.453964] e820: reserve RAM buffer [mem 0x0009e800-0x0009ffff]
[    2.453964] e820: reserve RAM buffer [mem 0xbfed0000-0xbfffffff]
[    2.453968] NetLabel: Initializing
[    2.453968] NetLabel:  domain hash size = 128
[    2.453968] NetLabel:  protocols = UNLABELED CIPSOv4 CALIPSO
[    2.453968] NetLabel:  unlabeled traffic allowed by default
[    2.459282] hpet0: at MMIO 0xfed00000, IRQs 2, 8, 0, 0, 0, 0, 0, 0, 0, 0, 0, 0, 0, 0, 0, 0
[    2.459286] hpet0: 16 comparators, 64-bit 14.318180 MHz counter
[    2.462590] kernel/time/clocksource.c (796) __clocksource_selectclocksource: Switched to clocksource tsc-early
[    2.548528] VFS: Disk quotas dquot_6.6.0
[    2.548588] fs/quota/dquot.c (2996) dquot_initVFS: Dquot-cache hash table entries: 512 (order 0, 4096 bytes)
[    2.549802] AppArmor: AppArmor Filesystem Enabled
[    2.549822] pnp: PnP ACPI init
[    2.549984] system 00:00: [io  0x1000-0x103f] has been reserved
[    2.549984] system 00:00: [io  0x1040-0x104f] has been reserved
[    2.549984] system 00:00: [io  0x0cf0-0x0cf1] has been reserved
[    2.549984] system 00:00: Plug and Play ACPI device, IDs PNP0c02 (active)
[    2.550148] pnp 00:01: Plug and Play ACPI device, IDs PNP0b00 (active)
[    2.550163] pnp 00:02: Plug and Play ACPI device, IDs PNP0303 (active)
[    2.550173] pnp 00:03: Plug and Play ACPI device, IDs VMW0003 PNP0f13 (active)
[    2.550556] system 00:04: [mem 0xfed00000-0xfed003ff] has been reserved
[    2.550558] system 00:04: Plug and Play ACPI device, IDs PNP0103 PNP0c01 (active)
[    2.552869] pnp 00:05: Plug and Play ACPI device, IDs PNP0501 (active)
[    2.553615] system 00:06: [io  0xfce0-0xfcff] has been reserved
[    2.553616] system 00:06: [mem 0xf0000000-0xf7ffffff] has been reserved
[    2.553617] system 00:06: [mem 0xfe800000-0xfe9fffff] has been reserved
[    2.553621] system 00:06: Plug and Play ACPI device, IDs PNP0c02 (active)
[    2.689921] pnp: PnP ACPI: found 7 devices
[    2.705252] kernel/time/clocksource.c (927) __clocksource_update_freq_scaleclocksource: acpi_pm: mask: 0xffffff max_cycles: 0xffffff, max_idle_ns: 2085701024 ns
[    2.706136] pci 0000:00:15.3: bridge window [io  0x1000-0x0fff] to [bus 06] add_size 1000
[    2.706293] pci 0000:00:15.4: bridge window [io  0x1000-0x0fff] to [bus 07] add_size 1000
[    2.706448] pci 0000:00:15.5: bridge window [io  0x1000-0x0fff] to [bus 08] add_size 1000
[    2.706604] pci 0000:00:15.6: bridge window [io  0x1000-0x0fff] to [bus 09] add_size 1000
[    2.706760] pci 0000:00:15.7: bridge window [io  0x1000-0x0fff] to [bus 0a] add_size 1000
[    2.707399] pci 0000:00:16.3: bridge window [io  0x1000-0x0fff] to [bus 0e] add_size 1000
[    2.707555] pci 0000:00:16.4: bridge window [io  0x1000-0x0fff] to [bus 0f] add_size 1000
[    2.707710] pci 0000:00:16.5: bridge window [io  0x1000-0x0fff] to [bus 10] add_size 1000
[    2.707866] pci 0000:00:16.6: bridge window [io  0x1000-0x0fff] to [bus 11] add_size 1000
[    2.708021] pci 0000:00:16.7: bridge window [io  0x1000-0x0fff] to [bus 12] add_size 1000
[    2.708657] pci 0000:00:17.3: bridge window [io  0x1000-0x0fff] to [bus 16] add_size 1000
[    2.708812] pci 0000:00:17.4: bridge window [io  0x1000-0x0fff] to [bus 17] add_size 1000
[    2.708967] pci 0000:00:17.5: bridge window [io  0x1000-0x0fff] to [bus 18] add_size 1000
[    2.709142] pci 0000:00:17.6: bridge window [io  0x1000-0x0fff] to [bus 19] add_size 1000
[    2.709298] pci 0000:00:17.7: bridge window [io  0x1000-0x0fff] to [bus 1a] add_size 1000
[    2.709761] pci 0000:00:18.2: bridge window [io  0x1000-0x0fff] to [bus 1d] add_size 1000
[    2.709916] pci 0000:00:18.3: bridge window [io  0x1000-0x0fff] to [bus 1e] add_size 1000
[    2.710083] pci 0000:00:18.4: bridge window [io  0x1000-0x0fff] to [bus 1f] add_size 1000
[    2.710239] pci 0000:00:18.5: bridge window [io  0x1000-0x0fff] to [bus 20] add_size 1000
[    2.710395] pci 0000:00:18.6: bridge window [io  0x1000-0x0fff] to [bus 21] add_size 1000
[    2.710551] pci 0000:00:18.7: bridge window [io  0x1000-0x0fff] to [bus 22] add_size 1000
[    2.710608] pci 0000:00:0f.0: BAR 6: assigned [mem 0xc0000000-0xc0007fff pref]
[    2.710610] pci 0000:00:10.0: BAR 6: assigned [mem 0xc0008000-0xc000bfff pref]
[    2.710612] pci 0000:00:15.3: BAR 13: no space for [io  size 0x1000]
[    2.710613] pci 0000:00:15.3: BAR 13: failed to assign [io  size 0x1000]
[    2.710614] pci 0000:00:15.4: BAR 13: no space for [io  size 0x1000]
[    2.710615] pci 0000:00:15.4: BAR 13: failed to assign [io  size 0x1000]
[    2.710616] pci 0000:00:15.5: BAR 13: no space for [io  size 0x1000]
[    2.710616] pci 0000:00:15.5: BAR 13: failed to assign [io  size 0x1000]
[    2.710653] pci 0000:00:15.6: BAR 13: no space for [io  size 0x1000]
[    2.710654] pci 0000:00:15.6: BAR 13: failed to assign [io  size 0x1000]
[    2.710655] pci 0000:00:15.7: BAR 13: no space for [io  size 0x1000]
[    2.710655] pci 0000:00:15.7: BAR 13: failed to assign [io  size 0x1000]
[    2.710656] pci 0000:00:16.3: BAR 13: no space for [io  size 0x1000]
[    2.710657] pci 0000:00:16.3: BAR 13: failed to assign [io  size 0x1000]
[    2.710658] pci 0000:00:16.4: BAR 13: no space for [io  size 0x1000]
[    2.710658] pci 0000:00:16.4: BAR 13: failed to assign [io  size 0x1000]
[    2.710659] pci 0000:00:16.5: BAR 13: no space for [io  size 0x1000]
[    2.710660] pci 0000:00:16.5: BAR 13: failed to assign [io  size 0x1000]
[    2.710661] pci 0000:00:16.6: BAR 13: no space for [io  size 0x1000]
[    2.710661] pci 0000:00:16.6: BAR 13: failed to assign [io  size 0x1000]
[    2.710662] pci 0000:00:16.7: BAR 13: no space for [io  size 0x1000]
[    2.710663] pci 0000:00:16.7: BAR 13: failed to assign [io  size 0x1000]
[    2.710664] pci 0000:00:17.3: BAR 13: no space for [io  size 0x1000]
[    2.710664] pci 0000:00:17.3: BAR 13: failed to assign [io  size 0x1000]
[    2.710665] pci 0000:00:17.4: BAR 13: no space for [io  size 0x1000]
[    2.710666] pci 0000:00:17.4: BAR 13: failed to assign [io  size 0x1000]
[    2.710667] pci 0000:00:17.5: BAR 13: no space for [io  size 0x1000]
[    2.710667] pci 0000:00:17.5: BAR 13: failed to assign [io  size 0x1000]
[    2.710668] pci 0000:00:17.6: BAR 13: no space for [io  size 0x1000]
[    2.710669] pci 0000:00:17.6: BAR 13: failed to assign [io  size 0x1000]
[    2.710670] pci 0000:00:17.7: BAR 13: no space for [io  size 0x1000]
[    2.710670] pci 0000:00:17.7: BAR 13: failed to assign [io  size 0x1000]
[    2.710671] pci 0000:00:18.2: BAR 13: no space for [io  size 0x1000]
[    2.710672] pci 0000:00:18.2: BAR 13: failed to assign [io  size 0x1000]
[    2.710673] pci 0000:00:18.3: BAR 13: no space for [io  size 0x1000]
[    2.710673] pci 0000:00:18.3: BAR 13: failed to assign [io  size 0x1000]
[    2.710674] pci 0000:00:18.4: BAR 13: no space for [io  size 0x1000]
[    2.710675] pci 0000:00:18.4: BAR 13: failed to assign [io  size 0x1000]
[    2.710676] pci 0000:00:18.5: BAR 13: no space for [io  size 0x1000]
[    2.710676] pci 0000:00:18.5: BAR 13: failed to assign [io  size 0x1000]
[    2.710677] pci 0000:00:18.6: BAR 13: no space for [io  size 0x1000]
[    2.710678] pci 0000:00:18.6: BAR 13: failed to assign [io  size 0x1000]
[    2.710679] pci 0000:00:18.7: BAR 13: no space for [io  size 0x1000]
[    2.710679] pci 0000:00:18.7: BAR 13: failed to assign [io  size 0x1000]
[    2.710682] pci 0000:00:18.7: BAR 13: no space for [io  size 0x1000]
[    2.710682] pci 0000:00:18.7: BAR 13: failed to assign [io  size 0x1000]
[    2.710683] pci 0000:00:18.6: BAR 13: no space for [io  size 0x1000]
[    2.710684] pci 0000:00:18.6: BAR 13: failed to assign [io  size 0x1000]
[    2.710685] pci 0000:00:18.5: BAR 13: no space for [io  size 0x1000]
[    2.710685] pci 0000:00:18.5: BAR 13: failed to assign [io  size 0x1000]
[    2.710686] pci 0000:00:18.4: BAR 13: no space for [io  size 0x1000]
[    2.710687] pci 0000:00:18.4: BAR 13: failed to assign [io  size 0x1000]
[    2.710688] pci 0000:00:18.3: BAR 13: no space for [io  size 0x1000]
[    2.710688] pci 0000:00:18.3: BAR 13: failed to assign [io  size 0x1000]
[    2.710689] pci 0000:00:18.2: BAR 13: no space for [io  size 0x1000]
[    2.710690] pci 0000:00:18.2: BAR 13: failed to assign [io  size 0x1000]
[    2.710691] pci 0000:00:17.7: BAR 13: no space for [io  size 0x1000]
[    2.710691] pci 0000:00:17.7: BAR 13: failed to assign [io  size 0x1000]
[    2.710692] pci 0000:00:17.6: BAR 13: no space for [io  size 0x1000]
[    2.710693] pci 0000:00:17.6: BAR 13: failed to assign [io  size 0x1000]
[    2.710694] pci 0000:00:17.5: BAR 13: no space for [io  size 0x1000]
[    2.710694] pci 0000:00:17.5: BAR 13: failed to assign [io  size 0x1000]
[    2.710695] pci 0000:00:17.4: BAR 13: no space for [io  size 0x1000]
[    2.710696] pci 0000:00:17.4: BAR 13: failed to assign [io  size 0x1000]
[    2.710697] pci 0000:00:17.3: BAR 13: no space for [io  size 0x1000]
[    2.710697] pci 0000:00:17.3: BAR 13: failed to assign [io  size 0x1000]
[    2.710698] pci 0000:00:16.7: BAR 13: no space for [io  size 0x1000]
[    2.710699] pci 0000:00:16.7: BAR 13: failed to assign [io  size 0x1000]
[    2.710700] pci 0000:00:16.6: BAR 13: no space for [io  size 0x1000]
[    2.710700] pci 0000:00:16.6: BAR 13: failed to assign [io  size 0x1000]
[    2.710701] pci 0000:00:16.5: BAR 13: no space for [io  size 0x1000]
[    2.710702] pci 0000:00:16.5: BAR 13: failed to assign [io  size 0x1000]
[    2.710703] pci 0000:00:16.4: BAR 13: no space for [io  size 0x1000]
[    2.710703] pci 0000:00:16.4: BAR 13: failed to assign [io  size 0x1000]
[    2.710704] pci 0000:00:16.3: BAR 13: no space for [io  size 0x1000]
[    2.710705] pci 0000:00:16.3: BAR 13: failed to assign [io  size 0x1000]
[    2.710706] pci 0000:00:15.7: BAR 13: no space for [io  size 0x1000]
[    2.710706] pci 0000:00:15.7: BAR 13: failed to assign [io  size 0x1000]
[    2.710707] pci 0000:00:15.6: BAR 13: no space for [io  size 0x1000]
[    2.710708] pci 0000:00:15.6: BAR 13: failed to assign [io  size 0x1000]
[    2.710709] pci 0000:00:15.5: BAR 13: no space for [io  size 0x1000]
[    2.710709] pci 0000:00:15.5: BAR 13: failed to assign [io  size 0x1000]
[    2.710710] pci 0000:00:15.4: BAR 13: no space for [io  size 0x1000]
[    2.710711] pci 0000:00:15.4: BAR 13: failed to assign [io  size 0x1000]
[    2.710712] pci 0000:00:15.3: BAR 13: no space for [io  size 0x1000]
[    2.710712] pci 0000:00:15.3: BAR 13: failed to assign [io  size 0x1000]
[    2.710714] pci 0000:00:01.0: PCI bridge to [bus 01]
[    2.711032] pci 0000:02:01.0: BAR 6: assigned [mem 0xfd500000-0xfd50ffff pref]
[    2.711033] pci 0000:02:05.0: BAR 6: assigned [mem 0xfd510000-0xfd51ffff pref]
[    2.711034] pci 0000:00:11.0: PCI bridge to [bus 02]
[    2.711063] pci 0000:00:11.0:   bridge window [io  0x2000-0x3fff]
[    2.711184] pci 0000:00:11.0:   bridge window [mem 0xfd500000-0xfdffffff]
[    2.711237] pci 0000:00:11.0:   bridge window [mem 0xe7b00000-0xe7ffffff 64bit pref]
[    2.711341] pci 0000:00:15.0: PCI bridge to [bus 03]
[    2.711368] pci 0000:00:15.0:   bridge window [io  0x4000-0x4fff]
[    2.711446] pci 0000:00:15.0:   bridge window [mem 0xfd400000-0xfd4fffff]
[    2.711498] pci 0000:00:15.0:   bridge window [mem 0xe7a00000-0xe7afffff 64bit pref]
[    2.711631] pci 0000:00:15.1: PCI bridge to [bus 04]
[    2.711659] pci 0000:00:15.1:   bridge window [io  0x8000-0x8fff]
[    2.711737] pci 0000:00:15.1:   bridge window [mem 0xfd000000-0xfd0fffff]
[    2.711788] pci 0000:00:15.1:   bridge window [mem 0xe7600000-0xe76fffff 64bit pref]
[    2.711902] pci 0000:00:15.2: PCI bridge to [bus 05]
[    2.711930] pci 0000:00:15.2:   bridge window [io  0xc000-0xcfff]
[    2.712007] pci 0000:00:15.2:   bridge window [mem 0xfcc00000-0xfccfffff]
[    2.712059] pci 0000:00:15.2:   bridge window [mem 0xe7200000-0xe72fffff 64bit pref]
[    2.712171] pci 0000:00:15.3: PCI bridge to [bus 06]
[    2.712249] pci 0000:00:15.3:   bridge window [mem 0xfc800000-0xfc8fffff]
[    2.712301] pci 0000:00:15.3:   bridge window [mem 0xe6e00000-0xe6efffff 64bit pref]
[    2.712412] pci 0000:00:15.4: PCI bridge to [bus 07]
[    2.712490] pci 0000:00:15.4:   bridge window [mem 0xfc400000-0xfc4fffff]
[    2.712542] pci 0000:00:15.4:   bridge window [mem 0xe6a00000-0xe6afffff 64bit pref]
[    2.712652] pci 0000:00:15.5: PCI bridge to [bus 08]
[    2.712730] pci 0000:00:15.5:   bridge window [mem 0xfc000000-0xfc0fffff]
[    2.712782] pci 0000:00:15.5:   bridge window [mem 0xe6600000-0xe66fffff 64bit pref]
[    2.712892] pci 0000:00:15.6: PCI bridge to [bus 09]
[    2.712970] pci 0000:00:15.6:   bridge window [mem 0xfbc00000-0xfbcfffff]
[    2.713021] pci 0000:00:15.6:   bridge window [mem 0xe6200000-0xe62fffff 64bit pref]
[    2.713180] pci 0000:00:15.7: PCI bridge to [bus 0a]
[    2.713264] pci 0000:00:15.7:   bridge window [mem 0xfb800000-0xfb8fffff]
[    2.713317] pci 0000:00:15.7:   bridge window [mem 0xe5e00000-0xe5efffff 64bit pref]
[    2.713437] pci 0000:00:16.0: PCI bridge to [bus 0b]
[    2.713466] pci 0000:00:16.0:   bridge window [io  0x5000-0x5fff]
[    2.713544] pci 0000:00:16.0:   bridge window [mem 0xfd300000-0xfd3fffff]
[    2.713596] pci 0000:00:16.0:   bridge window [mem 0xe7900000-0xe79fffff 64bit pref]
[    2.713709] pci 0000:00:16.1: PCI bridge to [bus 0c]
[    2.713737] pci 0000:00:16.1:   bridge window [io  0x9000-0x9fff]
[    2.713815] pci 0000:00:16.1:   bridge window [mem 0xfcf00000-0xfcffffff]
[    2.713867] pci 0000:00:16.1:   bridge window [mem 0xe7500000-0xe75fffff 64bit pref]
[    2.713992] pci 0000:00:16.2: PCI bridge to [bus 0d]
[    2.714021] pci 0000:00:16.2:   bridge window [io  0xd000-0xdfff]
[    2.714099] pci 0000:00:16.2:   bridge window [mem 0xfcb00000-0xfcbfffff]
[    2.714171] pci 0000:00:16.2:   bridge window [mem 0xe7100000-0xe71fffff 64bit pref]
[    2.714283] pci 0000:00:16.3: PCI bridge to [bus 0e]
[    2.714361] pci 0000:00:16.3:   bridge window [mem 0xfc700000-0xfc7fffff]
[    2.714413] pci 0000:00:16.3:   bridge window [mem 0xe6d00000-0xe6dfffff 64bit pref]
[    2.714523] pci 0000:00:16.4: PCI bridge to [bus 0f]
[    2.714602] pci 0000:00:16.4:   bridge window [mem 0xfc300000-0xfc3fffff]
[    2.714653] pci 0000:00:16.4:   bridge window [mem 0xe6900000-0xe69fffff 64bit pref]
[    2.714764] pci 0000:00:16.5: PCI bridge to [bus 10]
[    2.714843] pci 0000:00:16.5:   bridge window [mem 0xfbf00000-0xfbffffff]
[    2.714895] pci 0000:00:16.5:   bridge window [mem 0xe6500000-0xe65fffff 64bit pref]
[    2.715008] pci 0000:00:16.6: PCI bridge to [bus 11]
[    2.715086] pci 0000:00:16.6:   bridge window [mem 0xfbb00000-0xfbbfffff]
[    2.715158] pci 0000:00:16.6:   bridge window [mem 0xe6100000-0xe61fffff 64bit pref]
[    2.715270] pci 0000:00:16.7: PCI bridge to [bus 12]
[    2.715349] pci 0000:00:16.7:   bridge window [mem 0xfb700000-0xfb7fffff]
[    2.715401] pci 0000:00:16.7:   bridge window [mem 0xe5d00000-0xe5dfffff 64bit pref]
[    2.715512] pci 0000:00:17.0: PCI bridge to [bus 13]
[    2.715539] pci 0000:00:17.0:   bridge window [io  0x6000-0x6fff]
[    2.715617] pci 0000:00:17.0:   bridge window [mem 0xfd200000-0xfd2fffff]
[    2.715669] pci 0000:00:17.0:   bridge window [mem 0xe7800000-0xe78fffff 64bit pref]
[    2.715780] pci 0000:00:17.1: PCI bridge to [bus 14]
[    2.715807] pci 0000:00:17.1:   bridge window [io  0xa000-0xafff]
[    2.715885] pci 0000:00:17.1:   bridge window [mem 0xfce00000-0xfcefffff]
[    2.715937] pci 0000:00:17.1:   bridge window [mem 0xe7400000-0xe74fffff 64bit pref]
[    2.716047] pci 0000:00:17.2: PCI bridge to [bus 15]
[    2.716074] pci 0000:00:17.2:   bridge window [io  0xe000-0xefff]
[    2.716153] pci 0000:00:17.2:   bridge window [mem 0xfca00000-0xfcafffff]
[    2.716205] pci 0000:00:17.2:   bridge window [mem 0xe7000000-0xe70fffff 64bit pref]
[    2.716316] pci 0000:00:17.3: PCI bridge to [bus 16]
[    2.716394] pci 0000:00:17.3:   bridge window [mem 0xfc600000-0xfc6fffff]
[    2.716446] pci 0000:00:17.3:   bridge window [mem 0xe6c00000-0xe6cfffff 64bit pref]
[    2.716557] pci 0000:00:17.4: PCI bridge to [bus 17]
[    2.716635] pci 0000:00:17.4:   bridge window [mem 0xfc200000-0xfc2fffff]
[    2.716687] pci 0000:00:17.4:   bridge window [mem 0xe6800000-0xe68fffff 64bit pref]
[    2.716797] pci 0000:00:17.5: PCI bridge to [bus 18]
[    2.716875] pci 0000:00:17.5:   bridge window [mem 0xfbe00000-0xfbefffff]
[    2.716927] pci 0000:00:17.5:   bridge window [mem 0xe6400000-0xe64fffff 64bit pref]
[    2.717038] pci 0000:00:17.6: PCI bridge to [bus 19]
[    2.717136] pci 0000:00:17.6:   bridge window [mem 0xfba00000-0xfbafffff]
[    2.717188] pci 0000:00:17.6:   bridge window [mem 0xe6000000-0xe60fffff 64bit pref]
[    2.717299] pci 0000:00:17.7: PCI bridge to [bus 1a]
[    2.717377] pci 0000:00:17.7:   bridge window [mem 0xfb600000-0xfb6fffff]
[    2.717429] pci 0000:00:17.7:   bridge window [mem 0xe5c00000-0xe5cfffff 64bit pref]
[    2.717539] pci 0000:00:18.0: PCI bridge to [bus 1b]
[    2.717567] pci 0000:00:18.0:   bridge window [io  0x7000-0x7fff]
[    2.717644] pci 0000:00:18.0:   bridge window [mem 0xfd100000-0xfd1fffff]
[    2.717696] pci 0000:00:18.0:   bridge window [mem 0xe7700000-0xe77fffff 64bit pref]
[    2.717807] pci 0000:00:18.1: PCI bridge to [bus 1c]
[    2.717834] pci 0000:00:18.1:   bridge window [io  0xb000-0xbfff]
[    2.717912] pci 0000:00:18.1:   bridge window [mem 0xfcd00000-0xfcdfffff]
[    2.717964] pci 0000:00:18.1:   bridge window [mem 0xe7300000-0xe73fffff 64bit pref]
[    2.718088] pci 0000:00:18.2: PCI bridge to [bus 1d]
[    2.718187] pci 0000:00:18.2:   bridge window [mem 0xfc900000-0xfc9fffff]
[    2.718239] pci 0000:00:18.2:   bridge window [mem 0xe6f00000-0xe6ffffff 64bit pref]
[    2.718349] pci 0000:00:18.3: PCI bridge to [bus 1e]
[    2.718428] pci 0000:00:18.3:   bridge window [mem 0xfc500000-0xfc5fffff]
[    2.718479] pci 0000:00:18.3:   bridge window [mem 0xe6b00000-0xe6bfffff 64bit pref]
[    2.718590] pci 0000:00:18.4: PCI bridge to [bus 1f]
[    2.718668] pci 0000:00:18.4:   bridge window [mem 0xfc100000-0xfc1fffff]
[    2.718720] pci 0000:00:18.4:   bridge window [mem 0xe6700000-0xe67fffff 64bit pref]
[    2.718830] pci 0000:00:18.5: PCI bridge to [bus 20]
[    2.718909] pci 0000:00:18.5:   bridge window [mem 0xfbd00000-0xfbdfffff]
[    2.718960] pci 0000:00:18.5:   bridge window [mem 0xe6300000-0xe63fffff 64bit pref]
[    2.719071] pci 0000:00:18.6: PCI bridge to [bus 21]
[    2.719168] pci 0000:00:18.6:   bridge window [mem 0xfb900000-0xfb9fffff]
[    2.719220] pci 0000:00:18.6:   bridge window [mem 0xe5f00000-0xe5ffffff 64bit pref]
[    2.719331] pci 0000:00:18.7: PCI bridge to [bus 22]
[    2.719409] pci 0000:00:18.7:   bridge window [mem 0xfb500000-0xfb5fffff]
[    2.719461] pci 0000:00:18.7:   bridge window [mem 0xe5b00000-0xe5bfffff 64bit pref]
[    2.719572] pci_bus 0000:00: resource 4 [mem 0x000a0000-0x000bffff window]
[    2.719573] pci_bus 0000:00: resource 5 [mem 0x000d0000-0x000d3fff window]
[    2.719573] pci_bus 0000:00: resource 6 [mem 0x000d4000-0x000d7fff window]
[    2.719574] pci_bus 0000:00: resource 7 [mem 0x000d8000-0x000dbfff window]
[    2.719574] pci_bus 0000:00: resource 8 [mem 0xc0000000-0xfebfffff window]
[    2.719575] pci_bus 0000:00: resource 9 [io  0x0000-0x0cf7 window]
[    2.719576] pci_bus 0000:00: resource 10 [io  0x0d00-0xfeff window]
[    2.719577] pci_bus 0000:02: resource 0 [io  0x2000-0x3fff]
[    2.719577] pci_bus 0000:02: resource 1 [mem 0xfd500000-0xfdffffff]
[    2.719578] pci_bus 0000:02: resource 2 [mem 0xe7b00000-0xe7ffffff 64bit pref]
[    2.719579] pci_bus 0000:02: resource 4 [mem 0x000a0000-0x000bffff window]
[    2.719579] pci_bus 0000:02: resource 5 [mem 0x000d0000-0x000d3fff window]
[    2.719580] pci_bus 0000:02: resource 6 [mem 0x000d4000-0x000d7fff window]
[    2.719580] pci_bus 0000:02: resource 7 [mem 0x000d8000-0x000dbfff window]
[    2.719581] pci_bus 0000:02: resource 8 [mem 0xc0000000-0xfebfffff window]
[    2.719581] pci_bus 0000:02: resource 9 [io  0x0000-0x0cf7 window]
[    2.719582] pci_bus 0000:02: resource 10 [io  0x0d00-0xfeff window]
[    2.719583] pci_bus 0000:03: resource 0 [io  0x4000-0x4fff]
[    2.719583] pci_bus 0000:03: resource 1 [mem 0xfd400000-0xfd4fffff]
[    2.719584] pci_bus 0000:03: resource 2 [mem 0xe7a00000-0xe7afffff 64bit pref]
[    2.719585] pci_bus 0000:04: resource 0 [io  0x8000-0x8fff]
[    2.719585] pci_bus 0000:04: resource 1 [mem 0xfd000000-0xfd0fffff]
[    2.719586] pci_bus 0000:04: resource 2 [mem 0xe7600000-0xe76fffff 64bit pref]
[    2.719586] pci_bus 0000:05: resource 0 [io  0xc000-0xcfff]
[    2.719587] pci_bus 0000:05: resource 1 [mem 0xfcc00000-0xfccfffff]
[    2.719587] pci_bus 0000:05: resource 2 [mem 0xe7200000-0xe72fffff 64bit pref]
[    2.719588] pci_bus 0000:06: resource 1 [mem 0xfc800000-0xfc8fffff]
[    2.719588] pci_bus 0000:06: resource 2 [mem 0xe6e00000-0xe6efffff 64bit pref]
[    2.719589] pci_bus 0000:07: resource 1 [mem 0xfc400000-0xfc4fffff]
[    2.719589] pci_bus 0000:07: resource 2 [mem 0xe6a00000-0xe6afffff 64bit pref]
[    2.719590] pci_bus 0000:08: resource 1 [mem 0xfc000000-0xfc0fffff]
[    2.719591] pci_bus 0000:08: resource 2 [mem 0xe6600000-0xe66fffff 64bit pref]
[    2.719591] pci_bus 0000:09: resource 1 [mem 0xfbc00000-0xfbcfffff]
[    2.719592] pci_bus 0000:09: resource 2 [mem 0xe6200000-0xe62fffff 64bit pref]
[    2.719593] pci_bus 0000:0a: resource 1 [mem 0xfb800000-0xfb8fffff]
[    2.719593] pci_bus 0000:0a: resource 2 [mem 0xe5e00000-0xe5efffff 64bit pref]
[    2.719594] pci_bus 0000:0b: resource 0 [io  0x5000-0x5fff]
[    2.719594] pci_bus 0000:0b: resource 1 [mem 0xfd300000-0xfd3fffff]
[    2.719595] pci_bus 0000:0b: resource 2 [mem 0xe7900000-0xe79fffff 64bit pref]
[    2.719595] pci_bus 0000:0c: resource 0 [io  0x9000-0x9fff]
[    2.719596] pci_bus 0000:0c: resource 1 [mem 0xfcf00000-0xfcffffff]
[    2.719596] pci_bus 0000:0c: resource 2 [mem 0xe7500000-0xe75fffff 64bit pref]
[    2.719597] pci_bus 0000:0d: resource 0 [io  0xd000-0xdfff]
[    2.719597] pci_bus 0000:0d: resource 1 [mem 0xfcb00000-0xfcbfffff]
[    2.719598] pci_bus 0000:0d: resource 2 [mem 0xe7100000-0xe71fffff 64bit pref]
[    2.719599] pci_bus 0000:0e: resource 1 [mem 0xfc700000-0xfc7fffff]
[    2.719599] pci_bus 0000:0e: resource 2 [mem 0xe6d00000-0xe6dfffff 64bit pref]
[    2.719600] pci_bus 0000:0f: resource 1 [mem 0xfc300000-0xfc3fffff]
[    2.719600] pci_bus 0000:0f: resource 2 [mem 0xe6900000-0xe69fffff 64bit pref]
[    2.719601] pci_bus 0000:10: resource 1 [mem 0xfbf00000-0xfbffffff]
[    2.719601] pci_bus 0000:10: resource 2 [mem 0xe6500000-0xe65fffff 64bit pref]
[    2.719602] pci_bus 0000:11: resource 1 [mem 0xfbb00000-0xfbbfffff]
[    2.719603] pci_bus 0000:11: resource 2 [mem 0xe6100000-0xe61fffff 64bit pref]
[    2.719603] pci_bus 0000:12: resource 1 [mem 0xfb700000-0xfb7fffff]
[    2.719604] pci_bus 0000:12: resource 2 [mem 0xe5d00000-0xe5dfffff 64bit pref]
[    2.719604] pci_bus 0000:13: resource 0 [io  0x6000-0x6fff]
[    2.719605] pci_bus 0000:13: resource 1 [mem 0xfd200000-0xfd2fffff]
[    2.719605] pci_bus 0000:13: resource 2 [mem 0xe7800000-0xe78fffff 64bit pref]
[    2.719606] pci_bus 0000:14: resource 0 [io  0xa000-0xafff]
[    2.719607] pci_bus 0000:14: resource 1 [mem 0xfce00000-0xfcefffff]
[    2.719607] pci_bus 0000:14: resource 2 [mem 0xe7400000-0xe74fffff 64bit pref]
[    2.719608] pci_bus 0000:15: resource 0 [io  0xe000-0xefff]
[    2.719608] pci_bus 0000:15: resource 1 [mem 0xfca00000-0xfcafffff]
[    2.719609] pci_bus 0000:15: resource 2 [mem 0xe7000000-0xe70fffff 64bit pref]
[    2.719609] pci_bus 0000:16: resource 1 [mem 0xfc600000-0xfc6fffff]
[    2.719610] pci_bus 0000:16: resource 2 [mem 0xe6c00000-0xe6cfffff 64bit pref]
[    2.719610] pci_bus 0000:17: resource 1 [mem 0xfc200000-0xfc2fffff]
[    2.719611] pci_bus 0000:17: resource 2 [mem 0xe6800000-0xe68fffff 64bit pref]
[    2.719611] pci_bus 0000:18: resource 1 [mem 0xfbe00000-0xfbefffff]
[    2.719612] pci_bus 0000:18: resource 2 [mem 0xe6400000-0xe64fffff 64bit pref]
[    2.719613] pci_bus 0000:19: resource 1 [mem 0xfba00000-0xfbafffff]
[    2.719613] pci_bus 0000:19: resource 2 [mem 0xe6000000-0xe60fffff 64bit pref]
[    2.719614] pci_bus 0000:1a: resource 1 [mem 0xfb600000-0xfb6fffff]
[    2.719614] pci_bus 0000:1a: resource 2 [mem 0xe5c00000-0xe5cfffff 64bit pref]
[    2.719615] pci_bus 0000:1b: resource 0 [io  0x7000-0x7fff]
[    2.719615] pci_bus 0000:1b: resource 1 [mem 0xfd100000-0xfd1fffff]
[    2.719616] pci_bus 0000:1b: resource 2 [mem 0xe7700000-0xe77fffff 64bit pref]
[    2.719616] pci_bus 0000:1c: resource 0 [io  0xb000-0xbfff]
[    2.719617] pci_bus 0000:1c: resource 1 [mem 0xfcd00000-0xfcdfffff]
[    2.719617] pci_bus 0000:1c: resource 2 [mem 0xe7300000-0xe73fffff 64bit pref]
[    2.719618] pci_bus 0000:1d: resource 1 [mem 0xfc900000-0xfc9fffff]
[    2.719618] pci_bus 0000:1d: resource 2 [mem 0xe6f00000-0xe6ffffff 64bit pref]
[    2.719619] pci_bus 0000:1e: resource 1 [mem 0xfc500000-0xfc5fffff]
[    2.719619] pci_bus 0000:1e: resource 2 [mem 0xe6b00000-0xe6bfffff 64bit pref]
[    2.719620] pci_bus 0000:1f: resource 1 [mem 0xfc100000-0xfc1fffff]
[    2.719621] pci_bus 0000:1f: resource 2 [mem 0xe6700000-0xe67fffff 64bit pref]
[    2.719621] pci_bus 0000:20: resource 1 [mem 0xfbd00000-0xfbdfffff]
[    2.719622] pci_bus 0000:20: resource 2 [mem 0xe6300000-0xe63fffff 64bit pref]
[    2.719622] pci_bus 0000:21: resource 1 [mem 0xfb900000-0xfb9fffff]
[    2.719623] pci_bus 0000:21: resource 2 [mem 0xe5f00000-0xe5ffffff 64bit pref]
[    2.719623] pci_bus 0000:22: resource 1 [mem 0xfb500000-0xfb5fffff]
[    2.719624] pci_bus 0000:22: resource 2 [mem 0xe5b00000-0xe5bfffff 64bit pref]
[    2.719846] net/socket.c (2648) sock_registerNET: Registered protocol family 2
[    2.720935] mm/page_alloc.c (7692) alloc_large_system_hashtcp_listen_portaddr_hash hash table entries: 2048 (order: 3, 32768 bytes)
[    2.721212] mm/page_alloc.c (7692) alloc_large_system_hashTCP established hash table entries: 32768 (order: 6, 262144 bytes)
[    2.723602] mm/page_alloc.c (7692) alloc_large_system_hashTCP bind hash table entries: 32768 (order: 7, 524288 bytes)
[    2.727799] net/ipv4/tcp.c (3934) tcp_initTCP: Hash tables configured (established 32768 bind 32768)
[    2.730729] mm/page_alloc.c (7692) alloc_large_system_hashUDP hash table entries: 2048 (order: 4, 65536 bytes)
[    2.731377] mm/page_alloc.c (7692) alloc_large_system_hashUDP-Lite hash table entries: 2048 (order: 4, 65536 bytes)
[    2.733986] net/socket.c (2648) sock_registerNET: Registered protocol family 1
[    2.733986] pci 0000:00:00.0: Limiting direct PCI/PCI transfers
[    2.734539] pci 0000:00:0f.0: Video device with shadowed ROM at [mem 0x000c0000-0x000dffff]
[    2.737332] PCI: CLS mismatch (32 != 64), using 64 bytes
[    2.738745] Unpacking initramfs...
[   24.792851] mm/page_alloc.c (7061) free_reserved_areaFreeing initrd memory: 572148K
[   24.793009] PCI-DMA: Using software bounce buffering for IO (SWIOTLB)
[   24.793011] kernel/dma/swiotlb.c (173) swiotlb_print_infosoftware IO TLB: mapped [mem 0xbbed0000-0xbfed0000] (64MB)
[   24.793304] Scanning for low memory corruption every 60 seconds
[   24.798808] certs/system_keyring.c (98) system_trusted_keyring_initInitialise system trusted keyrings
[   24.798882] security/keys/key.c (1132) register_key_typeKey type blacklist registered
[   24.799918] mm/workingset.c (522) workingset_initworkingset: timestamp_bits=36 max_order=20 bucket_order=0
[   24.804759] mm/zbud.c (613) init_zbudzbud: loaded
[   24.807608] fs/squashfs/super.c (454) init_squashfs_fssquashfs: version 4.0 (2009/01/31) Phillip Lougher
[   24.810036] fuse init (API version 7.27)
[   24.824322] security/keys/key.c (1132) register_key_typeKey type asymmetric registered
[   24.824323] crypto/asymmetric_keys/asymmetric_type.c (576) register_asymmetric_key_parserAsymmetric key parser 'x509' registered
[   24.824332] Block layer SCSI generic (bsg) driver version 0.4 loaded (major 244)
[   24.824889] io scheduler noop registered
[   24.824889] io scheduler deadline registered
[   24.824916] io scheduler cfq registered (default)
[   24.826507] pcieport 0000:00:15.0: Signaling PME with IRQ 24
[   24.826684] pciehp 0000:00:15.0:pcie004: Slot #160 AttnBtn+ PwrCtrl+ MRL- AttnInd- PwrInd- HotPlug+ Surprise- Interlock- NoCompl+ LLActRep+
[   24.830128] pcieport 0000:00:15.1: Signaling PME with IRQ 25
[   24.830278] pciehp 0000:00:15.1:pcie004: Slot #161 AttnBtn+ PwrCtrl+ MRL- AttnInd- PwrInd- HotPlug+ Surprise- Interlock- NoCompl+ LLActRep+
[   24.832620] pcieport 0000:00:15.2: Signaling PME with IRQ 26
[   24.832770] pciehp 0000:00:15.2:pcie004: Slot #162 AttnBtn+ PwrCtrl+ MRL- AttnInd- PwrInd- HotPlug+ Surprise- Interlock- NoCompl+ LLActRep+
[   24.835087] pcieport 0000:00:15.3: Signaling PME with IRQ 27
[   24.835232] pciehp 0000:00:15.3:pcie004: Slot #163 AttnBtn+ PwrCtrl+ MRL- AttnInd- PwrInd- HotPlug+ Surprise- Interlock- NoCompl+ LLActRep+
[   24.837634] pcieport 0000:00:15.4: Signaling PME with IRQ 28
[   24.837780] pciehp 0000:00:15.4:pcie004: Slot #164 AttnBtn+ PwrCtrl+ MRL- AttnInd- PwrInd- HotPlug+ Surprise- Interlock- NoCompl+ LLActRep+
[   24.840227] pcieport 0000:00:15.5: Signaling PME with IRQ 29
[   24.840375] pciehp 0000:00:15.5:pcie004: Slot #165 AttnBtn+ PwrCtrl+ MRL- AttnInd- PwrInd- HotPlug+ Surprise- Interlock- NoCompl+ LLActRep+
